====================
START: running TEST_ACORN for hnsw, sift data --112cores

N: 991000
gamma: 12
dataset: artificial-corr-12-original
M: 64
M_beta: 64
efc (efConstruction): 100
efSearch sweep: 5 values (first=100 last=1600)
[LABEL/FILTER IO] labels: path=Datasets/artificial-corr-12-original/artificial-corr-12-original_labels.fvecs, d_label=1, n_labels=991000
[LABEL/FILTER IO] filters: path=Datasets/artificial-corr-12-original/artificial-corr-12-original_filters.fvecs, d_filter=2, n_filters=10000
[0.019 s] Loaded metadata from labels first dim, count=991000
dataset artificial-corr-12-original: with label dim 1, filter_cnt 2
[0.019 s] Loading query vectors and attributes
get_file_name
query vecs data loaded, with dim: 256, nb=10000
[0.026 s] Loaded query vectors from ./Datasets/artificial-corr-12-original/artificial-corr-12-original_query.fvecs
[0.026 s] Loaded 10000 artificial-corr-12-original queries
load_gt: loaded GT from ./Datasets/artificial-corr-12-original/artificial-corr-12-original_neighbors.ivecs (ivecs n=10000 d=100, using first 100 ids)
[0.037 s] Loaded ground truth, gt_size: 100, entries: 1000000
[0.037 s] Index Params -- d: 256, M: 64, N: 991000, gamma: 12
====================Write Index====================

====================Vectors====================

[0.037 s] Loading database
get_file_name
[0.730 s] Loaded base vectors from file: ./Datasets/artificial-corr-12-original/artificial-corr-12-original_base.fvecs
data loaded, with dim: 256, nb=991000
[0.730 s] Indexing database, size 991000*256 from max 991000
[0.730 s] Adding the vectors to the index
[OMP] Using 28 threads for INDEX BUILD
build base index for dataset artificial-corr-12-original
[0.730 s] Wrote base index to file: ./tmp/artificial-corr-12-original/base_M=64_efc=100.json
---- MEM[BASE_BUILD] ----
begin_RSS : 1012.64 MB (0.99 GB)
peak_RSS  : 1012.89 MB (0.99 GB)
peak_HWM  : 1012.89 MB (0.99 GB)
end_RSS   : 1013.03 MB (0.99 GB)
delta_RSS : 0.26 MB
ru_maxrss : 1013.03 MB
build hybrid index for dataset artificial-corr-12-original
[238.146 s] Wrote hybrid index to file: ./tmp/artificial-corr-12-original/hybrid_M=64_efc100_Mb=64_gamma=12.json
---- MEM[HYBRID_BUILD] ----
begin_RSS : 1013.03 MB (0.99 GB)
peak_RSS  : 3248.05 MB (3.17 GB)
peak_HWM  : 3262.48 MB (3.19 GB)
end_RSS   : 2679.47 MB (2.62 GB)
delta_RSS : 2235.02 MB
ru_maxrss : 3262.48 MB
index_build_s: 237.392942
serialized_index_bytes: 1713172102
build hybrid gamma1 index for dataset artificial-corr-12-original
---- MEM[HYBRID_G1_BUILD] ----
begin_RSS : 2679.47 MB (2.62 GB)
peak_RSS  : 2679.47 MB (2.62 GB)
peak_HWM  : 3262.48 MB (3.19 GB)
end_RSS   : 2679.47 MB (2.62 GB)
delta_RSS : 0.00 MB
ru_maxrss : 3262.48 MB
[238.224 s] Vectors added to base index 
Base index vectors added: 991000
[238.224 s] Vectors added to hybrid index 
Hybrid index vectors added991000
[238.224 s] Vectors added to hybrid index with gamma=1 
Hybrid index with gamma=1 vectors added991000
[OMP] Using 28 threads for SEARCH
====================================
============ BASE INDEX =============
====================================
====================================
============ ACORN INDEX =============
====================================
==================== ACORN INDEX ====================
[238.291 s] Searching the 100 nearest neighbors of 10000 vectors in the index, efsearch 16
[FILTER MAP] Using 28 threads outside search timing

========================================
=== FILTER DEBUG (First Batch) ===
========================================

Overall statistics:
  Total elements: 396400000
  Valid candidates: 47568000 (12.0000%)

--- Query 0 ---
Filter bounds:
  Interval 0: [3.00, 6379213.00]
Valid candidates for this query: 118920 / 991000 (12.0000%)
Direct-scan valid (label_dim=1,l=1): 118920 / 991000 (12.0000%)
First 5 base vectors passing filter:
  Base     0: labels=[2890859]
  Base    15: labels=[1546915]
  Base    20: labels=[5109668]
  Base    29: labels=[4029425]
  Base    33: labels=[5813026]

--- Query 1 ---
Filter bounds:
  Interval 0: [3.00, 6379213.00]
Valid candidates for this query: 118920 / 991000 (12.0000%)
Direct-scan valid (label_dim=1,l=1): 118920 / 991000 (12.0000%)
First 5 base vectors passing filter:
  Base     0: labels=[2890859]
  Base    15: labels=[1546915]
  Base    20: labels=[5109668]
  Base    29: labels=[4029425]
  Base    33: labels=[5813026]

--- Query 2 ---
Filter bounds:
  Interval 0: [3.00, 6379213.00]
Valid candidates for this query: 118920 / 991000 (12.0000%)
Direct-scan valid (label_dim=1,l=1): 118920 / 991000 (12.0000%)
First 5 base vectors passing filter:
  Base     0: labels=[2890859]
  Base    15: labels=[1546915]
  Base    20: labels=[5109668]
  Base    29: labels=[4029425]
  Base    33: labels=[5813026]
========================================

[efs=100][timed_k=100] search_time=1.808 s, avg=0.181 ms/query, QPS=5531.2
[efs=100] latency_p50_s=0.000176778 latency_p95_s=0.000208480 latency_p99_s=0.000217302 warmup_runs=2 warmup_queries=1000
[efs=100] R@1=0.9008 (same run as timed_k=100)
[efs=100] R@5=0.8897 (same run as timed_k=100)
[efs=100] R@10=0.8821 (same run as timed_k=100)
[efs=100] R@100=0.8313 (same run as timed_k=100)
[efs=100] R@1=0.9008 | R@5=0.8897 | R@10=0.8821 | R@100=0.8313 | QPS@100=5531.2
[efs=200][timed_k=100] search_time=3.106 s, avg=0.311 ms/query, QPS=3219.9
[efs=200] latency_p50_s=0.000313463 latency_p95_s=0.000346415 latency_p99_s=0.000359625 warmup_runs=2 warmup_queries=1000
[efs=200] R@1=0.9528 (same run as timed_k=100)
[efs=200] R@5=0.9460 (same run as timed_k=100)
[efs=200] R@10=0.9424 (same run as timed_k=100)
[efs=200] R@100=0.9122 (same run as timed_k=100)
[efs=200] R@1=0.9528 | R@5=0.9460 | R@10=0.9424 | R@100=0.9122 | QPS@100=3219.9
[efs=400][timed_k=100] search_time=5.390 s, avg=0.539 ms/query, QPS=1855.2
[efs=400] latency_p50_s=0.000532220 latency_p95_s=0.000604378 latency_p99_s=0.000647463 warmup_runs=2 warmup_queries=1000
[efs=400] R@1=0.9845 (same run as timed_k=100)
[efs=400] R@5=0.9805 (same run as timed_k=100)
[efs=400] R@10=0.9789 (same run as timed_k=100)
[efs=400] R@100=0.9638 (same run as timed_k=100)
[efs=400] R@1=0.9845 | R@5=0.9805 | R@10=0.9789 | R@100=0.9638 | QPS@100=1855.2
[efs=800][timed_k=100] search_time=8.782 s, avg=0.878 ms/query, QPS=1138.7
[efs=800] latency_p50_s=0.000864033 latency_p95_s=0.001004032 latency_p99_s=0.001037903 warmup_runs=2 warmup_queries=1000
[efs=800] R@1=0.9959 (same run as timed_k=100)
[efs=800] R@5=0.9942 (same run as timed_k=100)
[efs=800] R@10=0.9939 (same run as timed_k=100)
[efs=800] R@100=0.9879 (same run as timed_k=100)
[efs=800] R@1=0.9959 | R@5=0.9942 | R@10=0.9939 | R@100=0.9879 | QPS@100=1138.7
[efs=1600][timed_k=100] search_time=15.067 s, avg=1.507 ms/query, QPS=663.7
[efs=1600] latency_p50_s=0.001479365 latency_p95_s=0.001773980 latency_p99_s=0.001844777 warmup_runs=2 warmup_queries=1000
[efs=1600] R@1=0.9991 (same run as timed_k=100)
[efs=1600] R@5=0.9989 (same run as timed_k=100)
[efs=1600] R@10=0.9987 (same run as timed_k=100)
[efs=1600] R@100=0.9969 (same run as timed_k=100)
[efs=1600] R@1=0.9991 | R@5=0.9989 | R@10=0.9987 | R@100=0.9969 | QPS@100=663.7
finished hybrid index examples
============= ACORN QUERY PROFILING STATS =============
[322.959 s] Timing results for search of k=100 nearest neighbors of nq=10000 vectors in the index
n1: 60000
n2: 60000
n3 (number distance comps at level 0): 1017090022
ndis: 0
nreorder: 0
average distance computations per query: 16951.500000
[322.959 s] -----DONE-----
