generating for 17
load index finished ...
[Warning] Cannot open ID mapping file: bins/01_maxcorr/id_mapping.bin. Using raw IDs.

>>> Saving paths to 01_zero.txt (converting IDs)...
   [iRG Debug] Avg EntryPoint Distance to Query: 1.25886
   [iRG Debug] Avg EntryPoint Distance to Query: 1.50472
   [iRG Debug] Avg EntryPoint Distance to Query: 1.27473
   [iRG Debug] Avg EntryPoint Distance to Query: 1.58559
   [iRG Debug] Avg EntryPoint Distance to Query: 1.39416
   [iRG Debug] Avg EntryPoint Distance to Query: 1.30781
   [iRG Debug] Avg EntryPoint Distance to Query: 1.41847
   [iRG Debug] Avg EntryPoint Distance to Query: 1.34509
   [iRG Debug] Avg EntryPoint Distance to Query: 1.39509
   [iRG Debug] Avg EntryPoint Distance to Query: 1.50728
>>> Saved 10 paths to 01_zero.txt.

suffix = 17
ef:100 latency_p50_s:0.000424 latency_p95_s:0.000478 latency_p99_s:0.000503 warmup_runs:2 warmup_queries:1000
ef:200 latency_p50_s:0.000776 latency_p95_s:0.00089505 latency_p99_s:0.000933 warmup_runs:2 warmup_queries:1000
ef:400 latency_p50_s:0.001411 latency_p95_s:0.00168 latency_p99_s:0.00175601 warmup_runs:2 warmup_queries:1000
ef:800 latency_p50_s:0.002515 latency_p95_s:0.00310105 latency_p99_s:0.00328601 warmup_runs:2 warmup_queries:1000
ef:1600 latency_p50_s:0.00441 latency_p95_s:0.00552105 latency_p99_s:0.00590703 warmup_runs:2 warmup_queries:1000
