====================
START: running TEST_ACORN for hnsw, sift data --112cores

N: 620643
gamma: 12
dataset: cc_news-shuffled
M: 64
M_beta: 64
efc (efConstruction): 100
efSearch sweep: 5 values (first=100 last=1600)
[LABEL/FILTER IO] labels: path=Datasets/cc_news-shuffled/cc_news-shuffled_labels.fvecs, d_label=1, n_labels=620643
[LABEL/FILTER IO] filters: path=Datasets/cc_news-shuffled/cc_news-shuffled_filters.fvecs, d_filter=2, n_filters=9975
[0.011 s] Loaded metadata from labels first dim, count=620643
dataset cc_news-shuffled: with label dim 1, filter_cnt 2
[0.011 s] Loading query vectors and attributes
get_file_name
query vecs data loaded, with dim: 384, nb=9975
[0.019 s] Loaded query vectors from ./Datasets/cc_news-shuffled/cc_news-shuffled_query.fvecs
[0.019 s] Loaded 9975 cc_news-shuffled queries
load_gt: loaded GT from ./Datasets/cc_news-shuffled/cc_news-shuffled_neighbors.ivecs (ivecs n=9975 d=100, using first 100 ids)
[0.054 s] Loaded ground truth, gt_size: 100, entries: 997500
[0.054 s] Index Params -- d: 384, M: 64, N: 620643, gamma: 12
====================Write Index====================

====================Vectors====================

[0.054 s] Loading database
get_file_name
[0.668 s] Loaded base vectors from file: ./Datasets/cc_news-shuffled/cc_news-shuffled_base.fvecs
data loaded, with dim: 384, nb=620643
[0.668 s] Indexing database, size 620643*384 from max 620643
[0.668 s] Adding the vectors to the index
[OMP] Using 28 threads for INDEX BUILD
build base index for dataset cc_news-shuffled
[0.669 s] Wrote base index to file: ./tmp/cc_news-shuffled/base_M=64_efc=100.json
---- MEM[BASE_BUILD] ----
begin_RSS : 954.82 MB (0.93 GB)
peak_RSS  : 955.07 MB (0.93 GB)
peak_HWM  : 955.07 MB (0.93 GB)
end_RSS   : 955.21 MB (0.93 GB)
delta_RSS : 0.26 MB
ru_maxrss : 955.21 MB
build hybrid index for dataset cc_news-shuffled
[134.426 s] Wrote hybrid index to file: ./tmp/cc_news-shuffled/hybrid_M=64_efc100_Mb=64_gamma=12.json
---- MEM[HYBRID_BUILD] ----
begin_RSS : 955.21 MB (0.93 GB)
peak_RSS  : 2445.42 MB (2.39 GB)
peak_HWM  : 2507.81 MB (2.45 GB)
end_RSS   : 2305.04 MB (2.25 GB)
delta_RSS : 1490.21 MB
ru_maxrss : 2507.81 MB
index_build_s: 133.717083
serialized_index_bytes: 1390711990
build hybrid gamma1 index for dataset cc_news-shuffled
---- MEM[HYBRID_G1_BUILD] ----
begin_RSS : 2305.04 MB (2.25 GB)
peak_RSS  : 2305.04 MB (2.25 GB)
peak_HWM  : 2507.81 MB (2.45 GB)
end_RSS   : 2305.04 MB (2.25 GB)
delta_RSS : 0.00 MB
ru_maxrss : 2507.81 MB
[134.487 s] Vectors added to base index 
Base index vectors added: 620643
[134.487 s] Vectors added to hybrid index 
Hybrid index vectors added620643
[134.487 s] Vectors added to hybrid index with gamma=1 
Hybrid index with gamma=1 vectors added620643
[OMP] Using 28 threads for SEARCH
====================================
============ BASE INDEX =============
====================================
====================================
============ ACORN INDEX =============
====================================
==================== ACORN INDEX ====================
[134.542 s] Searching the 100 nearest neighbors of 9975 vectors in the index, efsearch 16
[FILTER MAP] Using 28 threads outside search timing

========================================
=== FILTER DEBUG (First Batch) ===
========================================

Overall statistics:
  Total elements: 248257200
  Valid candidates: 6146444 (2.4758%)

--- Query 0 ---
Filter bounds:
  Interval 0: [0.00, 0.00]
Valid candidates for this query: 763 / 620643 (0.1229%)
Direct-scan valid (label_dim=1,l=1): 763 / 620643 (0.1229%)
First 5 base vectors passing filter:
  Base   337: labels=[0]
  Base   446: labels=[0]
  Base  1035: labels=[0]
  Base  2648: labels=[0]
  Base  2908: labels=[0]

--- Query 1 ---
Filter bounds:
  Interval 0: [0.00, 0.00]
Valid candidates for this query: 763 / 620643 (0.1229%)
Direct-scan valid (label_dim=1,l=1): 763 / 620643 (0.1229%)
First 5 base vectors passing filter:
  Base   337: labels=[0]
  Base   446: labels=[0]
  Base  1035: labels=[0]
  Base  2648: labels=[0]
  Base  2908: labels=[0]

--- Query 2 ---
Filter bounds:
  Interval 0: [0.00, 0.00]
Valid candidates for this query: 763 / 620643 (0.1229%)
Direct-scan valid (label_dim=1,l=1): 763 / 620643 (0.1229%)
First 5 base vectors passing filter:
  Base   337: labels=[0]
  Base   446: labels=[0]
  Base  1035: labels=[0]
  Base  2648: labels=[0]
  Base  2908: labels=[0]
========================================

[efs=100][timed_k=100] search_time=1.379 s, avg=0.138 ms/query, QPS=7236.1
[efs=100] latency_p50_s=0.000129148 latency_p95_s=0.000196325 latency_p99_s=0.000217003 warmup_runs=2 warmup_queries=1000
[efs=100] R@1=0.8739 (same run as timed_k=100)
[efs=100] R@5=0.8714 (same run as timed_k=100)
[efs=100] R@10=0.8685 (same run as timed_k=100)
[efs=100] R@100=0.8138 (same run as timed_k=100)
[efs=100] R@1=0.8739 | R@5=0.8714 | R@10=0.8685 | R@100=0.8138 | QPS@100=7236.1
[efs=200][timed_k=100] search_time=2.458 s, avg=0.246 ms/query, QPS=4058.3
[efs=200] latency_p50_s=0.000235234 latency_p95_s=0.000330543 latency_p99_s=0.000371895 warmup_runs=2 warmup_queries=1000
[efs=200] R@1=0.8810 (same run as timed_k=100)
[efs=200] R@5=0.8812 (same run as timed_k=100)
[efs=200] R@10=0.8805 (same run as timed_k=100)
[efs=200] R@100=0.8568 (same run as timed_k=100)
[efs=200] R@1=0.8810 | R@5=0.8812 | R@10=0.8805 | R@100=0.8568 | QPS@100=4058.3
[efs=400][timed_k=100] search_time=4.259 s, avg=0.427 ms/query, QPS=2342.0
[efs=400] latency_p50_s=0.000423793 latency_p95_s=0.000510051 latency_p99_s=0.000559667 warmup_runs=2 warmup_queries=1000
[efs=400] R@1=0.8846 (same run as timed_k=100)
[efs=400] R@5=0.8852 (same run as timed_k=100)
[efs=400] R@10=0.8854 (same run as timed_k=100)
[efs=400] R@100=0.8771 (same run as timed_k=100)
[efs=400] R@1=0.8846 | R@5=0.8852 | R@10=0.8854 | R@100=0.8771 | QPS@100=2342.0
[efs=800][timed_k=100] search_time=7.799 s, avg=0.782 ms/query, QPS=1279.0
[efs=800] latency_p50_s=0.000810640 latency_p95_s=0.000914020 latency_p99_s=0.000973390 warmup_runs=2 warmup_queries=1000
[efs=800] R@1=0.8852 (same run as timed_k=100)
[efs=800] R@5=0.8867 (same run as timed_k=100)
[efs=800] R@10=0.8879 (same run as timed_k=100)
[efs=800] R@100=0.8859 (same run as timed_k=100)
[efs=800] R@1=0.8852 | R@5=0.8867 | R@10=0.8879 | R@100=0.8859 | QPS@100=1279.0
[efs=1600][timed_k=100] search_time=14.451 s, avg=1.449 ms/query, QPS=690.3
[efs=1600] latency_p50_s=0.001406212 latency_p95_s=0.001794392 latency_p99_s=0.001799052 warmup_runs=2 warmup_queries=1000
[efs=1600] R@1=0.8859 (same run as timed_k=100)
[efs=1600] R@5=0.8876 (same run as timed_k=100)
[efs=1600] R@10=0.8890 (same run as timed_k=100)
[efs=1600] R@100=0.8892 (same run as timed_k=100)
[efs=1600] R@1=0.8859 | R@5=0.8876 | R@10=0.8890 | R@100=0.8892 | QPS@100=690.3
finished hybrid index examples
============= ACORN QUERY PROFILING STATS =============
[201.363 s] Timing results for search of k=100 nearest neighbors of nq=9975 vectors in the index
n1: 59875
n2: 59875
n3 (number distance comps at level 0): 257455476
ndis: 0
nreorder: 0
average distance computations per query: 4299.882812
[201.363 s] -----DONE-----
