building for layer 20
building for layer 19
building for layer 18
building for layer 17
building for layer 16
building for layer 15
building for layer 14
building for layer 13
building for layer 12
building for layer 11
building for layer 10
building for layer 9
building for layer 8
building for layer 7
building for layer 6
building for layer 5
building for layer 4
building for layer 3
building for layer 2
building for layer 1
building for layer 0
construction time:547.047s
save index done
build_time_seconds:553.212
index_file_bytes:1125433312
