read begin
layer:0
layer:1
layer:2
layer:3
layer:4
layer:5
layer:6
layer:7
layer:8
layer:9
layer:10
layer:11
layer:12
layer:13
layer:14
edge num:162972746
average edges:262.587
build time:7434.77
rss_before_build_mb:934.402
rss_after_build_mb:3536.81
rss_delta_build_mb:2602.41
peak_rss_build_mb:3536.68
peak_hwm_build_mb:3536.68
peak_rss_ru_maxrss_mb:3536.81
buildOK
ef:100
recall@100:0.985061
time@100:8.06072  (single timed pass; same run as all recall@K above)
qps@100:1237.48
latency_p50_s:0.000764231
latency_p95_s:0.00152833
latency_p99_s:0.00193079
warmup_runs:2 warmup_queries:1000
recall:0.985061
time:8.06072
qps:1237.48
ef:200
recall@100:0.996561
time@100:14.0598  (single timed pass; same run as all recall@K above)
qps@100:709.467
latency_p50_s:0.00135077
latency_p95_s:0.00268254
latency_p99_s:0.00341892
warmup_runs:2 warmup_queries:1000
recall:0.996561
time:14.0598
qps:709.467
ef:400
recall@100:0.998389
time@100:24.9653  (single timed pass; same run as all recall@K above)
qps@100:399.554
latency_p50_s:0.00242735
latency_p95_s:0.00474333
latency_p99_s:0.00597561
warmup_runs:2 warmup_queries:1000
recall:0.998389
time:24.9653
qps:399.554
ef:800
recall@100:0.998601
time@100:43.9393  (single timed pass; same run as all recall@K above)
qps@100:227.018
latency_p50_s:0.00434208
latency_p95_s:0.00834094
latency_p99_s:0.0104528
warmup_runs:2 warmup_queries:1000
recall:0.998601
time:43.9393
qps:227.018
ef:1600
recall@100:0.998624
time@100:75.4239  (single timed pass; same run as all recall@K above)
qps@100:132.253
latency_p50_s:0.00757597
latency_p95_s:0.0143535
latency_p99_s:0.0177236
warmup_runs:2 warmup_queries:1000
recall:0.998624
time:75.4239
qps:132.253
