====================
START: running TEST_ACORN for hnsw, sift data --112cores

N: 620643
gamma: 12
dataset: cc_news-original
M: 128
M_beta: 128
efc (efConstruction): 400
efSearch sweep: 5 values (first=100 last=1600)
[LABEL/FILTER IO] labels: path=Datasets/cc_news-original/cc_news-original_labels.fvecs, d_label=1, n_labels=620643
[LABEL/FILTER IO] filters: path=Datasets/cc_news-original/cc_news-original_filters.fvecs, d_filter=2, n_filters=9975
[0.011 s] Loaded metadata from labels first dim, count=620643
dataset cc_news-original: with label dim 1, filter_cnt 2
[0.011 s] Loading query vectors and attributes
get_file_name
query vecs data loaded, with dim: 384, nb=9975
[0.021 s] Loaded query vectors from ./Datasets/cc_news-original/cc_news-original_query.fvecs
[0.021 s] Loaded 9975 cc_news-original queries
load_gt: loaded GT from ./Datasets/cc_news-original/cc_news-original_neighbors.ivecs (ivecs n=9975 d=100, using first 100 ids)
[0.032 s] Loaded ground truth, gt_size: 100, entries: 997500
[0.032 s] Index Params -- d: 384, M: 128, N: 620643, gamma: 12
====================Write Index====================

====================Vectors====================

[0.032 s] Loading database
get_file_name
[0.658 s] Loaded base vectors from file: ./Datasets/cc_news-original/cc_news-original_base.fvecs
data loaded, with dim: 384, nb=620643
[0.658 s] Indexing database, size 620643*384 from max 620643
[0.658 s] Adding the vectors to the index
[OMP] Using 28 threads for INDEX BUILD
build base index for dataset cc_news-original
[0.659 s] Wrote base index to file: ./tmp/cc_news-original/base_M=128_efc=400.json
---- MEM[BASE_BUILD] ----
begin_RSS : 954.46 MB (0.93 GB)
peak_RSS  : 954.72 MB (0.93 GB)
peak_HWM  : 954.72 MB (0.93 GB)
end_RSS   : 954.79 MB (0.93 GB)
delta_RSS : 0.26 MB
ru_maxrss : 954.79 MB
build hybrid index for dataset cc_news-original
[564.476 s] Wrote hybrid index to file: ./tmp/cc_news-original/hybrid_M=128_efc400_Mb=128_gamma=12.json
---- MEM[HYBRID_BUILD] ----
begin_RSS : 954.79 MB (0.93 GB)
peak_RSS  : 3109.77 MB (3.04 GB)
peak_HWM  : 3140.19 MB (3.07 GB)
end_RSS   : 2684.14 MB (2.62 GB)
delta_RSS : 2154.98 MB
ru_maxrss : 3140.19 MB
index_build_s: 563.809901
serialized_index_bytes: 1787521078
build hybrid gamma1 index for dataset cc_news-original
---- MEM[HYBRID_G1_BUILD] ----
begin_RSS : 2684.14 MB (2.62 GB)
peak_RSS  : 2684.14 MB (2.62 GB)
peak_HWM  : 3140.19 MB (3.07 GB)
end_RSS   : 2684.14 MB (2.62 GB)
delta_RSS : 0.00 MB
ru_maxrss : 3140.19 MB
[564.569 s] Vectors added to base index 
Base index vectors added: 620643
[564.569 s] Vectors added to hybrid index 
Hybrid index vectors added620643
[564.569 s] Vectors added to hybrid index with gamma=1 
Hybrid index with gamma=1 vectors added620643
[OMP] Using 28 threads for SEARCH
====================================
============ BASE INDEX =============
====================================
====================================
============ ACORN INDEX =============
====================================
==================== ACORN INDEX ====================
[564.636 s] Searching the 100 nearest neighbors of 9975 vectors in the index, efsearch 16
[FILTER MAP] Using 28 threads outside search timing

========================================
=== FILTER DEBUG (First Batch) ===
========================================

Overall statistics:
  Total elements: 248257200
  Valid candidates: 6146444 (2.4758%)

--- Query 0 ---
Filter bounds:
  Interval 0: [0.00, 0.00]
Valid candidates for this query: 763 / 620643 (0.1229%)
Direct-scan valid (label_dim=1,l=1): 763 / 620643 (0.1229%)
First 5 base vectors passing filter:
  Base     0: labels=[0]
  Base     1: labels=[0]
  Base     2: labels=[0]
  Base     3: labels=[0]
  Base     4: labels=[0]

--- Query 1 ---
Filter bounds:
  Interval 0: [0.00, 0.00]
Valid candidates for this query: 763 / 620643 (0.1229%)
Direct-scan valid (label_dim=1,l=1): 763 / 620643 (0.1229%)
First 5 base vectors passing filter:
  Base     0: labels=[0]
  Base     1: labels=[0]
  Base     2: labels=[0]
  Base     3: labels=[0]
  Base     4: labels=[0]

--- Query 2 ---
Filter bounds:
  Interval 0: [0.00, 0.00]
Valid candidates for this query: 763 / 620643 (0.1229%)
Direct-scan valid (label_dim=1,l=1): 763 / 620643 (0.1229%)
First 5 base vectors passing filter:
  Base     0: labels=[0]
  Base     1: labels=[0]
  Base     2: labels=[0]
  Base     3: labels=[0]
  Base     4: labels=[0]
========================================

[efs=100][timed_k=100] search_time=2.243 s, avg=0.225 ms/query, QPS=4447.5
[efs=100] latency_p50_s=0.000220173 latency_p95_s=0.000262308 latency_p99_s=0.000300860 warmup_runs=2 warmup_queries=1000
[efs=100] R@1=0.8149 (same run as timed_k=100)
[efs=100] R@5=0.9033 (same run as timed_k=100)
[efs=100] R@10=0.9248 (same run as timed_k=100)
[efs=100] R@100=0.9432 (same run as timed_k=100)
[efs=100] R@1=0.8149 | R@5=0.9033 | R@10=0.9248 | R@100=0.9432 | QPS@100=4447.5
[efs=200][timed_k=100] search_time=4.090 s, avg=0.410 ms/query, QPS=2438.6
[efs=200] latency_p50_s=0.000399513 latency_p95_s=0.000506215 latency_p99_s=0.000508097 warmup_runs=2 warmup_queries=1000
[efs=200] R@1=0.8179 (same run as timed_k=100)
[efs=200] R@5=0.9065 (same run as timed_k=100)
[efs=200] R@10=0.9287 (same run as timed_k=100)
[efs=200] R@100=0.9589 (same run as timed_k=100)
[efs=200] R@1=0.8179 | R@5=0.9065 | R@10=0.9287 | R@100=0.9589 | QPS@100=2438.6
[efs=400][timed_k=100] search_time=7.478 s, avg=0.750 ms/query, QPS=1334.0
[efs=400] latency_p50_s=0.000744525 latency_p95_s=0.000860600 latency_p99_s=0.001022418 warmup_runs=2 warmup_queries=1000
[efs=400] R@1=0.8190 (same run as timed_k=100)
[efs=400] R@5=0.9075 (same run as timed_k=100)
[efs=400] R@10=0.9300 (same run as timed_k=100)
[efs=400] R@100=0.9647 (same run as timed_k=100)
[efs=400] R@1=0.8190 | R@5=0.9075 | R@10=0.9300 | R@100=0.9647 | QPS@100=1334.0
[efs=800][timed_k=100] search_time=12.106 s, avg=1.214 ms/query, QPS=824.0
[efs=800] latency_p50_s=0.001206368 latency_p95_s=0.001345137 latency_p99_s=0.001571622 warmup_runs=2 warmup_queries=1000
[efs=800] R@1=0.8192 (same run as timed_k=100)
[efs=800] R@5=0.9080 (same run as timed_k=100)
[efs=800] R@10=0.9304 (same run as timed_k=100)
[efs=800] R@100=0.9665 (same run as timed_k=100)
[efs=800] R@1=0.8192 | R@5=0.9080 | R@10=0.9304 | R@100=0.9665 | QPS@100=824.0
[efs=1600][timed_k=100] search_time=23.563 s, avg=2.362 ms/query, QPS=423.3
[efs=1600] latency_p50_s=0.002321427 latency_p95_s=0.002822258 latency_p99_s=0.002831978 warmup_runs=2 warmup_queries=1000
[efs=1600] R@1=0.8195 (same run as timed_k=100)
[efs=1600] R@5=0.9082 (same run as timed_k=100)
[efs=1600] R@10=0.9306 (same run as timed_k=100)
[efs=1600] R@100=0.9668 (same run as timed_k=100)
[efs=1600] R@1=0.8195 | R@5=0.9082 | R@10=0.9306 | R@100=0.9668 | QPS@100=423.3
finished hybrid index examples
============= ACORN QUERY PROFILING STATS =============
[648.837 s] Timing results for search of k=100 nearest neighbors of nq=9975 vectors in the index
n1: 59875
n2: 59875
n3 (number distance comps at level 0): 394425214
ndis: 0
nreorder: 0
average distance computations per query: 6587.477539
[648.837 s] -----DONE-----
