START 2026-08-20T16:35:35+08:00 cpuset=28-55 command=<remote_artifact> elasticsearch-hnsw artificial-corr-12-original <remote_artifact> 28-55
2026-08-20 16:35:37,576 - bvb - INFO - running only elasticsearch-hnsw
2026-08-20 16:35:37,701 - bvb - INFO - Order: [Definition(algorithm='elasticsearch-hnsw', constructor='ElasticsearchHNSW', module='bigvectorbench.algorithms.elasticsearch', docker_tag='bigvectorbench-elasticsearch', arguments=['euclidean', 256, {'M': 64, 'efConstruction': 400}], query_argument_groups=[[100], [200], [400], [800], [1600]], disabled=False), Definition(algorithm='elasticsearch-hnsw', constructor='ElasticsearchHNSW', module='bigvectorbench.algorithms.elasticsearch', docker_tag='bigvectorbench-elasticsearch', arguments=['euclidean', 256, {'M': 32, 'efConstruction': 400}], query_argument_groups=[[100], [200], [400], [800], [1600]], disabled=False), Definition(algorithm='elasticsearch-hnsw', constructor='ElasticsearchHNSW', module='bigvectorbench.algorithms.elasticsearch', docker_tag='bigvectorbench-elasticsearch', arguments=['euclidean', 256, {'M': 64, 'efConstruction': 100}], query_argument_groups=[[100], [200], [400], [800], [1600]], disabled=False), Definition(algorithm='elasticsearch-hnsw', constructor='ElasticsearchHNSW', module='bigvectorbench.algorithms.elasticsearch', docker_tag='bigvectorbench-elasticsearch', arguments=['euclidean', 256, {'M': 32, 'efConstruction': 100}], query_argument_groups=[[100], [200], [400], [800], [1600]], disabled=False), Definition(algorithm='elasticsearch-hnsw', constructor='ElasticsearchHNSW', module='bigvectorbench.algorithms.elasticsearch', docker_tag='bigvectorbench-elasticsearch', arguments=['euclidean', 256, {'M': 128, 'efConstruction': 400}], query_argument_groups=[[100], [200], [400], [800], [1600]], disabled=False)]
time="2026-08-20T16:35:37+08:00" level=warning msg="<remote_artifact> the attribute `version` is obsolete, it will be ignored, please remove it to avoid potential confusion"
time="2026-08-20T16:35:37+08:00" level=warning msg="<remote_artifact> the attribute `version` is obsolete, it will be ignored, please remove it to avoid potential confusion"
 Network elasticsearch_default  Creating
 Network elasticsearch_default  Created
 Container elasticsearch-elasticsearch-1  Creating
 Container elasticsearch-elasticsearch-1  Created
 Container elasticsearch-elasticsearch-1  Starting
 Container elasticsearch-elasticsearch-1  Started
time="2026-08-20T17:13:47+08:00" level=warning msg="<remote_artifact> the attribute `version` is obsolete, it will be ignored, please remove it to avoid potential confusion"
 Container elasticsearch-elasticsearch-1  Stopping
 Container elasticsearch-elasticsearch-1  Stopped
 Container elasticsearch-elasticsearch-1  Removing
 Container elasticsearch-elasticsearch-1  Removed
 Network elasticsearch_default  Removing
 Network elasticsearch_default  Removed
time="2026-08-20T17:14:01+08:00" level=warning msg="<remote_artifact> the attribute `version` is obsolete, it will be ignored, please remove it to avoid potential confusion"
time="2026-08-20T17:14:01+08:00" level=warning msg="<remote_artifact> the attribute `version` is obsolete, it will be ignored, please remove it to avoid potential confusion"
 Network elasticsearch_default  Creating
 Network elasticsearch_default  Created
 Container elasticsearch-elasticsearch-1  Creating
 Container elasticsearch-elasticsearch-1  Created
 Container elasticsearch-elasticsearch-1  Starting
 Container elasticsearch-elasticsearch-1  Started
Trying to instantiate bigvectorbench.algorithms.elasticsearch.ElasticsearchHNSW(['euclidean', 256, {'M': 64, 'efConstruction': 400}])
[Elasticsearch docker compose up successfully!!!
[Elasticsearch] client connected successfully!!!
Dataset type: filter-ann
Distance metric: euclidean
Got a train set of size               (991000 * 256) with 1 labels
label names: ['attribute']
label types: ['int32']
filter expression function: def filter_expr(attribute_low, attribute_high): return f'attribute >= {attribute_low} and attribute <= {attribute_high}'
Got 10000 queries
[Elasticsearch] load data with 1 labels!!!
[Elasticsearch] create index successfully!!!
[Elasticsearch] Start uploading 991000 vectors...
[Elasticsearch] Uploaded 991000 vectors successfully!!!
Inserted data in 690.3705122470856
Memory usage:  9037360.0
Built index in  14.05829405784607
Index size:  -100432.0
Running query argument group 1 of 5...
Run 1/1...
Warmup round 1/2...
Processed 1000/10000 queries...
Warmup round 2/2...
Processed 2000/10000 queries...
Processed 3000/10000 queries...
Processed 4000/10000 queries...
Processed 5000/10000 queries...
Processed 6000/10000 queries...
Processed 7000/10000 queries...
Processed 8000/10000 queries...
Processed 9000/10000 queries...
Processed 10000/10000 queries...
Processed 11000/10000 queries...
Processed 12000/10000 queries...
Running query argument group 2 of 5...
Run 1/1...
Warmup round 1/2...
Processed 1000/10000 queries...
Warmup round 2/2...
Processed 2000/10000 queries...
Processed 3000/10000 queries...
Processed 4000/10000 queries...
Processed 5000/10000 queries...
Processed 6000/10000 queries...
Processed 7000/10000 queries...
Processed 8000/10000 queries...
Processed 9000/10000 queries...
Processed 10000/10000 queries...
Processed 11000/10000 queries...
Processed 12000/10000 queries...
Running query argument group 3 of 5...
Run 1/1...
Warmup round 1/2...
Processed 1000/10000 queries...
Warmup round 2/2...
Processed 2000/10000 queries...
Processed 3000/10000 queries...
Processed 4000/10000 queries...
Processed 5000/10000 queries...
Processed 6000/10000 queries...
Processed 7000/10000 queries...
Processed 8000/10000 queries...
Processed 9000/10000 queries...
Processed 10000/10000 queries...
Processed 11000/10000 queries...
Processed 12000/10000 queries...
Running query argument group 4 of 5...
Run 1/1...
Warmup round 1/2...
Processed 1000/10000 queries...
Warmup round 2/2...
Processed 2000/10000 queries...
Processed 3000/10000 queries...
Processed 4000/10000 queries...
Processed 5000/10000 queries...
Processed 6000/10000 queries...
Processed 7000/10000 queries...
Processed 8000/10000 queries...
Processed 9000/10000 queries...
Processed 10000/10000 queries...
Processed 11000/10000 queries...
Processed 12000/10000 queries...
Running query argument group 5 of 5...
Run 1/1...
Warmup round 1/2...
Processed 1000/10000 queries...
Warmup round 2/2...
Processed 2000/10000 queries...
Processed 3000/10000 queries...
Processed 4000/10000 queries...
Processed 5000/10000 queries...
Processed 6000/10000 queries...
Processed 7000/10000 queries...
Processed 8000/10000 queries...
Processed 9000/10000 queries...
Processed 10000/10000 queries...
Processed 11000/10000 queries...
Processed 12000/10000 queries...
Processed 0/10000 inserts...
Processed 1000/10000 inserts...
Processed 2000/10000 inserts...
Processed 3000/10000 inserts...
Processed 4000/10000 inserts...
Processed 5000/10000 inserts...
Processed 6000/10000 inserts...
Processed 7000/10000 inserts...
Processed 8000/10000 inserts...
Processed 9000/10000 inserts...
Processed 0/10000 updates...
Processed 1000/10000 updates...
Processed 2000/10000 updates...
Processed 3000/10000 updates...
Processed 4000/10000 updates...
Processed 5000/10000 updates...
Processed 6000/10000 updates...
Processed 7000/10000 updates...
Processed 8000/10000 updates...
Processed 9000/10000 updates...
Processed 0/10000 deletes...
Processed 1000/10000 deletes...
Processed 2000/10000 deletes...
Processed 3000/10000 deletes...
Processed 4000/10000 deletes...
Processed 5000/10000 deletes...
Processed 6000/10000 deletes...
Processed 7000/10000 deletes...
Processed 8000/10000 deletes...
Processed 9000/10000 deletes...
[Elasticsearch] collection deleted successfully!!!
[Elasticsearch] docker compose down successfully!!!
Trying to instantiate bigvectorbench.algorithms.elasticsearch.ElasticsearchHNSW(['euclidean', 256, {'M': 32, 'efConstruction': 400}])
[Elasticsearch docker compose up successfully!!!
[Elasticsearch] client connected successfully!!!
Dataset type: filter-ann
Distance metric: euclidean
Got a train set of size               (991000 * 256) with 1 labels
label names: ['attribute']
label types: ['int32']
filter expression function: def filter_expr(attribute_low, attribute_high): return f'attribute >= {attribute_low} and attribute <= {attribute_high}'
Got 10000 queries
[Elasticsearch] load data with 1 labels!!!
[Elasticsearch] create index successfully!!!
[Elasticsearch] Start uploading 991000 vectors...
[Elasticsearch] Uploaded 991000 vectors successfully!!!
Inserted data in 685.4338848590851
Memory usage:  8066800.0
Built index in  14.054503917694092
Index size:  -99420.0
Running query argument group 1 of 5...
Run 1/1...
Warmup round 1/2...
Processed 1000/10000 queries...
Warmup round 2/2...
Processed 2000/10000 queries...
Processed 3000/10000 queries...
Processed 4000/10000 queries...
Processed 5000/10000 queries...
Processed 6000/10000 queries...
Processed 7000/10000 queries...
Processed 8000/10000 queries...
Processed 9000/10000 queries...
Processed 10000/10000 queries...
Processed 11000/10000 queries...
Processed 12000/10000 queries...
Running query argument group 2 of 5...
Run 1/1...
Warmup round 1/2...
Processed 1000/10000 queries...
Warmup round 2/2...
Processed 2000/10000 queries...
Processed 3000/10000 queries...
Processed 4000/10000 queries...
Processed 5000/10000 queries...
Processed 6000/10000 queries...
Processed 7000/10000 queries...
Processed 8000/10000 queries...
Processed 9000/10000 queries...
Processed 10000/10000 queries...
Processed 11000/10000 queries...
Processed 12000/10000 queries...
Running query argument group 3 of 5...
Run 1/1...
Warmup round 1/2...
Processed 1000/10000 queries...
Warmup round 2/2...
Processed 2000/10000 queries...
Processed 3000/10000 queries...
Processed 4000/10000 queries...
Processed 5000/10000 queries...
Processed 6000/10000 queries...
Processed 7000/10000 queries...
Processed 8000/10000 queries...
Processed 9000/10000 queries...
Processed 10000/10000 queries...
Processed 11000/10000 queries...
Processed 12000/10000 queries...
Running query argument group 4 of 5...
Run 1/1...
Warmup round 1/2...
Processed 1000/10000 queries...
Warmup round 2/2...
Processed 2000/10000 queries...
Processed 3000/10000 queries...
Processed 4000/10000 queries...
Processed 5000/10000 queries...
Processed 6000/10000 queries...
Processed 7000/10000 queries...
Processed 8000/10000 queries...
Processed 9000/10000 queries...
Processed 10000/10000 queries...
Processed 11000/10000 queries...
Processed 12000/10000 queries...
Running query argument group 5 of 5...
Run 1/1...
Warmup round 1/2...
Processed 1000/10000 queries...
Warmup round 2/2...
Processed 2000/10000 queries...
Processed 3000/10000 queries...
Processed 4000/10000 queries...
Processed 5000/10000 queries...
Processed 6000/10000 queries...
Processed 7000/10000 queries...
Processed 8000/10000 queries...
Processed 9000/10000 queries...
Processed 10000/10000 queries...
Processed 11000/10000 queries...
Processed 12000/10000 queries...
Processed 0/10000 inserts...
Processed 1000/10000 inserts...
Processed 2000/10000 inserts...
Processed 3000/10000 inserts...
Processed 4000/10000 inserts...
Processed 5000/10000 inserts...
Processed 6000/10000 inserts...
Processed 7000/10000 inserts...
Processed 8000/10000 inserts...
Processed 9000/10000 inserts...
Processed 0/10000 updates...
Processed 1000/10000 updates...
Processed 2000/10000 updates...
Processed 3000/10000 updates...
Processed 4000/10000 updates...
Processed 5000/10000 updates...
Processed 6000/10000 updates...
Processed 7000/10000 updates...
Processed 8000/10000 updates...
time="2026-08-20T17:52:17+08:00" level=warning msg="<remote_artifact> the attribute `version` is obsolete, it will be ignored, please remove it to avoid potential confusion"
 Container elasticsearch-elasticsearch-1  Stopping
 Container elasticsearch-elasticsearch-1  Stopped
 Container elasticsearch-elasticsearch-1  Removing
 Container elasticsearch-elasticsearch-1  Removed
 Network elasticsearch_default  Removing
 Network elasticsearch_default  Removed
time="2026-08-20T17:52:30+08:00" level=warning msg="<remote_artifact> the attribute `version` is obsolete, it will be ignored, please remove it to avoid potential confusion"
time="2026-08-20T17:52:31+08:00" level=warning msg="<remote_artifact> the attribute `version` is obsolete, it will be ignored, please remove it to avoid potential confusion"
 Network elasticsearch_default  Creating
 Network elasticsearch_default  Created
 Container elasticsearch-elasticsearch-1  Creating
 Container elasticsearch-elasticsearch-1  Created
 Container elasticsearch-elasticsearch-1  Starting
 Container elasticsearch-elasticsearch-1  Started
time="2026-08-20T18:28:39+08:00" level=warning msg="<remote_artifact> the attribute `version` is obsolete, it will be ignored, please remove it to avoid potential confusion"
 Container elasticsearch-elasticsearch-1  Stopping
 Container elasticsearch-elasticsearch-1  Stopped
 Container elasticsearch-elasticsearch-1  Removing
 Container elasticsearch-elasticsearch-1  Removed
 Network elasticsearch_default  Removing
 Network elasticsearch_default  Removed
time="2026-08-20T18:28:45+08:00" level=warning msg="<remote_artifact> the attribute `version` is obsolete, it will be ignored, please remove it to avoid potential confusion"
time="2026-08-20T18:28:45+08:00" level=warning msg="<remote_artifact> the attribute `version` is obsolete, it will be ignored, please remove it to avoid potential confusion"
 Network elasticsearch_default  Creating
 Network elasticsearch_default  Created
 Container elasticsearch-elasticsearch-1  Creating
 Container elasticsearch-elasticsearch-1  Created
 Container elasticsearch-elasticsearch-1  Starting
 Container elasticsearch-elasticsearch-1  Started
Processed 9000/10000 updates...
Processed 0/10000 deletes...
Processed 1000/10000 deletes...
Processed 2000/10000 deletes...
Processed 3000/10000 deletes...
Processed 4000/10000 deletes...
Processed 5000/10000 deletes...
Processed 6000/10000 deletes...
Processed 7000/10000 deletes...
Processed 8000/10000 deletes...
Processed 9000/10000 deletes...
[Elasticsearch] collection deleted successfully!!!
[Elasticsearch] docker compose down successfully!!!
Trying to instantiate bigvectorbench.algorithms.elasticsearch.ElasticsearchHNSW(['euclidean', 256, {'M': 64, 'efConstruction': 100}])
[Elasticsearch docker compose up successfully!!!
[Elasticsearch] client connected successfully!!!
Dataset type: filter-ann
Distance metric: euclidean
Got a train set of size               (991000 * 256) with 1 labels
label names: ['attribute']
label types: ['int32']
filter expression function: def filter_expr(attribute_low, attribute_high): return f'attribute >= {attribute_low} and attribute <= {attribute_high}'
Got 10000 queries
[Elasticsearch] load data with 1 labels!!!
[Elasticsearch] create index successfully!!!
[Elasticsearch] Start uploading 991000 vectors...
[Elasticsearch] Uploaded 991000 vectors successfully!!!
Inserted data in 550.1005599498749
Memory usage:  7945936.0
Built index in  14.05528450012207
Index size:  360.0
Running query argument group 1 of 5...
Run 1/1...
Warmup round 1/2...
Processed 1000/10000 queries...
Warmup round 2/2...
Processed 2000/10000 queries...
Processed 3000/10000 queries...
Processed 4000/10000 queries...
Processed 5000/10000 queries...
Processed 6000/10000 queries...
Processed 7000/10000 queries...
Processed 8000/10000 queries...
Processed 9000/10000 queries...
Processed 10000/10000 queries...
Processed 11000/10000 queries...
Processed 12000/10000 queries...
Running query argument group 2 of 5...
Run 1/1...
Warmup round 1/2...
Processed 1000/10000 queries...
Warmup round 2/2...
Processed 2000/10000 queries...
Processed 3000/10000 queries...
Processed 4000/10000 queries...
Processed 5000/10000 queries...
Processed 6000/10000 queries...
Processed 7000/10000 queries...
Processed 8000/10000 queries...
Processed 9000/10000 queries...
Processed 10000/10000 queries...
Processed 11000/10000 queries...
Processed 12000/10000 queries...
Running query argument group 3 of 5...
Run 1/1...
Warmup round 1/2...
Processed 1000/10000 queries...
Warmup round 2/2...
Processed 2000/10000 queries...
Processed 3000/10000 queries...
Processed 4000/10000 queries...
Processed 5000/10000 queries...
Processed 6000/10000 queries...
Processed 7000/10000 queries...
Processed 8000/10000 queries...
Processed 9000/10000 queries...
Processed 10000/10000 queries...
Processed 11000/10000 queries...
Processed 12000/10000 queries...
Running query argument group 4 of 5...
Run 1/1...
Warmup round 1/2...
Processed 1000/10000 queries...
Warmup round 2/2...
Processed 2000/10000 queries...
Processed 3000/10000 queries...
Processed 4000/10000 queries...
Processed 5000/10000 queries...
Processed 6000/10000 queries...
Processed 7000/10000 queries...
Processed 8000/10000 queries...
Processed 9000/10000 queries...
Processed 10000/10000 queries...
Processed 11000/10000 queries...
Processed 12000/10000 queries...
Running query argument group 5 of 5...
Run 1/1...
Warmup round 1/2...
Processed 1000/10000 queries...
Warmup round 2/2...
Processed 2000/10000 queries...
Processed 3000/10000 queries...
Processed 4000/10000 queries...
Processed 5000/10000 queries...
Processed 6000/10000 queries...
Processed 7000/10000 queries...
Processed 8000/10000 queries...
Processed 9000/10000 queries...
Processed 10000/10000 queries...
Processed 11000/10000 queries...
Processed 12000/10000 queries...
Processed 0/10000 inserts...
Processed 1000/10000 inserts...
Processed 2000/10000 inserts...
Processed 3000/10000 inserts...
Processed 4000/10000 inserts...
Processed 5000/10000 inserts...
Processed 6000/10000 inserts...
Processed 7000/10000 inserts...
Processed 8000/10000 inserts...
Processed 9000/10000 inserts...
Processed 0/10000 updates...
Processed 1000/10000 updates...
Processed 2000/10000 updates...
Processed 3000/10000 updates...
Processed 4000/10000 updates...
Processed 5000/10000 updates...
Processed 6000/10000 updates...
Processed 7000/10000 updates...
Processed 8000/10000 updates...
Processed 9000/10000 updates...
Processed 0/10000 deletes...
Processed 1000/10000 deletes...
Processed 2000/10000 deletes...
Processed 3000/10000 deletes...
Processed 4000/10000 deletes...
Processed 5000/10000 deletes...
Processed 6000/10000 deletes...
Processed 7000/10000 deletes...
Processed 8000/10000 deletes...
Processed 9000/10000 deletes...
[Elasticsearch] collection deleted successfully!!!
[Elasticsearch] docker compose down successfully!!!
Trying to instantiate bigvectorbench.algorithms.elasticsearch.ElasticsearchHNSW(['euclidean', 256, {'M': 32, 'efConstruction': 100}])
[Elasticsearch docker compose up successfully!!!
[Elasticsearch] client connected successfully!!!
Dataset type: filter-ann
Distance metric: euclidean
Got a train set of size               (991000 * 256) with 1 labels
label names: ['attribute']
label types: ['int32']
filter expression function: def filter_expr(attribute_low, attribute_high): return f'attribute >= {attribute_low} and attribute <= {attribute_high}'
Got 10000 queries
[Elasticsearch] load data with 1 labels!!!
[Elasticsearch] create index successfully!!!
[Elasticsearch] Start uploading 991000 vectors...
[Elasticsearch] Uploaded 991000 vectors successfully!!!
Inserted data in 545.8204164505005
Memory usage:  7324688.0
Built index in  14.059678792953491
Index size:  2172.0
Running query argument group 1 of 5...
Run 1/1...
Warmup round 1/2...
Processed 1000/10000 queries...
Warmup round 2/2...
Processed 2000/10000 queries...
Processed 3000/10000 queries...
Processed 4000/10000 queries...
Processed 5000/10000 queries...
Processed 6000/10000 queries...
Processed 7000/10000 queries...
Processed 8000/10000 queries...
Processed 9000/10000 queries...
Processed 10000/10000 queries...
Processed 11000/10000 queries...
Processed 12000/10000 queries...
Running query argument group 2 of 5...
Run 1/1...
Warmup round 1/2...
Processed 1000/10000 queries...
Warmup round 2/2...
Processed 2000/10000 queries...
Processed 3000/10000 queries...
Processed 4000/10000 queries...
Processed 5000/10000 queries...
Processed 6000/10000 queries...
Processed 7000/10000 queries...
Processed 8000/10000 queries...
Processed 9000/10000 queries...
Processed 10000/10000 queries...
Processed 11000/10000 queries...
Processed 12000/10000 queries...
Running query argument group 3 of 5...
Run 1/1...
Warmup round 1/2...
Processed 1000/10000 queries...
Warmup round 2/2...
Processed 2000/10000 queries...
Processed 3000/10000 queries...
Processed 4000/10000 queries...
Processed 5000/10000 queries...
Processed 6000/10000 queries...
Processed 7000/10000 queries...
Processed 8000/10000 queries...
Processed 9000/10000 queries...
Processed 10000/10000 queries...
Processed 11000/10000 queries...
Processed 12000/10000 queries...
Running query argument group 4 of 5...
Run 1/1...
Warmup round 1/2...
Processed 1000/10000 queries...
Warmup round 2/2...
Processed 2000/10000 queries...
Processed 3000/10000 queries...
Processed 4000/10000 queries...
Processed 5000/10000 queries...
Processed 6000/10000 queries...
Processed 7000/10000 queries...
Processed 8000/10000 queries...
Processed 9000/10000 queries...
Processed 10000/10000 queries...
Processed 11000/10000 queries...
Processed 12000/10000 queries...
Running query argument group 5 of 5...
Run 1/1...
Warmup round 1/2...
Processed 1000/10000 queries...
Warmup round 2/2...
Processed 2000/10000 queries...
Processed 3000/10000 queries...
Processed 4000/10000 queries...
Processed 5000/10000 queries...
Processed 6000/10000 queries...
Processed 7000/10000 queries...
Processed 8000/10000 queries...
Processed 9000/10000 queries...
Processed 10000/10000 queries...
Processed 11000/10000 queries...
Processed 12000/10000 queries...
Processed 0/10000 inserts...
Processed 1000/10000 inserts...
Processed 2000/10000 inserts...
Processed 3000/10000 inserts...
Processed 4000/10000 inserts...
time="2026-08-20T19:04:54+08:00" level=warning msg="<remote_artifact> the attribute `version` is obsolete, it will be ignored, please remove it to avoid potential confusion"
 Container elasticsearch-elasticsearch-1  Stopping
 Container elasticsearch-elasticsearch-1  Stopped
 Container elasticsearch-elasticsearch-1  Removing
 Container elasticsearch-elasticsearch-1  Removed
 Network elasticsearch_default  Removing
 Network elasticsearch_default  Removed
time="2026-08-20T19:05:01+08:00" level=warning msg="<remote_artifact> the attribute `version` is obsolete, it will be ignored, please remove it to avoid potential confusion"
time="2026-08-20T19:05:01+08:00" level=warning msg="<remote_artifact> the attribute `version` is obsolete, it will be ignored, please remove it to avoid potential confusion"
 Network elasticsearch_default  Creating
 Network elasticsearch_default  Created
 Container elasticsearch-elasticsearch-1  Creating
 Container elasticsearch-elasticsearch-1  Created
 Container elasticsearch-elasticsearch-1  Starting
 Container elasticsearch-elasticsearch-1  Started
time="2026-08-20T19:43:35+08:00" level=warning msg="<remote_artifact> the attribute `version` is obsolete, it will be ignored, please remove it to avoid potential confusion"
 Container elasticsearch-elasticsearch-1  Stopping
 Container elasticsearch-elasticsearch-1  Stopped
 Container elasticsearch-elasticsearch-1  Removing
 Container elasticsearch-elasticsearch-1  Removed
 Network elasticsearch_default  Removing
 Network elasticsearch_default  Removed
Processed 5000/10000 inserts...
Processed 6000/10000 inserts...
Processed 7000/10000 inserts...
Processed 8000/10000 inserts...
Processed 9000/10000 inserts...
Processed 0/10000 updates...
Processed 1000/10000 updates...
Processed 2000/10000 updates...
Processed 3000/10000 updates...
Processed 4000/10000 updates...
Processed 5000/10000 updates...
Processed 6000/10000 updates...
Processed 7000/10000 updates...
Processed 8000/10000 updates...
Processed 9000/10000 updates...
Processed 0/10000 deletes...
Processed 1000/10000 deletes...
Processed 2000/10000 deletes...
Processed 3000/10000 deletes...
Processed 4000/10000 deletes...
Processed 5000/10000 deletes...
Processed 6000/10000 deletes...
Processed 7000/10000 deletes...
Processed 8000/10000 deletes...
Processed 9000/10000 deletes...
[Elasticsearch] collection deleted successfully!!!
[Elasticsearch] docker compose down successfully!!!
Trying to instantiate bigvectorbench.algorithms.elasticsearch.ElasticsearchHNSW(['euclidean', 256, {'M': 128, 'efConstruction': 400}])
[Elasticsearch docker compose up successfully!!!
[Elasticsearch] client connected successfully!!!
Dataset type: filter-ann
Distance metric: euclidean
Got a train set of size               (991000 * 256) with 1 labels
label names: ['attribute']
label types: ['int32']
filter expression function: def filter_expr(attribute_low, attribute_high): return f'attribute >= {attribute_low} and attribute <= {attribute_high}'
Got 10000 queries
[Elasticsearch] load data with 1 labels!!!
[Elasticsearch] create index successfully!!!
[Elasticsearch] Start uploading 991000 vectors...
[Elasticsearch] Uploaded 991000 vectors successfully!!!
Inserted data in 691.6617588996887
Memory usage:  8259124.0
Built index in  14.05479884147644
Index size:  4368.0
Running query argument group 1 of 5...
Run 1/1...
Warmup round 1/2...
Processed 1000/10000 queries...
Warmup round 2/2...
Processed 2000/10000 queries...
Processed 3000/10000 queries...
Processed 4000/10000 queries...
Processed 5000/10000 queries...
Processed 6000/10000 queries...
Processed 7000/10000 queries...
Processed 8000/10000 queries...
Processed 9000/10000 queries...
Processed 10000/10000 queries...
Processed 11000/10000 queries...
Processed 12000/10000 queries...
Running query argument group 2 of 5...
Run 1/1...
Warmup round 1/2...
Processed 1000/10000 queries...
Warmup round 2/2...
Processed 2000/10000 queries...
Processed 3000/10000 queries...
Processed 4000/10000 queries...
Processed 5000/10000 queries...
Processed 6000/10000 queries...
Processed 7000/10000 queries...
Processed 8000/10000 queries...
Processed 9000/10000 queries...
Processed 10000/10000 queries...
Processed 11000/10000 queries...
Processed 12000/10000 queries...
Running query argument group 3 of 5...
Run 1/1...
Warmup round 1/2...
Processed 1000/10000 queries...
Warmup round 2/2...
Processed 2000/10000 queries...
Processed 3000/10000 queries...
Processed 4000/10000 queries...
Processed 5000/10000 queries...
Processed 6000/10000 queries...
Processed 7000/10000 queries...
Processed 8000/10000 queries...
Processed 9000/10000 queries...
Processed 10000/10000 queries...
Processed 11000/10000 queries...
Processed 12000/10000 queries...
Running query argument group 4 of 5...
Run 1/1...
Warmup round 1/2...
Processed 1000/10000 queries...
Warmup round 2/2...
Processed 2000/10000 queries...
Processed 3000/10000 queries...
Processed 4000/10000 queries...
Processed 5000/10000 queries...
Processed 6000/10000 queries...
Processed 7000/10000 queries...
Processed 8000/10000 queries...
Processed 9000/10000 queries...
Processed 10000/10000 queries...
Processed 11000/10000 queries...
Processed 12000/10000 queries...
Running query argument group 5 of 5...
Run 1/1...
Warmup round 1/2...
Processed 1000/10000 queries...
Warmup round 2/2...
Processed 2000/10000 queries...
Processed 3000/10000 queries...
Processed 4000/10000 queries...
Processed 5000/10000 queries...
Processed 6000/10000 queries...
Processed 7000/10000 queries...
Processed 8000/10000 queries...
Processed 9000/10000 queries...
Processed 10000/10000 queries...
Processed 11000/10000 queries...
Processed 12000/10000 queries...
Processed 0/10000 inserts...
Processed 1000/10000 inserts...
Processed 2000/10000 inserts...
Processed 3000/10000 inserts...
Processed 4000/10000 inserts...
Processed 5000/10000 inserts...
Processed 6000/10000 inserts...
Processed 7000/10000 inserts...
Processed 8000/10000 inserts...
Processed 9000/10000 inserts...
Processed 0/10000 updates...
Processed 1000/10000 updates...
Processed 2000/10000 updates...
Processed 3000/10000 updates...
Processed 4000/10000 updates...
Processed 5000/10000 updates...
Processed 6000/10000 updates...
Processed 7000/10000 updates...
Processed 8000/10000 updates...
Processed 9000/10000 updates...
Processed 0/10000 deletes...
Processed 1000/10000 deletes...
Processed 2000/10000 deletes...
Processed 3000/10000 deletes...
Processed 4000/10000 deletes...
Processed 5000/10000 deletes...
Processed 6000/10000 deletes...
Processed 7000/10000 deletes...
Processed 8000/10000 deletes...
Processed 9000/10000 deletes...
[Elasticsearch] collection deleted successfully!!!
[Elasticsearch] docker compose down successfully!!!
2026-08-20 19:43:48,916 - bvb - INFO - Terminating 1 workers
