START 2026-08-20T19:43:57+08:00 cpuset=28-55 command=<remote_artifact> redis-hnsw artificial-corr-12-original <remote_artifact> 28-55
2026-08-20 19:43:59,300 - bvb - INFO - running only redis-hnsw
2026-08-20 19:43:59,445 - bvb - INFO - Order: [Definition(algorithm='redis-hnsw', constructor='RedisHNSW', module='bigvectorbench.algorithms.redis', docker_tag='bigvectorbench-redis', arguments=['euclidean', 256, {'m': 64, 'ef_construction': 100, 'ef_runtime': 200}], query_argument_groups=[], disabled=False), Definition(algorithm='redis-hnsw', constructor='RedisHNSW', module='bigvectorbench.algorithms.redis', docker_tag='bigvectorbench-redis', arguments=['euclidean', 256, {'m': 64, 'ef_construction': 400, 'ef_runtime': 400}], query_argument_groups=[], disabled=False), Definition(algorithm='redis-hnsw', constructor='RedisHNSW', module='bigvectorbench.algorithms.redis', docker_tag='bigvectorbench-redis', arguments=['euclidean', 256, {'m': 32, 'ef_construction': 100, 'ef_runtime': 400}], query_argument_groups=[], disabled=False), Definition(algorithm='redis-hnsw', constructor='RedisHNSW', module='bigvectorbench.algorithms.redis', docker_tag='bigvectorbench-redis', arguments=['euclidean', 256, {'m': 64, 'ef_construction': 400, 'ef_runtime': 100}], query_argument_groups=[], disabled=False), Definition(algorithm='redis-hnsw', constructor='RedisHNSW', module='bigvectorbench.algorithms.redis', docker_tag='bigvectorbench-redis', arguments=['euclidean', 256, {'m': 64, 'ef_construction': 100, 'ef_runtime': 800}], query_argument_groups=[], disabled=False), Definition(algorithm='redis-hnsw', constructor='RedisHNSW', module='bigvectorbench.algorithms.redis', docker_tag='bigvectorbench-redis', arguments=['euclidean', 256, {'m': 32, 'ef_construction': 100, 'ef_runtime': 1600}], query_argument_groups=[], disabled=False), Definition(algorithm='redis-hnsw', constructor='RedisHNSW', module='bigvectorbench.algorithms.redis', docker_tag='bigvectorbench-redis', arguments=['euclidean', 256, {'m': 64, 'ef_construction': 400, 'ef_runtime': 1600}], query_argument_groups=[], disabled=False), Definition(algorithm='redis-hnsw', constructor='RedisHNSW', module='bigvectorbench.algorithms.redis', docker_tag='bigvectorbench-redis', arguments=['euclidean', 256, {'m': 64, 'ef_construction': 400, 'ef_runtime': 800}], query_argument_groups=[], disabled=False), Definition(algorithm='redis-hnsw', constructor='RedisHNSW', module='bigvectorbench.algorithms.redis', docker_tag='bigvectorbench-redis', arguments=['euclidean', 256, {'m': 32, 'ef_construction': 100, 'ef_runtime': 100}], query_argument_groups=[], disabled=False), Definition(algorithm='redis-hnsw', constructor='RedisHNSW', module='bigvectorbench.algorithms.redis', docker_tag='bigvectorbench-redis', arguments=['euclidean', 256, {'m': 32, 'ef_construction': 400, 'ef_runtime': 100}], query_argument_groups=[], disabled=False), Definition(algorithm='redis-hnsw', constructor='RedisHNSW', module='bigvectorbench.algorithms.redis', docker_tag='bigvectorbench-redis', arguments=['euclidean', 256, {'m': 32, 'ef_construction': 400, 'ef_runtime': 400}], query_argument_groups=[], disabled=False), Definition(algorithm='redis-hnsw', constructor='RedisHNSW', module='bigvectorbench.algorithms.redis', docker_tag='bigvectorbench-redis', arguments=['euclidean', 256, {'m': 128, 'ef_construction': 400, 'ef_runtime': 100}], query_argument_groups=[], disabled=False), Definition(algorithm='redis-hnsw', constructor='RedisHNSW', module='bigvectorbench.algorithms.redis', docker_tag='bigvectorbench-redis', arguments=['euclidean', 256, {'m': 128, 'ef_construction': 400, 'ef_runtime': 800}], query_argument_groups=[], disabled=False), Definition(algorithm='redis-hnsw', constructor='RedisHNSW', module='bigvectorbench.algorithms.redis', docker_tag='bigvectorbench-redis', arguments=['euclidean', 256, {'m': 32, 'ef_construction': 100, 'ef_runtime': 800}], query_argument_groups=[], disabled=False), Definition(algorithm='redis-hnsw', constructor='RedisHNSW', module='bigvectorbench.algorithms.redis', docker_tag='bigvectorbench-redis', arguments=['euclidean', 256, {'m': 32, 'ef_construction': 100, 'ef_runtime': 200}], query_argument_groups=[], disabled=False), Definition(algorithm='redis-hnsw', constructor='RedisHNSW', module='bigvectorbench.algorithms.redis', docker_tag='bigvectorbench-redis', arguments=['euclidean', 256, {'m': 32, 'ef_construction': 400, 'ef_runtime': 200}], query_argument_groups=[], disabled=False), Definition(algorithm='redis-hnsw', constructor='RedisHNSW', module='bigvectorbench.algorithms.redis', docker_tag='bigvectorbench-redis', arguments=['euclidean', 256, {'m': 64, 'ef_construction': 100, 'ef_runtime': 100}], query_argument_groups=[], disabled=False), Definition(algorithm='redis-hnsw', constructor='RedisHNSW', module='bigvectorbench.algorithms.redis', docker_tag='bigvectorbench-redis', arguments=['euclidean', 256, {'m': 32, 'ef_construction': 400, 'ef_runtime': 800}], query_argument_groups=[], disabled=False), Definition(algorithm='redis-hnsw', constructor='RedisHNSW', module='bigvectorbench.algorithms.redis', docker_tag='bigvectorbench-redis', arguments=['euclidean', 256, {'m': 128, 'ef_construction': 400, 'ef_runtime': 400}], query_argument_groups=[], disabled=False), Definition(algorithm='redis-hnsw', constructor='RedisHNSW', module='bigvectorbench.algorithms.redis', docker_tag='bigvectorbench-redis', arguments=['euclidean', 256, {'m': 64, 'ef_construction': 400, 'ef_runtime': 200}], query_argument_groups=[], disabled=False), Definition(algorithm='redis-hnsw', constructor='RedisHNSW', module='bigvectorbench.algorithms.redis', docker_tag='bigvectorbench-redis', arguments=['euclidean', 256, {'m': 32, 'ef_construction': 400, 'ef_runtime': 1600}], query_argument_groups=[], disabled=False), Definition(algorithm='redis-hnsw', constructor='RedisHNSW', module='bigvectorbench.algorithms.redis', docker_tag='bigvectorbench-redis', arguments=['euclidean', 256, {'m': 128, 'ef_construction': 400, 'ef_runtime': 200}], query_argument_groups=[], disabled=False), Definition(algorithm='redis-hnsw', constructor='RedisHNSW', module='bigvectorbench.algorithms.redis', docker_tag='bigvectorbench-redis', arguments=['euclidean', 256, {'m': 64, 'ef_construction': 100, 'ef_runtime': 400}], query_argument_groups=[], disabled=False), Definition(algorithm='redis-hnsw', constructor='RedisHNSW', module='bigvectorbench.algorithms.redis', docker_tag='bigvectorbench-redis', arguments=['euclidean', 256, {'m': 64, 'ef_construction': 100, 'ef_runtime': 1600}], query_argument_groups=[], disabled=False), Definition(algorithm='redis-hnsw', constructor='RedisHNSW', module='bigvectorbench.algorithms.redis', docker_tag='bigvectorbench-redis', arguments=['euclidean', 256, {'m': 128, 'ef_construction': 400, 'ef_runtime': 1600}], query_argument_groups=[], disabled=False)]
 Network redis_default  Creating
 Network redis_default  Created
 Container redis  Creating
 Container redis  Created
 Container redis  Starting
 Container redis  Started
 Container redis  Stopping
 Container redis  Stopped
 Container redis  Removing
 Container redis  Removed
 Network redis_default  Removing
 Network redis_default  Removed
 Network redis_default  Creating
 Network redis_default  Created
 Container redis  Creating
 Container redis  Created
 Container redis  Starting
 Container redis  Started
 Container redis  Stopping
 Container redis  Stopped
 Container redis  Removing
 Container redis  Removed
 Network redis_default  Removing
 Network redis_default  Removed
 Network redis_default  Creating
 Network redis_default  Created
 Container redis  Creating
 Container redis  Created
 Container redis  Starting
 Container redis  Started
 Container redis  Stopping
 Container redis  Stopped
 Container redis  Removing
 Container redis  Removed
 Network redis_default  Removing
 Network redis_default  Removed
 Network redis_default  Creating
 Network redis_default  Created
 Container redis  Creating
 Container redis  Created
 Container redis  Starting
 Container redis  Started
Trying to instantiate bigvectorbench.algorithms.redis.RedisHNSW(['euclidean', 256, {'m': 64, 'ef_construction': 100, 'ef_runtime': 200}])
[Redis] docker compose up successfully!!!
[Redis] client connected successfully!!!
Dataset type: filter-ann
Distance metric: euclidean
Got a train set of size               (991000 * 256) with 1 labels
label names: ['attribute']
label types: ['int32']
filter expression function: def filter_expr(attribute_low, attribute_high): return f'attribute >= {attribute_low} and attribute <= {attribute_high}'
Got 10000 queries
[Redis] load data with 1 labels!!!
[Redis] create schema successfully!!!
[Redis] Start uploading 991000 vectors...
[Redis] Uploaded 991000 vectors successfully!!!
Inserted data in 556.1508021354675
Memory usage:  3622784.0
Built index in  14.059462070465088
Index size:  788.0
Running query argument group 1 of 1...
Run 1/1...
Warmup round 1/2...
Processed 1000/10000 queries...
Warmup round 2/2...
Processed 2000/10000 queries...
Processed 3000/10000 queries...
Processed 4000/10000 queries...
Processed 5000/10000 queries...
Processed 6000/10000 queries...
Processed 7000/10000 queries...
Processed 8000/10000 queries...
Processed 9000/10000 queries...
Processed 10000/10000 queries...
Processed 11000/10000 queries...
Processed 12000/10000 queries...
Processed 0/10000 inserts...
Processed 1000/10000 inserts...
Processed 2000/10000 inserts...
Processed 3000/10000 inserts...
Processed 4000/10000 inserts...
Processed 5000/10000 inserts...
Processed 6000/10000 inserts...
Processed 7000/10000 inserts...
Processed 8000/10000 inserts...
Processed 9000/10000 inserts...
Processed 0/10000 updates...
Processed 1000/10000 updates...
Processed 2000/10000 updates...
Processed 3000/10000 updates...
Processed 4000/10000 updates...
Processed 5000/10000 updates...
Processed 6000/10000 updates...
Processed 7000/10000 updates...
Processed 8000/10000 updates...
Processed 9000/10000 updates...
Processed 0/10000 deletes...
Processed 1000/10000 deletes...
Processed 2000/10000 deletes...
Processed 3000/10000 deletes...
Processed 4000/10000 deletes...
Processed 5000/10000 deletes...
Processed 6000/10000 deletes...
Processed 7000/10000 deletes...
Processed 8000/10000 deletes...
Processed 9000/10000 deletes...
[Redis] docker compose down successfully!!!
Trying to instantiate bigvectorbench.algorithms.redis.RedisHNSW(['euclidean', 256, {'m': 64, 'ef_construction': 400, 'ef_runtime': 400}])
[Redis] docker compose up successfully!!!
[Redis] client connected successfully!!!
Dataset type: filter-ann
Distance metric: euclidean
Got a train set of size               (991000 * 256) with 1 labels
label names: ['attribute']
label types: ['int32']
filter expression function: def filter_expr(attribute_low, attribute_high): return f'attribute >= {attribute_low} and attribute <= {attribute_high}'
Got 10000 queries
[Redis] load data with 1 labels!!!
[Redis] create schema successfully!!!
[Redis] Start uploading 991000 vectors...
[Redis] Uploaded 991000 vectors successfully!!!
Inserted data in 1978.95716547966
Memory usage:  3690028.0
Built index in  16.06583261489868
Index size:  21456.0
Running query argument group 1 of 1...
Run 1/1...
Warmup round 1/2...
Processed 1000/10000 queries...
Warmup round 2/2...
Processed 2000/10000 queries...
Processed 3000/10000 queries...
Processed 4000/10000 queries...
Processed 5000/10000 queries...
Processed 6000/10000 queries...
Processed 7000/10000 queries...
Processed 8000/10000 queries...
Processed 9000/10000 queries...
Processed 10000/10000 queries...
Processed 11000/10000 queries...
Processed 12000/10000 queries...
Processed 0/10000 inserts...
Processed 1000/10000 inserts...
Processed 2000/10000 inserts...
Processed 3000/10000 inserts...
Processed 4000/10000 inserts...
Processed 5000/10000 inserts...
Processed 6000/10000 inserts...
Processed 7000/10000 inserts...
Processed 8000/10000 inserts...
Processed 9000/10000 inserts...
Processed 0/10000 updates...
Processed 1000/10000 updates...
Processed 2000/10000 updates...
Processed 3000/10000 updates...
Processed 4000/10000 updates...
Processed 5000/10000 updates...
Processed 6000/10000 updates...
Processed 7000/10000 updates...
Processed 8000/10000 updates...
Processed 9000/10000 updates...
Processed 0/10000 deletes...
Processed 1000/10000 deletes...
Processed 2000/10000 deletes...
Processed 3000/10000 deletes...
Processed 4000/10000 deletes...
Processed 5000/10000 deletes...
Processed 6000/10000 deletes...
Processed 7000/10000 deletes...
Processed 8000/10000 deletes...
Processed 9000/10000 deletes...
[Redis] docker compose down successfully!!!
Trying to instantiate bigvectorbench.algorithms.redis.RedisHNSW(['euclidean', 256, {'m': 32, 'ef_construction': 100, 'ef_runtime': 400}])
[Redis] docker compose up successfully!!!
[Redis] client connected successfully!!!
Dataset type: filter-ann
Distance metric: euclidean
Got a train set of size               (991000 * 256) with 1 labels
label names: ['attribute']
label types: ['int32']
filter expression function: def filter_expr(attribute_low, attribute_high): return f'attribute >= {attribute_low} and attribute <= {attribute_high}'
Got 10000 queries
[Redis] load data with 1 labels!!!
[Redis] create schema successfully!!!
[Redis] Start uploading 991000 vectors...
[Redis] Uploaded 991000 vectors successfully!!!
Inserted data in 516.0124623775482
Memory usage:  3373788.0
Built index in  16.067176580429077
Index size:  532.0
Running query argument group 1 of 1...
Run 1/1...
Warmup round 1/2...
Processed 1000/10000 queries...
Warmup round 2/2...
Processed 2000/10000 queries...
Processed 3000/10000 queries...
Processed 4000/10000 queries...
Processed 5000/10000 queries...
Processed 6000/10000 queries...
Processed 7000/10000 queries...
Processed 8000/10000 queries...
Processed 9000/10000 queries...
Processed 10000/10000 queries...
Processed 11000/10000 queries...
Processed 12000/10000 queries...
Processed 0/10000 inserts...
Processed 1000/10000 inserts...
Processed 2000/10000 inserts...
Processed 3000/10000 inserts...
Processed 4000/10000 inserts...
Processed 5000/10000 inserts...
Processed 6000/10000 inserts...
Processed 7000/10000 inserts...
Processed 8000/10000 inserts...
Processed 9000/10000 inserts...
Processed 0/10000 updates...
Processed 1000/10000 updates...
Processed 2000/10000 updates...
Processed 3000/10000 updates...
Processed 4000/10000 updates...
Processed 5000/10000 updates...
Processed 6000/10000 updates...
Processed 7000/10000 updates...
Processed 8000/10000 updates...
Processed 9000/10000 updates...
Processed 0/10000 deletes...
Processed 1000/10000 deletes...
Processed 2000/10000 deletes...
Processed 3000/10000 deletes...
Processed 4000/10000 deletes...
Processed 5000/10000 deletes...
Processed 6000/10000 deletes...
Processed 7000/10000 deletes...
Processed 8000/10000 deletes...
Processed 9000/10000 deletes...
[Redis] docker compose down successfully!!!
Trying to instantiate bigvectorbench.algorithms.redis.RedisHNSW(['euclidean', 256, {'m': 64, 'ef_construction': 400, 'ef_runtime': 100}])
[Redis] docker compose up successfully!!!
[Redis] client connected successfully!!!
Dataset type: filter-ann
Distance metric: euclidean
Got a train set of size               (991000 * 256) with 1 labels
label names: ['attribute']
label types: ['int32']
filter expression function: def filter_expr(attribute_low, attribute_high): return f'attribute >= {attribute_low} and attribute <= {attribute_high}'
Got 10000 queries
[Redis] load data with 1 labels!!!
[Redis] create schema successfully!!!
[Redis] Start uploading 991000 vectors...
[Redis] Uploaded 991000 vectors successfully!!!
Inserted data in 1980.7525730133057
Memory usage:  3710528.0
Built index in  16.064651489257812
Index size:  1456.0
Running query argument group 1 of 1...
Run 1/1...
Warmup round 1/2...
Processed 1000/10000 queries...
Warmup round 2/2...
Processed 2000/10000 queries...
Processed 3000/10000 queries...
Processed 4000/10000 queries...
Processed 5000/10000 queries...
Processed 6000/10000 queries...
Processed 7000/10000 queries...
Processed 8000/10000 queries...
Processed 9000/10000 queries...
Processed 10000/10000 queries...
 Container redis  Stopping
 Container redis  Stopped
 Container redis  Removing
 Container redis  Removed
 Network redis_default  Removing
 Network redis_default  Removed
 Network redis_default  Creating
 Network redis_default  Created
 Container redis  Creating
 Container redis  Created
 Container redis  Starting
 Container redis  Started
 Container redis  Stopping
 Container redis  Stopped
 Container redis  Removing
 Container redis  Removed
 Network redis_default  Removing
 Network redis_default  Removed
 Network redis_default  Creating
 Network redis_default  Created
 Container redis  Creating
 Container redis  Created
 Container redis  Starting
 Container redis  Started
 Container redis  Stopping
 Container redis  Stopped
 Container redis  Removing
 Container redis  Removed
 Network redis_default  Removing
 Network redis_default  Removed
 Network redis_default  Creating
 Network redis_default  Created
 Container redis  Creating
 Container redis  Created
 Container redis  Starting
 Container redis  Started
 Container redis  Stopping
 Container redis  Stopped
 Container redis  Removing
 Container redis  Removed
 Network redis_default  Removing
 Network redis_default  Removed
 Network redis_default  Creating
 Network redis_default  Created
 Container redis  Creating
 Container redis  Created
 Container redis  Starting
 Container redis  Started
Processed 11000/10000 queries...
Processed 12000/10000 queries...
Processed 0/10000 inserts...
Processed 1000/10000 inserts...
Processed 2000/10000 inserts...
Processed 3000/10000 inserts...
Processed 4000/10000 inserts...
Processed 5000/10000 inserts...
Processed 6000/10000 inserts...
Processed 7000/10000 inserts...
Processed 8000/10000 inserts...
Processed 9000/10000 inserts...
Processed 0/10000 updates...
Processed 1000/10000 updates...
Processed 2000/10000 updates...
Processed 3000/10000 updates...
Processed 4000/10000 updates...
Processed 5000/10000 updates...
Processed 6000/10000 updates...
Processed 7000/10000 updates...
Processed 8000/10000 updates...
Processed 9000/10000 updates...
Processed 0/10000 deletes...
Processed 1000/10000 deletes...
Processed 2000/10000 deletes...
Processed 3000/10000 deletes...
Processed 4000/10000 deletes...
Processed 5000/10000 deletes...
Processed 6000/10000 deletes...
Processed 7000/10000 deletes...
Processed 8000/10000 deletes...
Processed 9000/10000 deletes...
[Redis] docker compose down successfully!!!
Trying to instantiate bigvectorbench.algorithms.redis.RedisHNSW(['euclidean', 256, {'m': 64, 'ef_construction': 100, 'ef_runtime': 800}])
[Redis] docker compose up successfully!!!
[Redis] client connected successfully!!!
Dataset type: filter-ann
Distance metric: euclidean
Got a train set of size               (991000 * 256) with 1 labels
label names: ['attribute']
label types: ['int32']
filter expression function: def filter_expr(attribute_low, attribute_high): return f'attribute >= {attribute_low} and attribute <= {attribute_high}'
Got 10000 queries
[Redis] load data with 1 labels!!!
[Redis] create schema successfully!!!
[Redis] Start uploading 991000 vectors...
[Redis] Uploaded 991000 vectors successfully!!!
Inserted data in 533.9167602062225
Memory usage:  3620472.0
Built index in  16.065324068069458
Index size:  1100.0
Running query argument group 1 of 1...
Run 1/1...
Warmup round 1/2...
Processed 1000/10000 queries...
Warmup round 2/2...
Processed 2000/10000 queries...
Processed 3000/10000 queries...
Processed 4000/10000 queries...
Processed 5000/10000 queries...
Processed 6000/10000 queries...
Processed 7000/10000 queries...
Processed 8000/10000 queries...
Processed 9000/10000 queries...
Processed 10000/10000 queries...
Processed 11000/10000 queries...
Processed 12000/10000 queries...
Processed 0/10000 inserts...
Processed 1000/10000 inserts...
Processed 2000/10000 inserts...
Processed 3000/10000 inserts...
Processed 4000/10000 inserts...
Processed 5000/10000 inserts...
Processed 6000/10000 inserts...
Processed 7000/10000 inserts...
Processed 8000/10000 inserts...
Processed 9000/10000 inserts...
Processed 0/10000 updates...
Processed 1000/10000 updates...
Processed 2000/10000 updates...
Processed 3000/10000 updates...
Processed 4000/10000 updates...
Processed 5000/10000 updates...
Processed 6000/10000 updates...
Processed 7000/10000 updates...
Processed 8000/10000 updates...
Processed 9000/10000 updates...
Processed 0/10000 deletes...
Processed 1000/10000 deletes...
Processed 2000/10000 deletes...
Processed 3000/10000 deletes...
Processed 4000/10000 deletes...
Processed 5000/10000 deletes...
Processed 6000/10000 deletes...
Processed 7000/10000 deletes...
Processed 8000/10000 deletes...
Processed 9000/10000 deletes...
[Redis] docker compose down successfully!!!
Trying to instantiate bigvectorbench.algorithms.redis.RedisHNSW(['euclidean', 256, {'m': 32, 'ef_construction': 100, 'ef_runtime': 1600}])
[Redis] docker compose up successfully!!!
[Redis] client connected successfully!!!
Dataset type: filter-ann
Distance metric: euclidean
Got a train set of size               (991000 * 256) with 1 labels
label names: ['attribute']
label types: ['int32']
filter expression function: def filter_expr(attribute_low, attribute_high): return f'attribute >= {attribute_low} and attribute <= {attribute_high}'
Got 10000 queries
[Redis] load data with 1 labels!!!
[Redis] create schema successfully!!!
[Redis] Start uploading 991000 vectors...
[Redis] Uploaded 991000 vectors successfully!!!
Inserted data in 501.0107457637787
Memory usage:  3377484.0
Built index in  16.066102266311646
Index size:  -988.0
Running query argument group 1 of 1...
Run 1/1...
Warmup round 1/2...
Processed 1000/10000 queries...
Warmup round 2/2...
Processed 2000/10000 queries...
Processed 3000/10000 queries...
Processed 4000/10000 queries...
Processed 5000/10000 queries...
Processed 6000/10000 queries...
Processed 7000/10000 queries...
Processed 8000/10000 queries...
Processed 9000/10000 queries...
Processed 10000/10000 queries...
Processed 11000/10000 queries...
Processed 12000/10000 queries...
Processed 0/10000 inserts...
Processed 1000/10000 inserts...
Processed 2000/10000 inserts...
Processed 3000/10000 inserts...
Processed 4000/10000 inserts...
Processed 5000/10000 inserts...
Processed 6000/10000 inserts...
Processed 7000/10000 inserts...
Processed 8000/10000 inserts...
Processed 9000/10000 inserts...
Processed 0/10000 updates...
Processed 1000/10000 updates...
Processed 2000/10000 updates...
Processed 3000/10000 updates...
Processed 4000/10000 updates...
Processed 5000/10000 updates...
Processed 6000/10000 updates...
Processed 7000/10000 updates...
Processed 8000/10000 updates...
Processed 9000/10000 updates...
Processed 0/10000 deletes...
Processed 1000/10000 deletes...
Processed 2000/10000 deletes...
Processed 3000/10000 deletes...
Processed 4000/10000 deletes...
Processed 5000/10000 deletes...
Processed 6000/10000 deletes...
Processed 7000/10000 deletes...
Processed 8000/10000 deletes...
Processed 9000/10000 deletes...
[Redis] docker compose down successfully!!!
Trying to instantiate bigvectorbench.algorithms.redis.RedisHNSW(['euclidean', 256, {'m': 64, 'ef_construction': 400, 'ef_runtime': 1600}])
[Redis] docker compose up successfully!!!
[Redis] client connected successfully!!!
Dataset type: filter-ann
Distance metric: euclidean
Got a train set of size               (991000 * 256) with 1 labels
label names: ['attribute']
label types: ['int32']
filter expression function: def filter_expr(attribute_low, attribute_high): return f'attribute >= {attribute_low} and attribute <= {attribute_high}'
Got 10000 queries
[Redis] load data with 1 labels!!!
[Redis] create schema successfully!!!
[Redis] Start uploading 991000 vectors...
[Redis] Uploaded 991000 vectors successfully!!!
Inserted data in 2159.5640921592712
Memory usage:  9083320.0
Built index in  16.06312131881714
Index size:  1764.0
Running query argument group 1 of 1...
Run 1/1...
Warmup round 1/2...
Processed 1000/10000 queries...
Warmup round 2/2...
Processed 2000/10000 queries...
Processed 3000/10000 queries...
Processed 4000/10000 queries...
Processed 5000/10000 queries...
Processed 6000/10000 queries...
Processed 7000/10000 queries...
Processed 8000/10000 queries...
Processed 9000/10000 queries...
Processed 10000/10000 queries...
Processed 11000/10000 queries...
Processed 12000/10000 queries...
Processed 0/10000 inserts...
Processed 1000/10000 inserts...
Processed 2000/10000 inserts...
Processed 3000/10000 inserts...
Processed 4000/10000 inserts...
Processed 5000/10000 inserts...
Processed 6000/10000 inserts...
Processed 7000/10000 inserts...
Processed 8000/10000 inserts...
Processed 9000/10000 inserts...
Processed 0/10000 updates...
Processed 1000/10000 updates...
Processed 2000/10000 updates...
Processed 3000/10000 updates...
Processed 4000/10000 updates...
Processed 5000/10000 updates...
Processed 6000/10000 updates...
Processed 7000/10000 updates...
Processed 8000/10000 updates...
Processed 9000/10000 updates...
Processed 0/10000 deletes...
Processed 1000/10000 deletes...
Processed 2000/10000 deletes...
Processed 3000/10000 deletes...
Processed 4000/10000 deletes...
Processed 5000/10000 deletes...
Processed 6000/10000 deletes...
Processed 7000/10000 deletes...
Processed 8000/10000 deletes...
Processed 9000/10000 deletes...
[Redis] docker compose down successfully!!!
Trying to instantiate bigvectorbench.algorithms.redis.RedisHNSW(['euclidean', 256, {'m': 64, 'ef_construction': 400, 'ef_runtime': 800}])
[Redis] docker compose up successfully!!!
 Container redis  Stopping
 Container redis  Stopped
 Container redis  Removing
 Container redis  Removed
 Network redis_default  Removing
 Network redis_default  Removed
 Network redis_default  Creating
 Network redis_default  Created
 Container redis  Creating
 Container redis  Created
 Container redis  Starting
 Container redis  Started
 Container redis  Stopping
 Container redis  Stopped
 Container redis  Removing
 Container redis  Removed
 Network redis_default  Removing
 Network redis_default  Removed
 Network redis_default  Creating
 Network redis_default  Created
 Container redis  Creating
 Container redis  Created
 Container redis  Starting
 Container redis  Started
 Container redis  Stopping
 Container redis  Stopped
 Container redis  Removing
 Container redis  Removed
 Network redis_default  Removing
 Network redis_default  Removed
 Network redis_default  Creating
 Network redis_default  Created
 Container redis  Creating
 Container redis  Created
 Container redis  Starting
 Container redis  Started
[Redis] client connected successfully!!!
Dataset type: filter-ann
Distance metric: euclidean
Got a train set of size               (991000 * 256) with 1 labels
label names: ['attribute']
label types: ['int32']
filter expression function: def filter_expr(attribute_low, attribute_high): return f'attribute >= {attribute_low} and attribute <= {attribute_high}'
Got 10000 queries
[Redis] load data with 1 labels!!!
[Redis] create schema successfully!!!
[Redis] Start uploading 991000 vectors...
[Redis] Uploaded 991000 vectors successfully!!!
Inserted data in 2024.3081305027008
Memory usage:  -2916300.0
Built index in  14.059371709823608
Index size:  36.0
Running query argument group 1 of 1...
Run 1/1...
Warmup round 1/2...
Processed 1000/10000 queries...
Warmup round 2/2...
Processed 2000/10000 queries...
Processed 3000/10000 queries...
Processed 4000/10000 queries...
Processed 5000/10000 queries...
Processed 6000/10000 queries...
Processed 7000/10000 queries...
Processed 8000/10000 queries...
Processed 9000/10000 queries...
Processed 10000/10000 queries...
Processed 11000/10000 queries...
Processed 12000/10000 queries...
Processed 0/10000 inserts...
Processed 1000/10000 inserts...
Processed 2000/10000 inserts...
Processed 3000/10000 inserts...
Processed 4000/10000 inserts...
Processed 5000/10000 inserts...
Processed 6000/10000 inserts...
Processed 7000/10000 inserts...
Processed 8000/10000 inserts...
Processed 9000/10000 inserts...
Processed 0/10000 updates...
Processed 1000/10000 updates...
Processed 2000/10000 updates...
Processed 3000/10000 updates...
Processed 4000/10000 updates...
Processed 5000/10000 updates...
Processed 6000/10000 updates...
Processed 7000/10000 updates...
Processed 8000/10000 updates...
Processed 9000/10000 updates...
Processed 0/10000 deletes...
Processed 1000/10000 deletes...
Processed 2000/10000 deletes...
Processed 3000/10000 deletes...
Processed 4000/10000 deletes...
Processed 5000/10000 deletes...
Processed 6000/10000 deletes...
Processed 7000/10000 deletes...
Processed 8000/10000 deletes...
Processed 9000/10000 deletes...
[Redis] docker compose down successfully!!!
Trying to instantiate bigvectorbench.algorithms.redis.RedisHNSW(['euclidean', 256, {'m': 32, 'ef_construction': 100, 'ef_runtime': 100}])
[Redis] docker compose up successfully!!!
[Redis] client connected successfully!!!
Dataset type: filter-ann
Distance metric: euclidean
Got a train set of size               (991000 * 256) with 1 labels
label names: ['attribute']
label types: ['int32']
filter expression function: def filter_expr(attribute_low, attribute_high): return f'attribute >= {attribute_low} and attribute <= {attribute_high}'
Got 10000 queries
[Redis] load data with 1 labels!!!
[Redis] create schema successfully!!!
[Redis] Start uploading 991000 vectors...
[Redis] Uploaded 991000 vectors successfully!!!
Inserted data in 718.0142209529877
Memory usage:  3392388.0
Built index in  16.065083503723145
Index size:  -684.0
Running query argument group 1 of 1...
Run 1/1...
Warmup round 1/2...
Processed 1000/10000 queries...
Warmup round 2/2...
Processed 2000/10000 queries...
Processed 3000/10000 queries...
Processed 4000/10000 queries...
Processed 5000/10000 queries...
Processed 6000/10000 queries...
Processed 7000/10000 queries...
Processed 8000/10000 queries...
Processed 9000/10000 queries...
Processed 10000/10000 queries...
Processed 11000/10000 queries...
Processed 12000/10000 queries...
Processed 0/10000 inserts...
Processed 1000/10000 inserts...
Processed 2000/10000 inserts...
Processed 3000/10000 inserts...
Processed 4000/10000 inserts...
Processed 5000/10000 inserts...
Processed 6000/10000 inserts...
Processed 7000/10000 inserts...
Processed 8000/10000 inserts...
Processed 9000/10000 inserts...
Processed 0/10000 updates...
Processed 1000/10000 updates...
Processed 2000/10000 updates...
Processed 3000/10000 updates...
Processed 4000/10000 updates...
Processed 5000/10000 updates...
Processed 6000/10000 updates...
Processed 7000/10000 updates...
Processed 8000/10000 updates...
Processed 9000/10000 updates...
Processed 0/10000 deletes...
Processed 1000/10000 deletes...
Processed 2000/10000 deletes...
Processed 3000/10000 deletes...
Processed 4000/10000 deletes...
Processed 5000/10000 deletes...
Processed 6000/10000 deletes...
Processed 7000/10000 deletes...
Processed 8000/10000 deletes...
Processed 9000/10000 deletes...
[Redis] docker compose down successfully!!!
Trying to instantiate bigvectorbench.algorithms.redis.RedisHNSW(['euclidean', 256, {'m': 32, 'ef_construction': 400, 'ef_runtime': 100}])
[Redis] docker compose up successfully!!!
[Redis] client connected successfully!!!
Dataset type: filter-ann
Distance metric: euclidean
Got a train set of size               (991000 * 256) with 1 labels
label names: ['attribute']
label types: ['int32']
filter expression function: def filter_expr(attribute_low, attribute_high): return f'attribute >= {attribute_low} and attribute <= {attribute_high}'
Got 10000 queries
[Redis] load data with 1 labels!!!
[Redis] create schema successfully!!!
[Redis] Start uploading 991000 vectors...
[Redis] Uploaded 991000 vectors successfully!!!
Inserted data in 2380.149664878845
Memory usage:  3385652.0
Built index in  16.06385564804077
Index size:  -3560.0
Running query argument group 1 of 1...
Run 1/1...
Warmup round 1/2...
Processed 1000/10000 queries...
Warmup round 2/2...
Processed 2000/10000 queries...
Processed 3000/10000 queries...
Processed 4000/10000 queries...
Processed 5000/10000 queries...
Processed 6000/10000 queries...
Processed 7000/10000 queries...
Processed 8000/10000 queries...
Processed 9000/10000 queries...
Processed 10000/10000 queries...
Processed 11000/10000 queries...
Processed 12000/10000 queries...
Processed 0/10000 inserts...
Processed 1000/10000 inserts...
Processed 2000/10000 inserts...
Processed 3000/10000 inserts...
Processed 4000/10000 inserts...
Processed 5000/10000 inserts...
Processed 6000/10000 inserts...
Processed 7000/10000 inserts...
Processed 8000/10000 inserts...
Processed 9000/10000 inserts...
Processed 0/10000 updates...
Processed 1000/10000 updates...
Processed 2000/10000 updates...
Processed 3000/10000 updates...
Processed 4000/10000 updates...
Processed 5000/10000 updates...
Processed 6000/10000 updates...
Processed 7000/10000 updates...
Processed 8000/10000 updates...
Processed 9000/10000 updates...
Processed 0/10000 deletes...
Processed 1000/10000 deletes...
Processed 2000/10000 deletes...
Processed 3000/10000 deletes...
Processed 4000/10000 deletes...
Processed 5000/10000 deletes...
Processed 6000/10000 deletes...
Processed 7000/10000 deletes...
Processed 8000/10000 deletes...
Processed 9000/10000 deletes...
[Redis] docker compose down successfully!!!
Trying to instantiate bigvectorbench.algorithms.redis.RedisHNSW(['euclidean', 256, {'m': 32, 'ef_construction': 400, 'ef_runtime': 400}])
[Redis] docker compose up successfully!!!
[Redis] client connected successfully!!!
Dataset type: filter-ann
Distance metric: euclidean
Got a train set of size               (991000 * 256) with 1 labels
label names: ['attribute']
label types: ['int32']
filter expression function: def filter_expr(attribute_low, attribute_high): return f'attribute >= {attribute_low} and attribute <= {attribute_high}'
Got 10000 queries
[Redis] load data with 1 labels!!!
[Redis] create schema successfully!!!
[Redis] Start uploading 991000 vectors...
[Redis] Uploaded 991000 vectors successfully!!!
Inserted data in 2333.393834590912
Memory usage:  4192200.0
Built index in  16.073986768722534
Index size:  4944.0
Running query argument group 1 of 1...
Run 1/1...
Warmup round 1/2...
Processed 1000/10000 queries...
Warmup round 2/2...
Processed 2000/10000 queries...
Processed 3000/10000 queries...
Processed 4000/10000 queries...
Processed 5000/10000 queries...
Processed 6000/10000 queries...
Processed 7000/10000 queries...
Processed 8000/10000 queries...
Processed 9000/10000 queries...
Processed 10000/10000 queries...
Processed 11000/10000 queries...
Processed 12000/10000 queries...
Processed 0/10000 inserts...
Processed 1000/10000 inserts...
Processed 2000/10000 inserts...
Processed 3000/10000 inserts...
 Container redis  Stopping
 Container redis  Stopped
 Container redis  Removing
 Container redis  Removed
 Network redis_default  Removing
 Network redis_default  Removed
 Network redis_default  Creating
 Network redis_default  Created
 Container redis  Creating
 Container redis  Created
 Container redis  Starting
 Container redis  Started
 Container redis  Stopping
 Container redis  Stopped
 Container redis  Removing
 Container redis  Removed
 Network redis_default  Removing
 Network redis_default  Removed
 Network redis_default  Creating
 Network redis_default  Created
 Container redis  Creating
 Container redis  Created
 Container redis  Starting
 Container redis  Started
 Container redis  Stopping
 Container redis  Stopped
 Container redis  Removing
 Container redis  Removed
 Network redis_default  Removing
 Network redis_default  Removed
 Network redis_default  Creating
 Network redis_default  Created
 Container redis  Creating
 Container redis  Created
 Container redis  Starting
 Container redis  Started
 Container redis  Stopping
 Container redis  Stopped
 Container redis  Removing
 Container redis  Removed
 Network redis_default  Removing
 Network redis_default  Removed
 Network redis_default  Creating
 Network redis_default  Created
 Container redis  Creating
 Container redis  Created
 Container redis  Starting
 Container redis  Started
Processed 4000/10000 inserts...
Processed 5000/10000 inserts...
Processed 6000/10000 inserts...
Processed 7000/10000 inserts...
Processed 8000/10000 inserts...
Processed 9000/10000 inserts...
Processed 0/10000 updates...
Processed 1000/10000 updates...
Processed 2000/10000 updates...
Processed 3000/10000 updates...
Processed 4000/10000 updates...
Processed 5000/10000 updates...
Processed 6000/10000 updates...
Processed 7000/10000 updates...
Processed 8000/10000 updates...
Processed 9000/10000 updates...
Processed 0/10000 deletes...
Processed 1000/10000 deletes...
Processed 2000/10000 deletes...
Processed 3000/10000 deletes...
Processed 4000/10000 deletes...
Processed 5000/10000 deletes...
Processed 6000/10000 deletes...
Processed 7000/10000 deletes...
Processed 8000/10000 deletes...
Processed 9000/10000 deletes...
[Redis] docker compose down successfully!!!
Trying to instantiate bigvectorbench.algorithms.redis.RedisHNSW(['euclidean', 256, {'m': 128, 'ef_construction': 400, 'ef_runtime': 100}])
[Redis] docker compose up successfully!!!
[Redis] client connected successfully!!!
Dataset type: filter-ann
Distance metric: euclidean
Got a train set of size               (991000 * 256) with 1 labels
label names: ['attribute']
label types: ['int32']
filter expression function: def filter_expr(attribute_low, attribute_high): return f'attribute >= {attribute_low} and attribute <= {attribute_high}'
Got 10000 queries
[Redis] load data with 1 labels!!!
[Redis] create schema successfully!!!
[Redis] Start uploading 991000 vectors...
[Redis] Uploaded 991000 vectors successfully!!!
Inserted data in 2910.2941284179688
Memory usage:  4095288.0
Built index in  16.06732487678528
Index size:  -980.0
Running query argument group 1 of 1...
Run 1/1...
Warmup round 1/2...
Processed 1000/10000 queries...
Warmup round 2/2...
Processed 2000/10000 queries...
Processed 3000/10000 queries...
Processed 4000/10000 queries...
Processed 5000/10000 queries...
Processed 6000/10000 queries...
Processed 7000/10000 queries...
Processed 8000/10000 queries...
Processed 9000/10000 queries...
Processed 10000/10000 queries...
Processed 11000/10000 queries...
Processed 12000/10000 queries...
Processed 0/10000 inserts...
Processed 1000/10000 inserts...
Processed 2000/10000 inserts...
Processed 3000/10000 inserts...
Processed 4000/10000 inserts...
Processed 5000/10000 inserts...
Processed 6000/10000 inserts...
Processed 7000/10000 inserts...
Processed 8000/10000 inserts...
Processed 9000/10000 inserts...
Processed 0/10000 updates...
Processed 1000/10000 updates...
Processed 2000/10000 updates...
Processed 3000/10000 updates...
Processed 4000/10000 updates...
Processed 5000/10000 updates...
Processed 6000/10000 updates...
Processed 7000/10000 updates...
Processed 8000/10000 updates...
Processed 9000/10000 updates...
Processed 0/10000 deletes...
Processed 1000/10000 deletes...
Processed 2000/10000 deletes...
Processed 3000/10000 deletes...
Processed 4000/10000 deletes...
Processed 5000/10000 deletes...
Processed 6000/10000 deletes...
Processed 7000/10000 deletes...
Processed 8000/10000 deletes...
Processed 9000/10000 deletes...
[Redis] docker compose down successfully!!!
Trying to instantiate bigvectorbench.algorithms.redis.RedisHNSW(['euclidean', 256, {'m': 128, 'ef_construction': 400, 'ef_runtime': 800}])
[Redis] docker compose up successfully!!!
[Redis] client connected successfully!!!
Dataset type: filter-ann
Distance metric: euclidean
Got a train set of size               (991000 * 256) with 1 labels
label names: ['attribute']
label types: ['int32']
filter expression function: def filter_expr(attribute_low, attribute_high): return f'attribute >= {attribute_low} and attribute <= {attribute_high}'
Got 10000 queries
[Redis] load data with 1 labels!!!
[Redis] create schema successfully!!!
[Redis] Start uploading 991000 vectors...
[Redis] Uploaded 991000 vectors successfully!!!
Inserted data in 2875.2870445251465
Memory usage:  4369816.0
Built index in  16.068716287612915
Index size:  388.0
Running query argument group 1 of 1...
Run 1/1...
Warmup round 1/2...
Processed 1000/10000 queries...
Warmup round 2/2...
Processed 2000/10000 queries...
Processed 3000/10000 queries...
Processed 4000/10000 queries...
Processed 5000/10000 queries...
Processed 6000/10000 queries...
Processed 7000/10000 queries...
Processed 8000/10000 queries...
Processed 9000/10000 queries...
Processed 10000/10000 queries...
Processed 11000/10000 queries...
Processed 12000/10000 queries...
Processed 0/10000 inserts...
Processed 1000/10000 inserts...
Processed 2000/10000 inserts...
Processed 3000/10000 inserts...
Processed 4000/10000 inserts...
Processed 5000/10000 inserts...
Processed 6000/10000 inserts...
Processed 7000/10000 inserts...
Processed 8000/10000 inserts...
Processed 9000/10000 inserts...
Processed 0/10000 updates...
Processed 1000/10000 updates...
Processed 2000/10000 updates...
Processed 3000/10000 updates...
Processed 4000/10000 updates...
Processed 5000/10000 updates...
Processed 6000/10000 updates...
Processed 7000/10000 updates...
Processed 8000/10000 updates...
Processed 9000/10000 updates...
Processed 0/10000 deletes...
Processed 1000/10000 deletes...
Processed 2000/10000 deletes...
Processed 3000/10000 deletes...
Processed 4000/10000 deletes...
Processed 5000/10000 deletes...
Processed 6000/10000 deletes...
Processed 7000/10000 deletes...
Processed 8000/10000 deletes...
Processed 9000/10000 deletes...
[Redis] docker compose down successfully!!!
Trying to instantiate bigvectorbench.algorithms.redis.RedisHNSW(['euclidean', 256, {'m': 32, 'ef_construction': 100, 'ef_runtime': 800}])
[Redis] docker compose up successfully!!!
[Redis] client connected successfully!!!
Dataset type: filter-ann
Distance metric: euclidean
Got a train set of size               (991000 * 256) with 1 labels
label names: ['attribute']
label types: ['int32']
filter expression function: def filter_expr(attribute_low, attribute_high): return f'attribute >= {attribute_low} and attribute <= {attribute_high}'
Got 10000 queries
[Redis] load data with 1 labels!!!
[Redis] create schema successfully!!!
[Redis] Start uploading 991000 vectors...
[Redis] Uploaded 991000 vectors successfully!!!
Inserted data in 739.3228261470795
Memory usage:  3414608.0
Built index in  16.071826696395874
Index size:  -240.0
Running query argument group 1 of 1...
Run 1/1...
Warmup round 1/2...
Processed 1000/10000 queries...
Warmup round 2/2...
Processed 2000/10000 queries...
Processed 3000/10000 queries...
Processed 4000/10000 queries...
Processed 5000/10000 queries...
Processed 6000/10000 queries...
Processed 7000/10000 queries...
Processed 8000/10000 queries...
Processed 9000/10000 queries...
Processed 10000/10000 queries...
Processed 11000/10000 queries...
Processed 12000/10000 queries...
Processed 0/10000 inserts...
Processed 1000/10000 inserts...
Processed 2000/10000 inserts...
Processed 3000/10000 inserts...
Processed 4000/10000 inserts...
Processed 5000/10000 inserts...
Processed 6000/10000 inserts...
Processed 7000/10000 inserts...
Processed 8000/10000 inserts...
Processed 9000/10000 inserts...
Processed 0/10000 updates...
Processed 1000/10000 updates...
Processed 2000/10000 updates...
Processed 3000/10000 updates...
Processed 4000/10000 updates...
Processed 5000/10000 updates...
Processed 6000/10000 updates...
Processed 7000/10000 updates...
Processed 8000/10000 updates...
Processed 9000/10000 updates...
Processed 0/10000 deletes...
Processed 1000/10000 deletes...
Processed 2000/10000 deletes...
Processed 3000/10000 deletes...
Processed 4000/10000 deletes...
Processed 5000/10000 deletes...
Processed 6000/10000 deletes...
Processed 7000/10000 deletes...
Processed 8000/10000 deletes...
Processed 9000/10000 deletes...
[Redis] docker compose down successfully!!!
Trying to instantiate bigvectorbench.algorithms.redis.RedisHNSW(['euclidean', 256, {'m': 32, 'ef_construction': 100, 'ef_runtime': 200}])
[Redis] docker compose up successfully!!!
[Redis] client connected successfully!!!
Dataset type: filter-ann
Distance metric: euclidean
Got a train set of size               (991000 * 256) with 1 labels
label names: ['attribute']
label types: ['int32']
 Container redis  Stopping
 Container redis  Stopped
 Container redis  Removing
 Container redis  Removed
 Network redis_default  Removing
 Network redis_default  Removed
 Network redis_default  Creating
 Network redis_default  Created
 Container redis  Creating
 Container redis  Created
 Container redis  Starting
 Container redis  Started
 Container redis  Stopping
 Container redis  Stopped
 Container redis  Removing
 Container redis  Removed
 Network redis_default  Removing
 Network redis_default  Removed
 Network redis_default  Creating
 Network redis_default  Created
 Container redis  Creating
 Container redis  Created
 Container redis  Starting
 Container redis  Started
 Container redis  Stopping
 Container redis  Stopped
 Container redis  Removing
 Container redis  Removed
 Network redis_default  Removing
 Network redis_default  Removed
 Network redis_default  Creating
 Network redis_default  Created
 Container redis  Creating
 Container redis  Created
 Container redis  Starting
 Container redis  Started
filter expression function: def filter_expr(attribute_low, attribute_high): return f'attribute >= {attribute_low} and attribute <= {attribute_high}'
Got 10000 queries
[Redis] load data with 1 labels!!!
[Redis] create schema successfully!!!
[Redis] Start uploading 991000 vectors...
[Redis] Uploaded 991000 vectors successfully!!!
Inserted data in 789.6685035228729
Memory usage:  3418844.0
Built index in  16.07008147239685
Index size:  944.0
Running query argument group 1 of 1...
Run 1/1...
Warmup round 1/2...
Processed 1000/10000 queries...
Warmup round 2/2...
Processed 2000/10000 queries...
Processed 3000/10000 queries...
Processed 4000/10000 queries...
Processed 5000/10000 queries...
Processed 6000/10000 queries...
Processed 7000/10000 queries...
Processed 8000/10000 queries...
Processed 9000/10000 queries...
Processed 10000/10000 queries...
Processed 11000/10000 queries...
Processed 12000/10000 queries...
Processed 0/10000 inserts...
Processed 1000/10000 inserts...
Processed 2000/10000 inserts...
Processed 3000/10000 inserts...
Processed 4000/10000 inserts...
Processed 5000/10000 inserts...
Processed 6000/10000 inserts...
Processed 7000/10000 inserts...
Processed 8000/10000 inserts...
Processed 9000/10000 inserts...
Processed 0/10000 updates...
Processed 1000/10000 updates...
Processed 2000/10000 updates...
Processed 3000/10000 updates...
Processed 4000/10000 updates...
Processed 5000/10000 updates...
Processed 6000/10000 updates...
Processed 7000/10000 updates...
Processed 8000/10000 updates...
Processed 9000/10000 updates...
Processed 0/10000 deletes...
Processed 1000/10000 deletes...
Processed 2000/10000 deletes...
Processed 3000/10000 deletes...
Processed 4000/10000 deletes...
Processed 5000/10000 deletes...
Processed 6000/10000 deletes...
Processed 7000/10000 deletes...
Processed 8000/10000 deletes...
Processed 9000/10000 deletes...
[Redis] docker compose down successfully!!!
Trying to instantiate bigvectorbench.algorithms.redis.RedisHNSW(['euclidean', 256, {'m': 32, 'ef_construction': 400, 'ef_runtime': 200}])
[Redis] docker compose up successfully!!!
[Redis] client connected successfully!!!
Dataset type: filter-ann
Distance metric: euclidean
Got a train set of size               (991000 * 256) with 1 labels
label names: ['attribute']
label types: ['int32']
filter expression function: def filter_expr(attribute_low, attribute_high): return f'attribute >= {attribute_low} and attribute <= {attribute_high}'
Got 10000 queries
[Redis] load data with 1 labels!!!
[Redis] create schema successfully!!!
[Redis] Start uploading 991000 vectors...
[Redis] Uploaded 991000 vectors successfully!!!
Inserted data in 2407.29452085495
Memory usage:  3560404.0
Built index in  16.068784952163696
Index size:  1552.0
Running query argument group 1 of 1...
Run 1/1...
Warmup round 1/2...
Processed 1000/10000 queries...
Warmup round 2/2...
Processed 2000/10000 queries...
Processed 3000/10000 queries...
Processed 4000/10000 queries...
Processed 5000/10000 queries...
Processed 6000/10000 queries...
Processed 7000/10000 queries...
Processed 8000/10000 queries...
Processed 9000/10000 queries...
Processed 10000/10000 queries...
Processed 11000/10000 queries...
Processed 12000/10000 queries...
Processed 0/10000 inserts...
Processed 1000/10000 inserts...
Processed 2000/10000 inserts...
Processed 3000/10000 inserts...
Processed 4000/10000 inserts...
Processed 5000/10000 inserts...
Processed 6000/10000 inserts...
Processed 7000/10000 inserts...
Processed 8000/10000 inserts...
Processed 9000/10000 inserts...
Processed 0/10000 updates...
Processed 1000/10000 updates...
Processed 2000/10000 updates...
Processed 3000/10000 updates...
Processed 4000/10000 updates...
Processed 5000/10000 updates...
Processed 6000/10000 updates...
Processed 7000/10000 updates...
Processed 8000/10000 updates...
Processed 9000/10000 updates...
Processed 0/10000 deletes...
Processed 1000/10000 deletes...
Processed 2000/10000 deletes...
Processed 3000/10000 deletes...
Processed 4000/10000 deletes...
Processed 5000/10000 deletes...
Processed 6000/10000 deletes...
Processed 7000/10000 deletes...
Processed 8000/10000 deletes...
Processed 9000/10000 deletes...
[Redis] docker compose down successfully!!!
Trying to instantiate bigvectorbench.algorithms.redis.RedisHNSW(['euclidean', 256, {'m': 64, 'ef_construction': 100, 'ef_runtime': 100}])
[Redis] docker compose up successfully!!!
[Redis] client connected successfully!!!
Dataset type: filter-ann
Distance metric: euclidean
Got a train set of size               (991000 * 256) with 1 labels
label names: ['attribute']
label types: ['int32']
filter expression function: def filter_expr(attribute_low, attribute_high): return f'attribute >= {attribute_low} and attribute <= {attribute_high}'
Got 10000 queries
[Redis] load data with 1 labels!!!
[Redis] create schema successfully!!!
[Redis] Start uploading 991000 vectors...
[Redis] Uploaded 991000 vectors successfully!!!
Inserted data in 769.8947591781616
Memory usage:  3645640.0
Built index in  16.06084966659546
Index size:  1320.0
Running query argument group 1 of 1...
Run 1/1...
Warmup round 1/2...
Processed 1000/10000 queries...
Warmup round 2/2...
Processed 2000/10000 queries...
Processed 3000/10000 queries...
Processed 4000/10000 queries...
Processed 5000/10000 queries...
Processed 6000/10000 queries...
Processed 7000/10000 queries...
Processed 8000/10000 queries...
Processed 9000/10000 queries...
Processed 10000/10000 queries...
Processed 11000/10000 queries...
Processed 12000/10000 queries...
Processed 0/10000 inserts...
Processed 1000/10000 inserts...
Processed 2000/10000 inserts...
Processed 3000/10000 inserts...
Processed 4000/10000 inserts...
Processed 5000/10000 inserts...
Processed 6000/10000 inserts...
Processed 7000/10000 inserts...
Processed 8000/10000 inserts...
Processed 9000/10000 inserts...
Processed 0/10000 updates...
Processed 1000/10000 updates...
Processed 2000/10000 updates...
Processed 3000/10000 updates...
Processed 4000/10000 updates...
Processed 5000/10000 updates...
Processed 6000/10000 updates...
Processed 7000/10000 updates...
Processed 8000/10000 updates...
Processed 9000/10000 updates...
Processed 0/10000 deletes...
Processed 1000/10000 deletes...
Processed 2000/10000 deletes...
Processed 3000/10000 deletes...
Processed 4000/10000 deletes...
Processed 5000/10000 deletes...
Processed 6000/10000 deletes...
Processed 7000/10000 deletes...
Processed 8000/10000 deletes...
Processed 9000/10000 deletes...
[Redis] docker compose down successfully!!!
Trying to instantiate bigvectorbench.algorithms.redis.RedisHNSW(['euclidean', 256, {'m': 32, 'ef_construction': 400, 'ef_runtime': 800}])
[Redis] docker compose up successfully!!!
[Redis] client connected successfully!!!
Dataset type: filter-ann
Distance metric: euclidean
Got a train set of size               (991000 * 256) with 1 labels
label names: ['attribute']
label types: ['int32']
filter expression function: def filter_expr(attribute_low, attribute_high): return f'attribute >= {attribute_low} and attribute <= {attribute_high}'
Got 10000 queries
[Redis] load data with 1 labels!!!
[Redis] create schema successfully!!!
[Redis] Start uploading 991000 vectors...
[Redis] Uploaded 991000 vectors successfully!!!
Inserted data in 2482.926382780075
Memory usage:  3390804.0
Built index in  16.06891107559204
Index size:  -504.0
Running query argument group 1 of 1...
Run 1/1...
Warmup round 1/2...
Processed 1000/10000 queries...
Warmup round 2/2...
Processed 2000/10000 queries...
Processed 3000/10000 queries...
Processed 4000/10000 queries...
Processed 5000/10000 queries...
Processed 6000/10000 queries...
Processed 7000/10000 queries...
Processed 8000/10000 queries...
Processed 9000/10000 queries...
Processed 10000/10000 queries...
Processed 11000/10000 queries...
Processed 12000/10000 queries...
Processed 0/10000 inserts...
Processed 1000/10000 inserts...
Processed 2000/10000 inserts...
Processed 3000/10000 inserts...
Processed 4000/10000 inserts...
Processed 5000/10000 inserts...
Processed 6000/10000 inserts...
Processed 7000/10000 inserts...
Processed 8000/10000 inserts...
Processed 9000/10000 inserts...
Processed 0/10000 updates...
 Container redis  Stopping
 Container redis  Stopped
 Container redis  Removing
 Container redis  Removed
 Network redis_default  Removing
 Network redis_default  Removed
 Network redis_default  Creating
 Network redis_default  Created
 Container redis  Creating
 Container redis  Created
 Container redis  Starting
 Container redis  Started
 Container redis  Stopping
 Container redis  Stopped
 Container redis  Removing
 Container redis  Removed
 Network redis_default  Removing
 Network redis_default  Removed
 Network redis_default  Creating
 Network redis_default  Created
 Container redis  Creating
 Container redis  Created
 Container redis  Starting
 Container redis  Started
 Container redis  Stopping
 Container redis  Stopped
 Container redis  Removing
 Container redis  Removed
 Network redis_default  Removing
 Network redis_default  Removed
 Network redis_default  Creating
 Network redis_default  Created
 Container redis  Creating
 Container redis  Created
 Container redis  Starting
 Container redis  Started
 Container redis  Stopping
 Container redis  Stopped
 Container redis  Removing
 Container redis  Removed
 Network redis_default  Removing
 Network redis_default  Removed
 Network redis_default  Creating
 Network redis_default  Created
 Container redis  Creating
 Container redis  Created
 Container redis  Starting
 Container redis  Started
Processed 1000/10000 updates...
Processed 2000/10000 updates...
Processed 3000/10000 updates...
Processed 4000/10000 updates...
Processed 5000/10000 updates...
Processed 6000/10000 updates...
Processed 7000/10000 updates...
Processed 8000/10000 updates...
Processed 9000/10000 updates...
Processed 0/10000 deletes...
Processed 1000/10000 deletes...
Processed 2000/10000 deletes...
Processed 3000/10000 deletes...
Processed 4000/10000 deletes...
Processed 5000/10000 deletes...
Processed 6000/10000 deletes...
Processed 7000/10000 deletes...
Processed 8000/10000 deletes...
Processed 9000/10000 deletes...
[Redis] docker compose down successfully!!!
Trying to instantiate bigvectorbench.algorithms.redis.RedisHNSW(['euclidean', 256, {'m': 128, 'ef_construction': 400, 'ef_runtime': 400}])
[Redis] docker compose up successfully!!!
[Redis] client connected successfully!!!
Dataset type: filter-ann
Distance metric: euclidean
Got a train set of size               (991000 * 256) with 1 labels
label names: ['attribute']
label types: ['int32']
filter expression function: def filter_expr(attribute_low, attribute_high): return f'attribute >= {attribute_low} and attribute <= {attribute_high}'
Got 10000 queries
[Redis] load data with 1 labels!!!
[Redis] create schema successfully!!!
[Redis] Start uploading 991000 vectors...
[Redis] Uploaded 991000 vectors successfully!!!
Inserted data in 3008.615062713623
Memory usage:  4078068.0
Built index in  16.06345510482788
Index size:  -1748.0
Running query argument group 1 of 1...
Run 1/1...
Warmup round 1/2...
Processed 1000/10000 queries...
Warmup round 2/2...
Processed 2000/10000 queries...
Processed 3000/10000 queries...
Processed 4000/10000 queries...
Processed 5000/10000 queries...
Processed 6000/10000 queries...
Processed 7000/10000 queries...
Processed 8000/10000 queries...
Processed 9000/10000 queries...
Processed 10000/10000 queries...
Processed 11000/10000 queries...
Processed 12000/10000 queries...
Processed 0/10000 inserts...
Processed 1000/10000 inserts...
Processed 2000/10000 inserts...
Processed 3000/10000 inserts...
Processed 4000/10000 inserts...
Processed 5000/10000 inserts...
Processed 6000/10000 inserts...
Processed 7000/10000 inserts...
Processed 8000/10000 inserts...
Processed 9000/10000 inserts...
Processed 0/10000 updates...
Processed 1000/10000 updates...
Processed 2000/10000 updates...
Processed 3000/10000 updates...
Processed 4000/10000 updates...
Processed 5000/10000 updates...
Processed 6000/10000 updates...
Processed 7000/10000 updates...
Processed 8000/10000 updates...
Processed 9000/10000 updates...
Processed 0/10000 deletes...
Processed 1000/10000 deletes...
Processed 2000/10000 deletes...
Processed 3000/10000 deletes...
Processed 4000/10000 deletes...
Processed 5000/10000 deletes...
Processed 6000/10000 deletes...
Processed 7000/10000 deletes...
Processed 8000/10000 deletes...
Processed 9000/10000 deletes...
[Redis] docker compose down successfully!!!
Trying to instantiate bigvectorbench.algorithms.redis.RedisHNSW(['euclidean', 256, {'m': 64, 'ef_construction': 400, 'ef_runtime': 200}])
[Redis] docker compose up successfully!!!
[Redis] client connected successfully!!!
Dataset type: filter-ann
Distance metric: euclidean
Got a train set of size               (991000 * 256) with 1 labels
label names: ['attribute']
label types: ['int32']
filter expression function: def filter_expr(attribute_low, attribute_high): return f'attribute >= {attribute_low} and attribute <= {attribute_high}'
Got 10000 queries
[Redis] load data with 1 labels!!!
[Redis] create schema successfully!!!
[Redis] Start uploading 991000 vectors...
[Redis] Uploaded 991000 vectors successfully!!!
Inserted data in 2803.065272808075
Memory usage:  3858612.0
Built index in  16.068357944488525
Index size:  1068.0
Running query argument group 1 of 1...
Run 1/1...
Warmup round 1/2...
Processed 1000/10000 queries...
Warmup round 2/2...
Processed 2000/10000 queries...
Processed 3000/10000 queries...
Processed 4000/10000 queries...
Processed 5000/10000 queries...
Processed 6000/10000 queries...
Processed 7000/10000 queries...
Processed 8000/10000 queries...
Processed 9000/10000 queries...
Processed 10000/10000 queries...
Processed 11000/10000 queries...
Processed 12000/10000 queries...
Processed 0/10000 inserts...
Processed 1000/10000 inserts...
Processed 2000/10000 inserts...
Processed 3000/10000 inserts...
Processed 4000/10000 inserts...
Processed 5000/10000 inserts...
Processed 6000/10000 inserts...
Processed 7000/10000 inserts...
Processed 8000/10000 inserts...
Processed 9000/10000 inserts...
Processed 0/10000 updates...
Processed 1000/10000 updates...
Processed 2000/10000 updates...
Processed 3000/10000 updates...
Processed 4000/10000 updates...
Processed 5000/10000 updates...
Processed 6000/10000 updates...
Processed 7000/10000 updates...
Processed 8000/10000 updates...
Processed 9000/10000 updates...
Processed 0/10000 deletes...
Processed 1000/10000 deletes...
Processed 2000/10000 deletes...
Processed 3000/10000 deletes...
Processed 4000/10000 deletes...
Processed 5000/10000 deletes...
Processed 6000/10000 deletes...
Processed 7000/10000 deletes...
Processed 8000/10000 deletes...
Processed 9000/10000 deletes...
[Redis] docker compose down successfully!!!
Trying to instantiate bigvectorbench.algorithms.redis.RedisHNSW(['euclidean', 256, {'m': 32, 'ef_construction': 400, 'ef_runtime': 1600}])
[Redis] docker compose up successfully!!!
[Redis] client connected successfully!!!
Dataset type: filter-ann
Distance metric: euclidean
Got a train set of size               (991000 * 256) with 1 labels
label names: ['attribute']
label types: ['int32']
filter expression function: def filter_expr(attribute_low, attribute_high): return f'attribute >= {attribute_low} and attribute <= {attribute_high}'
Got 10000 queries
[Redis] load data with 1 labels!!!
[Redis] create schema successfully!!!
[Redis] Start uploading 991000 vectors...
[Redis] Uploaded 991000 vectors successfully!!!
Inserted data in 1887.4944202899933
Memory usage:  2666172.0
Built index in  10.038439989089966
Index size:  296.0
Running query argument group 1 of 1...
Run 1/1...
Warmup round 1/2...
Processed 1000/10000 queries...
Warmup round 2/2...
Processed 2000/10000 queries...
Processed 3000/10000 queries...
Processed 4000/10000 queries...
Processed 5000/10000 queries...
Processed 6000/10000 queries...
Processed 7000/10000 queries...
Processed 8000/10000 queries...
Processed 9000/10000 queries...
Processed 10000/10000 queries...
Processed 11000/10000 queries...
Processed 12000/10000 queries...
Processed 0/10000 inserts...
Processed 1000/10000 inserts...
Processed 2000/10000 inserts...
Processed 3000/10000 inserts...
Processed 4000/10000 inserts...
Processed 5000/10000 inserts...
Processed 6000/10000 inserts...
Processed 7000/10000 inserts...
Processed 8000/10000 inserts...
Processed 9000/10000 inserts...
Processed 0/10000 updates...
Processed 1000/10000 updates...
Processed 2000/10000 updates...
Processed 3000/10000 updates...
Processed 4000/10000 updates...
Processed 5000/10000 updates...
Processed 6000/10000 updates...
Processed 7000/10000 updates...
Processed 8000/10000 updates...
Processed 9000/10000 updates...
Processed 0/10000 deletes...
Processed 1000/10000 deletes...
Processed 2000/10000 deletes...
Processed 3000/10000 deletes...
Processed 4000/10000 deletes...
Processed 5000/10000 deletes...
Processed 6000/10000 deletes...
Processed 7000/10000 deletes...
Processed 8000/10000 deletes...
Processed 9000/10000 deletes...
[Redis] docker compose down successfully!!!
Trying to instantiate bigvectorbench.algorithms.redis.RedisHNSW(['euclidean', 256, {'m': 128, 'ef_construction': 400, 'ef_runtime': 200}])
[Redis] docker compose up successfully!!!
[Redis] client connected successfully!!!
Dataset type: filter-ann
Distance metric: euclidean
Got a train set of size               (991000 * 256) with 1 labels
label names: ['attribute']
label types: ['int32']
filter expression function: def filter_expr(attribute_low, attribute_high): return f'attribute >= {attribute_low} and attribute <= {attribute_high}'
Got 10000 queries
[Redis] load data with 1 labels!!!
 Container redis  Stopping
 Container redis  Stopped
 Container redis  Removing
 Container redis  Removed
 Network redis_default  Removing
 Network redis_default  Removed
 Network redis_default  Creating
 Network redis_default  Created
 Container redis  Creating
 Container redis  Created
 Container redis  Starting
 Container redis  Started
 Container redis  Stopping
 Container redis  Stopped
 Container redis  Removing
 Container redis  Removed
 Network redis_default  Removing
 Network redis_default  Removed
 Network redis_default  Creating
 Network redis_default  Created
 Container redis  Creating
 Container redis  Created
 Container redis  Starting
 Container redis  Started
 Container redis  Stopping
 Container redis  Stopped
 Container redis  Removing
 Container redis  Removed
 Network redis_default  Removing
 Network redis_default  Removed
 Network redis_default  Creating
 Network redis_default  Created
 Container redis  Creating
 Container redis  Created
 Container redis  Starting
 Container redis  Started
[Redis] create schema successfully!!!
[Redis] Start uploading 991000 vectors...
[Redis] Uploaded 991000 vectors successfully!!!
Inserted data in 2217.077204465866
Memory usage:  -2559244.0
Built index in  10.042741060256958
Index size:  3500.0
Running query argument group 1 of 1...
Run 1/1...
Warmup round 1/2...
Processed 1000/10000 queries...
Warmup round 2/2...
Processed 2000/10000 queries...
Processed 3000/10000 queries...
Processed 4000/10000 queries...
Processed 5000/10000 queries...
Processed 6000/10000 queries...
Processed 7000/10000 queries...
Processed 8000/10000 queries...
Processed 9000/10000 queries...
Processed 10000/10000 queries...
Processed 11000/10000 queries...
Processed 12000/10000 queries...
Processed 0/10000 inserts...
Processed 1000/10000 inserts...
Processed 2000/10000 inserts...
Processed 3000/10000 inserts...
Processed 4000/10000 inserts...
Processed 5000/10000 inserts...
Processed 6000/10000 inserts...
Processed 7000/10000 inserts...
Processed 8000/10000 inserts...
Processed 9000/10000 inserts...
Processed 0/10000 updates...
Processed 1000/10000 updates...
Processed 2000/10000 updates...
Processed 3000/10000 updates...
Processed 4000/10000 updates...
Processed 5000/10000 updates...
Processed 6000/10000 updates...
Processed 7000/10000 updates...
Processed 8000/10000 updates...
Processed 9000/10000 updates...
Processed 0/10000 deletes...
Processed 1000/10000 deletes...
Processed 2000/10000 deletes...
Processed 3000/10000 deletes...
Processed 4000/10000 deletes...
Processed 5000/10000 deletes...
Processed 6000/10000 deletes...
Processed 7000/10000 deletes...
Processed 8000/10000 deletes...
Processed 9000/10000 deletes...
[Redis] docker compose down successfully!!!
Trying to instantiate bigvectorbench.algorithms.redis.RedisHNSW(['euclidean', 256, {'m': 64, 'ef_construction': 100, 'ef_runtime': 400}])
[Redis] docker compose up successfully!!!
[Redis] client connected successfully!!!
Dataset type: filter-ann
Distance metric: euclidean
Got a train set of size               (991000 * 256) with 1 labels
label names: ['attribute']
label types: ['int32']
filter expression function: def filter_expr(attribute_low, attribute_high): return f'attribute >= {attribute_low} and attribute <= {attribute_high}'
Got 10000 queries
[Redis] load data with 1 labels!!!
[Redis] create schema successfully!!!
[Redis] Start uploading 991000 vectors...
[Redis] Uploaded 991000 vectors successfully!!!
Inserted data in 657.050614118576
Memory usage:  3484476.0
Built index in  16.064141273498535
Index size:  2120.0
Running query argument group 1 of 1...
Run 1/1...
Warmup round 1/2...
Processed 1000/10000 queries...
Warmup round 2/2...
Processed 2000/10000 queries...
Processed 3000/10000 queries...
Processed 4000/10000 queries...
Processed 5000/10000 queries...
Processed 6000/10000 queries...
Processed 7000/10000 queries...
Processed 8000/10000 queries...
Processed 9000/10000 queries...
Processed 10000/10000 queries...
Processed 11000/10000 queries...
Processed 12000/10000 queries...
Processed 0/10000 inserts...
Processed 1000/10000 inserts...
Processed 2000/10000 inserts...
Processed 3000/10000 inserts...
Processed 4000/10000 inserts...
Processed 5000/10000 inserts...
Processed 6000/10000 inserts...
Processed 7000/10000 inserts...
Processed 8000/10000 inserts...
Processed 9000/10000 inserts...
Processed 0/10000 updates...
Processed 1000/10000 updates...
Processed 2000/10000 updates...
Processed 3000/10000 updates...
Processed 4000/10000 updates...
Processed 5000/10000 updates...
Processed 6000/10000 updates...
Processed 7000/10000 updates...
Processed 8000/10000 updates...
Processed 9000/10000 updates...
Processed 0/10000 deletes...
Processed 1000/10000 deletes...
Processed 2000/10000 deletes...
Processed 3000/10000 deletes...
Processed 4000/10000 deletes...
Processed 5000/10000 deletes...
Processed 6000/10000 deletes...
Processed 7000/10000 deletes...
Processed 8000/10000 deletes...
Processed 9000/10000 deletes...
[Redis] docker compose down successfully!!!
Trying to instantiate bigvectorbench.algorithms.redis.RedisHNSW(['euclidean', 256, {'m': 64, 'ef_construction': 100, 'ef_runtime': 1600}])
[Redis] docker compose up successfully!!!
[Redis] client connected successfully!!!
Dataset type: filter-ann
Distance metric: euclidean
Got a train set of size               (991000 * 256) with 1 labels
label names: ['attribute']
label types: ['int32']
filter expression function: def filter_expr(attribute_low, attribute_high): return f'attribute >= {attribute_low} and attribute <= {attribute_high}'
Got 10000 queries
[Redis] load data with 1 labels!!!
[Redis] create schema successfully!!!
[Redis] Start uploading 991000 vectors...
[Redis] Uploaded 991000 vectors successfully!!!
Inserted data in 805.363588809967
Memory usage:  3713248.0
Built index in  16.06258225440979
Index size:  3164.0
Running query argument group 1 of 1...
Run 1/1...
Warmup round 1/2...
Processed 1000/10000 queries...
Warmup round 2/2...
Processed 2000/10000 queries...
Processed 3000/10000 queries...
Processed 4000/10000 queries...
Processed 5000/10000 queries...
Processed 6000/10000 queries...
Processed 7000/10000 queries...
Processed 8000/10000 queries...
Processed 9000/10000 queries...
Processed 10000/10000 queries...
Processed 11000/10000 queries...
Processed 12000/10000 queries...
Processed 0/10000 inserts...
Processed 1000/10000 inserts...
Processed 2000/10000 inserts...
Processed 3000/10000 inserts...
Processed 4000/10000 inserts...
Processed 5000/10000 inserts...
Processed 6000/10000 inserts...
Processed 7000/10000 inserts...
Processed 8000/10000 inserts...
Processed 9000/10000 inserts...
Processed 0/10000 updates...
Processed 1000/10000 updates...
Processed 2000/10000 updates...
Processed 3000/10000 updates...
Processed 4000/10000 updates...
Processed 5000/10000 updates...
Processed 6000/10000 updates...
Processed 7000/10000 updates...
Processed 8000/10000 updates...
Processed 9000/10000 updates...
Processed 0/10000 deletes...
Processed 1000/10000 deletes...
Processed 2000/10000 deletes...
Processed 3000/10000 deletes...
Processed 4000/10000 deletes...
Processed 5000/10000 deletes...
Processed 6000/10000 deletes...
Processed 7000/10000 deletes...
Processed 8000/10000 deletes...
Processed 9000/10000 deletes...
[Redis] docker compose down successfully!!!
Trying to instantiate bigvectorbench.algorithms.redis.RedisHNSW(['euclidean', 256, {'m': 128, 'ef_construction': 400, 'ef_runtime': 1600}])
[Redis] docker compose up successfully!!!
[Redis] client connected successfully!!!
Dataset type: filter-ann
Distance metric: euclidean
Got a train set of size               (991000 * 256) with 1 labels
label names: ['attribute']
label types: ['int32']
filter expression function: def filter_expr(attribute_low, attribute_high): return f'attribute >= {attribute_low} and attribute <= {attribute_high}'
Got 10000 queries
[Redis] load data with 1 labels!!!
[Redis] create schema successfully!!!
[Redis] Start uploading 991000 vectors...
[Redis] Uploaded 991000 vectors successfully!!!
Inserted data in 2998.7065193653107
Memory usage:  4116804.0
Built index in  16.06108570098877
Index size:  1472.0
Running query argument group 1 of 1...
Run 1/1...
Warmup round 1/2...
Processed 1000/10000 queries...
Warmup round 2/2...
Processed 2000/10000 queries...
Processed 3000/10000 queries...
Processed 4000/10000 queries...
Processed 5000/10000 queries...
Processed 6000/10000 queries...
Processed 7000/10000 queries...
Processed 8000/10000 queries...
Processed 9000/10000 queries...
Processed 10000/10000 queries...
Processed 11000/10000 queries...
Processed 12000/10000 queries...
Processed 0/10000 inserts...
Processed 1000/10000 inserts...
Processed 2000/10000 inserts...
Processed 3000/10000 inserts...
Processed 4000/10000 inserts...
Processed 5000/10000 inserts...
Processed 6000/10000 inserts...
Processed 7000/10000 inserts...
Processed 8000/10000 inserts...
Processed 9000/10000 inserts...
Processed 0/10000 updates...
Processed 1000/10000 updates...
Processed 2000/10000 updates...
Processed 3000/10000 updates...
Processed 4000/10000 updates...
Processed 5000/10000 updates...
Processed 6000/10000 updates...
 Container redis  Stopping
 Container redis  Stopped
 Container redis  Removing
 Container redis  Removed
 Network redis_default  Removing
 Network redis_default  Removed
Processed 7000/10000 updates...
Processed 8000/10000 updates...
Processed 9000/10000 updates...
Processed 0/10000 deletes...
Processed 1000/10000 deletes...
Processed 2000/10000 deletes...
Processed 3000/10000 deletes...
Processed 4000/10000 deletes...
Processed 5000/10000 deletes...
Processed 6000/10000 deletes...
Processed 7000/10000 deletes...
Processed 8000/10000 deletes...
Processed 9000/10000 deletes...
[Redis] docker compose down successfully!!!
2026-08-22 09:21:04,588 - bvb - INFO - Terminating 1 workers
