START 2026-08-20T23:03:40+08:00 cpuset=84-111 command=<remote_artifact> qdrant artificial-corr-12-shuffled <remote_artifact> 84-111
2026-08-20 23:03:42,500 - bvb - INFO - running only qdrant
2026-08-20 23:03:43,029 - bvb - INFO - Order: [Definition(algorithm='qdrant', constructor='Qdrant', module='bigvectorbench.algorithms.qdrant', docker_tag='bigvectorbench-qdrant', arguments=['euclidean', {'M': 64, 'efConstruction': 100}], query_argument_groups=[[100, True], [200, True], [400, True], [800, True], [1600, True]], disabled=False), Definition(algorithm='qdrant', constructor='Qdrant', module='bigvectorbench.algorithms.qdrant', docker_tag='bigvectorbench-qdrant', arguments=['euclidean', {'M': 128, 'efConstruction': 400}], query_argument_groups=[[100, True], [200, True], [400, True], [800, True], [1600, True]], disabled=False), Definition(algorithm='qdrant', constructor='Qdrant', module='bigvectorbench.algorithms.qdrant', docker_tag='bigvectorbench-qdrant', arguments=['euclidean', {'M': 32, 'efConstruction': 100}], query_argument_groups=[[100, True], [200, True], [400, True], [800, True], [1600, True]], disabled=False), Definition(algorithm='qdrant', constructor='Qdrant', module='bigvectorbench.algorithms.qdrant', docker_tag='bigvectorbench-qdrant', arguments=['euclidean', {'M': 64, 'efConstruction': 400}], query_argument_groups=[[100, True], [200, True], [400, True], [800, True], [1600, True]], disabled=False), Definition(algorithm='qdrant', constructor='Qdrant', module='bigvectorbench.algorithms.qdrant', docker_tag='bigvectorbench-qdrant', arguments=['euclidean', {'M': 32, 'efConstruction': 400}], query_argument_groups=[[100, True], [200, True], [400, True], [800, True], [1600, True]], disabled=False)]
 Container qdrant-qdrant-1  Stopping
 Container qdrant-qdrant-1  Stopped
 Container qdrant-qdrant-1  Removing
 Container qdrant-qdrant-1  Removed
 Network qdrant_default  Removing
 Network qdrant_default  Removed
 Network qdrant_default  Creating
 Network qdrant_default  Created
 Container qdrant-qdrant-1  Creating
 Container qdrant-qdrant-1  Created
 Container qdrant-qdrant-1  Starting
 Container qdrant-qdrant-1  Started
Process Process-1:
Traceback (most recent call last):
  File "<remote_artifact>", line 314, in _bootstrap
    self.run()
  File "<remote_artifact>", line 108, in run
    self._target(*self._args, **self._kwargs)
  File "<remote_artifact>", line 152, in run_worker
    run(
  File "<remote_artifact>", line 910, in run
    insert_latencies = run_individual_insert(algo, X_test, X_test_label)
  File "<remote_artifact>", line 410, in run_individual_insert
    algo.insert(x, labels.flatten())
  File "<remote_artifact>", line 388, in insert
    assert len(labels) == self.num_labels
AssertionError
Trying to instantiate bigvectorbench.algorithms.qdrant.Qdrant(['euclidean', {'M': 64, 'efConstruction': 100}])
[Qdrant] docker compose up successfully!!!
[Qdrant] client connected successfully!!!
[Qdrant] collection already exists!!!
[Qdrant] collection deleted successfully!!!
Dataset type: filter-ann
Distance metric: euclidean
Got a train set of size               (991000 * 256) with 1 labels
label names: ['attribute']
label types: ['int32']
filter expression function: def filter_expr(attribute_low, attribute_high): return f'attribute >= {attribute_low} and attribute <= {attribute_high}'
Got 10000 queries
[Qdrant] load data with 1 labels!!!
[Qdrant] collection created successfully!!!
[Qdrant] Start uploading 991000 vectors...
[Qdrant] Uploaded 991000 vectors successfully!!!
[Qdrant] Point count: 991000
[Qdrant] Stored vectors: None
[Qdrant] Indexed vectors: 0
[Qdrant] Collection status: green
Inserted data in 349.0449378490448
Memory usage:  1326896.0
Built index in  16.070697784423828
Index size:  1200504.0
Running query argument group 1 of 5...
Run 1/1...
Warmup round 1/2...
Processed 1000/10000 queries...
Warmup round 2/2...
Processed 2000/10000 queries...
Processed 3000/10000 queries...
Processed 4000/10000 queries...
Processed 5000/10000 queries...
Processed 6000/10000 queries...
Processed 7000/10000 queries...
Processed 8000/10000 queries...
Processed 9000/10000 queries...
Processed 10000/10000 queries...
Processed 11000/10000 queries...
Processed 12000/10000 queries...
Running query argument group 2 of 5...
Run 1/1...
Warmup round 1/2...
Processed 1000/10000 queries...
Warmup round 2/2...
Processed 2000/10000 queries...
Processed 3000/10000 queries...
Processed 4000/10000 queries...
Processed 5000/10000 queries...
Processed 6000/10000 queries...
Processed 7000/10000 queries...
Processed 8000/10000 queries...
Processed 9000/10000 queries...
Processed 10000/10000 queries...
Processed 11000/10000 queries...
Processed 12000/10000 queries...
Running query argument group 3 of 5...
Run 1/1...
Warmup round 1/2...
Processed 1000/10000 queries...
Warmup round 2/2...
Processed 2000/10000 queries...
Processed 3000/10000 queries...
Processed 4000/10000 queries...
Processed 5000/10000 queries...
Processed 6000/10000 queries...
Processed 7000/10000 queries...
Processed 8000/10000 queries...
Processed 9000/10000 queries...
Processed 10000/10000 queries...
Processed 11000/10000 queries...
Processed 12000/10000 queries...
Running query argument group 4 of 5...
Run 1/1...
Warmup round 1/2...
Processed 1000/10000 queries...
Warmup round 2/2...
Processed 2000/10000 queries...
Processed 3000/10000 queries...
Processed 4000/10000 queries...
Processed 5000/10000 queries...
Processed 6000/10000 queries...
Processed 7000/10000 queries...
Processed 8000/10000 queries...
Processed 9000/10000 queries...
Processed 10000/10000 queries...
Processed 11000/10000 queries...
Processed 12000/10000 queries...
Running query argument group 5 of 5...
Run 1/1...
Warmup round 1/2...
Processed 1000/10000 queries...
Warmup round 2/2...
Processed 2000/10000 queries...
Processed 3000/10000 queries...
Processed 4000/10000 queries...
Processed 5000/10000 queries...
Processed 6000/10000 queries...
Processed 7000/10000 queries...
Processed 8000/10000 queries...
Processed 9000/10000 queries...
Processed 10000/10000 queries...
Processed 11000/10000 queries...
Processed 12000/10000 queries...
2026-08-21 02:39:51,020 - bvb - INFO - Terminating 1 workers
incomplete result grid for qdrant artificial-corr-12-shuffled: got 10 expected 25
