START 2026-08-22T09:21:08+08:00 cpuset=28-55 command=<remote_artifact> redis-hnsw artificial-corr-12-shuffled <remote_artifact> 28-55
2026-08-22 09:21:10,766 - bvb - INFO - running only redis-hnsw
2026-08-22 09:21:10,919 - bvb - INFO - Order: [Definition(algorithm='redis-hnsw', constructor='RedisHNSW', module='bigvectorbench.algorithms.redis', docker_tag='bigvectorbench-redis', arguments=['euclidean', 256, {'m': 64, 'ef_construction': 100, 'ef_runtime': 800}], query_argument_groups=[], disabled=False), Definition(algorithm='redis-hnsw', constructor='RedisHNSW', module='bigvectorbench.algorithms.redis', docker_tag='bigvectorbench-redis', arguments=['euclidean', 256, {'m': 64, 'ef_construction': 100, 'ef_runtime': 400}], query_argument_groups=[], disabled=False), Definition(algorithm='redis-hnsw', constructor='RedisHNSW', module='bigvectorbench.algorithms.redis', docker_tag='bigvectorbench-redis', arguments=['euclidean', 256, {'m': 64, 'ef_construction': 100, 'ef_runtime': 1600}], query_argument_groups=[], disabled=False), Definition(algorithm='redis-hnsw', constructor='RedisHNSW', module='bigvectorbench.algorithms.redis', docker_tag='bigvectorbench-redis', arguments=['euclidean', 256, {'m': 32, 'ef_construction': 100, 'ef_runtime': 200}], query_argument_groups=[], disabled=False), Definition(algorithm='redis-hnsw', constructor='RedisHNSW', module='bigvectorbench.algorithms.redis', docker_tag='bigvectorbench-redis', arguments=['euclidean', 256, {'m': 128, 'ef_construction': 400, 'ef_runtime': 200}], query_argument_groups=[], disabled=False), Definition(algorithm='redis-hnsw', constructor='RedisHNSW', module='bigvectorbench.algorithms.redis', docker_tag='bigvectorbench-redis', arguments=['euclidean', 256, {'m': 32, 'ef_construction': 400, 'ef_runtime': 200}], query_argument_groups=[], disabled=False), Definition(algorithm='redis-hnsw', constructor='RedisHNSW', module='bigvectorbench.algorithms.redis', docker_tag='bigvectorbench-redis', arguments=['euclidean', 256, {'m': 64, 'ef_construction': 100, 'ef_runtime': 100}], query_argument_groups=[], disabled=False), Definition(algorithm='redis-hnsw', constructor='RedisHNSW', module='bigvectorbench.algorithms.redis', docker_tag='bigvectorbench-redis', arguments=['euclidean', 256, {'m': 64, 'ef_construction': 400, 'ef_runtime': 200}], query_argument_groups=[], disabled=False), Definition(algorithm='redis-hnsw', constructor='RedisHNSW', module='bigvectorbench.algorithms.redis', docker_tag='bigvectorbench-redis', arguments=['euclidean', 256, {'m': 32, 'ef_construction': 400, 'ef_runtime': 100}], query_argument_groups=[], disabled=False), Definition(algorithm='redis-hnsw', constructor='RedisHNSW', module='bigvectorbench.algorithms.redis', docker_tag='bigvectorbench-redis', arguments=['euclidean', 256, {'m': 32, 'ef_construction': 100, 'ef_runtime': 1600}], query_argument_groups=[], disabled=False), Definition(algorithm='redis-hnsw', constructor='RedisHNSW', module='bigvectorbench.algorithms.redis', docker_tag='bigvectorbench-redis', arguments=['euclidean', 256, {'m': 32, 'ef_construction': 400, 'ef_runtime': 800}], query_argument_groups=[], disabled=False), Definition(algorithm='redis-hnsw', constructor='RedisHNSW', module='bigvectorbench.algorithms.redis', docker_tag='bigvectorbench-redis', arguments=['euclidean', 256, {'m': 64, 'ef_construction': 400, 'ef_runtime': 100}], query_argument_groups=[], disabled=False), Definition(algorithm='redis-hnsw', constructor='RedisHNSW', module='bigvectorbench.algorithms.redis', docker_tag='bigvectorbench-redis', arguments=['euclidean', 256, {'m': 64, 'ef_construction': 400, 'ef_runtime': 800}], query_argument_groups=[], disabled=False), Definition(algorithm='redis-hnsw', constructor='RedisHNSW', module='bigvectorbench.algorithms.redis', docker_tag='bigvectorbench-redis', arguments=['euclidean', 256, {'m': 32, 'ef_construction': 100, 'ef_runtime': 800}], query_argument_groups=[], disabled=False), Definition(algorithm='redis-hnsw', constructor='RedisHNSW', module='bigvectorbench.algorithms.redis', docker_tag='bigvectorbench-redis', arguments=['euclidean', 256, {'m': 64, 'ef_construction': 400, 'ef_runtime': 400}], query_argument_groups=[], disabled=False), Definition(algorithm='redis-hnsw', constructor='RedisHNSW', module='bigvectorbench.algorithms.redis', docker_tag='bigvectorbench-redis', arguments=['euclidean', 256, {'m': 128, 'ef_construction': 400, 'ef_runtime': 1600}], query_argument_groups=[], disabled=False), Definition(algorithm='redis-hnsw', constructor='RedisHNSW', module='bigvectorbench.algorithms.redis', docker_tag='bigvectorbench-redis', arguments=['euclidean', 256, {'m': 128, 'ef_construction': 400, 'ef_runtime': 800}], query_argument_groups=[], disabled=False), Definition(algorithm='redis-hnsw', constructor='RedisHNSW', module='bigvectorbench.algorithms.redis', docker_tag='bigvectorbench-redis', arguments=['euclidean', 256, {'m': 128, 'ef_construction': 400, 'ef_runtime': 400}], query_argument_groups=[], disabled=False), Definition(algorithm='redis-hnsw', constructor='RedisHNSW', module='bigvectorbench.algorithms.redis', docker_tag='bigvectorbench-redis', arguments=['euclidean', 256, {'m': 32, 'ef_construction': 100, 'ef_runtime': 100}], query_argument_groups=[], disabled=False), Definition(algorithm='redis-hnsw', constructor='RedisHNSW', module='bigvectorbench.algorithms.redis', docker_tag='bigvectorbench-redis', arguments=['euclidean', 256, {'m': 64, 'ef_construction': 100, 'ef_runtime': 200}], query_argument_groups=[], disabled=False), Definition(algorithm='redis-hnsw', constructor='RedisHNSW', module='bigvectorbench.algorithms.redis', docker_tag='bigvectorbench-redis', arguments=['euclidean', 256, {'m': 32, 'ef_construction': 400, 'ef_runtime': 1600}], query_argument_groups=[], disabled=False), Definition(algorithm='redis-hnsw', constructor='RedisHNSW', module='bigvectorbench.algorithms.redis', docker_tag='bigvectorbench-redis', arguments=['euclidean', 256, {'m': 128, 'ef_construction': 400, 'ef_runtime': 100}], query_argument_groups=[], disabled=False), Definition(algorithm='redis-hnsw', constructor='RedisHNSW', module='bigvectorbench.algorithms.redis', docker_tag='bigvectorbench-redis', arguments=['euclidean', 256, {'m': 32, 'ef_construction': 100, 'ef_runtime': 400}], query_argument_groups=[], disabled=False), Definition(algorithm='redis-hnsw', constructor='RedisHNSW', module='bigvectorbench.algorithms.redis', docker_tag='bigvectorbench-redis', arguments=['euclidean', 256, {'m': 64, 'ef_construction': 400, 'ef_runtime': 1600}], query_argument_groups=[], disabled=False), Definition(algorithm='redis-hnsw', constructor='RedisHNSW', module='bigvectorbench.algorithms.redis', docker_tag='bigvectorbench-redis', arguments=['euclidean', 256, {'m': 32, 'ef_construction': 400, 'ef_runtime': 400}], query_argument_groups=[], disabled=False)]
 Network redis_default  Creating
 Network redis_default  Created
 Container redis  Creating
 Container redis  Created
 Container redis  Starting
 Container redis  Started
 Container redis  Stopping
 Container redis  Stopped
 Container redis  Removing
 Container redis  Removed
 Network redis_default  Removing
 Network redis_default  Removed
 Network redis_default  Creating
 Network redis_default  Created
 Container redis  Creating
 Container redis  Created
 Container redis  Starting
 Container redis  Started
 Container redis  Stopping
 Container redis  Stopped
 Container redis  Removing
 Container redis  Removed
 Network redis_default  Removing
 Network redis_default  Removed
 Network redis_default  Creating
 Network redis_default  Created
 Container redis  Creating
 Container redis  Created
 Container redis  Starting
 Container redis  Started
 Container redis  Stopping
 Container redis  Stopped
 Container redis  Removing
 Container redis  Removed
 Network redis_default  Removing
 Network redis_default  Removed
 Network redis_default  Creating
 Network redis_default  Created
 Container redis  Creating
 Container redis  Created
 Container redis  Starting
 Container redis  Started
Trying to instantiate bigvectorbench.algorithms.redis.RedisHNSW(['euclidean', 256, {'m': 64, 'ef_construction': 100, 'ef_runtime': 800}])
[Redis] docker compose up successfully!!!
[Redis] client connected successfully!!!
Dataset type: filter-ann
Distance metric: euclidean
Got a train set of size               (991000 * 256) with 1 labels
label names: ['attribute']
label types: ['int32']
filter expression function: def filter_expr(attribute_low, attribute_high): return f'attribute >= {attribute_low} and attribute <= {attribute_high}'
Got 10000 queries
[Redis] load data with 1 labels!!!
[Redis] create schema successfully!!!
[Redis] Start uploading 991000 vectors...
[Redis] Uploaded 991000 vectors successfully!!!
Inserted data in 746.5699610710144
Memory usage:  1814232.0
Built index in  16.0599627494812
Index size:  3172.0
Running query argument group 1 of 1...
Run 1/1...
Warmup round 1/2...
Processed 1000/10000 queries...
Warmup round 2/2...
Processed 2000/10000 queries...
Processed 3000/10000 queries...
Processed 4000/10000 queries...
Processed 5000/10000 queries...
Processed 6000/10000 queries...
Processed 7000/10000 queries...
Processed 8000/10000 queries...
Processed 9000/10000 queries...
Processed 10000/10000 queries...
Processed 11000/10000 queries...
Processed 12000/10000 queries...
Processed 0/10000 inserts...
Processed 1000/10000 inserts...
Processed 2000/10000 inserts...
Processed 3000/10000 inserts...
Processed 4000/10000 inserts...
Processed 5000/10000 inserts...
Processed 6000/10000 inserts...
Processed 7000/10000 inserts...
Processed 8000/10000 inserts...
Processed 9000/10000 inserts...
Processed 0/10000 updates...
Processed 1000/10000 updates...
Processed 2000/10000 updates...
Processed 3000/10000 updates...
Processed 4000/10000 updates...
Processed 5000/10000 updates...
Processed 6000/10000 updates...
Processed 7000/10000 updates...
Processed 8000/10000 updates...
Processed 9000/10000 updates...
Processed 0/10000 deletes...
Processed 1000/10000 deletes...
Processed 2000/10000 deletes...
Processed 3000/10000 deletes...
Processed 4000/10000 deletes...
Processed 5000/10000 deletes...
Processed 6000/10000 deletes...
Processed 7000/10000 deletes...
Processed 8000/10000 deletes...
Processed 9000/10000 deletes...
[Redis] docker compose down successfully!!!
Trying to instantiate bigvectorbench.algorithms.redis.RedisHNSW(['euclidean', 256, {'m': 64, 'ef_construction': 100, 'ef_runtime': 400}])
[Redis] docker compose up successfully!!!
[Redis] client connected successfully!!!
Dataset type: filter-ann
Distance metric: euclidean
Got a train set of size               (991000 * 256) with 1 labels
label names: ['attribute']
label types: ['int32']
filter expression function: def filter_expr(attribute_low, attribute_high): return f'attribute >= {attribute_low} and attribute <= {attribute_high}'
Got 10000 queries
[Redis] load data with 1 labels!!!
[Redis] create schema successfully!!!
[Redis] Start uploading 991000 vectors...
[Redis] Uploaded 991000 vectors successfully!!!
Inserted data in 852.7081167697906
Memory usage:  3682408.0
Built index in  16.06061291694641
Index size:  1300.0
Running query argument group 1 of 1...
Run 1/1...
Warmup round 1/2...
Processed 1000/10000 queries...
Warmup round 2/2...
Processed 2000/10000 queries...
Processed 3000/10000 queries...
Processed 4000/10000 queries...
Processed 5000/10000 queries...
Processed 6000/10000 queries...
Processed 7000/10000 queries...
Processed 8000/10000 queries...
Processed 9000/10000 queries...
Processed 10000/10000 queries...
Processed 11000/10000 queries...
Processed 12000/10000 queries...
Processed 0/10000 inserts...
Processed 1000/10000 inserts...
Processed 2000/10000 inserts...
Processed 3000/10000 inserts...
Processed 4000/10000 inserts...
Processed 5000/10000 inserts...
Processed 6000/10000 inserts...
Processed 7000/10000 inserts...
Processed 8000/10000 inserts...
Processed 9000/10000 inserts...
Processed 0/10000 updates...
Processed 1000/10000 updates...
Processed 2000/10000 updates...
Processed 3000/10000 updates...
Processed 4000/10000 updates...
Processed 5000/10000 updates...
Processed 6000/10000 updates...
Processed 7000/10000 updates...
Processed 8000/10000 updates...
Processed 9000/10000 updates...
Processed 0/10000 deletes...
Processed 1000/10000 deletes...
Processed 2000/10000 deletes...
Processed 3000/10000 deletes...
Processed 4000/10000 deletes...
Processed 5000/10000 deletes...
Processed 6000/10000 deletes...
Processed 7000/10000 deletes...
Processed 8000/10000 deletes...
Processed 9000/10000 deletes...
[Redis] docker compose down successfully!!!
Trying to instantiate bigvectorbench.algorithms.redis.RedisHNSW(['euclidean', 256, {'m': 64, 'ef_construction': 100, 'ef_runtime': 1600}])
[Redis] docker compose up successfully!!!
[Redis] client connected successfully!!!
Dataset type: filter-ann
Distance metric: euclidean
Got a train set of size               (991000 * 256) with 1 labels
label names: ['attribute']
label types: ['int32']
filter expression function: def filter_expr(attribute_low, attribute_high): return f'attribute >= {attribute_low} and attribute <= {attribute_high}'
Got 10000 queries
[Redis] load data with 1 labels!!!
[Redis] create schema successfully!!!
[Redis] Start uploading 991000 vectors...
[Redis] Uploaded 991000 vectors successfully!!!
Inserted data in 782.5789394378662
Memory usage:  3657320.0
Built index in  16.063594818115234
Index size:  152.0
Running query argument group 1 of 1...
Run 1/1...
Warmup round 1/2...
Processed 1000/10000 queries...
Warmup round 2/2...
Processed 2000/10000 queries...
Processed 3000/10000 queries...
Processed 4000/10000 queries...
Processed 5000/10000 queries...
Processed 6000/10000 queries...
Processed 7000/10000 queries...
Processed 8000/10000 queries...
Processed 9000/10000 queries...
Processed 10000/10000 queries...
Processed 11000/10000 queries...
Processed 12000/10000 queries...
Processed 0/10000 inserts...
Processed 1000/10000 inserts...
Processed 2000/10000 inserts...
Processed 3000/10000 inserts...
Processed 4000/10000 inserts...
Processed 5000/10000 inserts...
Processed 6000/10000 inserts...
Processed 7000/10000 inserts...
Processed 8000/10000 inserts...
Processed 9000/10000 inserts...
Processed 0/10000 updates...
Processed 1000/10000 updates...
Processed 2000/10000 updates...
Processed 3000/10000 updates...
Processed 4000/10000 updates...
Processed 5000/10000 updates...
Processed 6000/10000 updates...
Processed 7000/10000 updates...
Processed 8000/10000 updates...
Processed 9000/10000 updates...
Processed 0/10000 deletes...
Processed 1000/10000 deletes...
Processed 2000/10000 deletes...
Processed 3000/10000 deletes...
Processed 4000/10000 deletes...
Processed 5000/10000 deletes...
Processed 6000/10000 deletes...
Processed 7000/10000 deletes...
Processed 8000/10000 deletes...
Processed 9000/10000 deletes...
[Redis] docker compose down successfully!!!
Trying to instantiate bigvectorbench.algorithms.redis.RedisHNSW(['euclidean', 256, {'m': 32, 'ef_construction': 100, 'ef_runtime': 200}])
[Redis] docker compose up successfully!!!
[Redis] client connected successfully!!!
Dataset type: filter-ann
Distance metric: euclidean
Got a train set of size               (991000 * 256) with 1 labels
label names: ['attribute']
label types: ['int32']
filter expression function: def filter_expr(attribute_low, attribute_high): return f'attribute >= {attribute_low} and attribute <= {attribute_high}'
Got 10000 queries
[Redis] load data with 1 labels!!!
[Redis] create schema successfully!!!
[Redis] Start uploading 991000 vectors...
[Redis] Uploaded 991000 vectors successfully!!!
Inserted data in 774.7002630233765
Memory usage:  3462584.0
Built index in  16.064462661743164
Index size:  1616.0
Running query argument group 1 of 1...
Run 1/1...
Warmup round 1/2...
Processed 1000/10000 queries...
Warmup round 2/2...
Processed 2000/10000 queries...
Processed 3000/10000 queries...
Processed 4000/10000 queries...
Processed 5000/10000 queries...
Processed 6000/10000 queries...
Processed 7000/10000 queries...
Processed 8000/10000 queries...
Processed 9000/10000 queries...
Processed 10000/10000 queries...
 Container redis  Stopping
 Container redis  Stopped
 Container redis  Removing
 Container redis  Removed
 Network redis_default  Removing
 Network redis_default  Removed
 Network redis_default  Creating
 Network redis_default  Created
 Container redis  Creating
 Container redis  Created
 Container redis  Starting
 Container redis  Started
 Container redis  Stopping
 Container redis  Stopped
 Container redis  Removing
 Container redis  Removed
 Network redis_default  Removing
 Network redis_default  Removed
 Network redis_default  Creating
 Network redis_default  Created
 Container redis  Creating
 Container redis  Created
 Container redis  Starting
 Container redis  Started
 Container redis  Stopping
 Container redis  Stopped
 Container redis  Removing
 Container redis  Removed
 Network redis_default  Removing
 Network redis_default  Removed
 Network redis_default  Creating
 Network redis_default  Created
 Container redis  Creating
 Container redis  Created
 Container redis  Starting
 Container redis  Started
 Container redis  Stopping
 Container redis  Stopped
 Container redis  Removing
 Container redis  Removed
 Network redis_default  Removing
 Network redis_default  Removed
 Network redis_default  Creating
 Network redis_default  Created
 Container redis  Creating
 Container redis  Created
 Container redis  Starting
 Container redis  Started
Processed 11000/10000 queries...
Processed 12000/10000 queries...
Processed 0/10000 inserts...
Processed 1000/10000 inserts...
Processed 2000/10000 inserts...
Processed 3000/10000 inserts...
Processed 4000/10000 inserts...
Processed 5000/10000 inserts...
Processed 6000/10000 inserts...
Processed 7000/10000 inserts...
Processed 8000/10000 inserts...
Processed 9000/10000 inserts...
Processed 0/10000 updates...
Processed 1000/10000 updates...
Processed 2000/10000 updates...
Processed 3000/10000 updates...
Processed 4000/10000 updates...
Processed 5000/10000 updates...
Processed 6000/10000 updates...
Processed 7000/10000 updates...
Processed 8000/10000 updates...
Processed 9000/10000 updates...
Processed 0/10000 deletes...
Processed 1000/10000 deletes...
Processed 2000/10000 deletes...
Processed 3000/10000 deletes...
Processed 4000/10000 deletes...
Processed 5000/10000 deletes...
Processed 6000/10000 deletes...
Processed 7000/10000 deletes...
Processed 8000/10000 deletes...
Processed 9000/10000 deletes...
[Redis] docker compose down successfully!!!
Trying to instantiate bigvectorbench.algorithms.redis.RedisHNSW(['euclidean', 256, {'m': 128, 'ef_construction': 400, 'ef_runtime': 200}])
[Redis] docker compose up successfully!!!
[Redis] client connected successfully!!!
Dataset type: filter-ann
Distance metric: euclidean
Got a train set of size               (991000 * 256) with 1 labels
label names: ['attribute']
label types: ['int32']
filter expression function: def filter_expr(attribute_low, attribute_high): return f'attribute >= {attribute_low} and attribute <= {attribute_high}'
Got 10000 queries
[Redis] load data with 1 labels!!!
[Redis] create schema successfully!!!
[Redis] Start uploading 991000 vectors...
[Redis] Uploaded 991000 vectors successfully!!!
Inserted data in 2997.3127257823944
Memory usage:  4208876.0
Built index in  16.05717658996582
Index size:  -320.0
Running query argument group 1 of 1...
Run 1/1...
Warmup round 1/2...
Processed 1000/10000 queries...
Warmup round 2/2...
Processed 2000/10000 queries...
Processed 3000/10000 queries...
Processed 4000/10000 queries...
Processed 5000/10000 queries...
Processed 6000/10000 queries...
Processed 7000/10000 queries...
Processed 8000/10000 queries...
Processed 9000/10000 queries...
Processed 10000/10000 queries...
Processed 11000/10000 queries...
Processed 12000/10000 queries...
Processed 0/10000 inserts...
Processed 1000/10000 inserts...
Processed 2000/10000 inserts...
Processed 3000/10000 inserts...
Processed 4000/10000 inserts...
Processed 5000/10000 inserts...
Processed 6000/10000 inserts...
Processed 7000/10000 inserts...
Processed 8000/10000 inserts...
Processed 9000/10000 inserts...
Processed 0/10000 updates...
Processed 1000/10000 updates...
Processed 2000/10000 updates...
Processed 3000/10000 updates...
Processed 4000/10000 updates...
Processed 5000/10000 updates...
Processed 6000/10000 updates...
Processed 7000/10000 updates...
Processed 8000/10000 updates...
Processed 9000/10000 updates...
Processed 0/10000 deletes...
Processed 1000/10000 deletes...
Processed 2000/10000 deletes...
Processed 3000/10000 deletes...
Processed 4000/10000 deletes...
Processed 5000/10000 deletes...
Processed 6000/10000 deletes...
Processed 7000/10000 deletes...
Processed 8000/10000 deletes...
Processed 9000/10000 deletes...
[Redis] docker compose down successfully!!!
Trying to instantiate bigvectorbench.algorithms.redis.RedisHNSW(['euclidean', 256, {'m': 32, 'ef_construction': 400, 'ef_runtime': 200}])
[Redis] docker compose up successfully!!!
[Redis] client connected successfully!!!
Dataset type: filter-ann
Distance metric: euclidean
Got a train set of size               (991000 * 256) with 1 labels
label names: ['attribute']
label types: ['int32']
filter expression function: def filter_expr(attribute_low, attribute_high): return f'attribute >= {attribute_low} and attribute <= {attribute_high}'
Got 10000 queries
[Redis] load data with 1 labels!!!
[Redis] create schema successfully!!!
[Redis] Start uploading 991000 vectors...
[Redis] Uploaded 991000 vectors successfully!!!
Inserted data in 1669.6632645130157
Memory usage:  3404712.0
Built index in  16.07166051864624
Index size:  -1040.0
Running query argument group 1 of 1...
Run 1/1...
Warmup round 1/2...
Processed 1000/10000 queries...
Warmup round 2/2...
Processed 2000/10000 queries...
Processed 3000/10000 queries...
Processed 4000/10000 queries...
Processed 5000/10000 queries...
Processed 6000/10000 queries...
Processed 7000/10000 queries...
Processed 8000/10000 queries...
Processed 9000/10000 queries...
Processed 10000/10000 queries...
Processed 11000/10000 queries...
Processed 12000/10000 queries...
Processed 0/10000 inserts...
Processed 1000/10000 inserts...
Processed 2000/10000 inserts...
Processed 3000/10000 inserts...
Processed 4000/10000 inserts...
Processed 5000/10000 inserts...
Processed 6000/10000 inserts...
Processed 7000/10000 inserts...
Processed 8000/10000 inserts...
Processed 9000/10000 inserts...
Processed 0/10000 updates...
Processed 1000/10000 updates...
Processed 2000/10000 updates...
Processed 3000/10000 updates...
Processed 4000/10000 updates...
Processed 5000/10000 updates...
Processed 6000/10000 updates...
Processed 7000/10000 updates...
Processed 8000/10000 updates...
Processed 9000/10000 updates...
Processed 0/10000 deletes...
Processed 1000/10000 deletes...
Processed 2000/10000 deletes...
Processed 3000/10000 deletes...
Processed 4000/10000 deletes...
Processed 5000/10000 deletes...
Processed 6000/10000 deletes...
Processed 7000/10000 deletes...
Processed 8000/10000 deletes...
Processed 9000/10000 deletes...
[Redis] docker compose down successfully!!!
Trying to instantiate bigvectorbench.algorithms.redis.RedisHNSW(['euclidean', 256, {'m': 64, 'ef_construction': 100, 'ef_runtime': 100}])
[Redis] docker compose up successfully!!!
[Redis] client connected successfully!!!
Dataset type: filter-ann
Distance metric: euclidean
Got a train set of size               (991000 * 256) with 1 labels
label names: ['attribute']
label types: ['int32']
filter expression function: def filter_expr(attribute_low, attribute_high): return f'attribute >= {attribute_low} and attribute <= {attribute_high}'
Got 10000 queries
[Redis] load data with 1 labels!!!
[Redis] create schema successfully!!!
[Redis] Start uploading 991000 vectors...
[Redis] Uploaded 991000 vectors successfully!!!
Inserted data in 549.4645209312439
Memory usage:  -2266348.0
Built index in  14.05654764175415
Index size:  2092.0
Running query argument group 1 of 1...
Run 1/1...
Warmup round 1/2...
Processed 1000/10000 queries...
Warmup round 2/2...
Processed 2000/10000 queries...
Processed 3000/10000 queries...
Processed 4000/10000 queries...
Processed 5000/10000 queries...
Processed 6000/10000 queries...
Processed 7000/10000 queries...
Processed 8000/10000 queries...
Processed 9000/10000 queries...
Processed 10000/10000 queries...
Processed 11000/10000 queries...
Processed 12000/10000 queries...
Processed 0/10000 inserts...
Processed 1000/10000 inserts...
Processed 2000/10000 inserts...
Processed 3000/10000 inserts...
Processed 4000/10000 inserts...
Processed 5000/10000 inserts...
Processed 6000/10000 inserts...
Processed 7000/10000 inserts...
Processed 8000/10000 inserts...
Processed 9000/10000 inserts...
Processed 0/10000 updates...
Processed 1000/10000 updates...
Processed 2000/10000 updates...
Processed 3000/10000 updates...
Processed 4000/10000 updates...
Processed 5000/10000 updates...
Processed 6000/10000 updates...
Processed 7000/10000 updates...
Processed 8000/10000 updates...
Processed 9000/10000 updates...
Processed 0/10000 deletes...
Processed 1000/10000 deletes...
Processed 2000/10000 deletes...
Processed 3000/10000 deletes...
Processed 4000/10000 deletes...
Processed 5000/10000 deletes...
Processed 6000/10000 deletes...
Processed 7000/10000 deletes...
Processed 8000/10000 deletes...
Processed 9000/10000 deletes...
[Redis] docker compose down successfully!!!
Trying to instantiate bigvectorbench.algorithms.redis.RedisHNSW(['euclidean', 256, {'m': 64, 'ef_construction': 400, 'ef_runtime': 200}])
[Redis] docker compose up successfully!!!
 Container redis  Stopping
 Container redis  Stopped
 Container redis  Removing
 Container redis  Removed
 Network redis_default  Removing
 Network redis_default  Removed
 Network redis_default  Creating
 Network redis_default  Created
 Container redis  Creating
 Container redis  Created
 Container redis  Starting
 Container redis  Started
 Container redis  Stopping
 Container redis  Stopped
 Container redis  Removing
 Container redis  Removed
 Network redis_default  Removing
 Network redis_default  Removed
 Network redis_default  Creating
 Network redis_default  Created
 Container redis  Creating
 Container redis  Created
 Container redis  Starting
 Container redis  Started
 Container redis  Stopping
 Container redis  Stopped
 Container redis  Removing
 Container redis  Removed
 Network redis_default  Removing
 Network redis_default  Removed
 Network redis_default  Creating
 Network redis_default  Created
 Container redis  Creating
 Container redis  Created
 Container redis  Starting
 Container redis  Started
[Redis] client connected successfully!!!
Dataset type: filter-ann
Distance metric: euclidean
Got a train set of size               (991000 * 256) with 1 labels
label names: ['attribute']
label types: ['int32']
filter expression function: def filter_expr(attribute_low, attribute_high): return f'attribute >= {attribute_low} and attribute <= {attribute_high}'
Got 10000 queries
[Redis] load data with 1 labels!!!
[Redis] create schema successfully!!!
[Redis] Start uploading 991000 vectors...
[Redis] Uploaded 991000 vectors successfully!!!
Inserted data in 1987.732375383377
Memory usage:  3806364.0
Built index in  16.06406259536743
Index size:  4588.0
Running query argument group 1 of 1...
Run 1/1...
Warmup round 1/2...
Processed 1000/10000 queries...
Warmup round 2/2...
Processed 2000/10000 queries...
Processed 3000/10000 queries...
Processed 4000/10000 queries...
Processed 5000/10000 queries...
Processed 6000/10000 queries...
Processed 7000/10000 queries...
Processed 8000/10000 queries...
Processed 9000/10000 queries...
Processed 10000/10000 queries...
Processed 11000/10000 queries...
Processed 12000/10000 queries...
Processed 0/10000 inserts...
Processed 1000/10000 inserts...
Processed 2000/10000 inserts...
Processed 3000/10000 inserts...
Processed 4000/10000 inserts...
Processed 5000/10000 inserts...
Processed 6000/10000 inserts...
Processed 7000/10000 inserts...
Processed 8000/10000 inserts...
Processed 9000/10000 inserts...
Processed 0/10000 updates...
Processed 1000/10000 updates...
Processed 2000/10000 updates...
Processed 3000/10000 updates...
Processed 4000/10000 updates...
Processed 5000/10000 updates...
Processed 6000/10000 updates...
Processed 7000/10000 updates...
Processed 8000/10000 updates...
Processed 9000/10000 updates...
Processed 0/10000 deletes...
Processed 1000/10000 deletes...
Processed 2000/10000 deletes...
Processed 3000/10000 deletes...
Processed 4000/10000 deletes...
Processed 5000/10000 deletes...
Processed 6000/10000 deletes...
Processed 7000/10000 deletes...
Processed 8000/10000 deletes...
Processed 9000/10000 deletes...
[Redis] docker compose down successfully!!!
Trying to instantiate bigvectorbench.algorithms.redis.RedisHNSW(['euclidean', 256, {'m': 32, 'ef_construction': 400, 'ef_runtime': 100}])
[Redis] docker compose up successfully!!!
[Redis] client connected successfully!!!
Dataset type: filter-ann
Distance metric: euclidean
Got a train set of size               (991000 * 256) with 1 labels
label names: ['attribute']
label types: ['int32']
filter expression function: def filter_expr(attribute_low, attribute_high): return f'attribute >= {attribute_low} and attribute <= {attribute_high}'
Got 10000 queries
[Redis] load data with 1 labels!!!
[Redis] create schema successfully!!!
[Redis] Start uploading 991000 vectors...
[Redis] Uploaded 991000 vectors successfully!!!
Inserted data in 1736.8914167881012
Memory usage:  3556288.0
Built index in  16.067782163619995
Index size:  4264.0
Running query argument group 1 of 1...
Run 1/1...
Warmup round 1/2...
Processed 1000/10000 queries...
Warmup round 2/2...
Processed 2000/10000 queries...
Processed 3000/10000 queries...
Processed 4000/10000 queries...
Processed 5000/10000 queries...
Processed 6000/10000 queries...
Processed 7000/10000 queries...
Processed 8000/10000 queries...
Processed 9000/10000 queries...
Processed 10000/10000 queries...
Processed 11000/10000 queries...
Processed 12000/10000 queries...
Processed 0/10000 inserts...
Processed 1000/10000 inserts...
Processed 2000/10000 inserts...
Processed 3000/10000 inserts...
Processed 4000/10000 inserts...
Processed 5000/10000 inserts...
Processed 6000/10000 inserts...
Processed 7000/10000 inserts...
Processed 8000/10000 inserts...
Processed 9000/10000 inserts...
Processed 0/10000 updates...
Processed 1000/10000 updates...
Processed 2000/10000 updates...
Processed 3000/10000 updates...
Processed 4000/10000 updates...
Processed 5000/10000 updates...
Processed 6000/10000 updates...
Processed 7000/10000 updates...
Processed 8000/10000 updates...
Processed 9000/10000 updates...
Processed 0/10000 deletes...
Processed 1000/10000 deletes...
Processed 2000/10000 deletes...
Processed 3000/10000 deletes...
Processed 4000/10000 deletes...
Processed 5000/10000 deletes...
Processed 6000/10000 deletes...
Processed 7000/10000 deletes...
Processed 8000/10000 deletes...
Processed 9000/10000 deletes...
[Redis] docker compose down successfully!!!
Trying to instantiate bigvectorbench.algorithms.redis.RedisHNSW(['euclidean', 256, {'m': 32, 'ef_construction': 100, 'ef_runtime': 1600}])
[Redis] docker compose up successfully!!!
[Redis] client connected successfully!!!
Dataset type: filter-ann
Distance metric: euclidean
Got a train set of size               (991000 * 256) with 1 labels
label names: ['attribute']
label types: ['int32']
filter expression function: def filter_expr(attribute_low, attribute_high): return f'attribute >= {attribute_low} and attribute <= {attribute_high}'
Got 10000 queries
[Redis] load data with 1 labels!!!
[Redis] create schema successfully!!!
[Redis] Start uploading 991000 vectors...
[Redis] Uploaded 991000 vectors successfully!!!
Inserted data in 510.4341812133789
Memory usage:  3400588.0
Built index in  16.066053867340088
Index size:  -2088.0
Running query argument group 1 of 1...
Run 1/1...
Warmup round 1/2...
Processed 1000/10000 queries...
Warmup round 2/2...
Processed 2000/10000 queries...
Processed 3000/10000 queries...
Processed 4000/10000 queries...
Processed 5000/10000 queries...
Processed 6000/10000 queries...
Processed 7000/10000 queries...
Processed 8000/10000 queries...
Processed 9000/10000 queries...
Processed 10000/10000 queries...
Processed 11000/10000 queries...
Processed 12000/10000 queries...
Processed 0/10000 inserts...
Processed 1000/10000 inserts...
Processed 2000/10000 inserts...
Processed 3000/10000 inserts...
Processed 4000/10000 inserts...
Processed 5000/10000 inserts...
Processed 6000/10000 inserts...
Processed 7000/10000 inserts...
Processed 8000/10000 inserts...
Processed 9000/10000 inserts...
Processed 0/10000 updates...
Processed 1000/10000 updates...
Processed 2000/10000 updates...
Processed 3000/10000 updates...
Processed 4000/10000 updates...
Processed 5000/10000 updates...
Processed 6000/10000 updates...
Processed 7000/10000 updates...
Processed 8000/10000 updates...
Processed 9000/10000 updates...
Processed 0/10000 deletes...
Processed 1000/10000 deletes...
Processed 2000/10000 deletes...
Processed 3000/10000 deletes...
Processed 4000/10000 deletes...
Processed 5000/10000 deletes...
Processed 6000/10000 deletes...
Processed 7000/10000 deletes...
Processed 8000/10000 deletes...
Processed 9000/10000 deletes...
[Redis] docker compose down successfully!!!
Trying to instantiate bigvectorbench.algorithms.redis.RedisHNSW(['euclidean', 256, {'m': 32, 'ef_construction': 400, 'ef_runtime': 800}])
[Redis] docker compose up successfully!!!
[Redis] client connected successfully!!!
Dataset type: filter-ann
Distance metric: euclidean
Got a train set of size               (991000 * 256) with 1 labels
label names: ['attribute']
label types: ['int32']
filter expression function: def filter_expr(attribute_low, attribute_high): return f'attribute >= {attribute_low} and attribute <= {attribute_high}'
Got 10000 queries
[Redis] load data with 1 labels!!!
[Redis] create schema successfully!!!
[Redis] Start uploading 991000 vectors...
[Redis] Uploaded 991000 vectors successfully!!!
Inserted data in 1733.947392463684
Memory usage:  3532704.0
Built index in  16.064509868621826
Index size:  864.0
Running query argument group 1 of 1...
Run 1/1...
Warmup round 1/2...
Processed 1000/10000 queries...
Warmup round 2/2...
Processed 2000/10000 queries...
Processed 3000/10000 queries...
Processed 4000/10000 queries...
Processed 5000/10000 queries...
Processed 6000/10000 queries...
Processed 7000/10000 queries...
Processed 8000/10000 queries...
Processed 9000/10000 queries...
Processed 10000/10000 queries...
Processed 11000/10000 queries...
Processed 12000/10000 queries...
Processed 0/10000 inserts...
Processed 1000/10000 inserts...
Processed 2000/10000 inserts...
Processed 3000/10000 inserts...
 Container redis  Stopping
 Container redis  Stopped
 Container redis  Removing
 Container redis  Removed
 Network redis_default  Removing
 Network redis_default  Removed
 Network redis_default  Creating
 Network redis_default  Created
 Container redis  Creating
 Container redis  Created
 Container redis  Starting
 Container redis  Started
 Container redis  Stopping
 Container redis  Stopped
 Container redis  Removing
 Container redis  Removed
 Network redis_default  Removing
 Network redis_default  Removed
 Network redis_default  Creating
 Network redis_default  Created
 Container redis  Creating
 Container redis  Created
 Container redis  Starting
 Container redis  Started
 Container redis  Stopping
 Container redis  Stopped
 Container redis  Removing
 Container redis  Removed
 Network redis_default  Removing
 Network redis_default  Removed
 Network redis_default  Creating
 Network redis_default  Created
 Container redis  Creating
 Container redis  Created
 Container redis  Starting
 Container redis  Started
 Container redis  Stopping
 Container redis  Stopped
 Container redis  Removing
 Container redis  Removed
 Network redis_default  Removing
 Network redis_default  Removed
 Network redis_default  Creating
 Network redis_default  Created
 Container redis  Creating
 Container redis  Created
 Container redis  Starting
 Container redis  Started
Processed 4000/10000 inserts...
Processed 5000/10000 inserts...
Processed 6000/10000 inserts...
Processed 7000/10000 inserts...
Processed 8000/10000 inserts...
Processed 9000/10000 inserts...
Processed 0/10000 updates...
Processed 1000/10000 updates...
Processed 2000/10000 updates...
Processed 3000/10000 updates...
Processed 4000/10000 updates...
Processed 5000/10000 updates...
Processed 6000/10000 updates...
Processed 7000/10000 updates...
Processed 8000/10000 updates...
Processed 9000/10000 updates...
Processed 0/10000 deletes...
Processed 1000/10000 deletes...
Processed 2000/10000 deletes...
Processed 3000/10000 deletes...
Processed 4000/10000 deletes...
Processed 5000/10000 deletes...
Processed 6000/10000 deletes...
Processed 7000/10000 deletes...
Processed 8000/10000 deletes...
Processed 9000/10000 deletes...
[Redis] docker compose down successfully!!!
Trying to instantiate bigvectorbench.algorithms.redis.RedisHNSW(['euclidean', 256, {'m': 64, 'ef_construction': 400, 'ef_runtime': 100}])
[Redis] docker compose up successfully!!!
[Redis] client connected successfully!!!
Dataset type: filter-ann
Distance metric: euclidean
Got a train set of size               (991000 * 256) with 1 labels
label names: ['attribute']
label types: ['int32']
filter expression function: def filter_expr(attribute_low, attribute_high): return f'attribute >= {attribute_low} and attribute <= {attribute_high}'
Got 10000 queries
[Redis] load data with 1 labels!!!
[Redis] create schema successfully!!!
[Redis] Start uploading 991000 vectors...
[Redis] Uploaded 991000 vectors successfully!!!
Inserted data in 1982.3262295722961
Memory usage:  3602664.0
Built index in  16.064714193344116
Index size:  4300.0
Running query argument group 1 of 1...
Run 1/1...
Warmup round 1/2...
Processed 1000/10000 queries...
Warmup round 2/2...
Processed 2000/10000 queries...
Processed 3000/10000 queries...
Processed 4000/10000 queries...
Processed 5000/10000 queries...
Processed 6000/10000 queries...
Processed 7000/10000 queries...
Processed 8000/10000 queries...
Processed 9000/10000 queries...
Processed 10000/10000 queries...
Processed 11000/10000 queries...
Processed 12000/10000 queries...
Processed 0/10000 inserts...
Processed 1000/10000 inserts...
Processed 2000/10000 inserts...
Processed 3000/10000 inserts...
Processed 4000/10000 inserts...
Processed 5000/10000 inserts...
Processed 6000/10000 inserts...
Processed 7000/10000 inserts...
Processed 8000/10000 inserts...
Processed 9000/10000 inserts...
Processed 0/10000 updates...
Processed 1000/10000 updates...
Processed 2000/10000 updates...
Processed 3000/10000 updates...
Processed 4000/10000 updates...
Processed 5000/10000 updates...
Processed 6000/10000 updates...
Processed 7000/10000 updates...
Processed 8000/10000 updates...
Processed 9000/10000 updates...
Processed 0/10000 deletes...
Processed 1000/10000 deletes...
Processed 2000/10000 deletes...
Processed 3000/10000 deletes...
Processed 4000/10000 deletes...
Processed 5000/10000 deletes...
Processed 6000/10000 deletes...
Processed 7000/10000 deletes...
Processed 8000/10000 deletes...
Processed 9000/10000 deletes...
[Redis] docker compose down successfully!!!
Trying to instantiate bigvectorbench.algorithms.redis.RedisHNSW(['euclidean', 256, {'m': 64, 'ef_construction': 400, 'ef_runtime': 800}])
[Redis] docker compose up successfully!!!
[Redis] client connected successfully!!!
Dataset type: filter-ann
Distance metric: euclidean
Got a train set of size               (991000 * 256) with 1 labels
label names: ['attribute']
label types: ['int32']
filter expression function: def filter_expr(attribute_low, attribute_high): return f'attribute >= {attribute_low} and attribute <= {attribute_high}'
Got 10000 queries
[Redis] load data with 1 labels!!!
[Redis] create schema successfully!!!
[Redis] Start uploading 991000 vectors...
[Redis] Uploaded 991000 vectors successfully!!!
Inserted data in 1993.7501368522644
Memory usage:  4135796.0
Built index in  16.062707662582397
Index size:  4616.0
Running query argument group 1 of 1...
Run 1/1...
Warmup round 1/2...
Processed 1000/10000 queries...
Warmup round 2/2...
Processed 2000/10000 queries...
Processed 3000/10000 queries...
Processed 4000/10000 queries...
Processed 5000/10000 queries...
Processed 6000/10000 queries...
Processed 7000/10000 queries...
Processed 8000/10000 queries...
Processed 9000/10000 queries...
Processed 10000/10000 queries...
Processed 11000/10000 queries...
Processed 12000/10000 queries...
Processed 0/10000 inserts...
Processed 1000/10000 inserts...
Processed 2000/10000 inserts...
Processed 3000/10000 inserts...
Processed 4000/10000 inserts...
Processed 5000/10000 inserts...
Processed 6000/10000 inserts...
Processed 7000/10000 inserts...
Processed 8000/10000 inserts...
Processed 9000/10000 inserts...
Processed 0/10000 updates...
Processed 1000/10000 updates...
Processed 2000/10000 updates...
Processed 3000/10000 updates...
Processed 4000/10000 updates...
Processed 5000/10000 updates...
Processed 6000/10000 updates...
Processed 7000/10000 updates...
Processed 8000/10000 updates...
Processed 9000/10000 updates...
Processed 0/10000 deletes...
Processed 1000/10000 deletes...
Processed 2000/10000 deletes...
Processed 3000/10000 deletes...
Processed 4000/10000 deletes...
Processed 5000/10000 deletes...
Processed 6000/10000 deletes...
Processed 7000/10000 deletes...
Processed 8000/10000 deletes...
Processed 9000/10000 deletes...
[Redis] docker compose down successfully!!!
Trying to instantiate bigvectorbench.algorithms.redis.RedisHNSW(['euclidean', 256, {'m': 32, 'ef_construction': 100, 'ef_runtime': 800}])
[Redis] docker compose up successfully!!!
[Redis] client connected successfully!!!
Dataset type: filter-ann
Distance metric: euclidean
Got a train set of size               (991000 * 256) with 1 labels
label names: ['attribute']
label types: ['int32']
filter expression function: def filter_expr(attribute_low, attribute_high): return f'attribute >= {attribute_low} and attribute <= {attribute_high}'
Got 10000 queries
[Redis] load data with 1 labels!!!
[Redis] create schema successfully!!!
[Redis] Start uploading 991000 vectors...
[Redis] Uploaded 991000 vectors successfully!!!
Inserted data in 505.3486521244049
Memory usage:  3363952.0
Built index in  16.0662899017334
Index size:  3848.0
Running query argument group 1 of 1...
Run 1/1...
Warmup round 1/2...
Processed 1000/10000 queries...
Warmup round 2/2...
Processed 2000/10000 queries...
Processed 3000/10000 queries...
Processed 4000/10000 queries...
Processed 5000/10000 queries...
Processed 6000/10000 queries...
Processed 7000/10000 queries...
Processed 8000/10000 queries...
Processed 9000/10000 queries...
Processed 10000/10000 queries...
Processed 11000/10000 queries...
Processed 12000/10000 queries...
Processed 0/10000 inserts...
Processed 1000/10000 inserts...
Processed 2000/10000 inserts...
Processed 3000/10000 inserts...
Processed 4000/10000 inserts...
Processed 5000/10000 inserts...
Processed 6000/10000 inserts...
Processed 7000/10000 inserts...
Processed 8000/10000 inserts...
Processed 9000/10000 inserts...
Processed 0/10000 updates...
Processed 1000/10000 updates...
Processed 2000/10000 updates...
Processed 3000/10000 updates...
Processed 4000/10000 updates...
Processed 5000/10000 updates...
Processed 6000/10000 updates...
Processed 7000/10000 updates...
Processed 8000/10000 updates...
Processed 9000/10000 updates...
Processed 0/10000 deletes...
Processed 1000/10000 deletes...
Processed 2000/10000 deletes...
Processed 3000/10000 deletes...
Processed 4000/10000 deletes...
Processed 5000/10000 deletes...
Processed 6000/10000 deletes...
Processed 7000/10000 deletes...
Processed 8000/10000 deletes...
Processed 9000/10000 deletes...
[Redis] docker compose down successfully!!!
Trying to instantiate bigvectorbench.algorithms.redis.RedisHNSW(['euclidean', 256, {'m': 64, 'ef_construction': 400, 'ef_runtime': 400}])
[Redis] docker compose up successfully!!!
[Redis] client connected successfully!!!
Dataset type: filter-ann
Distance metric: euclidean
Got a train set of size               (991000 * 256) with 1 labels
label names: ['attribute']
label types: ['int32']
 Container redis  Stopping
 Container redis  Stopped
 Container redis  Removing
 Container redis  Removed
 Network redis_default  Removing
 Network redis_default  Removed
 Network redis_default  Creating
 Network redis_default  Created
 Container redis  Creating
 Container redis  Created
 Container redis  Starting
 Container redis  Started
 Container redis  Stopping
 Container redis  Stopped
 Container redis  Removing
 Container redis  Removed
 Network redis_default  Removing
 Network redis_default  Removed
 Network redis_default  Creating
 Network redis_default  Created
 Container redis  Creating
 Container redis  Created
 Container redis  Starting
 Container redis  Started
 Container redis  Stopping
 Container redis  Stopped
 Container redis  Removing
 Container redis  Removed
 Network redis_default  Removing
 Network redis_default  Removed
 Network redis_default  Creating
 Network redis_default  Created
 Container redis  Creating
 Container redis  Created
 Container redis  Starting
 Container redis  Started
filter expression function: def filter_expr(attribute_low, attribute_high): return f'attribute >= {attribute_low} and attribute <= {attribute_high}'
Got 10000 queries
[Redis] load data with 1 labels!!!
[Redis] create schema successfully!!!
[Redis] Start uploading 991000 vectors...
[Redis] Uploaded 991000 vectors successfully!!!
Inserted data in 1965.7619323730469
Memory usage:  2168816.0
Built index in  16.064332008361816
Index size:  5364.0
Running query argument group 1 of 1...
Run 1/1...
Warmup round 1/2...
Processed 1000/10000 queries...
Warmup round 2/2...
Processed 2000/10000 queries...
Processed 3000/10000 queries...
Processed 4000/10000 queries...
Processed 5000/10000 queries...
Processed 6000/10000 queries...
Processed 7000/10000 queries...
Processed 8000/10000 queries...
Processed 9000/10000 queries...
Processed 10000/10000 queries...
Processed 11000/10000 queries...
Processed 12000/10000 queries...
Processed 0/10000 inserts...
Processed 1000/10000 inserts...
Processed 2000/10000 inserts...
Processed 3000/10000 inserts...
Processed 4000/10000 inserts...
Processed 5000/10000 inserts...
Processed 6000/10000 inserts...
Processed 7000/10000 inserts...
Processed 8000/10000 inserts...
Processed 9000/10000 inserts...
Processed 0/10000 updates...
Processed 1000/10000 updates...
Processed 2000/10000 updates...
Processed 3000/10000 updates...
Processed 4000/10000 updates...
Processed 5000/10000 updates...
Processed 6000/10000 updates...
Processed 7000/10000 updates...
Processed 8000/10000 updates...
Processed 9000/10000 updates...
Processed 0/10000 deletes...
Processed 1000/10000 deletes...
Processed 2000/10000 deletes...
Processed 3000/10000 deletes...
Processed 4000/10000 deletes...
Processed 5000/10000 deletes...
Processed 6000/10000 deletes...
Processed 7000/10000 deletes...
Processed 8000/10000 deletes...
Processed 9000/10000 deletes...
[Redis] docker compose down successfully!!!
Trying to instantiate bigvectorbench.algorithms.redis.RedisHNSW(['euclidean', 256, {'m': 128, 'ef_construction': 400, 'ef_runtime': 1600}])
[Redis] docker compose up successfully!!!
[Redis] client connected successfully!!!
Dataset type: filter-ann
Distance metric: euclidean
Got a train set of size               (991000 * 256) with 1 labels
label names: ['attribute']
label types: ['int32']
filter expression function: def filter_expr(attribute_low, attribute_high): return f'attribute >= {attribute_low} and attribute <= {attribute_high}'
Got 10000 queries
[Redis] load data with 1 labels!!!
[Redis] create schema successfully!!!
[Redis] Start uploading 991000 vectors...
[Redis] Uploaded 991000 vectors successfully!!!
Inserted data in 2083.0026853084564
Memory usage:  4356176.0
Built index in  16.06010675430298
Index size:  2688.0
Running query argument group 1 of 1...
Run 1/1...
Warmup round 1/2...
Processed 1000/10000 queries...
Warmup round 2/2...
Processed 2000/10000 queries...
Processed 3000/10000 queries...
Processed 4000/10000 queries...
Processed 5000/10000 queries...
Processed 6000/10000 queries...
Processed 7000/10000 queries...
Processed 8000/10000 queries...
Processed 9000/10000 queries...
Processed 10000/10000 queries...
Processed 11000/10000 queries...
Processed 12000/10000 queries...
Processed 0/10000 inserts...
Processed 1000/10000 inserts...
Processed 2000/10000 inserts...
Processed 3000/10000 inserts...
Processed 4000/10000 inserts...
Processed 5000/10000 inserts...
Processed 6000/10000 inserts...
Processed 7000/10000 inserts...
Processed 8000/10000 inserts...
Processed 9000/10000 inserts...
Processed 0/10000 updates...
Processed 1000/10000 updates...
Processed 2000/10000 updates...
Processed 3000/10000 updates...
Processed 4000/10000 updates...
Processed 5000/10000 updates...
Processed 6000/10000 updates...
Processed 7000/10000 updates...
Processed 8000/10000 updates...
Processed 9000/10000 updates...
Processed 0/10000 deletes...
Processed 1000/10000 deletes...
Processed 2000/10000 deletes...
Processed 3000/10000 deletes...
Processed 4000/10000 deletes...
Processed 5000/10000 deletes...
Processed 6000/10000 deletes...
Processed 7000/10000 deletes...
Processed 8000/10000 deletes...
Processed 9000/10000 deletes...
[Redis] docker compose down successfully!!!
Trying to instantiate bigvectorbench.algorithms.redis.RedisHNSW(['euclidean', 256, {'m': 128, 'ef_construction': 400, 'ef_runtime': 800}])
[Redis] docker compose up successfully!!!
[Redis] client connected successfully!!!
Dataset type: filter-ann
Distance metric: euclidean
Got a train set of size               (991000 * 256) with 1 labels
label names: ['attribute']
label types: ['int32']
filter expression function: def filter_expr(attribute_low, attribute_high): return f'attribute >= {attribute_low} and attribute <= {attribute_high}'
Got 10000 queries
[Redis] load data with 1 labels!!!
[Redis] create schema successfully!!!
[Redis] Start uploading 991000 vectors...
[Redis] Uploaded 991000 vectors successfully!!!
Inserted data in 2037.6081824302673
Memory usage:  4161324.0
Built index in  16.062490701675415
Index size:  1860.0
Running query argument group 1 of 1...
Run 1/1...
Warmup round 1/2...
Processed 1000/10000 queries...
Warmup round 2/2...
Processed 2000/10000 queries...
Processed 3000/10000 queries...
Processed 4000/10000 queries...
Processed 5000/10000 queries...
Processed 6000/10000 queries...
Processed 7000/10000 queries...
Processed 8000/10000 queries...
Processed 9000/10000 queries...
Processed 10000/10000 queries...
Processed 11000/10000 queries...
Processed 12000/10000 queries...
Processed 0/10000 inserts...
Processed 1000/10000 inserts...
Processed 2000/10000 inserts...
Processed 3000/10000 inserts...
Processed 4000/10000 inserts...
Processed 5000/10000 inserts...
Processed 6000/10000 inserts...
Processed 7000/10000 inserts...
Processed 8000/10000 inserts...
Processed 9000/10000 inserts...
Processed 0/10000 updates...
Processed 1000/10000 updates...
Processed 2000/10000 updates...
Processed 3000/10000 updates...
Processed 4000/10000 updates...
Processed 5000/10000 updates...
Processed 6000/10000 updates...
Processed 7000/10000 updates...
Processed 8000/10000 updates...
Processed 9000/10000 updates...
Processed 0/10000 deletes...
Processed 1000/10000 deletes...
Processed 2000/10000 deletes...
Processed 3000/10000 deletes...
Processed 4000/10000 deletes...
Processed 5000/10000 deletes...
Processed 6000/10000 deletes...
Processed 7000/10000 deletes...
Processed 8000/10000 deletes...
Processed 9000/10000 deletes...
[Redis] docker compose down successfully!!!
Trying to instantiate bigvectorbench.algorithms.redis.RedisHNSW(['euclidean', 256, {'m': 128, 'ef_construction': 400, 'ef_runtime': 400}])
[Redis] docker compose up successfully!!!
[Redis] client connected successfully!!!
Dataset type: filter-ann
Distance metric: euclidean
Got a train set of size               (991000 * 256) with 1 labels
label names: ['attribute']
label types: ['int32']
filter expression function: def filter_expr(attribute_low, attribute_high): return f'attribute >= {attribute_low} and attribute <= {attribute_high}'
Got 10000 queries
[Redis] load data with 1 labels!!!
[Redis] create schema successfully!!!
[Redis] Start uploading 991000 vectors...
[Redis] Uploaded 991000 vectors successfully!!!
Inserted data in 2025.7447955608368
Memory usage:  4113808.0
Built index in  16.058271884918213
Index size:  600.0
Running query argument group 1 of 1...
Run 1/1...
Warmup round 1/2...
Processed 1000/10000 queries...
Warmup round 2/2...
Processed 2000/10000 queries...
Processed 3000/10000 queries...
Processed 4000/10000 queries...
Processed 5000/10000 queries...
Processed 6000/10000 queries...
Processed 7000/10000 queries...
Processed 8000/10000 queries...
Processed 9000/10000 queries...
Processed 10000/10000 queries...
Processed 11000/10000 queries...
Processed 12000/10000 queries...
Processed 0/10000 inserts...
Processed 1000/10000 inserts...
Processed 2000/10000 inserts...
Processed 3000/10000 inserts...
Processed 4000/10000 inserts...
Processed 5000/10000 inserts...
Processed 6000/10000 inserts...
Processed 7000/10000 inserts...
Processed 8000/10000 inserts...
Processed 9000/10000 inserts...
 Container redis  Stopping
 Container redis  Stopped
 Container redis  Removing
 Container redis  Removed
 Network redis_default  Removing
 Network redis_default  Removed
 Network redis_default  Creating
 Network redis_default  Created
 Container redis  Creating
 Container redis  Created
 Container redis  Starting
 Container redis  Started
 Container redis  Stopping
 Container redis  Stopped
 Container redis  Removing
 Container redis  Removed
 Network redis_default  Removing
 Network redis_default  Removed
 Network redis_default  Creating
 Network redis_default  Created
 Container redis  Creating
 Container redis  Created
 Container redis  Starting
 Container redis  Started
 Container redis  Stopping
 Container redis  Stopped
 Container redis  Removing
 Container redis  Removed
 Network redis_default  Removing
 Network redis_default  Removed
 Network redis_default  Creating
 Network redis_default  Created
 Container redis  Creating
 Container redis  Created
 Container redis  Starting
 Container redis  Started
 Container redis  Stopping
 Container redis  Stopped
 Container redis  Removing
 Container redis  Removed
 Network redis_default  Removing
 Network redis_default  Removed
 Network redis_default  Creating
 Network redis_default  Created
 Container redis  Creating
 Container redis  Created
 Container redis  Starting
 Container redis  Started
Processed 0/10000 updates...
Processed 1000/10000 updates...
Processed 2000/10000 updates...
Processed 3000/10000 updates...
Processed 4000/10000 updates...
Processed 5000/10000 updates...
Processed 6000/10000 updates...
Processed 7000/10000 updates...
Processed 8000/10000 updates...
Processed 9000/10000 updates...
Processed 0/10000 deletes...
Processed 1000/10000 deletes...
Processed 2000/10000 deletes...
Processed 3000/10000 deletes...
Processed 4000/10000 deletes...
Processed 5000/10000 deletes...
Processed 6000/10000 deletes...
Processed 7000/10000 deletes...
Processed 8000/10000 deletes...
Processed 9000/10000 deletes...
[Redis] docker compose down successfully!!!
Trying to instantiate bigvectorbench.algorithms.redis.RedisHNSW(['euclidean', 256, {'m': 32, 'ef_construction': 100, 'ef_runtime': 100}])
[Redis] docker compose up successfully!!!
[Redis] client connected successfully!!!
Dataset type: filter-ann
Distance metric: euclidean
Got a train set of size               (991000 * 256) with 1 labels
label names: ['attribute']
label types: ['int32']
filter expression function: def filter_expr(attribute_low, attribute_high): return f'attribute >= {attribute_low} and attribute <= {attribute_high}'
Got 10000 queries
[Redis] load data with 1 labels!!!
[Redis] create schema successfully!!!
[Redis] Start uploading 991000 vectors...
[Redis] Uploaded 991000 vectors successfully!!!
Inserted data in 506.45539116859436
Memory usage:  3381368.0
Built index in  16.060569524765015
Index size:  -924.0
Running query argument group 1 of 1...
Run 1/1...
Warmup round 1/2...
Processed 1000/10000 queries...
Warmup round 2/2...
Processed 2000/10000 queries...
Processed 3000/10000 queries...
Processed 4000/10000 queries...
Processed 5000/10000 queries...
Processed 6000/10000 queries...
Processed 7000/10000 queries...
Processed 8000/10000 queries...
Processed 9000/10000 queries...
Processed 10000/10000 queries...
Processed 11000/10000 queries...
Processed 12000/10000 queries...
Processed 0/10000 inserts...
Processed 1000/10000 inserts...
Processed 2000/10000 inserts...
Processed 3000/10000 inserts...
Processed 4000/10000 inserts...
Processed 5000/10000 inserts...
Processed 6000/10000 inserts...
Processed 7000/10000 inserts...
Processed 8000/10000 inserts...
Processed 9000/10000 inserts...
Processed 0/10000 updates...
Processed 1000/10000 updates...
Processed 2000/10000 updates...
Processed 3000/10000 updates...
Processed 4000/10000 updates...
Processed 5000/10000 updates...
Processed 6000/10000 updates...
Processed 7000/10000 updates...
Processed 8000/10000 updates...
Processed 9000/10000 updates...
Processed 0/10000 deletes...
Processed 1000/10000 deletes...
Processed 2000/10000 deletes...
Processed 3000/10000 deletes...
Processed 4000/10000 deletes...
Processed 5000/10000 deletes...
Processed 6000/10000 deletes...
Processed 7000/10000 deletes...
Processed 8000/10000 deletes...
Processed 9000/10000 deletes...
[Redis] docker compose down successfully!!!
Trying to instantiate bigvectorbench.algorithms.redis.RedisHNSW(['euclidean', 256, {'m': 64, 'ef_construction': 100, 'ef_runtime': 200}])
[Redis] docker compose up successfully!!!
[Redis] client connected successfully!!!
Dataset type: filter-ann
Distance metric: euclidean
Got a train set of size               (991000 * 256) with 1 labels
label names: ['attribute']
label types: ['int32']
filter expression function: def filter_expr(attribute_low, attribute_high): return f'attribute >= {attribute_low} and attribute <= {attribute_high}'
Got 10000 queries
[Redis] load data with 1 labels!!!
[Redis] create schema successfully!!!
[Redis] Start uploading 991000 vectors...
[Redis] Uploaded 991000 vectors successfully!!!
Inserted data in 543.4091720581055
Memory usage:  2753116.0
Built index in  16.0622878074646
Index size:  5580.0
Running query argument group 1 of 1...
Run 1/1...
Warmup round 1/2...
Processed 1000/10000 queries...
Warmup round 2/2...
Processed 2000/10000 queries...
Processed 3000/10000 queries...
Processed 4000/10000 queries...
Processed 5000/10000 queries...
Processed 6000/10000 queries...
Processed 7000/10000 queries...
Processed 8000/10000 queries...
Processed 9000/10000 queries...
Processed 10000/10000 queries...
Processed 11000/10000 queries...
Processed 12000/10000 queries...
Processed 0/10000 inserts...
Processed 1000/10000 inserts...
Processed 2000/10000 inserts...
Processed 3000/10000 inserts...
Processed 4000/10000 inserts...
Processed 5000/10000 inserts...
Processed 6000/10000 inserts...
Processed 7000/10000 inserts...
Processed 8000/10000 inserts...
Processed 9000/10000 inserts...
Processed 0/10000 updates...
Processed 1000/10000 updates...
Processed 2000/10000 updates...
Processed 3000/10000 updates...
Processed 4000/10000 updates...
Processed 5000/10000 updates...
Processed 6000/10000 updates...
Processed 7000/10000 updates...
Processed 8000/10000 updates...
Processed 9000/10000 updates...
Processed 0/10000 deletes...
Processed 1000/10000 deletes...
Processed 2000/10000 deletes...
Processed 3000/10000 deletes...
Processed 4000/10000 deletes...
Processed 5000/10000 deletes...
Processed 6000/10000 deletes...
Processed 7000/10000 deletes...
Processed 8000/10000 deletes...
Processed 9000/10000 deletes...
[Redis] docker compose down successfully!!!
Trying to instantiate bigvectorbench.algorithms.redis.RedisHNSW(['euclidean', 256, {'m': 32, 'ef_construction': 400, 'ef_runtime': 1600}])
[Redis] docker compose up successfully!!!
[Redis] client connected successfully!!!
Dataset type: filter-ann
Distance metric: euclidean
Got a train set of size               (991000 * 256) with 1 labels
label names: ['attribute']
label types: ['int32']
filter expression function: def filter_expr(attribute_low, attribute_high): return f'attribute >= {attribute_low} and attribute <= {attribute_high}'
Got 10000 queries
[Redis] load data with 1 labels!!!
[Redis] create schema successfully!!!
[Redis] Start uploading 991000 vectors...
[Redis] Uploaded 991000 vectors successfully!!!
Inserted data in 1726.5116560459137
Memory usage:  3631368.0
Built index in  16.06329345703125
Index size:  3640.0
Running query argument group 1 of 1...
Run 1/1...
Warmup round 1/2...
Processed 1000/10000 queries...
Warmup round 2/2...
Processed 2000/10000 queries...
Processed 3000/10000 queries...
Processed 4000/10000 queries...
Processed 5000/10000 queries...
Processed 6000/10000 queries...
Processed 7000/10000 queries...
Processed 8000/10000 queries...
Processed 9000/10000 queries...
Processed 10000/10000 queries...
Processed 11000/10000 queries...
Processed 12000/10000 queries...
Processed 0/10000 inserts...
Processed 1000/10000 inserts...
Processed 2000/10000 inserts...
Processed 3000/10000 inserts...
Processed 4000/10000 inserts...
Processed 5000/10000 inserts...
Processed 6000/10000 inserts...
Processed 7000/10000 inserts...
Processed 8000/10000 inserts...
Processed 9000/10000 inserts...
Processed 0/10000 updates...
Processed 1000/10000 updates...
Processed 2000/10000 updates...
Processed 3000/10000 updates...
Processed 4000/10000 updates...
Processed 5000/10000 updates...
Processed 6000/10000 updates...
Processed 7000/10000 updates...
Processed 8000/10000 updates...
Processed 9000/10000 updates...
Processed 0/10000 deletes...
Processed 1000/10000 deletes...
Processed 2000/10000 deletes...
Processed 3000/10000 deletes...
Processed 4000/10000 deletes...
Processed 5000/10000 deletes...
Processed 6000/10000 deletes...
Processed 7000/10000 deletes...
Processed 8000/10000 deletes...
Processed 9000/10000 deletes...
[Redis] docker compose down successfully!!!
Trying to instantiate bigvectorbench.algorithms.redis.RedisHNSW(['euclidean', 256, {'m': 128, 'ef_construction': 400, 'ef_runtime': 100}])
[Redis] docker compose up successfully!!!
[Redis] client connected successfully!!!
Dataset type: filter-ann
Distance metric: euclidean
Got a train set of size               (991000 * 256) with 1 labels
label names: ['attribute']
label types: ['int32']
filter expression function: def filter_expr(attribute_low, attribute_high): return f'attribute >= {attribute_low} and attribute <= {attribute_high}'
Got 10000 queries
[Redis] load data with 1 labels!!!
 Container redis  Stopping
 Container redis  Stopped
 Container redis  Removing
 Container redis  Removed
 Network redis_default  Removing
 Network redis_default  Removed
 Network redis_default  Creating
 Network redis_default  Created
 Container redis  Creating
 Container redis  Created
 Container redis  Starting
 Container redis  Started
 Container redis  Stopping
 Container redis  Stopped
 Container redis  Removing
 Container redis  Removed
 Network redis_default  Removing
 Network redis_default  Removed
 Network redis_default  Creating
 Network redis_default  Created
 Container redis  Creating
 Container redis  Created
 Container redis  Starting
 Container redis  Started
 Container redis  Stopping
 Container redis  Stopped
 Container redis  Removing
 Container redis  Removed
 Network redis_default  Removing
 Network redis_default  Removed
 Network redis_default  Creating
 Network redis_default  Created
 Container redis  Creating
 Container redis  Created
 Container redis  Starting
 Container redis  Started
[Redis] create schema successfully!!!
[Redis] Start uploading 991000 vectors...
[Redis] Uploaded 991000 vectors successfully!!!
Inserted data in 2027.9577391147614
Memory usage:  4022900.0
Built index in  16.06214928627014
Index size:  -3612.0
Running query argument group 1 of 1...
Run 1/1...
Warmup round 1/2...
Processed 1000/10000 queries...
Warmup round 2/2...
Processed 2000/10000 queries...
Processed 3000/10000 queries...
Processed 4000/10000 queries...
Processed 5000/10000 queries...
Processed 6000/10000 queries...
Processed 7000/10000 queries...
Processed 8000/10000 queries...
Processed 9000/10000 queries...
Processed 10000/10000 queries...
Processed 11000/10000 queries...
Processed 12000/10000 queries...
Processed 0/10000 inserts...
Processed 1000/10000 inserts...
Processed 2000/10000 inserts...
Processed 3000/10000 inserts...
Processed 4000/10000 inserts...
Processed 5000/10000 inserts...
Processed 6000/10000 inserts...
Processed 7000/10000 inserts...
Processed 8000/10000 inserts...
Processed 9000/10000 inserts...
Processed 0/10000 updates...
Processed 1000/10000 updates...
Processed 2000/10000 updates...
Processed 3000/10000 updates...
Processed 4000/10000 updates...
Processed 5000/10000 updates...
Processed 6000/10000 updates...
Processed 7000/10000 updates...
Processed 8000/10000 updates...
Processed 9000/10000 updates...
Processed 0/10000 deletes...
Processed 1000/10000 deletes...
Processed 2000/10000 deletes...
Processed 3000/10000 deletes...
Processed 4000/10000 deletes...
Processed 5000/10000 deletes...
Processed 6000/10000 deletes...
Processed 7000/10000 deletes...
Processed 8000/10000 deletes...
Processed 9000/10000 deletes...
[Redis] docker compose down successfully!!!
Trying to instantiate bigvectorbench.algorithms.redis.RedisHNSW(['euclidean', 256, {'m': 32, 'ef_construction': 100, 'ef_runtime': 400}])
[Redis] docker compose up successfully!!!
[Redis] client connected successfully!!!
Dataset type: filter-ann
Distance metric: euclidean
Got a train set of size               (991000 * 256) with 1 labels
label names: ['attribute']
label types: ['int32']
filter expression function: def filter_expr(attribute_low, attribute_high): return f'attribute >= {attribute_low} and attribute <= {attribute_high}'
Got 10000 queries
[Redis] load data with 1 labels!!!
[Redis] create schema successfully!!!
[Redis] Start uploading 991000 vectors...
[Redis] Uploaded 991000 vectors successfully!!!
Inserted data in 516.8655652999878
Memory usage:  3441708.0
Built index in  16.065066814422607
Index size:  936.0
Running query argument group 1 of 1...
Run 1/1...
Warmup round 1/2...
Processed 1000/10000 queries...
Warmup round 2/2...
Processed 2000/10000 queries...
Processed 3000/10000 queries...
Processed 4000/10000 queries...
Processed 5000/10000 queries...
Processed 6000/10000 queries...
Processed 7000/10000 queries...
Processed 8000/10000 queries...
Processed 9000/10000 queries...
Processed 10000/10000 queries...
Processed 11000/10000 queries...
Processed 12000/10000 queries...
Processed 0/10000 inserts...
Processed 1000/10000 inserts...
Processed 2000/10000 inserts...
Processed 3000/10000 inserts...
Processed 4000/10000 inserts...
Processed 5000/10000 inserts...
Processed 6000/10000 inserts...
Processed 7000/10000 inserts...
Processed 8000/10000 inserts...
Processed 9000/10000 inserts...
Processed 0/10000 updates...
Processed 1000/10000 updates...
Processed 2000/10000 updates...
Processed 3000/10000 updates...
Processed 4000/10000 updates...
Processed 5000/10000 updates...
Processed 6000/10000 updates...
Processed 7000/10000 updates...
Processed 8000/10000 updates...
Processed 9000/10000 updates...
Processed 0/10000 deletes...
Processed 1000/10000 deletes...
Processed 2000/10000 deletes...
Processed 3000/10000 deletes...
Processed 4000/10000 deletes...
Processed 5000/10000 deletes...
Processed 6000/10000 deletes...
Processed 7000/10000 deletes...
Processed 8000/10000 deletes...
Processed 9000/10000 deletes...
[Redis] docker compose down successfully!!!
Trying to instantiate bigvectorbench.algorithms.redis.RedisHNSW(['euclidean', 256, {'m': 64, 'ef_construction': 400, 'ef_runtime': 1600}])
[Redis] docker compose up successfully!!!
[Redis] client connected successfully!!!
Dataset type: filter-ann
Distance metric: euclidean
Got a train set of size               (991000 * 256) with 1 labels
label names: ['attribute']
label types: ['int32']
filter expression function: def filter_expr(attribute_low, attribute_high): return f'attribute >= {attribute_low} and attribute <= {attribute_high}'
Got 10000 queries
[Redis] load data with 1 labels!!!
[Redis] create schema successfully!!!
[Redis] Start uploading 991000 vectors...
[Redis] Uploaded 991000 vectors successfully!!!
Inserted data in 1999.2151865959167
Memory usage:  3898604.0
Built index in  16.065202951431274
Index size:  1736.0
Running query argument group 1 of 1...
Run 1/1...
Warmup round 1/2...
Processed 1000/10000 queries...
Warmup round 2/2...
Processed 2000/10000 queries...
Processed 3000/10000 queries...
Processed 4000/10000 queries...
Processed 5000/10000 queries...
Processed 6000/10000 queries...
Processed 7000/10000 queries...
Processed 8000/10000 queries...
Processed 9000/10000 queries...
Processed 10000/10000 queries...
Processed 11000/10000 queries...
Processed 12000/10000 queries...
Processed 0/10000 inserts...
Processed 1000/10000 inserts...
Processed 2000/10000 inserts...
Processed 3000/10000 inserts...
Processed 4000/10000 inserts...
Processed 5000/10000 inserts...
Processed 6000/10000 inserts...
Processed 7000/10000 inserts...
Processed 8000/10000 inserts...
Processed 9000/10000 inserts...
Processed 0/10000 updates...
Processed 1000/10000 updates...
Processed 2000/10000 updates...
Processed 3000/10000 updates...
Processed 4000/10000 updates...
Processed 5000/10000 updates...
Processed 6000/10000 updates...
Processed 7000/10000 updates...
Processed 8000/10000 updates...
Processed 9000/10000 updates...
Processed 0/10000 deletes...
Processed 1000/10000 deletes...
Processed 2000/10000 deletes...
Processed 3000/10000 deletes...
Processed 4000/10000 deletes...
Processed 5000/10000 deletes...
Processed 6000/10000 deletes...
Processed 7000/10000 deletes...
Processed 8000/10000 deletes...
Processed 9000/10000 deletes...
[Redis] docker compose down successfully!!!
Trying to instantiate bigvectorbench.algorithms.redis.RedisHNSW(['euclidean', 256, {'m': 32, 'ef_construction': 400, 'ef_runtime': 400}])
[Redis] docker compose up successfully!!!
[Redis] client connected successfully!!!
Dataset type: filter-ann
Distance metric: euclidean
Got a train set of size               (991000 * 256) with 1 labels
label names: ['attribute']
label types: ['int32']
filter expression function: def filter_expr(attribute_low, attribute_high): return f'attribute >= {attribute_low} and attribute <= {attribute_high}'
Got 10000 queries
[Redis] load data with 1 labels!!!
[Redis] create schema successfully!!!
[Redis] Start uploading 991000 vectors...
[Redis] Uploaded 991000 vectors successfully!!!
Inserted data in 1696.9601769447327
Memory usage:  3626048.0
Built index in  16.06483745574951
Index size:  2244.0
Running query argument group 1 of 1...
Run 1/1...
Warmup round 1/2...
Processed 1000/10000 queries...
Warmup round 2/2...
Processed 2000/10000 queries...
Processed 3000/10000 queries...
Processed 4000/10000 queries...
Processed 5000/10000 queries...
Processed 6000/10000 queries...
Processed 7000/10000 queries...
Processed 8000/10000 queries...
Processed 9000/10000 queries...
Processed 10000/10000 queries...
Processed 11000/10000 queries...
Processed 12000/10000 queries...
Processed 0/10000 inserts...
Processed 1000/10000 inserts...
Processed 2000/10000 inserts...
Processed 3000/10000 inserts...
Processed 4000/10000 inserts...
Processed 5000/10000 inserts...
Processed 6000/10000 inserts...
Processed 7000/10000 inserts...
Processed 8000/10000 inserts...
Processed 9000/10000 inserts...
Processed 0/10000 updates...
Processed 1000/10000 updates...
Processed 2000/10000 updates...
Processed 3000/10000 updates...
Processed 4000/10000 updates...
Processed 5000/10000 updates...
Processed 6000/10000 updates...
 Container redis  Stopping
 Container redis  Stopped
 Container redis  Removing
 Container redis  Removed
 Network redis_default  Removing
 Network redis_default  Removed
Processed 7000/10000 updates...
Processed 8000/10000 updates...
Processed 9000/10000 updates...
Processed 0/10000 deletes...
Processed 1000/10000 deletes...
Processed 2000/10000 deletes...
Processed 3000/10000 deletes...
Processed 4000/10000 deletes...
Processed 5000/10000 deletes...
Processed 6000/10000 deletes...
Processed 7000/10000 deletes...
Processed 8000/10000 deletes...
Processed 9000/10000 deletes...
[Redis] docker compose down successfully!!!
2026-08-23 18:18:36,564 - bvb - INFO - Terminating 1 workers
