START 2026-08-21T04:13:31+08:00 cpuset=84-111 command=<remote_artifact> vearch-ivfpq artificial-corr-12-shuffled <remote_artifact> 84-111
2026-08-21 04:13:32,978 - bvb - INFO - running only vearch-ivfpq
2026-08-21 04:13:32,982 - bvb - INFO - Order: [Definition(algorithm='vearch-ivfpq', constructor='VearchIvfPQ', module='bigvectorbench.algorithms.vearch', docker_tag='bigvectorbench-vearch', arguments=['euclidean', 256, {'ncentroids': 512, 'nsubvector': 8}], query_argument_groups=[[32], [128], [256], [512]], disabled=False), Definition(algorithm='vearch-ivfpq', constructor='VearchIvfPQ', module='bigvectorbench.algorithms.vearch', docker_tag='bigvectorbench-vearch', arguments=['euclidean', 256, {'ncentroids': 128, 'nsubvector': 4}], query_argument_groups=[[8], [32], [64], [128]], disabled=False), Definition(algorithm='vearch-ivfpq', constructor='VearchIvfPQ', module='bigvectorbench.algorithms.vearch', docker_tag='bigvectorbench-vearch', arguments=['euclidean', 256, {'ncentroids': 512, 'nsubvector': 4}], query_argument_groups=[[32], [128], [256], [512]], disabled=False), Definition(algorithm='vearch-ivfpq', constructor='VearchIvfPQ', module='bigvectorbench.algorithms.vearch', docker_tag='bigvectorbench-vearch', arguments=['euclidean', 256, {'ncentroids': 1024, 'nsubvector': 4}], query_argument_groups=[[64], [256], [512], [1024]], disabled=False), Definition(algorithm='vearch-ivfpq', constructor='VearchIvfPQ', module='bigvectorbench.algorithms.vearch', docker_tag='bigvectorbench-vearch', arguments=['euclidean', 256, {'ncentroids': 128, 'nsubvector': 8}], query_argument_groups=[[8], [32], [64], [128]], disabled=False), Definition(algorithm='vearch-ivfpq', constructor='VearchIvfPQ', module='bigvectorbench.algorithms.vearch', docker_tag='bigvectorbench-vearch', arguments=['euclidean', 256, {'ncentroids': 1024, 'nsubvector': 8}], query_argument_groups=[[64], [256], [512], [1024]], disabled=False), Definition(algorithm='vearch-ivfpq', constructor='VearchIvfPQ', module='bigvectorbench.algorithms.vearch', docker_tag='bigvectorbench-vearch', arguments=['euclidean', 256, {'ncentroids': 512, 'nsubvector': 16}], query_argument_groups=[[32], [128], [256], [512]], disabled=False), Definition(algorithm='vearch-ivfpq', constructor='VearchIvfPQ', module='bigvectorbench.algorithms.vearch', docker_tag='bigvectorbench-vearch', arguments=['euclidean', 256, {'ncentroids': 1024, 'nsubvector': 16}], query_argument_groups=[[64], [256], [512], [1024]], disabled=False), Definition(algorithm='vearch-ivfpq', constructor='VearchIvfPQ', module='bigvectorbench.algorithms.vearch', docker_tag='bigvectorbench-vearch', arguments=['euclidean', 256, {'ncentroids': 128, 'nsubvector': 16}], query_argument_groups=[[8], [32], [64], [128]], disabled=False)]
 Container vearch-standalone  Stopping
 Container vearch-standalone  Stopped
 Container vearch-standalone  Removing
 Container vearch-standalone  Removed
 Network vearch_network_cluster  Removing
 Network vearch_network_cluster  Removed
 Network vearch_network_cluster  Creating
 Network vearch_network_cluster  Created
 Container vearch-standalone  Creating
 Container vearch-standalone  Created
 Container vearch-standalone  Starting
 Container vearch-standalone  Started
Process Process-1:
Traceback (most recent call last):
  File "<remote_artifact>", line 314, in _bootstrap
    self.run()
  File "<remote_artifact>", line 108, in run
    self._target(*self._args, **self._kwargs)
  File "<remote_artifact>", line 152, in run_worker
    run(
  File "<remote_artifact>", line 910, in run
    insert_latencies = run_individual_insert(algo, X_test, X_test_label)
  File "<remote_artifact>", line 410, in run_individual_insert
    algo.insert(x, labels.flatten())
  File "<remote_artifact>", line 350, in insert
    assert len(labels) == self.num_labels
AssertionError
Trying to instantiate bigvectorbench.algorithms.vearch.VearchIvfPQ(['euclidean', 256, {'ncentroids': 512, 'nsubvector': 8}])
[Vearch] docker compose --profile standalone up successfully!!!
[Vearch] client connected successfully!!!
Dataset type: filter-ann
Distance metric: euclidean
Got a train set of size               (991000 * 256) with 1 labels
label names: ['attribute']
label types: ['int32']
filter expression function: def filter_expr(attribute_low, attribute_high): return f'attribute >= {attribute_low} and attribute <= {attribute_high}'
Got 10000 queries
[Vearch] load data with 1 labels!!!
[Vearch] create database: {'code': 0, 'msg': '', 'data': {'id': 1, 'name': 'Vearch_test'}}
[Vearch] create space: {'code': 0, 'msg': '', 'data': {'id': 1, 'name': 'Vearch_test_space', 'resource_name': 'default', 'version': 2, 'db_id': 1, 'enabled': True, 'partitions': [{'id': 1, 'name': '', 'space_id': 1, 'db_id': 1, 'partition_slot': 0, 'replicas': [1], 'resourceExhausted': False}], 'partition_num': 1, 'replica_num': 1, 'fields': [{'name': 'id', 'type': 'integer', 'desc': '', 'index': {'name': 'id_idx', 'type': 'SCALAR'}}, {'name': 'vector', 'type': 'vector', 'desc': '', 'dimension': 256, 'index': {'name': 'vector_idx', 'type': 'IVFPQ', 'params': {'training_threshold': 100000, 'metric_type': 'L2', 'ncentroids': 512, 'nsubvector': 8, 'bucket_init_size': 1000, 'bucket_max_size': 1280000}}}, {'name': 'attribute', 'type': 'integer', 'desc': '', 'index': {'name': 'attribute_idx', 'type': 'SCALAR'}}], 'index': {'name': 'vector_idx', 'type': 'IVFPQ', 'params': {'training_threshold': 100000, 'metric_type': 'L2', 'ncentroids': 512, 'nsubvector': 8, 'bucket_init_size': 1000, 'bucket_max_size': 1280000}}, 'space_properties': {'attribute': {'field_type': 0, 'type': 'integer', 'index': {'name': 'attribute_idx', 'type': 'SCALAR'}, 'option': 1}, 'id': {'field_type': 0, 'type': 'integer', 'index': {'name': 'id_idx', 'type': 'SCALAR'}, 'option': 1}, 'vector': {'field_type': 5, 'type': 'vector', 'index': {'name': 'vector_idx', 'type': 'IVFPQ', 'params': {'training_threshold': 100000, 'metric_type': 'L2', 'ncentroids': 512, 'nsubvector': 8, 'bucket_init_size': 1000, 'bucket_max_size': 1280000}}, 'dimension': 256, 'option': 1}}}}
[Vearch] database and space created successfully!!!
[Vearch] Start uploading 991000 vectors...
[Vearch] Uploaded 991000 vectors successfully!!!
Inserted data in 449.18884563446045
Memory usage:  5570416.0
[Vearch] Waiting for index finish...
[Vearch] Index finish!!!
Built index in  17.074233055114746
Index size:  34852.0
Running query argument group 1 of 4...
Run 1/1...
Warmup round 1/2...
Processed 1000/10000 queries...
Warmup round 2/2...
Processed 2000/10000 queries...
Processed 3000/10000 queries...
Processed 4000/10000 queries...
Processed 5000/10000 queries...
Processed 6000/10000 queries...
Processed 7000/10000 queries...
Processed 8000/10000 queries...
Processed 9000/10000 queries...
Processed 10000/10000 queries...
Processed 11000/10000 queries...
Processed 12000/10000 queries...
Running query argument group 2 of 4...
Run 1/1...
Warmup round 1/2...
Processed 1000/10000 queries...
Warmup round 2/2...
Processed 2000/10000 queries...
Processed 3000/10000 queries...
Processed 4000/10000 queries...
Processed 5000/10000 queries...
Processed 6000/10000 queries...
Processed 7000/10000 queries...
Processed 8000/10000 queries...
Processed 9000/10000 queries...
Processed 10000/10000 queries...
Processed 11000/10000 queries...
Processed 12000/10000 queries...
Running query argument group 3 of 4...
Run 1/1...
Warmup round 1/2...
Processed 1000/10000 queries...
Warmup round 2/2...
Processed 2000/10000 queries...
Processed 3000/10000 queries...
Processed 4000/10000 queries...
Processed 5000/10000 queries...
Processed 6000/10000 queries...
Processed 7000/10000 queries...
Processed 8000/10000 queries...
Processed 9000/10000 queries...
Processed 10000/10000 queries...
Processed 11000/10000 queries...
Processed 12000/10000 queries...
Running query argument group 4 of 4...
Run 1/1...
Warmup round 1/2...
Processed 1000/10000 queries...
Warmup round 2/2...
Processed 2000/10000 queries...
Processed 3000/10000 queries...
Processed 4000/10000 queries...
Processed 5000/10000 queries...
Processed 6000/10000 queries...
Processed 7000/10000 queries...
Processed 8000/10000 queries...
Processed 9000/10000 queries...
Processed 10000/10000 queries...
Processed 11000/10000 queries...
Processed 12000/10000 queries...
2026-08-21 05:28:10,458 - bvb - INFO - Terminating 1 workers
incomplete result grid for vearch-ivfpq artificial-corr-12-shuffled: got 8 expected 36
