====================
START: running TEST_ACORN for hnsw, sift data --112cores

N: 991000
gamma: 12
dataset: artificial-corr-12-shuffled
M: 32
M_beta: 32
efc (efConstruction): 400
efSearch sweep: 5 values (first=100 last=1600)
[LABEL/FILTER IO] labels: path=Datasets/artificial-corr-12-shuffled/artificial-corr-12-shuffled_labels.fvecs, d_label=1, n_labels=991000
[LABEL/FILTER IO] filters: path=Datasets/artificial-corr-12-shuffled/artificial-corr-12-shuffled_filters.fvecs, d_filter=2, n_filters=10000
[0.033 s] Loaded metadata from labels first dim, count=991000
dataset artificial-corr-12-shuffled: with label dim 1, filter_cnt 2
[0.033 s] Loading query vectors and attributes
get_file_name
query vecs data loaded, with dim: 256, nb=10000
[0.039 s] Loaded query vectors from ./Datasets/artificial-corr-12-shuffled/artificial-corr-12-shuffled_query.fvecs
[0.039 s] Loaded 10000 artificial-corr-12-shuffled queries
load_gt: loaded GT from ./Datasets/artificial-corr-12-shuffled/artificial-corr-12-shuffled_neighbors.ivecs (ivecs n=10000 d=100, using first 100 ids)
[0.050 s] Loaded ground truth, gt_size: 100, entries: 1000000
[0.050 s] Index Params -- d: 256, M: 32, N: 991000, gamma: 12
====================Write Index====================

====================Vectors====================

[0.050 s] Loading database
get_file_name
[0.748 s] Loaded base vectors from file: ./Datasets/artificial-corr-12-shuffled/artificial-corr-12-shuffled_base.fvecs
data loaded, with dim: 256, nb=991000
[0.748 s] Indexing database, size 991000*256 from max 991000
[0.748 s] Adding the vectors to the index
[OMP] Using 28 threads for INDEX BUILD
build base index for dataset artificial-corr-12-shuffled
[0.748 s] Wrote base index to file: ./tmp/artificial-corr-12-shuffled/base_M=32_efc=400.json
---- MEM[BASE_BUILD] ----
begin_RSS : 1012.57 MB (0.99 GB)
peak_RSS  : 1012.83 MB (0.99 GB)
peak_HWM  : 1012.83 MB (0.99 GB)
end_RSS   : 1012.97 MB (0.99 GB)
delta_RSS : 0.26 MB
ru_maxrss : 1012.97 MB
build hybrid index for dataset artificial-corr-12-shuffled
[368.423 s] Wrote hybrid index to file: ./tmp/artificial-corr-12-shuffled/hybrid_M=32_efc400_Mb=32_gamma=12.json
---- MEM[HYBRID_BUILD] ----
begin_RSS : 1012.97 MB (0.99 GB)
peak_RSS  : 2619.18 MB (2.56 GB)
peak_HWM  : 2632.84 MB (2.57 GB)
end_RSS   : 2378.27 MB (2.32 GB)
delta_RSS : 1606.21 MB
ru_maxrss : 2632.84 MB
index_build_s: 367.659758
serialized_index_bytes: 1396844694
build hybrid gamma1 index for dataset artificial-corr-12-shuffled
---- MEM[HYBRID_G1_BUILD] ----
begin_RSS : 2378.27 MB (2.32 GB)
peak_RSS  : 2378.27 MB (2.32 GB)
peak_HWM  : 2632.84 MB (2.57 GB)
end_RSS   : 2378.27 MB (2.32 GB)
delta_RSS : 0.00 MB
ru_maxrss : 2632.84 MB
[368.508 s] Vectors added to base index 
Base index vectors added: 991000
[368.508 s] Vectors added to hybrid index 
Hybrid index vectors added991000
[368.508 s] Vectors added to hybrid index with gamma=1 
Hybrid index with gamma=1 vectors added991000
[OMP] Using 28 threads for SEARCH
====================================
============ BASE INDEX =============
====================================
====================================
============ ACORN INDEX =============
====================================
==================== ACORN INDEX ====================
[368.593 s] Searching the 100 nearest neighbors of 10000 vectors in the index, efsearch 16
[FILTER MAP] Using 28 threads outside search timing

========================================
=== FILTER DEBUG (First Batch) ===
========================================

Overall statistics:
  Total elements: 396400000
  Valid candidates: 47568000 (12.0000%)

--- Query 0 ---
Filter bounds:
  Interval 0: [3.00, 6379213.00]
Valid candidates for this query: 118920 / 991000 (12.0000%)
Direct-scan valid (label_dim=1,l=1): 118920 / 991000 (12.0000%)
First 5 base vectors passing filter:
  Base    19: labels=[50134]
  Base    33: labels=[1437115]
  Base    37: labels=[4668647]
  Base    68: labels=[6017620]
  Base    69: labels=[6143720]

--- Query 1 ---
Filter bounds:
  Interval 0: [3.00, 6379213.00]
Valid candidates for this query: 118920 / 991000 (12.0000%)
Direct-scan valid (label_dim=1,l=1): 118920 / 991000 (12.0000%)
First 5 base vectors passing filter:
  Base    19: labels=[50134]
  Base    33: labels=[1437115]
  Base    37: labels=[4668647]
  Base    68: labels=[6017620]
  Base    69: labels=[6143720]

--- Query 2 ---
Filter bounds:
  Interval 0: [3.00, 6379213.00]
Valid candidates for this query: 118920 / 991000 (12.0000%)
Direct-scan valid (label_dim=1,l=1): 118920 / 991000 (12.0000%)
First 5 base vectors passing filter:
  Base    19: labels=[50134]
  Base    33: labels=[1437115]
  Base    37: labels=[4668647]
  Base    68: labels=[6017620]
  Base    69: labels=[6143720]
========================================

[efs=100][timed_k=100] search_time=0.979 s, avg=0.098 ms/query, QPS=10214.5
[efs=100] latency_p50_s=0.000095875 latency_p95_s=0.000111972 latency_p99_s=0.000115295 warmup_runs=2 warmup_queries=1000
[efs=100] R@1=0.9732 (same run as timed_k=100)
[efs=100] R@5=0.9651 (same run as timed_k=100)
[efs=100] R@10=0.9579 (same run as timed_k=100)
[efs=100] R@100=0.8985 (same run as timed_k=100)
[efs=100] R@1=0.9732 | R@5=0.9651 | R@10=0.9579 | R@100=0.8985 | QPS@100=10214.5
[efs=200][timed_k=100] search_time=1.716 s, avg=0.172 ms/query, QPS=5828.4
[efs=200] latency_p50_s=0.000168013 latency_p95_s=0.000193812 latency_p99_s=0.000203950 warmup_runs=2 warmup_queries=1000
[efs=200] R@1=0.9905 (same run as timed_k=100)
[efs=200] R@5=0.9872 (same run as timed_k=100)
[efs=200] R@10=0.9841 (same run as timed_k=100)
[efs=200] R@100=0.9550 (same run as timed_k=100)
[efs=200] R@1=0.9905 | R@5=0.9872 | R@10=0.9841 | R@100=0.9550 | QPS@100=5828.4
[efs=400][timed_k=100] search_time=2.955 s, avg=0.296 ms/query, QPS=3384.0
[efs=400] latency_p50_s=0.000289820 latency_p95_s=0.000323083 latency_p99_s=0.000336712 warmup_runs=2 warmup_queries=1000
[efs=400] R@1=0.9964 (same run as timed_k=100)
[efs=400] R@5=0.9955 (same run as timed_k=100)
[efs=400] R@10=0.9941 (same run as timed_k=100)
[efs=400] R@100=0.9826 (same run as timed_k=100)
[efs=400] R@1=0.9964 | R@5=0.9955 | R@10=0.9941 | R@100=0.9826 | QPS@100=3384.0
[efs=800][timed_k=100] search_time=5.370 s, avg=0.537 ms/query, QPS=1862.2
[efs=800] latency_p50_s=0.000533500 latency_p95_s=0.000621073 latency_p99_s=0.000654132 warmup_runs=2 warmup_queries=1000
[efs=800] R@1=0.9993 (same run as timed_k=100)
[efs=800] R@5=0.9987 (same run as timed_k=100)
[efs=800] R@10=0.9982 (same run as timed_k=100)
[efs=800] R@100=0.9942 (same run as timed_k=100)
[efs=800] R@1=0.9993 | R@5=0.9987 | R@10=0.9982 | R@100=0.9942 | QPS@100=1862.2
[efs=1600][timed_k=100] search_time=9.760 s, avg=0.976 ms/query, QPS=1024.6
[efs=1600] latency_p50_s=0.000962268 latency_p95_s=0.001087320 latency_p99_s=0.001106805 warmup_runs=2 warmup_queries=1000
[efs=1600] R@1=0.9999 (same run as timed_k=100)
[efs=1600] R@5=0.9998 (same run as timed_k=100)
[efs=1600] R@10=0.9996 (same run as timed_k=100)
[efs=1600] R@100=0.9984 (same run as timed_k=100)
[efs=1600] R@1=0.9999 | R@5=0.9998 | R@10=0.9996 | R@100=0.9984 | QPS@100=1024.6
finished hybrid index examples
============= ACORN QUERY PROFILING STATS =============
[435.948 s] Timing results for search of k=100 nearest neighbors of nq=10000 vectors in the index
n1: 60000
n2: 60000
n3 (number distance comps at level 0): 488405992
ndis: 0
nreorder: 0
average distance computations per query: 8140.099609
[435.948 s] -----DONE-----
