START 2026-08-18T11:28:33+08:00 slot=2 cpuset=56-83
2026-08-18 11:28:35,386 - bvb - INFO - running only pgvector-hnsw
2026-08-18 11:28:35,387 - bvb - INFO - Order: [Definition(algorithm='pgvector-hnsw', constructor='PGVectorHNSW', module='bigvectorbench.algorithms.pgvector', docker_tag='bigvectorbench-pgvector', arguments=['euclidean', {'M': 32, 'efConstruction': 100}], query_argument_groups=[[100], [200], [400], [800], [1000]], disabled=False), Definition(algorithm='pgvector-hnsw', constructor='PGVectorHNSW', module='bigvectorbench.algorithms.pgvector', docker_tag='bigvectorbench-pgvector', arguments=['euclidean', {'M': 32, 'efConstruction': 400}], query_argument_groups=[[100], [200], [400], [800], [1000]], disabled=False), Definition(algorithm='pgvector-hnsw', constructor='PGVectorHNSW', module='bigvectorbench.algorithms.pgvector', docker_tag='bigvectorbench-pgvector', arguments=['euclidean', {'M': 100, 'efConstruction': 400}], query_argument_groups=[[100], [200], [400], [800], [1000]], disabled=False), Definition(algorithm='pgvector-hnsw', constructor='PGVectorHNSW', module='bigvectorbench.algorithms.pgvector', docker_tag='bigvectorbench-pgvector', arguments=['euclidean', {'M': 64, 'efConstruction': 400}], query_argument_groups=[[100], [200], [400], [800], [1000]], disabled=False), Definition(algorithm='pgvector-hnsw', constructor='PGVectorHNSW', module='bigvectorbench.algorithms.pgvector', docker_tag='bigvectorbench-pgvector', arguments=['euclidean', {'M': 64, 'efConstruction': 100}], query_argument_groups=[[100], [200], [400], [800], [1000]], disabled=False), Definition(algorithm='pgvector-hnsw', constructor='PGVectorHNSW', module='bigvectorbench.algorithms.pgvector', docker_tag='bigvectorbench-pgvector', arguments=['euclidean', {'M': 100, 'efConstruction': 100}], query_argument_groups=[[100], [200], [400], [800], [1000]], disabled=False)]
Process Process-1:
Traceback (most recent call last):
  File "<remote_artifact>", line 80, in _connect
    import psycopg
ModuleNotFoundError: No module named 'psycopg'

The above exception was the direct cause of the following exception:

Traceback (most recent call last):
  File "<remote_artifact>", line 314, in _bootstrap
    self.run()
  File "<remote_artifact>", line 108, in run
    self._target(*self._args, **self._kwargs)
  File "<remote_artifact>", line 152, in run_worker
    run(
  File "<remote_artifact>", line 793, in run
    insert_time, data_size = insert_data(
  File "<remote_artifact>", line 609, in insert_data
    algo.load_data(X_train, X_train_label, label_names, label_types)
  File "<remote_artifact>", line 117, in load_data
    self.conn = self._connect()
  File "<remote_artifact>", line 83, in _connect
    raise RuntimeError(
RuntimeError: pgvector adapter requires psycopg and pgvector packages
Trying to instantiate bigvectorbench.algorithms.pgvector.PGVectorHNSW(['euclidean', {'M': 32, 'efConstruction': 100}])
Dataset type: filter-ann
Distance metric: euclidean
Got a train set of size               (991000 * 256) with 1 labels
label names: ['attribute']
label types: ['int32']
filter expression function: def filter_expr(attribute_low, attribute_high): return f'attribute >= {attribute_low} and attribute <= {attribute_high}'
Got 10000 queries
2026-08-18 11:28:38,781 - bvb - INFO - Terminating 1 workers
START 2026-08-18T11:38:48+08:00 slot=2 cpuset=56-83
2026-08-18 11:38:50,068 - bvb - INFO - running only pgvector-hnsw
2026-08-18 11:38:50,068 - bvb - INFO - Order: [Definition(algorithm='pgvector-hnsw', constructor='PGVectorHNSW', module='bigvectorbench.algorithms.pgvector', docker_tag='bigvectorbench-pgvector', arguments=['euclidean', {'M': 64, 'efConstruction': 100}], query_argument_groups=[[100], [200], [400], [800], [1000]], disabled=False), Definition(algorithm='pgvector-hnsw', constructor='PGVectorHNSW', module='bigvectorbench.algorithms.pgvector', docker_tag='bigvectorbench-pgvector', arguments=['euclidean', {'M': 64, 'efConstruction': 400}], query_argument_groups=[[100], [200], [400], [800], [1000]], disabled=False), Definition(algorithm='pgvector-hnsw', constructor='PGVectorHNSW', module='bigvectorbench.algorithms.pgvector', docker_tag='bigvectorbench-pgvector', arguments=['euclidean', {'M': 32, 'efConstruction': 100}], query_argument_groups=[[100], [200], [400], [800], [1000]], disabled=False), Definition(algorithm='pgvector-hnsw', constructor='PGVectorHNSW', module='bigvectorbench.algorithms.pgvector', docker_tag='bigvectorbench-pgvector', arguments=['euclidean', {'M': 100, 'efConstruction': 400}], query_argument_groups=[[100], [200], [400], [800], [1000]], disabled=False), Definition(algorithm='pgvector-hnsw', constructor='PGVectorHNSW', module='bigvectorbench.algorithms.pgvector', docker_tag='bigvectorbench-pgvector', arguments=['euclidean', {'M': 100, 'efConstruction': 100}], query_argument_groups=[[100], [200], [400], [800], [1000]], disabled=False), Definition(algorithm='pgvector-hnsw', constructor='PGVectorHNSW', module='bigvectorbench.algorithms.pgvector', docker_tag='bigvectorbench-pgvector', arguments=['euclidean', {'M': 32, 'efConstruction': 400}], query_argument_groups=[[100], [200], [400], [800], [1000]], disabled=False)]
Process Process-1:
Traceback (most recent call last):
  File "<remote_artifact>", line 314, in _bootstrap
    self.run()
  File "<remote_artifact>", line 108, in run
    self._target(*self._args, **self._kwargs)
  File "<remote_artifact>", line 152, in run_worker
    run(
  File "<remote_artifact>", line 793, in run
    insert_time, data_size = insert_data(
  File "<remote_artifact>", line 609, in insert_data
    algo.load_data(X_train, X_train_label, label_names, label_types)
  File "<remote_artifact>", line 182, in load_data
    self.cur.execute(
  File "<remote_artifact>", line 117, in execute
    raise ex.with_traceback(None)
psycopg.errors.InvalidParameterValue: ef_construction must be greater than or equal to 2 * m
Trying to instantiate bigvectorbench.algorithms.pgvector.PGVectorHNSW(['euclidean', {'M': 64, 'efConstruction': 100}])
Dataset type: filter-ann
Distance metric: euclidean
Got a train set of size               (991000 * 256) with 1 labels
label names: ['attribute']
label types: ['int32']
filter expression function: def filter_expr(attribute_low, attribute_high): return f'attribute >= {attribute_low} and attribute <= {attribute_high}'
Got 10000 queries
2026-08-18 11:39:03,406 - bvb - INFO - Terminating 1 workers
START 2026-08-18T11:42:38+08:00 slot=2 cpuset=56-83
2026-08-18 11:42:40,209 - bvb - INFO - running only pgvector-hnsw
2026-08-18 11:42:40,210 - bvb - INFO - Order: [Definition(algorithm='pgvector-hnsw', constructor='PGVectorHNSW', module='bigvectorbench.algorithms.pgvector', docker_tag='bigvectorbench-pgvector', arguments=['euclidean', {'M': 32, 'efConstruction': 400}], query_argument_groups=[[100], [200], [400], [800], [1000]], disabled=False), Definition(algorithm='pgvector-hnsw', constructor='PGVectorHNSW', module='bigvectorbench.algorithms.pgvector', docker_tag='bigvectorbench-pgvector', arguments=['euclidean', {'M': 32, 'efConstruction': 100}], query_argument_groups=[[100], [200], [400], [800], [1000]], disabled=False), Definition(algorithm='pgvector-hnsw', constructor='PGVectorHNSW', module='bigvectorbench.algorithms.pgvector', docker_tag='bigvectorbench-pgvector', arguments=['euclidean', {'M': 100, 'efConstruction': 100}], query_argument_groups=[[100], [200], [400], [800], [1000]], disabled=False), Definition(algorithm='pgvector-hnsw', constructor='PGVectorHNSW', module='bigvectorbench.algorithms.pgvector', docker_tag='bigvectorbench-pgvector', arguments=['euclidean', {'M': 64, 'efConstruction': 100}], query_argument_groups=[[100], [200], [400], [800], [1000]], disabled=False), Definition(algorithm='pgvector-hnsw', constructor='PGVectorHNSW', module='bigvectorbench.algorithms.pgvector', docker_tag='bigvectorbench-pgvector', arguments=['euclidean', {'M': 64, 'efConstruction': 400}], query_argument_groups=[[100], [200], [400], [800], [1000]], disabled=False), Definition(algorithm='pgvector-hnsw', constructor='PGVectorHNSW', module='bigvectorbench.algorithms.pgvector', docker_tag='bigvectorbench-pgvector', arguments=['euclidean', {'M': 100, 'efConstruction': 400}], query_argument_groups=[[100], [200], [400], [800], [1000]], disabled=False)]
START 2026-08-18T11:45:13+08:00 slot=2 cpuset=56-83
2026-08-18 11:45:14,893 - bvb - INFO - running only pgvector-hnsw
2026-08-18 11:45:14,894 - bvb - INFO - Order: [Definition(algorithm='pgvector-hnsw', constructor='PGVectorHNSW', module='bigvectorbench.algorithms.pgvector', docker_tag='bigvectorbench-pgvector', arguments=['euclidean', {'M': 32, 'efConstruction': 100}], query_argument_groups=[[100], [200], [400], [800], [1000]], disabled=False), Definition(algorithm='pgvector-hnsw', constructor='PGVectorHNSW', module='bigvectorbench.algorithms.pgvector', docker_tag='bigvectorbench-pgvector', arguments=['euclidean', {'M': 32, 'efConstruction': 400}], query_argument_groups=[[100], [200], [400], [800], [1000]], disabled=False), Definition(algorithm='pgvector-hnsw', constructor='PGVectorHNSW', module='bigvectorbench.algorithms.pgvector', docker_tag='bigvectorbench-pgvector', arguments=['euclidean', {'M': 64, 'efConstruction': 400}], query_argument_groups=[[100], [200], [400], [800], [1000]], disabled=False), Definition(algorithm='pgvector-hnsw', constructor='PGVectorHNSW', module='bigvectorbench.algorithms.pgvector', docker_tag='bigvectorbench-pgvector', arguments=['euclidean', {'M': 100, 'efConstruction': 100}], query_argument_groups=[[100], [200], [400], [800], [1000]], disabled=False), Definition(algorithm='pgvector-hnsw', constructor='PGVectorHNSW', module='bigvectorbench.algorithms.pgvector', docker_tag='bigvectorbench-pgvector', arguments=['euclidean', {'M': 64, 'efConstruction': 100}], query_argument_groups=[[100], [200], [400], [800], [1000]], disabled=False), Definition(algorithm='pgvector-hnsw', constructor='PGVectorHNSW', module='bigvectorbench.algorithms.pgvector', docker_tag='bigvectorbench-pgvector', arguments=['euclidean', {'M': 100, 'efConstruction': 400}], query_argument_groups=[[100], [200], [400], [800], [1000]], disabled=False)]
START 2026-08-18T11:58:13+08:00 slot=2 cpuset=56-83
2026-08-18 11:58:15,430 - bvb - INFO - running only pgvector-hnsw
2026-08-18 11:58:15,434 - bvb - INFO - Order: [Definition(algorithm='pgvector-hnsw', constructor='PGVectorHNSW', module='bigvectorbench.algorithms.pgvector', docker_tag='bigvectorbench-pgvector', arguments=['euclidean', {'M': 32, 'efConstruction': 400}], query_argument_groups=[[100], [200], [400], [800], [1000]], disabled=False), Definition(algorithm='pgvector-hnsw', constructor='PGVectorHNSW', module='bigvectorbench.algorithms.pgvector', docker_tag='bigvectorbench-pgvector', arguments=['euclidean', {'M': 100, 'efConstruction': 400}], query_argument_groups=[[100], [200], [400], [800], [1000]], disabled=False), Definition(algorithm='pgvector-hnsw', constructor='PGVectorHNSW', module='bigvectorbench.algorithms.pgvector', docker_tag='bigvectorbench-pgvector', arguments=['euclidean', {'M': 64, 'efConstruction': 100}], query_argument_groups=[[100], [200], [400], [800], [1000]], disabled=False), Definition(algorithm='pgvector-hnsw', constructor='PGVectorHNSW', module='bigvectorbench.algorithms.pgvector', docker_tag='bigvectorbench-pgvector', arguments=['euclidean', {'M': 100, 'efConstruction': 100}], query_argument_groups=[[100], [200], [400], [800], [1000]], disabled=False), Definition(algorithm='pgvector-hnsw', constructor='PGVectorHNSW', module='bigvectorbench.algorithms.pgvector', docker_tag='bigvectorbench-pgvector', arguments=['euclidean', {'M': 32, 'efConstruction': 100}], query_argument_groups=[[100], [200], [400], [800], [1000]], disabled=False), Definition(algorithm='pgvector-hnsw', constructor='PGVectorHNSW', module='bigvectorbench.algorithms.pgvector', docker_tag='bigvectorbench-pgvector', arguments=['euclidean', {'M': 64, 'efConstruction': 400}], query_argument_groups=[[100], [200], [400], [800], [1000]], disabled=False)]
START 2026-08-18T12:01:36+08:00 slot=2 cpuset=56-83
2026-08-18 12:01:37,664 - bvb - INFO - running only pgvector-hnsw
2026-08-18 12:01:37,667 - bvb - INFO - Order: [Definition(algorithm='pgvector-hnsw', constructor='PGVectorHNSW', module='bigvectorbench.algorithms.pgvector', docker_tag='bigvectorbench-pgvector', arguments=['euclidean', {'M': 64, 'efConstruction': 400}], query_argument_groups=[[100], [200], [400], [800], [1000]], disabled=False), Definition(algorithm='pgvector-hnsw', constructor='PGVectorHNSW', module='bigvectorbench.algorithms.pgvector', docker_tag='bigvectorbench-pgvector', arguments=['euclidean', {'M': 32, 'efConstruction': 400}], query_argument_groups=[[100], [200], [400], [800], [1000]], disabled=False), Definition(algorithm='pgvector-hnsw', constructor='PGVectorHNSW', module='bigvectorbench.algorithms.pgvector', docker_tag='bigvectorbench-pgvector', arguments=['euclidean', {'M': 64, 'efConstruction': 100}], query_argument_groups=[[100], [200], [400], [800], [1000]], disabled=False), Definition(algorithm='pgvector-hnsw', constructor='PGVectorHNSW', module='bigvectorbench.algorithms.pgvector', docker_tag='bigvectorbench-pgvector', arguments=['euclidean', {'M': 100, 'efConstruction': 400}], query_argument_groups=[[100], [200], [400], [800], [1000]], disabled=False), Definition(algorithm='pgvector-hnsw', constructor='PGVectorHNSW', module='bigvectorbench.algorithms.pgvector', docker_tag='bigvectorbench-pgvector', arguments=['euclidean', {'M': 32, 'efConstruction': 100}], query_argument_groups=[[100], [200], [400], [800], [1000]], disabled=False), Definition(algorithm='pgvector-hnsw', constructor='PGVectorHNSW', module='bigvectorbench.algorithms.pgvector', docker_tag='bigvectorbench-pgvector', arguments=['euclidean', {'M': 100, 'efConstruction': 100}], query_argument_groups=[[100], [200], [400], [800], [1000]], disabled=False)]
Trying to instantiate bigvectorbench.algorithms.pgvector.PGVectorHNSW(['euclidean', {'M': 64, 'efConstruction': 400}])
Dataset type: filter-ann
Distance metric: euclidean
Got a train set of size               (991000 * 256) with 1 labels
label names: ['attribute']
label types: ['int32']
filter expression function: def filter_expr(attribute_low, attribute_high): return f'attribute >= {attribute_low} and attribute <= {attribute_high}'
Got 10000 queries
Inserted data in 35009.5288002491
Memory usage:  1982816.0
Built index in  0.0006670951843261719
Index size:  0.0
Running query argument group 1 of 5...
Run 1/1...
Warmup round 1/2...
Processed 1000/10000 queries...
Warmup round 2/2...
Processed 2000/10000 queries...
Processed 3000/10000 queries...
Processed 4000/10000 queries...
Processed 5000/10000 queries...
Processed 6000/10000 queries...
Processed 7000/10000 queries...
Processed 8000/10000 queries...
Processed 9000/10000 queries...
Processed 10000/10000 queries...
Processed 11000/10000 queries...
Processed 12000/10000 queries...
Running query argument group 2 of 5...
Run 1/1...
Warmup round 1/2...
Processed 1000/10000 queries...
Warmup round 2/2...
Processed 2000/10000 queries...
Processed 3000/10000 queries...
Processed 4000/10000 queries...
Processed 5000/10000 queries...
Processed 6000/10000 queries...
Processed 7000/10000 queries...
Processed 8000/10000 queries...
Processed 9000/10000 queries...
Processed 10000/10000 queries...
Processed 11000/10000 queries...
Processed 12000/10000 queries...
Running query argument group 3 of 5...
Run 1/1...
Warmup round 1/2...
Processed 1000/10000 queries...
Warmup round 2/2...
Processed 2000/10000 queries...
Processed 3000/10000 queries...
Processed 4000/10000 queries...
Processed 5000/10000 queries...
Processed 6000/10000 queries...
Processed 7000/10000 queries...
Processed 8000/10000 queries...
Processed 9000/10000 queries...
Processed 10000/10000 queries...
Processed 11000/10000 queries...
Processed 12000/10000 queries...
Running query argument group 4 of 5...
Run 1/1...
Warmup round 1/2...
Processed 1000/10000 queries...
Warmup round 2/2...
Processed 2000/10000 queries...
Processed 3000/10000 queries...
Processed 4000/10000 queries...
Processed 5000/10000 queries...
Processed 6000/10000 queries...
Processed 7000/10000 queries...
Processed 8000/10000 queries...
Processed 9000/10000 queries...
Processed 10000/10000 queries...
Processed 11000/10000 queries...
Processed 12000/10000 queries...
Running query argument group 5 of 5...
Run 1/1...
Warmup round 1/2...
Processed 1000/10000 queries...
Warmup round 2/2...
Processed 2000/10000 queries...
Processed 3000/10000 queries...
Processed 4000/10000 queries...
Processed 5000/10000 queries...
Processed 6000/10000 queries...
Processed 7000/10000 queries...
Processed 8000/10000 queries...
Processed 9000/10000 queries...
Processed 10000/10000 queries...
Processed 11000/10000 queries...
Processed 12000/10000 queries...
Processed 0/10000 inserts...
Processed 1000/10000 inserts...
Processed 2000/10000 inserts...
Processed 3000/10000 inserts...
Processed 4000/10000 inserts...
Processed 5000/10000 inserts...
Processed 6000/10000 inserts...
Processed 7000/10000 inserts...
Processed 8000/10000 inserts...
Processed 9000/10000 inserts...
Processed 0/10000 updates...
Processed 1000/10000 updates...
Processed 2000/10000 updates...
Processed 3000/10000 updates...
Processed 4000/10000 updates...
Processed 5000/10000 updates...
Processed 6000/10000 updates...
Processed 7000/10000 updates...
Processed 8000/10000 updates...
Processed 9000/10000 updates...
Processed 0/10000 deletes...
Processed 1000/10000 deletes...
Processed 2000/10000 deletes...
Processed 3000/10000 deletes...
Processed 4000/10000 deletes...
Processed 5000/10000 deletes...
Processed 6000/10000 deletes...
Processed 7000/10000 deletes...
Processed 8000/10000 deletes...
Processed 9000/10000 deletes...
Trying to instantiate bigvectorbench.algorithms.pgvector.PGVectorHNSW(['euclidean', {'M': 32, 'efConstruction': 400}])
Dataset type: filter-ann
Distance metric: euclidean
Got a train set of size               (991000 * 256) with 1 labels
label names: ['attribute']
label types: ['int32']
filter expression function: def filter_expr(attribute_low, attribute_high): return f'attribute >= {attribute_low} and attribute <= {attribute_high}'
Got 10000 queries
Inserted data in 11978.323232412338
Memory usage:  1585576.0
Built index in  0.0002956390380859375
Index size:  0.0
Running query argument group 1 of 5...
Run 1/1...
Warmup round 1/2...
Processed 1000/10000 queries...
Warmup round 2/2...
Processed 2000/10000 queries...
Processed 3000/10000 queries...
Processed 4000/10000 queries...
Processed 5000/10000 queries...
Processed 6000/10000 queries...
Processed 7000/10000 queries...
Processed 8000/10000 queries...
Processed 9000/10000 queries...
Processed 10000/10000 queries...
Processed 11000/10000 queries...
Processed 12000/10000 queries...
Running query argument group 2 of 5...
Run 1/1...
Warmup round 1/2...
Processed 1000/10000 queries...
Warmup round 2/2...
Processed 2000/10000 queries...
Processed 3000/10000 queries...
Processed 4000/10000 queries...
Processed 5000/10000 queries...
Processed 6000/10000 queries...
Processed 7000/10000 queries...
Processed 8000/10000 queries...
Processed 9000/10000 queries...
Processed 10000/10000 queries...
Processed 11000/10000 queries...
Processed 12000/10000 queries...
Running query argument group 3 of 5...
Run 1/1...
Warmup round 1/2...
Processed 1000/10000 queries...
Warmup round 2/2...
Processed 2000/10000 queries...
Processed 3000/10000 queries...
Processed 4000/10000 queries...
Processed 5000/10000 queries...
Processed 6000/10000 queries...
Processed 7000/10000 queries...
Processed 8000/10000 queries...
Processed 9000/10000 queries...
Processed 10000/10000 queries...
Processed 11000/10000 queries...
Processed 12000/10000 queries...
Running query argument group 4 of 5...
Run 1/1...
Warmup round 1/2...
Processed 1000/10000 queries...
Warmup round 2/2...
Processed 2000/10000 queries...
Processed 3000/10000 queries...
Processed 4000/10000 queries...
Processed 5000/10000 queries...
Processed 6000/10000 queries...
Processed 7000/10000 queries...
Processed 8000/10000 queries...
Processed 9000/10000 queries...
Processed 10000/10000 queries...
Processed 11000/10000 queries...
Processed 12000/10000 queries...
Running query argument group 5 of 5...
Run 1/1...
Warmup round 1/2...
Processed 1000/10000 queries...
Warmup round 2/2...
Processed 2000/10000 queries...
Processed 3000/10000 queries...
Processed 4000/10000 queries...
Processed 5000/10000 queries...
Processed 6000/10000 queries...
Processed 7000/10000 queries...
Processed 8000/10000 queries...
Processed 9000/10000 queries...
Processed 10000/10000 queries...
Processed 11000/10000 queries...
Processed 12000/10000 queries...
Processed 0/10000 inserts...
Processed 1000/10000 inserts...
Processed 2000/10000 inserts...
Processed 3000/10000 inserts...
Processed 4000/10000 inserts...
Processed 5000/10000 inserts...
Processed 6000/10000 inserts...
Processed 7000/10000 inserts...
Processed 8000/10000 inserts...
Processed 9000/10000 inserts...
Processed 0/10000 updates...
Processed 1000/10000 updates...
Processed 2000/10000 updates...
Processed 3000/10000 updates...
Processed 4000/10000 updates...
Processed 5000/10000 updates...
Processed 6000/10000 updates...
Processed 7000/10000 updates...
Processed 8000/10000 updates...
Processed 9000/10000 updates...
Processed 0/10000 deletes...
Processed 1000/10000 deletes...
Processed 2000/10000 deletes...
Processed 3000/10000 deletes...
Processed 4000/10000 deletes...
Processed 5000/10000 deletes...
Processed 6000/10000 deletes...
Processed 7000/10000 deletes...
Processed 8000/10000 deletes...
Processed 9000/10000 deletes...
Trying to instantiate bigvectorbench.algorithms.pgvector.PGVectorHNSW(['euclidean', {'M': 64, 'efConstruction': 100}])
Dataset type: filter-ann
Distance metric: euclidean
Got a train set of size               (991000 * 256) with 1 labels
label names: ['attribute']
label types: ['int32']
filter expression function: def filter_expr(attribute_low, attribute_high): return f'attribute >= {attribute_low} and attribute <= {attribute_high}'
Got 10000 queries
Inserted data in 13212.812448263168
Memory usage:  1982888.0
Built index in  0.00018930435180664062
Index size:  0.0
Running query argument group 1 of 5...
Run 1/1...
Warmup round 1/2...
Processed 1000/10000 queries...
Warmup round 2/2...
Processed 2000/10000 queries...
Processed 3000/10000 queries...
Processed 4000/10000 queries...
Processed 5000/10000 queries...
Processed 6000/10000 queries...
Processed 7000/10000 queries...
Processed 8000/10000 queries...
Processed 9000/10000 queries...
Processed 10000/10000 queries...
Processed 11000/10000 queries...
Processed 12000/10000 queries...
Running query argument group 2 of 5...
Run 1/1...
Warmup round 1/2...
Processed 1000/10000 queries...
Warmup round 2/2...
Processed 2000/10000 queries...
Processed 3000/10000 queries...
Processed 4000/10000 queries...
Processed 5000/10000 queries...
Processed 6000/10000 queries...
Processed 7000/10000 queries...
Processed 8000/10000 queries...
Processed 9000/10000 queries...
Processed 10000/10000 queries...
Processed 11000/10000 queries...
Processed 12000/10000 queries...
Running query argument group 3 of 5...
Run 1/1...
Warmup round 1/2...
Processed 1000/10000 queries...
Warmup round 2/2...
Processed 2000/10000 queries...
Processed 3000/10000 queries...
Processed 4000/10000 queries...
Processed 5000/10000 queries...
Processed 6000/10000 queries...
Processed 7000/10000 queries...
Processed 8000/10000 queries...
Processed 9000/10000 queries...
Processed 10000/10000 queries...
Processed 11000/10000 queries...
Processed 12000/10000 queries...
Running query argument group 4 of 5...
Run 1/1...
Warmup round 1/2...
Processed 1000/10000 queries...
Warmup round 2/2...
Processed 2000/10000 queries...
Processed 3000/10000 queries...
Processed 4000/10000 queries...
Processed 5000/10000 queries...
Processed 6000/10000 queries...
Processed 7000/10000 queries...
Processed 8000/10000 queries...
Processed 9000/10000 queries...
Processed 10000/10000 queries...
Processed 11000/10000 queries...
Processed 12000/10000 queries...
Running query argument group 5 of 5...
Run 1/1...
Warmup round 1/2...
Processed 1000/10000 queries...
Warmup round 2/2...
Processed 2000/10000 queries...
Processed 3000/10000 queries...
Processed 4000/10000 queries...
Processed 5000/10000 queries...
Processed 6000/10000 queries...
Processed 7000/10000 queries...
Processed 8000/10000 queries...
Processed 9000/10000 queries...
Processed 10000/10000 queries...
Processed 11000/10000 queries...
Processed 12000/10000 queries...
Processed 0/10000 inserts...
Processed 1000/10000 inserts...
Processed 2000/10000 inserts...
Processed 3000/10000 inserts...
Processed 4000/10000 inserts...
Processed 5000/10000 inserts...
Processed 6000/10000 inserts...
Processed 7000/10000 inserts...
Processed 8000/10000 inserts...
Processed 9000/10000 inserts...
Processed 0/10000 updates...
Processed 1000/10000 updates...
Processed 2000/10000 updates...
Processed 3000/10000 updates...
Processed 4000/10000 updates...
Processed 5000/10000 updates...
Processed 6000/10000 updates...
Processed 7000/10000 updates...
Processed 8000/10000 updates...
Processed 9000/10000 updates...
Processed 0/10000 deletes...
Processed 1000/10000 deletes...
Processed 2000/10000 deletes...
Processed 3000/10000 deletes...
Processed 4000/10000 deletes...
Processed 5000/10000 deletes...
Processed 6000/10000 deletes...
Processed 7000/10000 deletes...
Processed 8000/10000 deletes...
Processed 9000/10000 deletes...
Trying to instantiate bigvectorbench.algorithms.pgvector.PGVectorHNSW(['euclidean', {'M': 100, 'efConstruction': 400}])
Dataset type: filter-ann
Distance metric: euclidean
Got a train set of size               (991000 * 256) with 1 labels
label names: ['attribute']
label types: ['int32']
filter expression function: def filter_expr(attribute_low, attribute_high): return f'attribute >= {attribute_low} and attribute <= {attribute_high}'
Got 10000 queries
Inserted data in 50405.13373327255
Memory usage:  2642600.0
Built index in  0.00030922889709472656
Index size:  0.0
Running query argument group 1 of 5...
Run 1/1...
Warmup round 1/2...
Processed 1000/10000 queries...
Warmup round 2/2...
Processed 2000/10000 queries...
Processed 3000/10000 queries...
Processed 4000/10000 queries...
Processed 5000/10000 queries...
Processed 6000/10000 queries...
Processed 7000/10000 queries...
Processed 8000/10000 queries...
Processed 9000/10000 queries...
Processed 10000/10000 queries...
Processed 11000/10000 queries...
Processed 12000/10000 queries...
Running query argument group 2 of 5...
Run 1/1...
Warmup round 1/2...
Processed 1000/10000 queries...
Warmup round 2/2...
Processed 2000/10000 queries...
Processed 3000/10000 queries...
Processed 4000/10000 queries...
Processed 5000/10000 queries...
Processed 6000/10000 queries...
Processed 7000/10000 queries...
Processed 8000/10000 queries...
Processed 9000/10000 queries...
Processed 10000/10000 queries...
Processed 11000/10000 queries...
Processed 12000/10000 queries...
Running query argument group 3 of 5...
Run 1/1...
Warmup round 1/2...
Processed 1000/10000 queries...
Warmup round 2/2...
Processed 2000/10000 queries...
Processed 3000/10000 queries...
Processed 4000/10000 queries...
Processed 5000/10000 queries...
Processed 6000/10000 queries...
Processed 7000/10000 queries...
Processed 8000/10000 queries...
Processed 9000/10000 queries...
Processed 10000/10000 queries...
Processed 11000/10000 queries...
Processed 12000/10000 queries...
Running query argument group 4 of 5...
Run 1/1...
Warmup round 1/2...
Processed 1000/10000 queries...
Warmup round 2/2...
Processed 2000/10000 queries...
Processed 3000/10000 queries...
Processed 4000/10000 queries...
Processed 5000/10000 queries...
Processed 6000/10000 queries...
Processed 7000/10000 queries...
Processed 8000/10000 queries...
Processed 9000/10000 queries...
Processed 10000/10000 queries...
Processed 11000/10000 queries...
Processed 12000/10000 queries...
Running query argument group 5 of 5...
Run 1/1...
Warmup round 1/2...
Processed 1000/10000 queries...
Warmup round 2/2...
Processed 2000/10000 queries...
Processed 3000/10000 queries...
Processed 4000/10000 queries...
Processed 5000/10000 queries...
Processed 6000/10000 queries...
Processed 7000/10000 queries...
Processed 8000/10000 queries...
Processed 9000/10000 queries...
Processed 10000/10000 queries...
Processed 11000/10000 queries...
Processed 12000/10000 queries...
Processed 0/10000 inserts...
Processed 1000/10000 inserts...
Processed 2000/10000 inserts...
Processed 3000/10000 inserts...
Processed 4000/10000 inserts...
Processed 5000/10000 inserts...
Processed 6000/10000 inserts...
Processed 7000/10000 inserts...
Processed 8000/10000 inserts...
Processed 9000/10000 inserts...
Processed 0/10000 updates...
Processed 1000/10000 updates...
Processed 2000/10000 updates...
Processed 3000/10000 updates...
Processed 4000/10000 updates...
Processed 5000/10000 updates...
Processed 6000/10000 updates...
Processed 7000/10000 updates...
Processed 8000/10000 updates...
Processed 9000/10000 updates...
Processed 0/10000 deletes...
Processed 1000/10000 deletes...
Processed 2000/10000 deletes...
Processed 3000/10000 deletes...
Processed 4000/10000 deletes...
Processed 5000/10000 deletes...
Processed 6000/10000 deletes...
Processed 7000/10000 deletes...
Processed 8000/10000 deletes...
Processed 9000/10000 deletes...
Trying to instantiate bigvectorbench.algorithms.pgvector.PGVectorHNSW(['euclidean', {'M': 32, 'efConstruction': 100}])
Dataset type: filter-ann
Distance metric: euclidean
Got a train set of size               (991000 * 256) with 1 labels
label names: ['attribute']
label types: ['int32']
filter expression function: def filter_expr(attribute_low, attribute_high): return f'attribute >= {attribute_low} and attribute <= {attribute_high}'
Got 10000 queries
Inserted data in 5382.056548118591
Memory usage:  1585576.0
Built index in  0.0002989768981933594
Index size:  0.0
Running query argument group 1 of 5...
Run 1/1...
Warmup round 1/2...
Processed 1000/10000 queries...
Warmup round 2/2...
Processed 2000/10000 queries...
Processed 3000/10000 queries...
Processed 4000/10000 queries...
Processed 5000/10000 queries...
Processed 6000/10000 queries...
Processed 7000/10000 queries...
Processed 8000/10000 queries...
Processed 9000/10000 queries...
Processed 10000/10000 queries...
Processed 11000/10000 queries...
Processed 12000/10000 queries...
Running query argument group 2 of 5...
Run 1/1...
Warmup round 1/2...
Processed 1000/10000 queries...
Warmup round 2/2...
Processed 2000/10000 queries...
Processed 3000/10000 queries...
Processed 4000/10000 queries...
Processed 5000/10000 queries...
Processed 6000/10000 queries...
Processed 7000/10000 queries...
Processed 8000/10000 queries...
Processed 9000/10000 queries...
Processed 10000/10000 queries...
Processed 11000/10000 queries...
Processed 12000/10000 queries...
Running query argument group 3 of 5...
Run 1/1...
Warmup round 1/2...
Processed 1000/10000 queries...
Warmup round 2/2...
Processed 2000/10000 queries...
Processed 3000/10000 queries...
Processed 4000/10000 queries...
Processed 5000/10000 queries...
Processed 6000/10000 queries...
Processed 7000/10000 queries...
Processed 8000/10000 queries...
Processed 9000/10000 queries...
Processed 10000/10000 queries...
Processed 11000/10000 queries...
Processed 12000/10000 queries...
Running query argument group 4 of 5...
Run 1/1...
Warmup round 1/2...
Processed 1000/10000 queries...
Warmup round 2/2...
Processed 2000/10000 queries...
Processed 3000/10000 queries...
Processed 4000/10000 queries...
Processed 5000/10000 queries...
Processed 6000/10000 queries...
Processed 7000/10000 queries...
Processed 8000/10000 queries...
Processed 9000/10000 queries...
Processed 10000/10000 queries...
Processed 11000/10000 queries...
Processed 12000/10000 queries...
Running query argument group 5 of 5...
Run 1/1...
Warmup round 1/2...
Processed 1000/10000 queries...
Warmup round 2/2...
Processed 2000/10000 queries...
Processed 3000/10000 queries...
Processed 4000/10000 queries...
Processed 5000/10000 queries...
Processed 6000/10000 queries...
Processed 7000/10000 queries...
Processed 8000/10000 queries...
Processed 9000/10000 queries...
Processed 10000/10000 queries...
Processed 11000/10000 queries...
Processed 12000/10000 queries...
Processed 0/10000 inserts...
Processed 1000/10000 inserts...
Processed 2000/10000 inserts...
Processed 3000/10000 inserts...
Processed 4000/10000 inserts...
Processed 5000/10000 inserts...
Processed 6000/10000 inserts...
Processed 7000/10000 inserts...
Processed 8000/10000 inserts...
Processed 9000/10000 inserts...
Processed 0/10000 updates...
Processed 1000/10000 updates...
Processed 2000/10000 updates...
Processed 3000/10000 updates...
Processed 4000/10000 updates...
Processed 5000/10000 updates...
Processed 6000/10000 updates...
Processed 7000/10000 updates...
Processed 8000/10000 updates...
Processed 9000/10000 updates...
Processed 0/10000 deletes...
Processed 1000/10000 deletes...
Processed 2000/10000 deletes...
Processed 3000/10000 deletes...
Processed 4000/10000 deletes...
Processed 5000/10000 deletes...
Processed 6000/10000 deletes...
Processed 7000/10000 deletes...
Processed 8000/10000 deletes...
Processed 9000/10000 deletes...
Trying to instantiate bigvectorbench.algorithms.pgvector.PGVectorHNSW(['euclidean', {'M': 100, 'efConstruction': 100}])
Dataset type: filter-ann
Distance metric: euclidean
Got a train set of size               (991000 * 256) with 1 labels
label names: ['attribute']
label types: ['int32']
filter expression function: def filter_expr(attribute_low, attribute_high): return f'attribute >= {attribute_low} and attribute <= {attribute_high}'
Got 10000 queries
Inserted data in 35043.75615119934
Memory usage:  2642680.0
Built index in  0.00045680999755859375
Index size:  0.0
Running query argument group 1 of 5...
Run 1/1...
Warmup round 1/2...
Processed 1000/10000 queries...
Warmup round 2/2...
Processed 2000/10000 queries...
Processed 3000/10000 queries...
Processed 4000/10000 queries...
Processed 5000/10000 queries...
Processed 6000/10000 queries...
Processed 7000/10000 queries...
Processed 8000/10000 queries...
Processed 9000/10000 queries...
Processed 10000/10000 queries...
Processed 11000/10000 queries...
Processed 12000/10000 queries...
Running query argument group 2 of 5...
Run 1/1...
Warmup round 1/2...
Processed 1000/10000 queries...
Warmup round 2/2...
Processed 2000/10000 queries...
Processed 3000/10000 queries...
Processed 4000/10000 queries...
Processed 5000/10000 queries...
Processed 6000/10000 queries...
Processed 7000/10000 queries...
Processed 8000/10000 queries...
Processed 9000/10000 queries...
Processed 10000/10000 queries...
Processed 11000/10000 queries...
Processed 12000/10000 queries...
Running query argument group 3 of 5...
Run 1/1...
Warmup round 1/2...
Processed 1000/10000 queries...
Warmup round 2/2...
Processed 2000/10000 queries...
Processed 3000/10000 queries...
Processed 4000/10000 queries...
Processed 5000/10000 queries...
Processed 6000/10000 queries...
Processed 7000/10000 queries...
Processed 8000/10000 queries...
Processed 9000/10000 queries...
Processed 10000/10000 queries...
Processed 11000/10000 queries...
Processed 12000/10000 queries...
Running query argument group 4 of 5...
Run 1/1...
Warmup round 1/2...
Processed 1000/10000 queries...
Warmup round 2/2...
Processed 2000/10000 queries...
Processed 3000/10000 queries...
Processed 4000/10000 queries...
Processed 5000/10000 queries...
Processed 6000/10000 queries...
Processed 7000/10000 queries...
Processed 8000/10000 queries...
Processed 9000/10000 queries...
Processed 10000/10000 queries...
Processed 11000/10000 queries...
Processed 12000/10000 queries...
Running query argument group 5 of 5...
Run 1/1...
Warmup round 1/2...
Processed 1000/10000 queries...
Warmup round 2/2...
Processed 2000/10000 queries...
Processed 3000/10000 queries...
Processed 4000/10000 queries...
Processed 5000/10000 queries...
Processed 6000/10000 queries...
Processed 7000/10000 queries...
Processed 8000/10000 queries...
Processed 9000/10000 queries...
Processed 10000/10000 queries...
Processed 11000/10000 queries...
Processed 12000/10000 queries...
Processed 0/10000 inserts...
Processed 1000/10000 inserts...
Processed 2000/10000 inserts...
Processed 3000/10000 inserts...
Processed 4000/10000 inserts...
Processed 5000/10000 inserts...
Processed 6000/10000 inserts...
Processed 7000/10000 inserts...
Processed 8000/10000 inserts...
Processed 9000/10000 inserts...
Processed 0/10000 updates...
Processed 1000/10000 updates...
Processed 2000/10000 updates...
Processed 3000/10000 updates...
Processed 4000/10000 updates...
Processed 5000/10000 updates...
Processed 6000/10000 updates...
Processed 7000/10000 updates...
Processed 8000/10000 updates...
Processed 9000/10000 updates...
Processed 0/10000 deletes...
Processed 1000/10000 deletes...
Processed 2000/10000 deletes...
Processed 3000/10000 deletes...
Processed 4000/10000 deletes...
Processed 5000/10000 deletes...
Processed 6000/10000 deletes...
Processed 7000/10000 deletes...
Processed 8000/10000 deletes...
Processed 9000/10000 deletes...
2026-08-20 17:27:09,951 - bvb - INFO - Terminating 1 workers
<remote_artifact> line 81: rithms_corr: command not found
