START 2026-08-13T19:01:46+08:00 slot=2 cpuset=56-83
2026-08-13 19:01:48,573 - bvb - INFO - running only milvus-ivfpq
2026-08-13 19:01:48,737 - bvb - INFO - Order: [Definition(algorithm='milvus-ivfpq', constructor='MilvusIVFPQ', module='bigvectorbench.algorithms.milvus', docker_tag='bigvectorbench-milvus', arguments=['euclidean', 256, {'nlist': 128, 'm': 16, 'nbits': 8}], query_argument_groups=[[8], [32], [64], [128]], disabled=False), Definition(algorithm='milvus-ivfpq', constructor='MilvusIVFPQ', module='bigvectorbench.algorithms.milvus', docker_tag='bigvectorbench-milvus', arguments=['euclidean', 256, {'nlist': 1024, 'm': 16, 'nbits': 8}], query_argument_groups=[[64], [256], [512], [1024]], disabled=False), Definition(algorithm='milvus-ivfpq', constructor='MilvusIVFPQ', module='bigvectorbench.algorithms.milvus', docker_tag='bigvectorbench-milvus', arguments=['euclidean', 256, {'nlist': 512, 'm': 16, 'nbits': 8}], query_argument_groups=[[32], [128], [256], [512]], disabled=False), Definition(algorithm='milvus-ivfpq', constructor='MilvusIVFPQ', module='bigvectorbench.algorithms.milvus', docker_tag='bigvectorbench-milvus', arguments=['euclidean', 256, {'nlist': 128, 'm': 4, 'nbits': 8}], query_argument_groups=[[8], [32], [64], [128]], disabled=False), Definition(algorithm='milvus-ivfpq', constructor='MilvusIVFPQ', module='bigvectorbench.algorithms.milvus', docker_tag='bigvectorbench-milvus', arguments=['euclidean', 256, {'nlist': 512, 'm': 4, 'nbits': 8}], query_argument_groups=[[32], [128], [256], [512]], disabled=False), Definition(algorithm='milvus-ivfpq', constructor='MilvusIVFPQ', module='bigvectorbench.algorithms.milvus', docker_tag='bigvectorbench-milvus', arguments=['euclidean', 256, {'nlist': 128, 'm': 8, 'nbits': 8}], query_argument_groups=[[8], [32], [64], [128]], disabled=False), Definition(algorithm='milvus-ivfpq', constructor='MilvusIVFPQ', module='bigvectorbench.algorithms.milvus', docker_tag='bigvectorbench-milvus', arguments=['euclidean', 256, {'nlist': 1024, 'm': 4, 'nbits': 8}], query_argument_groups=[[64], [256], [512], [1024]], disabled=False), Definition(algorithm='milvus-ivfpq', constructor='MilvusIVFPQ', module='bigvectorbench.algorithms.milvus', docker_tag='bigvectorbench-milvus', arguments=['euclidean', 256, {'nlist': 512, 'm': 8, 'nbits': 8}], query_argument_groups=[[32], [128], [256], [512]], disabled=False), Definition(algorithm='milvus-ivfpq', constructor='MilvusIVFPQ', module='bigvectorbench.algorithms.milvus', docker_tag='bigvectorbench-milvus', arguments=['euclidean', 256, {'nlist': 1024, 'm': 8, 'nbits': 8}], query_argument_groups=[[64], [256], [512], [1024]], disabled=False)]
 Container milvus-standalone  Stopping
 Container milvus-standalone  Stopped
 Container milvus-standalone  Removing
 Container milvus-standalone  Removed
 Container milvus-etcd  Stopping
 Container milvus-minio  Stopping
 Container milvus-etcd  Stopped
 Container milvus-etcd  Removing
 Container milvus-etcd  Removed
 Container milvus-minio  Stopped
 Container milvus-minio  Removing
 Container milvus-minio  Removed
 Network milvus  Removing
 Network milvus  Removed
 Network milvus  Creating
 Network milvus  Created
 Container milvus-minio  Creating
 Container milvus-etcd  Creating
 Container milvus-etcd  Created
 Container milvus-minio  Created
 Container milvus-standalone  Creating
 Container milvus-standalone  Created
 Container milvus-minio  Starting
 Container milvus-etcd  Starting
 Container milvus-minio  Started
 Container milvus-etcd  Started
 Container milvus-standalone  Starting
 Container milvus-standalone  Started
 Container milvus-standalone  Stopping
 Container milvus-standalone  Stopped
 Container milvus-standalone  Removing
 Container milvus-standalone  Removed
 Container milvus-minio  Stopping
 Container milvus-etcd  Stopping
 Container milvus-etcd  Stopped
 Container milvus-etcd  Removing
 Container milvus-etcd  Removed
 Container milvus-minio  Stopped
 Container milvus-minio  Removing
 Container milvus-minio  Removed
 Network milvus  Removing
 Network milvus  Removed
 Network milvus  Creating
 Network milvus  Created
 Container milvus-etcd  Creating
 Container milvus-minio  Creating
 Container milvus-minio  Created
 Container milvus-etcd  Created
 Container milvus-standalone  Creating
 Container milvus-standalone  Created
 Container milvus-minio  Starting
 Container milvus-etcd  Starting
 Container milvus-minio  Started
 Container milvus-etcd  Started
 Container milvus-standalone  Starting
 Container milvus-standalone  Started
Trying to instantiate bigvectorbench.algorithms.milvus.MilvusIVFPQ(['euclidean', 256, {'nlist': 128, 'm': 16, 'nbits': 8}])
[Milvus] docker compose up successfully!!!
[Milvus] Milvus version: 2.5.11
Dataset type: filter-ann
Distance metric: euclidean
Got a train set of size               (991000 * 256) with 1 labels
label names: ['attribute']
label types: ['int32']
filter expression function: def filter_expr(attribute_low, attribute_high): return f'attribute >= {attribute_low} and attribute <= {attribute_high}'
Got 10000 queries
[Milvus] Create collection {'collection_name': 'test_milvus', 'auto_id': False, 'num_shards': 1, 'description': 'Test milvus search', 'fields': [{'field_id': 100, 'name': 'id', 'description': '', 'type': <DataType.INT64: 5>, 'params': {}, 'is_primary': True}, {'field_id': 101, 'name': 'vector', 'description': '', 'type': <DataType.FLOAT_VECTOR: 101>, 'params': {'dim': 256}}, {'field_id': 102, 'name': 'attribute', 'description': '', 'type': <DataType.INT32: 4>, 'params': {}}], 'aliases': [], 'collection_id': 468351428274683974, 'consistency_level': 2, 'properties': {}, 'num_partitions': 1, 'enable_dynamic_field': False} successfully!!!
[Milvus] Insert 991000 data with 1 labels  into collection test_milvus...
[Milvus] 991000 data has been inserted into collection test_milvus!!!
Inserted data in 77.99314332008362
Memory usage:  2075216.0
[Milvus] Create index for collection test_milvus...
[Milvus] Create index {'collection': 'test_milvus', 'field': 'vector', 'index_name': 'vector_index', 'index_param': {'index_type': 'IVF_PQ', 'params': {'nlist': 128, 'm': 16, 'nbits': 8}, 'metric_type': 'L2'}} {'total_rows': 991000, 'indexed_rows': 991000, 'pending_index_rows': 0, 'state': 'Finished'} for collection test_milvus successfully!!!
[Milvus] Load collection test_milvus...
[Milvus] Load collection test_milvus successfully!!!
Built index in  21.662778854370117
Index size:  390284.0
Running query argument group 1 of 4...
Run 1/1...
Warmup round 1/2...
Processed 1000/10000 queries...
Warmup round 2/2...
Processed 2000/10000 queries...
Processed 3000/10000 queries...
Processed 4000/10000 queries...
Processed 5000/10000 queries...
Processed 6000/10000 queries...
Processed 7000/10000 queries...
Processed 8000/10000 queries...
Processed 9000/10000 queries...
Processed 10000/10000 queries...
Processed 11000/10000 queries...
Processed 12000/10000 queries...
Running query argument group 2 of 4...
Run 1/1...
Warmup round 1/2...
Processed 1000/10000 queries...
Warmup round 2/2...
Processed 2000/10000 queries...
Processed 3000/10000 queries...
Processed 4000/10000 queries...
Processed 5000/10000 queries...
Processed 6000/10000 queries...
Processed 7000/10000 queries...
Processed 8000/10000 queries...
Processed 9000/10000 queries...
Processed 10000/10000 queries...
Processed 11000/10000 queries...
Processed 12000/10000 queries...
Running query argument group 3 of 4...
Run 1/1...
Warmup round 1/2...
Processed 1000/10000 queries...
Warmup round 2/2...
Processed 2000/10000 queries...
Processed 3000/10000 queries...
Processed 4000/10000 queries...
Processed 5000/10000 queries...
Processed 6000/10000 queries...
Processed 7000/10000 queries...
Processed 8000/10000 queries...
Processed 9000/10000 queries...
Processed 10000/10000 queries...
Processed 11000/10000 queries...
Processed 12000/10000 queries...
Running query argument group 4 of 4...
Run 1/1...
Warmup round 1/2...
Processed 1000/10000 queries...
Warmup round 2/2...
Processed 2000/10000 queries...
Processed 3000/10000 queries...
Processed 4000/10000 queries...
Processed 5000/10000 queries...
Processed 6000/10000 queries...
Processed 7000/10000 queries...
Processed 8000/10000 queries...
Processed 9000/10000 queries...
Processed 10000/10000 queries...
Processed 11000/10000 queries...
Processed 12000/10000 queries...
Processed 0/10000 inserts...
Processed 1000/10000 inserts...
Processed 2000/10000 inserts...
Processed 3000/10000 inserts...
Processed 4000/10000 inserts...
Processed 5000/10000 inserts...
Processed 6000/10000 inserts...
Processed 7000/10000 inserts...
Processed 8000/10000 inserts...
Processed 9000/10000 inserts...
Processed 0/10000 updates...
Processed 1000/10000 updates...
Processed 2000/10000 updates...
Processed 3000/10000 updates...
Processed 4000/10000 updates...
Processed 5000/10000 updates...
Processed 6000/10000 updates...
Processed 7000/10000 updates...
Processed 8000/10000 updates...
Processed 9000/10000 updates...
Processed 0/10000 deletes...
Processed 1000/10000 deletes...
Processed 2000/10000 deletes...
Processed 3000/10000 deletes...
Processed 4000/10000 deletes...
Processed 5000/10000 deletes...
Processed 6000/10000 deletes...
Processed 7000/10000 deletes...
Processed 8000/10000 deletes...
Processed 9000/10000 deletes...
[Milvus] docker compose down successfully!!!
Trying to instantiate bigvectorbench.algorithms.milvus.MilvusIVFPQ(['euclidean', 256, {'nlist': 1024, 'm': 16, 'nbits': 8}])
[Milvus] docker compose up successfully!!!
[Milvus] Milvus version: 2.5.11
Dataset type: filter-ann
Distance metric: euclidean
Got a train set of size               (991000 * 256) with 1 labels
label names: ['attribute']
label types: ['int32']
filter expression function: def filter_expr(attribute_low, attribute_high): return f'attribute >= {attribute_low} and attribute <= {attribute_high}'
Got 10000 queries
[Milvus] Create collection {'collection_name': 'test_milvus', 'auto_id': False, 'num_shards': 1, 'description': 'Test milvus search', 'fields': [{'field_id': 100, 'name': 'id', 'description': '', 'type': <DataType.INT64: 5>, 'params': {}, 'is_primary': True}, {'field_id': 101, 'name': 'vector', 'description': '', 'type': <DataType.FLOAT_VECTOR: 101>, 'params': {'dim': 256}}, {'field_id': 102, 'name': 'attribute', 'description': '', 'type': <DataType.INT32: 4>, 'params': {}}], 'aliases': [], 'collection_id': 468351583679352199, 'consistency_level': 2, 'properties': {}, 'num_partitions': 1, 'enable_dynamic_field': False} successfully!!!
[Milvus] Insert 991000 data with 1 labels  into collection test_milvus...
[Milvus] 991000 data has been inserted into collection test_milvus!!!
Inserted data in 79.13674354553223
Memory usage:  1744264.0
[Milvus] Create index for collection test_milvus...
[Milvus] Create index {'collection': 'test_milvus', 'field': 'vector', 'index_name': 'vector_index', 'index_param': {'index_type': 'IVF_PQ', 'params': {'nlist': 1024, 'm': 16, 'nbits': 8}, 'metric_type': 'L2'}} {'total_rows': 991000, 'indexed_rows': 991000, 'pending_index_rows': 0, 'state': 'Finished'} for collection test_milvus successfully!!!
[Milvus] Load collection test_milvus...
[Milvus] Load collection test_milvus successfully!!!
Built index in  35.81083297729492
Index size:  534588.0
Running query argument group 1 of 4...
Run 1/1...
Warmup round 1/2...
Processed 1000/10000 queries...
Warmup round 2/2...
Processed 2000/10000 queries...
Processed 3000/10000 queries...
Processed 4000/10000 queries...
Processed 5000/10000 queries...
Processed 6000/10000 queries...
Processed 7000/10000 queries...
Processed 8000/10000 queries...
Processed 9000/10000 queries...
Processed 10000/10000 queries...
Processed 11000/10000 queries...
Processed 12000/10000 queries...
Running query argument group 2 of 4...
Run 1/1...
Warmup round 1/2...
Processed 1000/10000 queries...
Warmup round 2/2...
Processed 2000/10000 queries...
Processed 3000/10000 queries...
Processed 4000/10000 queries...
Processed 5000/10000 queries...
Processed 6000/10000 queries...
Processed 7000/10000 queries...
Processed 8000/10000 queries...
Processed 9000/10000 queries...
Processed 10000/10000 queries...
Processed 11000/10000 queries...
Processed 12000/10000 queries...
Running query argument group 3 of 4...
Run 1/1...
Warmup round 1/2...
Processed 1000/10000 queries...
Warmup round 2/2...
Processed 2000/10000 queries...
Processed 3000/10000 queries...
Processed 4000/10000 queries...
Processed 5000/10000 queries...
Processed 6000/10000 queries...
Processed 7000/10000 queries...
Processed 8000/10000 queries...
Processed 9000/10000 queries...
Processed 10000/10000 queries...
Processed 11000/10000 queries...
 Container milvus-standalone  Stopping
 Container milvus-standalone  Stopped
 Container milvus-standalone  Removing
 Container milvus-standalone  Removed
 Container milvus-minio  Stopping
 Container milvus-etcd  Stopping
 Container milvus-etcd  Stopped
 Container milvus-etcd  Removing
 Container milvus-etcd  Removed
 Container milvus-minio  Stopped
 Container milvus-minio  Removing
 Container milvus-minio  Removed
 Network milvus  Removing
 Network milvus  Removed
 Network milvus  Creating
 Network milvus  Created
 Container milvus-minio  Creating
 Container milvus-etcd  Creating
 Container milvus-etcd  Created
 Container milvus-minio  Created
 Container milvus-standalone  Creating
 Container milvus-standalone  Created
 Container milvus-minio  Starting
 Container milvus-etcd  Starting
 Container milvus-etcd  Started
 Container milvus-minio  Started
 Container milvus-standalone  Starting
 Container milvus-standalone  Started
 Container milvus-standalone  Stopping
 Container milvus-standalone  Stopped
 Container milvus-standalone  Removing
 Container milvus-standalone  Removed
 Container milvus-minio  Stopping
 Container milvus-etcd  Stopping
 Container milvus-etcd  Stopped
 Container milvus-etcd  Removing
 Container milvus-etcd  Removed
 Container milvus-minio  Stopped
 Container milvus-minio  Removing
 Container milvus-minio  Removed
 Network milvus  Removing
 Network milvus  Removed
 Network milvus  Creating
 Network milvus  Created
 Container milvus-etcd  Creating
 Container milvus-minio  Creating
 Container milvus-etcd  Created
 Container milvus-minio  Created
 Container milvus-standalone  Creating
 Container milvus-standalone  Created
 Container milvus-minio  Starting
 Container milvus-etcd  Starting
 Container milvus-etcd  Started
 Container milvus-minio  Started
 Container milvus-standalone  Starting
 Container milvus-standalone  Started
Processed 12000/10000 queries...
Running query argument group 4 of 4...
Run 1/1...
Warmup round 1/2...
Processed 1000/10000 queries...
Warmup round 2/2...
Processed 2000/10000 queries...
Processed 3000/10000 queries...
Processed 4000/10000 queries...
Processed 5000/10000 queries...
Processed 6000/10000 queries...
Processed 7000/10000 queries...
Processed 8000/10000 queries...
Processed 9000/10000 queries...
Processed 10000/10000 queries...
Processed 11000/10000 queries...
Processed 12000/10000 queries...
Processed 0/10000 inserts...
Processed 1000/10000 inserts...
Processed 2000/10000 inserts...
Processed 3000/10000 inserts...
Processed 4000/10000 inserts...
Processed 5000/10000 inserts...
Processed 6000/10000 inserts...
Processed 7000/10000 inserts...
Processed 8000/10000 inserts...
Processed 9000/10000 inserts...
Processed 0/10000 updates...
Processed 1000/10000 updates...
Processed 2000/10000 updates...
Processed 3000/10000 updates...
Processed 4000/10000 updates...
Processed 5000/10000 updates...
Processed 6000/10000 updates...
Processed 7000/10000 updates...
Processed 8000/10000 updates...
Processed 9000/10000 updates...
Processed 0/10000 deletes...
Processed 1000/10000 deletes...
Processed 2000/10000 deletes...
Processed 3000/10000 deletes...
Processed 4000/10000 deletes...
Processed 5000/10000 deletes...
Processed 6000/10000 deletes...
Processed 7000/10000 deletes...
Processed 8000/10000 deletes...
Processed 9000/10000 deletes...
[Milvus] docker compose down successfully!!!
Trying to instantiate bigvectorbench.algorithms.milvus.MilvusIVFPQ(['euclidean', 256, {'nlist': 512, 'm': 16, 'nbits': 8}])
[Milvus] docker compose up successfully!!!
[Milvus] Milvus version: 2.5.11
Dataset type: filter-ann
Distance metric: euclidean
Got a train set of size               (991000 * 256) with 1 labels
label names: ['attribute']
label types: ['int32']
filter expression function: def filter_expr(attribute_low, attribute_high): return f'attribute >= {attribute_low} and attribute <= {attribute_high}'
Got 10000 queries
[Milvus] Create collection {'collection_name': 'test_milvus', 'auto_id': False, 'num_shards': 1, 'description': 'Test milvus search', 'fields': [{'field_id': 100, 'name': 'id', 'description': '', 'type': <DataType.INT64: 5>, 'params': {}, 'is_primary': True}, {'field_id': 101, 'name': 'vector', 'description': '', 'type': <DataType.FLOAT_VECTOR: 101>, 'params': {'dim': 256}}, {'field_id': 102, 'name': 'attribute', 'description': '', 'type': <DataType.INT32: 4>, 'params': {}}], 'aliases': [], 'collection_id': 468351751575506304, 'consistency_level': 2, 'properties': {}, 'num_partitions': 1, 'enable_dynamic_field': False} successfully!!!
[Milvus] Insert 991000 data with 1 labels  into collection test_milvus...
[Milvus] 991000 data has been inserted into collection test_milvus!!!
Inserted data in 79.45231580734253
Memory usage:  1842116.0
[Milvus] Create index for collection test_milvus...
[Milvus] Create index {'collection': 'test_milvus', 'field': 'vector', 'index_name': 'vector_index', 'index_param': {'index_type': 'IVF_PQ', 'params': {'nlist': 512, 'm': 16, 'nbits': 8}, 'metric_type': 'L2'}} {'total_rows': 991000, 'indexed_rows': 991000, 'pending_index_rows': 0, 'state': 'Finished'} for collection test_milvus successfully!!!
[Milvus] Load collection test_milvus...
[Milvus] Load collection test_milvus successfully!!!
Built index in  27.310001134872437
Index size:  473732.0
Running query argument group 1 of 4...
Run 1/1...
Warmup round 1/2...
Processed 1000/10000 queries...
Warmup round 2/2...
Processed 2000/10000 queries...
Processed 3000/10000 queries...
Processed 4000/10000 queries...
Processed 5000/10000 queries...
Processed 6000/10000 queries...
Processed 7000/10000 queries...
Processed 8000/10000 queries...
Processed 9000/10000 queries...
Processed 10000/10000 queries...
Processed 11000/10000 queries...
Processed 12000/10000 queries...
Running query argument group 2 of 4...
Run 1/1...
Warmup round 1/2...
Processed 1000/10000 queries...
Warmup round 2/2...
Processed 2000/10000 queries...
Processed 3000/10000 queries...
Processed 4000/10000 queries...
Processed 5000/10000 queries...
Processed 6000/10000 queries...
Processed 7000/10000 queries...
Processed 8000/10000 queries...
Processed 9000/10000 queries...
Processed 10000/10000 queries...
Processed 11000/10000 queries...
Processed 12000/10000 queries...
Running query argument group 3 of 4...
Run 1/1...
Warmup round 1/2...
Processed 1000/10000 queries...
Warmup round 2/2...
Processed 2000/10000 queries...
Processed 3000/10000 queries...
Processed 4000/10000 queries...
Processed 5000/10000 queries...
Processed 6000/10000 queries...
Processed 7000/10000 queries...
Processed 8000/10000 queries...
Processed 9000/10000 queries...
Processed 10000/10000 queries...
Processed 11000/10000 queries...
Processed 12000/10000 queries...
Running query argument group 4 of 4...
Run 1/1...
Warmup round 1/2...
Processed 1000/10000 queries...
Warmup round 2/2...
Processed 2000/10000 queries...
Processed 3000/10000 queries...
Processed 4000/10000 queries...
Processed 5000/10000 queries...
Processed 6000/10000 queries...
Processed 7000/10000 queries...
Processed 8000/10000 queries...
Processed 9000/10000 queries...
Processed 10000/10000 queries...
Processed 11000/10000 queries...
Processed 12000/10000 queries...
Processed 0/10000 inserts...
Processed 1000/10000 inserts...
Processed 2000/10000 inserts...
Processed 3000/10000 inserts...
Processed 4000/10000 inserts...
Processed 5000/10000 inserts...
Processed 6000/10000 inserts...
Processed 7000/10000 inserts...
Processed 8000/10000 inserts...
Processed 9000/10000 inserts...
Processed 0/10000 updates...
Processed 1000/10000 updates...
Processed 2000/10000 updates...
Processed 3000/10000 updates...
Processed 4000/10000 updates...
Processed 5000/10000 updates...
Processed 6000/10000 updates...
Processed 7000/10000 updates...
Processed 8000/10000 updates...
Processed 9000/10000 updates...
Processed 0/10000 deletes...
Processed 1000/10000 deletes...
Processed 2000/10000 deletes...
Processed 3000/10000 deletes...
Processed 4000/10000 deletes...
Processed 5000/10000 deletes...
Processed 6000/10000 deletes...
Processed 7000/10000 deletes...
Processed 8000/10000 deletes...
Processed 9000/10000 deletes...
[Milvus] docker compose down successfully!!!
Trying to instantiate bigvectorbench.algorithms.milvus.MilvusIVFPQ(['euclidean', 256, {'nlist': 128, 'm': 4, 'nbits': 8}])
[Milvus] docker compose up successfully!!!
[Milvus] Milvus version: 2.5.11
Dataset type: filter-ann
Distance metric: euclidean
Got a train set of size               (991000 * 256) with 1 labels
label names: ['attribute']
label types: ['int32']
filter expression function: def filter_expr(attribute_low, attribute_high): return f'attribute >= {attribute_low} and attribute <= {attribute_high}'
Got 10000 queries
[Milvus] Create collection {'collection_name': 'test_milvus', 'auto_id': False, 'num_shards': 1, 'description': 'Test milvus search', 'fields': [{'field_id': 100, 'name': 'id', 'description': '', 'type': <DataType.INT64: 5>, 'params': {}, 'is_primary': True}, {'field_id': 101, 'name': 'vector', 'description': '', 'type': <DataType.FLOAT_VECTOR: 101>, 'params': {'dim': 256}}, {'field_id': 102, 'name': 'attribute', 'description': '', 'type': <DataType.INT32: 4>, 'params': {}}], 'aliases': [], 'collection_id': 468351915732962680, 'consistency_level': 2, 'properties': {}, 'num_partitions': 1, 'enable_dynamic_field': False} successfully!!!
[Milvus] Insert 991000 data with 1 labels  into collection test_milvus...
[Milvus] 991000 data has been inserted into collection test_milvus!!!
Inserted data in 79.79056429862976
Memory usage:  1767804.0
[Milvus] Create index for collection test_milvus...
[Milvus] Create index {'collection': 'test_milvus', 'field': 'vector', 'index_name': 'vector_index', 'index_param': {'index_type': 'IVF_PQ', 'params': {'nlist': 128, 'm': 4, 'nbits': 8}, 'metric_type': 'L2'}} {'total_rows': 991000, 'indexed_rows': 991000, 'pending_index_rows': 0, 'state': 'Finished'} for collection test_milvus successfully!!!
[Milvus] Load collection test_milvus...
 Container milvus-standalone  Stopping
 Container milvus-standalone  Stopped
 Container milvus-standalone  Removing
 Container milvus-standalone  Removed
 Container milvus-minio  Stopping
 Container milvus-etcd  Stopping
 Container milvus-etcd  Stopped
 Container milvus-etcd  Removing
 Container milvus-etcd  Removed
 Container milvus-minio  Stopped
 Container milvus-minio  Removing
 Container milvus-minio  Removed
 Network milvus  Removing
 Network milvus  Removed
 Network milvus  Creating
 Network milvus  Created
 Container milvus-etcd  Creating
 Container milvus-minio  Creating
 Container milvus-etcd  Created
 Container milvus-minio  Created
 Container milvus-standalone  Creating
 Container milvus-standalone  Created
 Container milvus-etcd  Starting
 Container milvus-minio  Starting
 Container milvus-minio  Started
 Container milvus-etcd  Started
 Container milvus-standalone  Starting
 Container milvus-standalone  Started
 Container milvus-standalone  Stopping
 Container milvus-standalone  Stopped
 Container milvus-standalone  Removing
 Container milvus-standalone  Removed
 Container milvus-minio  Stopping
 Container milvus-etcd  Stopping
 Container milvus-etcd  Stopped
 Container milvus-etcd  Removing
 Container milvus-etcd  Removed
 Container milvus-minio  Stopped
 Container milvus-minio  Removing
 Container milvus-minio  Removed
 Network milvus  Removing
 Network milvus  Removed
 Network milvus  Creating
 Network milvus  Created
 Container milvus-etcd  Creating
 Container milvus-minio  Creating
 Container milvus-etcd  Created
 Container milvus-minio  Created
 Container milvus-standalone  Creating
 Container milvus-standalone  Created
 Container milvus-minio  Starting
 Container milvus-etcd  Starting
 Container milvus-etcd  Started
 Container milvus-minio  Started
 Container milvus-standalone  Starting
 Container milvus-standalone  Started
[Milvus] Load collection test_milvus successfully!!!
Built index in  14.340113401412964
Index size:  383168.0
Running query argument group 1 of 4...
Run 1/1...
Warmup round 1/2...
Processed 1000/10000 queries...
Warmup round 2/2...
Processed 2000/10000 queries...
Processed 3000/10000 queries...
Processed 4000/10000 queries...
Processed 5000/10000 queries...
Processed 6000/10000 queries...
Processed 7000/10000 queries...
Processed 8000/10000 queries...
Processed 9000/10000 queries...
Processed 10000/10000 queries...
Processed 11000/10000 queries...
Processed 12000/10000 queries...
Running query argument group 2 of 4...
Run 1/1...
Warmup round 1/2...
Processed 1000/10000 queries...
Warmup round 2/2...
Processed 2000/10000 queries...
Processed 3000/10000 queries...
Processed 4000/10000 queries...
Processed 5000/10000 queries...
Processed 6000/10000 queries...
Processed 7000/10000 queries...
Processed 8000/10000 queries...
Processed 9000/10000 queries...
Processed 10000/10000 queries...
Processed 11000/10000 queries...
Processed 12000/10000 queries...
Running query argument group 3 of 4...
Run 1/1...
Warmup round 1/2...
Processed 1000/10000 queries...
Warmup round 2/2...
Processed 2000/10000 queries...
Processed 3000/10000 queries...
Processed 4000/10000 queries...
Processed 5000/10000 queries...
Processed 6000/10000 queries...
Processed 7000/10000 queries...
Processed 8000/10000 queries...
Processed 9000/10000 queries...
Processed 10000/10000 queries...
Processed 11000/10000 queries...
Processed 12000/10000 queries...
Running query argument group 4 of 4...
Run 1/1...
Warmup round 1/2...
Processed 1000/10000 queries...
Warmup round 2/2...
Processed 2000/10000 queries...
Processed 3000/10000 queries...
Processed 4000/10000 queries...
Processed 5000/10000 queries...
Processed 6000/10000 queries...
Processed 7000/10000 queries...
Processed 8000/10000 queries...
Processed 9000/10000 queries...
Processed 10000/10000 queries...
Processed 11000/10000 queries...
Processed 12000/10000 queries...
Processed 0/10000 inserts...
Processed 1000/10000 inserts...
Processed 2000/10000 inserts...
Processed 3000/10000 inserts...
Processed 4000/10000 inserts...
Processed 5000/10000 inserts...
Processed 6000/10000 inserts...
Processed 7000/10000 inserts...
Processed 8000/10000 inserts...
Processed 9000/10000 inserts...
Processed 0/10000 updates...
Processed 1000/10000 updates...
Processed 2000/10000 updates...
Processed 3000/10000 updates...
Processed 4000/10000 updates...
Processed 5000/10000 updates...
Processed 6000/10000 updates...
Processed 7000/10000 updates...
Processed 8000/10000 updates...
Processed 9000/10000 updates...
Processed 0/10000 deletes...
Processed 1000/10000 deletes...
Processed 2000/10000 deletes...
Processed 3000/10000 deletes...
Processed 4000/10000 deletes...
Processed 5000/10000 deletes...
Processed 6000/10000 deletes...
Processed 7000/10000 deletes...
Processed 8000/10000 deletes...
Processed 9000/10000 deletes...
[Milvus] docker compose down successfully!!!
Trying to instantiate bigvectorbench.algorithms.milvus.MilvusIVFPQ(['euclidean', 256, {'nlist': 512, 'm': 4, 'nbits': 8}])
[Milvus] docker compose up successfully!!!
[Milvus] Milvus version: 2.5.11
Dataset type: filter-ann
Distance metric: euclidean
Got a train set of size               (991000 * 256) with 1 labels
label names: ['attribute']
label types: ['int32']
filter expression function: def filter_expr(attribute_low, attribute_high): return f'attribute >= {attribute_low} and attribute <= {attribute_high}'
Got 10000 queries
[Milvus] Create collection {'collection_name': 'test_milvus', 'auto_id': False, 'num_shards': 1, 'description': 'Test milvus search', 'fields': [{'field_id': 100, 'name': 'id', 'description': '', 'type': <DataType.INT64: 5>, 'params': {}, 'is_primary': True}, {'field_id': 101, 'name': 'vector', 'description': '', 'type': <DataType.FLOAT_VECTOR: 101>, 'params': {'dim': 256}}, {'field_id': 102, 'name': 'attribute', 'description': '', 'type': <DataType.INT32: 4>, 'params': {}}], 'aliases': [], 'collection_id': 468352053050281342, 'consistency_level': 2, 'properties': {}, 'num_partitions': 1, 'enable_dynamic_field': False} successfully!!!
[Milvus] Insert 991000 data with 1 labels  into collection test_milvus...
[Milvus] 991000 data has been inserted into collection test_milvus!!!
Inserted data in 79.83034467697144
Memory usage:  2210728.0
[Milvus] Create index for collection test_milvus...
[Milvus] Create index {'collection': 'test_milvus', 'field': 'vector', 'index_name': 'vector_index', 'index_param': {'index_type': 'IVF_PQ', 'params': {'nlist': 512, 'm': 4, 'nbits': 8}, 'metric_type': 'L2'}} {'total_rows': 991000, 'indexed_rows': 991000, 'pending_index_rows': 0, 'state': 'Finished'} for collection test_milvus successfully!!!
[Milvus] Load collection test_milvus...
[Milvus] Load collection test_milvus successfully!!!
Built index in  19.940470218658447
Index size:  327156.0
Running query argument group 1 of 4...
Run 1/1...
Warmup round 1/2...
Processed 1000/10000 queries...
Warmup round 2/2...
Processed 2000/10000 queries...
Processed 3000/10000 queries...
Processed 4000/10000 queries...
Processed 5000/10000 queries...
Processed 6000/10000 queries...
Processed 7000/10000 queries...
Processed 8000/10000 queries...
Processed 9000/10000 queries...
Processed 10000/10000 queries...
Processed 11000/10000 queries...
Processed 12000/10000 queries...
Running query argument group 2 of 4...
Run 1/1...
Warmup round 1/2...
Processed 1000/10000 queries...
Warmup round 2/2...
Processed 2000/10000 queries...
Processed 3000/10000 queries...
Processed 4000/10000 queries...
Processed 5000/10000 queries...
Processed 6000/10000 queries...
Processed 7000/10000 queries...
Processed 8000/10000 queries...
Processed 9000/10000 queries...
Processed 10000/10000 queries...
Processed 11000/10000 queries...
Processed 12000/10000 queries...
Running query argument group 3 of 4...
Run 1/1...
Warmup round 1/2...
Processed 1000/10000 queries...
Warmup round 2/2...
Processed 2000/10000 queries...
Processed 3000/10000 queries...
Processed 4000/10000 queries...
Processed 5000/10000 queries...
Processed 6000/10000 queries...
Processed 7000/10000 queries...
Processed 8000/10000 queries...
Processed 9000/10000 queries...
Processed 10000/10000 queries...
Processed 11000/10000 queries...
Processed 12000/10000 queries...
Running query argument group 4 of 4...
Run 1/1...
Warmup round 1/2...
Processed 1000/10000 queries...
Warmup round 2/2...
Processed 2000/10000 queries...
Processed 3000/10000 queries...
Processed 4000/10000 queries...
Processed 5000/10000 queries...
Processed 6000/10000 queries...
Processed 7000/10000 queries...
Processed 8000/10000 queries...
Processed 9000/10000 queries...
Processed 10000/10000 queries...
Processed 11000/10000 queries...
Processed 12000/10000 queries...
Processed 0/10000 inserts...
Processed 1000/10000 inserts...
Processed 2000/10000 inserts...
Processed 3000/10000 inserts...
Processed 4000/10000 inserts...
Processed 5000/10000 inserts...
Processed 6000/10000 inserts...
Processed 7000/10000 inserts...
Processed 8000/10000 inserts...
Processed 9000/10000 inserts...
Processed 0/10000 updates...
Processed 1000/10000 updates...
Processed 2000/10000 updates...
Processed 3000/10000 updates...
Processed 4000/10000 updates...
Processed 5000/10000 updates...
Processed 6000/10000 updates...
Processed 7000/10000 updates...
Processed 8000/10000 updates...
Processed 9000/10000 updates...
Processed 0/10000 deletes...
Processed 1000/10000 deletes...
Processed 2000/10000 deletes...
Processed 3000/10000 deletes...
Processed 4000/10000 deletes...
Processed 5000/10000 deletes...
Processed 6000/10000 deletes...
Processed 7000/10000 deletes...
Processed 8000/10000 deletes...
Processed 9000/10000 deletes...
[Milvus] docker compose down successfully!!!
Trying to instantiate bigvectorbench.algorithms.milvus.MilvusIVFPQ(['euclidean', 256, {'nlist': 128, 'm': 8, 'nbits': 8}])
[Milvus] docker compose up successfully!!!
[Milvus] Milvus version: 2.5.11
Dataset type: filter-ann
Distance metric: euclidean
Got a train set of size               (991000 * 256) with 1 labels
label names: ['attribute']
 Container milvus-standalone  Stopping
 Container milvus-standalone  Stopped
 Container milvus-standalone  Removing
 Container milvus-standalone  Removed
 Container milvus-minio  Stopping
 Container milvus-etcd  Stopping
 Container milvus-etcd  Stopped
 Container milvus-etcd  Removing
 Container milvus-etcd  Removed
 Container milvus-minio  Stopped
 Container milvus-minio  Removing
 Container milvus-minio  Removed
 Network milvus  Removing
 Network milvus  Removed
 Network milvus  Creating
 Network milvus  Created
 Container milvus-minio  Creating
 Container milvus-etcd  Creating
 Container milvus-etcd  Created
 Container milvus-minio  Created
 Container milvus-standalone  Creating
 Container milvus-standalone  Created
 Container milvus-minio  Starting
 Container milvus-etcd  Starting
 Container milvus-minio  Started
 Container milvus-etcd  Started
 Container milvus-standalone  Starting
 Container milvus-standalone  Started
label types: ['int32']
filter expression function: def filter_expr(attribute_low, attribute_high): return f'attribute >= {attribute_low} and attribute <= {attribute_high}'
Got 10000 queries
[Milvus] Create collection {'collection_name': 'test_milvus', 'auto_id': False, 'num_shards': 1, 'description': 'Test milvus search', 'fields': [{'field_id': 100, 'name': 'id', 'description': '', 'type': <DataType.INT64: 5>, 'params': {}, 'is_primary': True}, {'field_id': 101, 'name': 'vector', 'description': '', 'type': <DataType.FLOAT_VECTOR: 101>, 'params': {'dim': 256}}, {'field_id': 102, 'name': 'attribute', 'description': '', 'type': <DataType.INT32: 4>, 'params': {}}], 'aliases': [], 'collection_id': 468352197557423487, 'consistency_level': 2, 'properties': {}, 'num_partitions': 1, 'enable_dynamic_field': False} successfully!!!
[Milvus] Insert 991000 data with 1 labels  into collection test_milvus...
[Milvus] 991000 data has been inserted into collection test_milvus!!!
Inserted data in 80.1341392993927
Memory usage:  2121752.0
[Milvus] Create index for collection test_milvus...
[Milvus] Create index {'collection': 'test_milvus', 'field': 'vector', 'index_name': 'vector_index', 'index_param': {'index_type': 'IVF_PQ', 'params': {'nlist': 128, 'm': 8, 'nbits': 8}, 'metric_type': 'L2'}} {'total_rows': 991000, 'indexed_rows': 991000, 'pending_index_rows': 0, 'state': 'Finished'} for collection test_milvus successfully!!!
[Milvus] Load collection test_milvus...
[Milvus] Load collection test_milvus successfully!!!
Built index in  16.86391854286194
Index size:  403472.0
Running query argument group 1 of 4...
Run 1/1...
Warmup round 1/2...
Processed 1000/10000 queries...
Warmup round 2/2...
Processed 2000/10000 queries...
Processed 3000/10000 queries...
Processed 4000/10000 queries...
Processed 5000/10000 queries...
Processed 6000/10000 queries...
Processed 7000/10000 queries...
Processed 8000/10000 queries...
Processed 9000/10000 queries...
Processed 10000/10000 queries...
Processed 11000/10000 queries...
Processed 12000/10000 queries...
Running query argument group 2 of 4...
Run 1/1...
Warmup round 1/2...
Processed 1000/10000 queries...
Warmup round 2/2...
Processed 2000/10000 queries...
Processed 3000/10000 queries...
Processed 4000/10000 queries...
Processed 5000/10000 queries...
Processed 6000/10000 queries...
Processed 7000/10000 queries...
Processed 8000/10000 queries...
Processed 9000/10000 queries...
Processed 10000/10000 queries...
Processed 11000/10000 queries...
Processed 12000/10000 queries...
Running query argument group 3 of 4...
Run 1/1...
Warmup round 1/2...
Processed 1000/10000 queries...
Warmup round 2/2...
Processed 2000/10000 queries...
Processed 3000/10000 queries...
Processed 4000/10000 queries...
Processed 5000/10000 queries...
Processed 6000/10000 queries...
Processed 7000/10000 queries...
Processed 8000/10000 queries...
Processed 9000/10000 queries...
Processed 10000/10000 queries...
Processed 11000/10000 queries...
Processed 12000/10000 queries...
Running query argument group 4 of 4...
Run 1/1...
Warmup round 1/2...
Processed 1000/10000 queries...
Warmup round 2/2...
Processed 2000/10000 queries...
Processed 3000/10000 queries...
Processed 4000/10000 queries...
Processed 5000/10000 queries...
Processed 6000/10000 queries...
Processed 7000/10000 queries...
Processed 8000/10000 queries...
Processed 9000/10000 queries...
Processed 10000/10000 queries...
Processed 11000/10000 queries...
Processed 12000/10000 queries...
Processed 0/10000 inserts...
Processed 1000/10000 inserts...
Processed 2000/10000 inserts...
Processed 3000/10000 inserts...
Processed 4000/10000 inserts...
Processed 5000/10000 inserts...
Processed 6000/10000 inserts...
Processed 7000/10000 inserts...
Processed 8000/10000 inserts...
Processed 9000/10000 inserts...
Processed 0/10000 updates...
Processed 1000/10000 updates...
Processed 2000/10000 updates...
Processed 3000/10000 updates...
Processed 4000/10000 updates...
Processed 5000/10000 updates...
Processed 6000/10000 updates...
Processed 7000/10000 updates...
Processed 8000/10000 updates...
Processed 9000/10000 updates...
Processed 0/10000 deletes...
Processed 1000/10000 deletes...
Processed 2000/10000 deletes...
Processed 3000/10000 deletes...
Processed 4000/10000 deletes...
Processed 5000/10000 deletes...
Processed 6000/10000 deletes...
Processed 7000/10000 deletes...
Processed 8000/10000 deletes...
Processed 9000/10000 deletes...
[Milvus] docker compose down successfully!!!
Trying to instantiate bigvectorbench.algorithms.milvus.MilvusIVFPQ(['euclidean', 256, {'nlist': 1024, 'm': 4, 'nbits': 8}])
[Milvus] docker compose up successfully!!!
[Milvus] Milvus version: 2.5.11
Dataset type: filter-ann
Distance metric: euclidean
Got a train set of size               (991000 * 256) with 1 labels
label names: ['attribute']
label types: ['int32']
filter expression function: def filter_expr(attribute_low, attribute_high): return f'attribute >= {attribute_low} and attribute <= {attribute_high}'
Got 10000 queries
[Milvus] Create collection {'collection_name': 'test_milvus', 'auto_id': False, 'num_shards': 1, 'description': 'Test milvus search', 'fields': [{'field_id': 100, 'name': 'id', 'description': '', 'type': <DataType.INT64: 5>, 'params': {}, 'is_primary': True}, {'field_id': 101, 'name': 'vector', 'description': '', 'type': <DataType.FLOAT_VECTOR: 101>, 'params': {'dim': 256}}, {'field_id': 102, 'name': 'attribute', 'description': '', 'type': <DataType.INT32: 4>, 'params': {}}], 'aliases': [], 'collection_id': 468352340277267843, 'consistency_level': 2, 'properties': {}, 'num_partitions': 1, 'enable_dynamic_field': False} successfully!!!
[Milvus] Insert 991000 data with 1 labels  into collection test_milvus...
[Milvus] 991000 data has been inserted into collection test_milvus!!!
Inserted data in 80.87302136421204
Memory usage:  2074944.0
[Milvus] Create index for collection test_milvus...
[Milvus] Create index {'collection': 'test_milvus', 'field': 'vector', 'index_name': 'vector_index', 'index_param': {'index_type': 'IVF_PQ', 'params': {'nlist': 1024, 'm': 4, 'nbits': 8}, 'metric_type': 'L2'}} {'total_rows': 991000, 'indexed_rows': 991000, 'pending_index_rows': 0, 'state': 'Finished'} for collection test_milvus successfully!!!
[Milvus] Load collection test_milvus...
[Milvus] Load collection test_milvus successfully!!!
Built index in  26.58909845352173
Index size:  430928.0
Running query argument group 1 of 4...
Run 1/1...
Warmup round 1/2...
Processed 1000/10000 queries...
Warmup round 2/2...
Processed 2000/10000 queries...
Processed 3000/10000 queries...
Processed 4000/10000 queries...
Processed 5000/10000 queries...
Processed 6000/10000 queries...
Processed 7000/10000 queries...
Processed 8000/10000 queries...
Processed 9000/10000 queries...
Processed 10000/10000 queries...
Processed 11000/10000 queries...
Processed 12000/10000 queries...
Running query argument group 2 of 4...
Run 1/1...
Warmup round 1/2...
Processed 1000/10000 queries...
Warmup round 2/2...
Processed 2000/10000 queries...
Processed 3000/10000 queries...
Processed 4000/10000 queries...
Processed 5000/10000 queries...
Processed 6000/10000 queries...
Processed 7000/10000 queries...
Processed 8000/10000 queries...
Processed 9000/10000 queries...
Processed 10000/10000 queries...
Processed 11000/10000 queries...
Processed 12000/10000 queries...
Running query argument group 3 of 4...
Run 1/1...
Warmup round 1/2...
Processed 1000/10000 queries...
Warmup round 2/2...
Processed 2000/10000 queries...
Processed 3000/10000 queries...
Processed 4000/10000 queries...
Processed 5000/10000 queries...
Processed 6000/10000 queries...
Processed 7000/10000 queries...
Processed 8000/10000 queries...
Processed 9000/10000 queries...
Processed 10000/10000 queries...
Processed 11000/10000 queries...
Processed 12000/10000 queries...
Running query argument group 4 of 4...
Run 1/1...
Warmup round 1/2...
Processed 1000/10000 queries...
Warmup round 2/2...
Processed 2000/10000 queries...
Processed 3000/10000 queries...
Processed 4000/10000 queries...
Processed 5000/10000 queries...
Processed 6000/10000 queries...
Processed 7000/10000 queries...
Processed 8000/10000 queries...
 Container milvus-standalone  Stopping
 Container milvus-standalone  Stopped
 Container milvus-standalone  Removing
 Container milvus-standalone  Removed
 Container milvus-etcd  Stopping
 Container milvus-minio  Stopping
 Container milvus-etcd  Stopped
 Container milvus-etcd  Removing
 Container milvus-etcd  Removed
 Container milvus-minio  Stopped
 Container milvus-minio  Removing
 Container milvus-minio  Removed
 Network milvus  Removing
 Network milvus  Removed
 Network milvus  Creating
 Network milvus  Created
 Container milvus-etcd  Creating
 Container milvus-minio  Creating
 Container milvus-etcd  Created
 Container milvus-minio  Created
 Container milvus-standalone  Creating
 Container milvus-standalone  Created
 Container milvus-minio  Starting
 Container milvus-etcd  Starting
 Container milvus-minio  Started
 Container milvus-etcd  Started
 Container milvus-standalone  Starting
 Container milvus-standalone  Started
 Container milvus-standalone  Stopping
 Container milvus-standalone  Stopped
 Container milvus-standalone  Removing
 Container milvus-standalone  Removed
 Container milvus-minio  Stopping
 Container milvus-etcd  Stopping
 Container milvus-etcd  Stopped
 Container milvus-etcd  Removing
 Container milvus-etcd  Removed
 Container milvus-minio  Stopped
 Container milvus-minio  Removing
 Container milvus-minio  Removed
 Network milvus  Removing
 Network milvus  Removed
 Network milvus  Creating
 Network milvus  Created
 Container milvus-minio  Creating
 Container milvus-etcd  Creating
 Container milvus-etcd  Created
 Container milvus-minio  Created
 Container milvus-standalone  Creating
 Container milvus-standalone  Created
 Container milvus-minio  Starting
 Container milvus-etcd  Starting
 Container milvus-etcd  Started
 Container milvus-minio  Started
 Container milvus-standalone  Starting
 Container milvus-standalone  Started
Processed 9000/10000 queries...
Processed 10000/10000 queries...
Processed 11000/10000 queries...
Processed 12000/10000 queries...
Processed 0/10000 inserts...
Processed 1000/10000 inserts...
Processed 2000/10000 inserts...
Processed 3000/10000 inserts...
Processed 4000/10000 inserts...
Processed 5000/10000 inserts...
Processed 6000/10000 inserts...
Processed 7000/10000 inserts...
Processed 8000/10000 inserts...
Processed 9000/10000 inserts...
Processed 0/10000 updates...
Processed 1000/10000 updates...
Processed 2000/10000 updates...
Processed 3000/10000 updates...
Processed 4000/10000 updates...
Processed 5000/10000 updates...
Processed 6000/10000 updates...
Processed 7000/10000 updates...
Processed 8000/10000 updates...
Processed 9000/10000 updates...
Processed 0/10000 deletes...
Processed 1000/10000 deletes...
Processed 2000/10000 deletes...
Processed 3000/10000 deletes...
Processed 4000/10000 deletes...
Processed 5000/10000 deletes...
Processed 6000/10000 deletes...
Processed 7000/10000 deletes...
Processed 8000/10000 deletes...
Processed 9000/10000 deletes...
[Milvus] docker compose down successfully!!!
Trying to instantiate bigvectorbench.algorithms.milvus.MilvusIVFPQ(['euclidean', 256, {'nlist': 512, 'm': 8, 'nbits': 8}])
[Milvus] docker compose up successfully!!!
[Milvus] Milvus version: 2.5.11
Dataset type: filter-ann
Distance metric: euclidean
Got a train set of size               (991000 * 256) with 1 labels
label names: ['attribute']
label types: ['int32']
filter expression function: def filter_expr(attribute_low, attribute_high): return f'attribute >= {attribute_low} and attribute <= {attribute_high}'
Got 10000 queries
[Milvus] Create collection {'collection_name': 'test_milvus', 'auto_id': False, 'num_shards': 1, 'description': 'Test milvus search', 'fields': [{'field_id': 100, 'name': 'id', 'description': '', 'type': <DataType.INT64: 5>, 'params': {}, 'is_primary': True}, {'field_id': 101, 'name': 'vector', 'description': '', 'type': <DataType.FLOAT_VECTOR: 101>, 'params': {'dim': 256}}, {'field_id': 102, 'name': 'attribute', 'description': '', 'type': <DataType.INT32: 4>, 'params': {}}], 'aliases': [], 'collection_id': 468352495178681724, 'consistency_level': 2, 'properties': {}, 'num_partitions': 1, 'enable_dynamic_field': False} successfully!!!
[Milvus] Insert 991000 data with 1 labels  into collection test_milvus...
[Milvus] 991000 data has been inserted into collection test_milvus!!!
Inserted data in 79.52544951438904
Memory usage:  1972812.0
[Milvus] Create index for collection test_milvus...
[Milvus] Create index {'collection': 'test_milvus', 'field': 'vector', 'index_name': 'vector_index', 'index_param': {'index_type': 'IVF_PQ', 'params': {'nlist': 512, 'm': 8, 'nbits': 8}, 'metric_type': 'L2'}} {'total_rows': 991000, 'indexed_rows': 991000, 'pending_index_rows': 0, 'state': 'Finished'} for collection test_milvus successfully!!!
[Milvus] Load collection test_milvus...
[Milvus] Load collection test_milvus successfully!!!
Built index in  21.87218713760376
Index size:  406872.0
Running query argument group 1 of 4...
Run 1/1...
Warmup round 1/2...
Processed 1000/10000 queries...
Warmup round 2/2...
Processed 2000/10000 queries...
Processed 3000/10000 queries...
Processed 4000/10000 queries...
Processed 5000/10000 queries...
Processed 6000/10000 queries...
Processed 7000/10000 queries...
Processed 8000/10000 queries...
Processed 9000/10000 queries...
Processed 10000/10000 queries...
Processed 11000/10000 queries...
Processed 12000/10000 queries...
Running query argument group 2 of 4...
Run 1/1...
Warmup round 1/2...
Processed 1000/10000 queries...
Warmup round 2/2...
Processed 2000/10000 queries...
Processed 3000/10000 queries...
Processed 4000/10000 queries...
Processed 5000/10000 queries...
Processed 6000/10000 queries...
Processed 7000/10000 queries...
Processed 8000/10000 queries...
Processed 9000/10000 queries...
Processed 10000/10000 queries...
Processed 11000/10000 queries...
Processed 12000/10000 queries...
Running query argument group 3 of 4...
Run 1/1...
Warmup round 1/2...
Processed 1000/10000 queries...
Warmup round 2/2...
Processed 2000/10000 queries...
Processed 3000/10000 queries...
Processed 4000/10000 queries...
Processed 5000/10000 queries...
Processed 6000/10000 queries...
Processed 7000/10000 queries...
Processed 8000/10000 queries...
Processed 9000/10000 queries...
Processed 10000/10000 queries...
Processed 11000/10000 queries...
Processed 12000/10000 queries...
Running query argument group 4 of 4...
Run 1/1...
Warmup round 1/2...
Processed 1000/10000 queries...
Warmup round 2/2...
Processed 2000/10000 queries...
Processed 3000/10000 queries...
Processed 4000/10000 queries...
Processed 5000/10000 queries...
Processed 6000/10000 queries...
Processed 7000/10000 queries...
Processed 8000/10000 queries...
Processed 9000/10000 queries...
Processed 10000/10000 queries...
Processed 11000/10000 queries...
Processed 12000/10000 queries...
Processed 0/10000 inserts...
Processed 1000/10000 inserts...
Processed 2000/10000 inserts...
Processed 3000/10000 inserts...
Processed 4000/10000 inserts...
Processed 5000/10000 inserts...
Processed 6000/10000 inserts...
Processed 7000/10000 inserts...
Processed 8000/10000 inserts...
Processed 9000/10000 inserts...
Processed 0/10000 updates...
Processed 1000/10000 updates...
Processed 2000/10000 updates...
Processed 3000/10000 updates...
Processed 4000/10000 updates...
Processed 5000/10000 updates...
Processed 6000/10000 updates...
Processed 7000/10000 updates...
Processed 8000/10000 updates...
Processed 9000/10000 updates...
Processed 0/10000 deletes...
Processed 1000/10000 deletes...
Processed 2000/10000 deletes...
Processed 3000/10000 deletes...
Processed 4000/10000 deletes...
Processed 5000/10000 deletes...
Processed 6000/10000 deletes...
Processed 7000/10000 deletes...
Processed 8000/10000 deletes...
Processed 9000/10000 deletes...
[Milvus] docker compose down successfully!!!
Trying to instantiate bigvectorbench.algorithms.milvus.MilvusIVFPQ(['euclidean', 256, {'nlist': 1024, 'm': 8, 'nbits': 8}])
[Milvus] docker compose up successfully!!!
[Milvus] Milvus version: 2.5.11
Dataset type: filter-ann
Distance metric: euclidean
Got a train set of size               (991000 * 256) with 1 labels
label names: ['attribute']
label types: ['int32']
filter expression function: def filter_expr(attribute_low, attribute_high): return f'attribute >= {attribute_low} and attribute <= {attribute_high}'
Got 10000 queries
[Milvus] Create collection {'collection_name': 'test_milvus', 'auto_id': False, 'num_shards': 1, 'description': 'Test milvus search', 'fields': [{'field_id': 100, 'name': 'id', 'description': '', 'type': <DataType.INT64: 5>, 'params': {}, 'is_primary': True}, {'field_id': 101, 'name': 'vector', 'description': '', 'type': <DataType.FLOAT_VECTOR: 101>, 'params': {'dim': 256}}, {'field_id': 102, 'name': 'attribute', 'description': '', 'type': <DataType.INT32: 4>, 'params': {}}], 'aliases': [], 'collection_id': 468352647103188353, 'consistency_level': 2, 'properties': {}, 'num_partitions': 1, 'enable_dynamic_field': False} successfully!!!
[Milvus] Insert 991000 data with 1 labels  into collection test_milvus...
[Milvus] 991000 data has been inserted into collection test_milvus!!!
Inserted data in 80.05141639709473
Memory usage:  2472000.0
[Milvus] Create index for collection test_milvus...
[Milvus] Create index {'collection': 'test_milvus', 'field': 'vector', 'index_name': 'vector_index', 'index_param': {'index_type': 'IVF_PQ', 'params': {'nlist': 1024, 'm': 8, 'nbits': 8}, 'metric_type': 'L2'}} {'total_rows': 991000, 'indexed_rows': 991000, 'pending_index_rows': 0, 'state': 'Finished'} for collection test_milvus successfully!!!
[Milvus] Load collection test_milvus...
[Milvus] Load collection test_milvus successfully!!!
Built index in  28.823402881622314
Index size:  396708.0
Running query argument group 1 of 4...
Run 1/1...
Warmup round 1/2...
Processed 1000/10000 queries...
Warmup round 2/2...
Processed 2000/10000 queries...
Processed 3000/10000 queries...
Processed 4000/10000 queries...
Processed 5000/10000 queries...
Processed 6000/10000 queries...
 Container milvus-standalone  Stopping
 Container milvus-standalone  Stopped
 Container milvus-standalone  Removing
 Container milvus-standalone  Removed
 Container milvus-minio  Stopping
 Container milvus-etcd  Stopping
 Container milvus-etcd  Stopped
 Container milvus-etcd  Removing
 Container milvus-etcd  Removed
 Container milvus-minio  Stopped
 Container milvus-minio  Removing
 Container milvus-minio  Removed
 Network milvus  Removing
 Network milvus  Removed
Processed 7000/10000 queries...
Processed 8000/10000 queries...
Processed 9000/10000 queries...
Processed 10000/10000 queries...
Processed 11000/10000 queries...
Processed 12000/10000 queries...
Running query argument group 2 of 4...
Run 1/1...
Warmup round 1/2...
Processed 1000/10000 queries...
Warmup round 2/2...
Processed 2000/10000 queries...
Processed 3000/10000 queries...
Processed 4000/10000 queries...
Processed 5000/10000 queries...
Processed 6000/10000 queries...
Processed 7000/10000 queries...
Processed 8000/10000 queries...
Processed 9000/10000 queries...
Processed 10000/10000 queries...
Processed 11000/10000 queries...
Processed 12000/10000 queries...
Running query argument group 3 of 4...
Run 1/1...
Warmup round 1/2...
Processed 1000/10000 queries...
Warmup round 2/2...
Processed 2000/10000 queries...
Processed 3000/10000 queries...
Processed 4000/10000 queries...
Processed 5000/10000 queries...
Processed 6000/10000 queries...
Processed 7000/10000 queries...
Processed 8000/10000 queries...
Processed 9000/10000 queries...
Processed 10000/10000 queries...
Processed 11000/10000 queries...
Processed 12000/10000 queries...
Running query argument group 4 of 4...
Run 1/1...
Warmup round 1/2...
Processed 1000/10000 queries...
Warmup round 2/2...
Processed 2000/10000 queries...
Processed 3000/10000 queries...
Processed 4000/10000 queries...
Processed 5000/10000 queries...
Processed 6000/10000 queries...
Processed 7000/10000 queries...
Processed 8000/10000 queries...
Processed 9000/10000 queries...
Processed 10000/10000 queries...
Processed 11000/10000 queries...
Processed 12000/10000 queries...
Processed 0/10000 inserts...
Processed 1000/10000 inserts...
Processed 2000/10000 inserts...
Processed 3000/10000 inserts...
Processed 4000/10000 inserts...
Processed 5000/10000 inserts...
Processed 6000/10000 inserts...
Processed 7000/10000 inserts...
Processed 8000/10000 inserts...
Processed 9000/10000 inserts...
Processed 0/10000 updates...
Processed 1000/10000 updates...
Processed 2000/10000 updates...
Processed 3000/10000 updates...
Processed 4000/10000 updates...
Processed 5000/10000 updates...
Processed 6000/10000 updates...
Processed 7000/10000 updates...
Processed 8000/10000 updates...
Processed 9000/10000 updates...
Processed 0/10000 deletes...
Processed 1000/10000 deletes...
Processed 2000/10000 deletes...
Processed 3000/10000 deletes...
Processed 4000/10000 deletes...
Processed 5000/10000 deletes...
Processed 6000/10000 deletes...
Processed 7000/10000 deletes...
Processed 8000/10000 deletes...
Processed 9000/10000 deletes...
[Milvus] docker compose down successfully!!!
2026-08-13 20:29:34,742 - bvb - INFO - Terminating 1 workers
