START 2026-08-13T21:41:03+08:00 slot=3 cpuset=84-111
2026-08-13 21:41:05,195 - bvb - INFO - running only elasticsearch-hnsw
2026-08-13 21:41:05,350 - bvb - INFO - Order: [Definition(algorithm='elasticsearch-hnsw', constructor='ElasticsearchHNSW', module='bigvectorbench.algorithms.elasticsearch', docker_tag='bigvectorbench-elasticsearch', arguments=['euclidean', 256, {'M': 128, 'efConstruction': 400}], query_argument_groups=[[100], [200], [400], [800], [1600]], disabled=False), Definition(algorithm='elasticsearch-hnsw', constructor='ElasticsearchHNSW', module='bigvectorbench.algorithms.elasticsearch', docker_tag='bigvectorbench-elasticsearch', arguments=['euclidean', 256, {'M': 32, 'efConstruction': 100}], query_argument_groups=[[100], [200], [400], [800], [1600]], disabled=False), Definition(algorithm='elasticsearch-hnsw', constructor='ElasticsearchHNSW', module='bigvectorbench.algorithms.elasticsearch', docker_tag='bigvectorbench-elasticsearch', arguments=['euclidean', 256, {'M': 32, 'efConstruction': 400}], query_argument_groups=[[100], [200], [400], [800], [1600]], disabled=False), Definition(algorithm='elasticsearch-hnsw', constructor='ElasticsearchHNSW', module='bigvectorbench.algorithms.elasticsearch', docker_tag='bigvectorbench-elasticsearch', arguments=['euclidean', 256, {'M': 64, 'efConstruction': 100}], query_argument_groups=[[100], [200], [400], [800], [1600]], disabled=False), Definition(algorithm='elasticsearch-hnsw', constructor='ElasticsearchHNSW', module='bigvectorbench.algorithms.elasticsearch', docker_tag='bigvectorbench-elasticsearch', arguments=['euclidean', 256, {'M': 64, 'efConstruction': 400}], query_argument_groups=[[100], [200], [400], [800], [1600]], disabled=False)]
time="2026-08-13T21:41:05+08:00" level=warning msg="<remote_artifact> the attribute `version` is obsolete, it will be ignored, please remove it to avoid potential confusion"
time="2026-08-13T21:41:05+08:00" level=warning msg="<remote_artifact> the attribute `version` is obsolete, it will be ignored, please remove it to avoid potential confusion"
 Network elasticsearch_default  Creating
 Network elasticsearch_default  Created
 Container elasticsearch-elasticsearch-1  Creating
 Container elasticsearch-elasticsearch-1  Created
 Container elasticsearch-elasticsearch-1  Starting
 Container elasticsearch-elasticsearch-1  Started
Process Process-1:
Traceback (most recent call last):
  File "<remote_artifact>", line 275, in _raise_for_status
    response.raise_for_status()
  File "<remote_artifact>", line 1024, in raise_for_status
    raise HTTPError(http_error_msg, response=self)
requests.exceptions.HTTPError: 404 Client Error: Not Found for url: http+docker://localhost/v1.49/containers/055ced2038ea39c1d13713ca70dd2aa6b1657459d77a447227a974c279393c38/stats?stream=False

The above exception was the direct cause of the following exception:

Traceback (most recent call last):
  File "<remote_artifact>", line 314, in _bootstrap
    self.run()
  File "<remote_artifact>", line 108, in run
    self._target(*self._args, **self._kwargs)
  File "<remote_artifact>", line 152, in run_worker
    run(
  File "<remote_artifact>", line 793, in run
    insert_time, data_size = insert_data(
  File "<remote_artifact>", line 611, in insert_data
    memory_usage_after = algo.get_memory_usage()
  File "<remote_artifact>", line 73, in get_memory_usage
    memory_stats = container.stats(stream=False)["memory_stats"]
  File "<remote_artifact>", line 438, in stats
    return self.client.api.stats(self.id, **kwargs)
  File "<remote_artifact>", line 19, in wrapped
    return f(self, resource_id, *args, **kwargs)
  File "<remote_artifact>", line 1184, in stats
    return self._result(self._get(url, params=params), json=True)
  File "<remote_artifact>", line 281, in _result
    self._raise_for_status(response)
  File "<remote_artifact>", line 277, in _raise_for_status
    raise create_api_error_from_http_exception(e) from e
  File "<remote_artifact>", line 39, in create_api_error_from_http_exception
    raise cls(e, response=response, explanation=explanation) from e
docker.errors.NotFound: 404 Client Error for http+docker://localhost/v1.49/containers/055ced2038ea39c1d13713ca70dd2aa6b1657459d77a447227a974c279393c38/stats?stream=False: Not Found ("No such container: 055ced2038ea39c1d13713ca70dd2aa6b1657459d77a447227a974c279393c38")
Trying to instantiate bigvectorbench.algorithms.elasticsearch.ElasticsearchHNSW(['euclidean', 256, {'M': 128, 'efConstruction': 400}])
[Elasticsearch docker compose up successfully!!!
[Elasticsearch] client connected successfully!!!
Dataset type: filter-ann
Distance metric: euclidean
Got a train set of size               (991000 * 256) with 1 labels
label names: ['attribute']
label types: ['int32']
filter expression function: def filter_expr(attribute_low, attribute_high): return f'attribute >= {attribute_low} and attribute <= {attribute_high}'
Got 10000 queries
[Elasticsearch] load data with 1 labels!!!
[Elasticsearch] create index successfully!!!
[Elasticsearch] Start uploading 991000 vectors...
[Elasticsearch] Uploaded 991000 vectors successfully!!!
2026-08-13 21:53:18,199 - bvb - INFO - Terminating 1 workers
START 2026-08-16T04:00:58+08:00 slot=1 cpuset=28-55
2026-08-16 04:00:59,831 - bvb - INFO - running only elasticsearch-hnsw
2026-08-16 04:00:59,956 - bvb - INFO - Order: [Definition(algorithm='elasticsearch-hnsw', constructor='ElasticsearchHNSW', module='bigvectorbench.algorithms.elasticsearch', docker_tag='bigvectorbench-elasticsearch', arguments=['euclidean', 256, {'M': 32, 'efConstruction': 100}], query_argument_groups=[[100], [200], [400], [800], [1600]], disabled=False), Definition(algorithm='elasticsearch-hnsw', constructor='ElasticsearchHNSW', module='bigvectorbench.algorithms.elasticsearch', docker_tag='bigvectorbench-elasticsearch', arguments=['euclidean', 256, {'M': 32, 'efConstruction': 400}], query_argument_groups=[[100], [200], [400], [800], [1600]], disabled=False), Definition(algorithm='elasticsearch-hnsw', constructor='ElasticsearchHNSW', module='bigvectorbench.algorithms.elasticsearch', docker_tag='bigvectorbench-elasticsearch', arguments=['euclidean', 256, {'M': 64, 'efConstruction': 100}], query_argument_groups=[[100], [200], [400], [800], [1600]], disabled=False), Definition(algorithm='elasticsearch-hnsw', constructor='ElasticsearchHNSW', module='bigvectorbench.algorithms.elasticsearch', docker_tag='bigvectorbench-elasticsearch', arguments=['euclidean', 256, {'M': 64, 'efConstruction': 400}], query_argument_groups=[[100], [200], [400], [800], [1600]], disabled=False), Definition(algorithm='elasticsearch-hnsw', constructor='ElasticsearchHNSW', module='bigvectorbench.algorithms.elasticsearch', docker_tag='bigvectorbench-elasticsearch', arguments=['euclidean', 256, {'M': 128, 'efConstruction': 400}], query_argument_groups=[[100], [200], [400], [800], [1600]], disabled=False)]
time="2026-08-16T04:01:00+08:00" level=warning msg="<remote_artifact> the attribute `version` is obsolete, it will be ignored, please remove it to avoid potential confusion"
time="2026-08-16T04:01:00+08:00" level=warning msg="<remote_artifact> the attribute `version` is obsolete, it will be ignored, please remove it to avoid potential confusion"
 Network elasticsearch_default  Creating
 Network elasticsearch_default  Created
 Container elasticsearch-elasticsearch-1  Creating
 Container elasticsearch-elasticsearch-1  Created
 Container elasticsearch-elasticsearch-1  Starting
 Container elasticsearch-elasticsearch-1  Started
time="2026-08-16T04:36:40+08:00" level=warning msg="<remote_artifact> the attribute `version` is obsolete, it will be ignored, please remove it to avoid potential confusion"
 Container elasticsearch-elasticsearch-1  Stopping
 Container elasticsearch-elasticsearch-1  Stopped
 Container elasticsearch-elasticsearch-1  Removing
 Container elasticsearch-elasticsearch-1  Removed
 Network elasticsearch_default  Removing
 Network elasticsearch_default  Removed
time="2026-08-16T04:36:44+08:00" level=warning msg="<remote_artifact> the attribute `version` is obsolete, it will be ignored, please remove it to avoid potential confusion"
time="2026-08-16T04:36:45+08:00" level=warning msg="<remote_artifact> the attribute `version` is obsolete, it will be ignored, please remove it to avoid potential confusion"
 Network elasticsearch_default  Creating
 Network elasticsearch_default  Created
 Container elasticsearch-elasticsearch-1  Creating
 Container elasticsearch-elasticsearch-1  Created
 Container elasticsearch-elasticsearch-1  Starting
 Container elasticsearch-elasticsearch-1  Started
Process Process-1:
Traceback (most recent call last):
  File "<remote_artifact>", line 275, in _raise_for_status
    response.raise_for_status()
  File "<remote_artifact>", line 1024, in raise_for_status
    raise HTTPError(http_error_msg, response=self)
requests.exceptions.HTTPError: 404 Client Error: Not Found for url: http+docker://localhost/v1.49/containers/23fdb826fc3950d619e2d65cb6bb80ac0ad0f8ff858e70f8e1e733b888b33b58/stats?stream=False

The above exception was the direct cause of the following exception:

Traceback (most recent call last):
  File "<remote_artifact>", line 314, in _bootstrap
    self.run()
  File "<remote_artifact>", line 108, in run
    self._target(*self._args, **self._kwargs)
  File "<remote_artifact>", line 152, in run_worker
    run(
  File "<remote_artifact>", line 793, in run
    insert_time, data_size = insert_data(
  File "<remote_artifact>", line 611, in insert_data
    memory_usage_after = algo.get_memory_usage()
  File "<remote_artifact>", line 73, in get_memory_usage
    memory_stats = container.stats(stream=False)["memory_stats"]
  File "<remote_artifact>", line 438, in stats
    return self.client.api.stats(self.id, **kwargs)
  File "<remote_artifact>", line 19, in wrapped
    return f(self, resource_id, *args, **kwargs)
  File "<remote_artifact>", line 1184, in stats
    return self._result(self._get(url, params=params), json=True)
  File "<remote_artifact>", line 281, in _result
    self._raise_for_status(response)
  File "<remote_artifact>", line 277, in _raise_for_status
    raise create_api_error_from_http_exception(e) from e
  File "<remote_artifact>", line 39, in create_api_error_from_http_exception
    raise cls(e, response=response, explanation=explanation) from e
docker.errors.NotFound: 404 Client Error for http+docker://localhost/v1.49/containers/23fdb826fc3950d619e2d65cb6bb80ac0ad0f8ff858e70f8e1e733b888b33b58/stats?stream=False: Not Found ("No such container: 23fdb826fc3950d619e2d65cb6bb80ac0ad0f8ff858e70f8e1e733b888b33b58")
Trying to instantiate bigvectorbench.algorithms.elasticsearch.ElasticsearchHNSW(['euclidean', 256, {'M': 32, 'efConstruction': 100}])
[Elasticsearch docker compose up successfully!!!
[Elasticsearch] client connected successfully!!!
Dataset type: filter-ann
Distance metric: euclidean
Got a train set of size               (991000 * 256) with 1 labels
label names: ['attribute']
label types: ['int32']
filter expression function: def filter_expr(attribute_low, attribute_high): return f'attribute >= {attribute_low} and attribute <= {attribute_high}'
Got 10000 queries
[Elasticsearch] load data with 1 labels!!!
[Elasticsearch] create index successfully!!!
[Elasticsearch] Start uploading 991000 vectors...
[Elasticsearch] Uploaded 991000 vectors successfully!!!
Inserted data in 538.8765711784363
Memory usage:  7208968.0
Built index in  12.049824953079224
Index size:  -240.0
Running query argument group 1 of 5...
Run 1/1...
Warmup round 1/2...
Processed 1000/10000 queries...
Warmup round 2/2...
Processed 2000/10000 queries...
Processed 3000/10000 queries...
Processed 4000/10000 queries...
Processed 5000/10000 queries...
Processed 6000/10000 queries...
Processed 7000/10000 queries...
Processed 8000/10000 queries...
Processed 9000/10000 queries...
Processed 10000/10000 queries...
Processed 11000/10000 queries...
Processed 12000/10000 queries...
Running query argument group 2 of 5...
Run 1/1...
Warmup round 1/2...
Processed 1000/10000 queries...
Warmup round 2/2...
Processed 2000/10000 queries...
Processed 3000/10000 queries...
Processed 4000/10000 queries...
Processed 5000/10000 queries...
Processed 6000/10000 queries...
Processed 7000/10000 queries...
Processed 8000/10000 queries...
Processed 9000/10000 queries...
Processed 10000/10000 queries...
Processed 11000/10000 queries...
Processed 12000/10000 queries...
Running query argument group 3 of 5...
Run 1/1...
Warmup round 1/2...
Processed 1000/10000 queries...
Warmup round 2/2...
Processed 2000/10000 queries...
Processed 3000/10000 queries...
Processed 4000/10000 queries...
Processed 5000/10000 queries...
Processed 6000/10000 queries...
Processed 7000/10000 queries...
Processed 8000/10000 queries...
Processed 9000/10000 queries...
Processed 10000/10000 queries...
Processed 11000/10000 queries...
Processed 12000/10000 queries...
Running query argument group 4 of 5...
Run 1/1...
Warmup round 1/2...
Processed 1000/10000 queries...
Warmup round 2/2...
Processed 2000/10000 queries...
Processed 3000/10000 queries...
Processed 4000/10000 queries...
Processed 5000/10000 queries...
Processed 6000/10000 queries...
Processed 7000/10000 queries...
Processed 8000/10000 queries...
Processed 9000/10000 queries...
Processed 10000/10000 queries...
Processed 11000/10000 queries...
Processed 12000/10000 queries...
Running query argument group 5 of 5...
Run 1/1...
Warmup round 1/2...
Processed 1000/10000 queries...
Warmup round 2/2...
Processed 2000/10000 queries...
Processed 3000/10000 queries...
Processed 4000/10000 queries...
Processed 5000/10000 queries...
Processed 6000/10000 queries...
Processed 7000/10000 queries...
Processed 8000/10000 queries...
Processed 9000/10000 queries...
Processed 10000/10000 queries...
Processed 11000/10000 queries...
Processed 12000/10000 queries...
Processed 0/10000 inserts...
Processed 1000/10000 inserts...
Processed 2000/10000 inserts...
Processed 3000/10000 inserts...
Processed 4000/10000 inserts...
Processed 5000/10000 inserts...
Processed 6000/10000 inserts...
Processed 7000/10000 inserts...
Processed 8000/10000 inserts...
Processed 9000/10000 inserts...
Processed 0/10000 updates...
Processed 1000/10000 updates...
Processed 2000/10000 updates...
Processed 3000/10000 updates...
Processed 4000/10000 updates...
Processed 5000/10000 updates...
Processed 6000/10000 updates...
Processed 7000/10000 updates...
Processed 8000/10000 updates...
Processed 9000/10000 updates...
Processed 0/10000 deletes...
Processed 1000/10000 deletes...
Processed 2000/10000 deletes...
Processed 3000/10000 deletes...
Processed 4000/10000 deletes...
Processed 5000/10000 deletes...
Processed 6000/10000 deletes...
Processed 7000/10000 deletes...
Processed 8000/10000 deletes...
Processed 9000/10000 deletes...
[Elasticsearch] collection deleted successfully!!!
[Elasticsearch] docker compose down successfully!!!
Trying to instantiate bigvectorbench.algorithms.elasticsearch.ElasticsearchHNSW(['euclidean', 256, {'M': 32, 'efConstruction': 400}])
[Elasticsearch docker compose up successfully!!!
[Elasticsearch] client connected successfully!!!
Dataset type: filter-ann
Distance metric: euclidean
Got a train set of size               (991000 * 256) with 1 labels
label names: ['attribute']
label types: ['int32']
filter expression function: def filter_expr(attribute_low, attribute_high): return f'attribute >= {attribute_low} and attribute <= {attribute_high}'
Got 10000 queries
[Elasticsearch] load data with 1 labels!!!
[Elasticsearch] create index successfully!!!
[Elasticsearch] Start uploading 991000 vectors...
[Elasticsearch] Uploaded 991000 vectors successfully!!!
2026-08-16 04:48:20,381 - bvb - INFO - Terminating 1 workers
