START 2026-08-14T05:45:06+08:00 slot=2 cpuset=56-83
2026-08-14 05:45:08,234 - bvb - INFO - running only milvus-ivfpq
2026-08-14 05:45:08,430 - bvb - INFO - Order: [Definition(algorithm='milvus-ivfpq', constructor='MilvusIVFPQ', module='bigvectorbench.algorithms.milvus', docker_tag='bigvectorbench-milvus', arguments=['euclidean', 256, {'nlist': 512, 'm': 4, 'nbits': 8}], query_argument_groups=[[32], [128], [256], [512]], disabled=False), Definition(algorithm='milvus-ivfpq', constructor='MilvusIVFPQ', module='bigvectorbench.algorithms.milvus', docker_tag='bigvectorbench-milvus', arguments=['euclidean', 256, {'nlist': 512, 'm': 8, 'nbits': 8}], query_argument_groups=[[32], [128], [256], [512]], disabled=False), Definition(algorithm='milvus-ivfpq', constructor='MilvusIVFPQ', module='bigvectorbench.algorithms.milvus', docker_tag='bigvectorbench-milvus', arguments=['euclidean', 256, {'nlist': 1024, 'm': 4, 'nbits': 8}], query_argument_groups=[[64], [256], [512], [1024]], disabled=False), Definition(algorithm='milvus-ivfpq', constructor='MilvusIVFPQ', module='bigvectorbench.algorithms.milvus', docker_tag='bigvectorbench-milvus', arguments=['euclidean', 256, {'nlist': 1024, 'm': 16, 'nbits': 8}], query_argument_groups=[[64], [256], [512], [1024]], disabled=False), Definition(algorithm='milvus-ivfpq', constructor='MilvusIVFPQ', module='bigvectorbench.algorithms.milvus', docker_tag='bigvectorbench-milvus', arguments=['euclidean', 256, {'nlist': 1024, 'm': 8, 'nbits': 8}], query_argument_groups=[[64], [256], [512], [1024]], disabled=False), Definition(algorithm='milvus-ivfpq', constructor='MilvusIVFPQ', module='bigvectorbench.algorithms.milvus', docker_tag='bigvectorbench-milvus', arguments=['euclidean', 256, {'nlist': 128, 'm': 8, 'nbits': 8}], query_argument_groups=[[8], [32], [64], [128]], disabled=False), Definition(algorithm='milvus-ivfpq', constructor='MilvusIVFPQ', module='bigvectorbench.algorithms.milvus', docker_tag='bigvectorbench-milvus', arguments=['euclidean', 256, {'nlist': 128, 'm': 4, 'nbits': 8}], query_argument_groups=[[8], [32], [64], [128]], disabled=False), Definition(algorithm='milvus-ivfpq', constructor='MilvusIVFPQ', module='bigvectorbench.algorithms.milvus', docker_tag='bigvectorbench-milvus', arguments=['euclidean', 256, {'nlist': 512, 'm': 16, 'nbits': 8}], query_argument_groups=[[32], [128], [256], [512]], disabled=False), Definition(algorithm='milvus-ivfpq', constructor='MilvusIVFPQ', module='bigvectorbench.algorithms.milvus', docker_tag='bigvectorbench-milvus', arguments=['euclidean', 256, {'nlist': 128, 'm': 16, 'nbits': 8}], query_argument_groups=[[8], [32], [64], [128]], disabled=False)]
 Network milvus  Creating
 Network milvus  Created
 Container milvus-minio  Creating
 Container milvus-etcd  Creating
 Container milvus-etcd  Created
 Container milvus-minio  Created
 Container milvus-standalone  Creating
 Container milvus-standalone  Created
 Container milvus-minio  Starting
 Container milvus-etcd  Starting
 Container milvus-minio  Started
 Container milvus-etcd  Started
 Container milvus-standalone  Starting
 Container milvus-standalone  Started
 Container milvus-standalone  Stopping
 Container milvus-standalone  Stopped
 Container milvus-standalone  Removing
 Container milvus-standalone  Removed
 Container milvus-minio  Stopping
 Container milvus-etcd  Stopping
 Container milvus-etcd  Stopped
 Container milvus-etcd  Removing
 Container milvus-etcd  Removed
 Container milvus-minio  Stopped
 Container milvus-minio  Removing
 Container milvus-minio  Removed
 Network milvus  Removing
 Network milvus  Removed
 Network milvus  Creating
 Network milvus  Created
 Container milvus-etcd  Creating
 Container milvus-minio  Creating
 Container milvus-etcd  Created
 Container milvus-minio  Created
 Container milvus-standalone  Creating
 Container milvus-standalone  Created
 Container milvus-etcd  Starting
 Container milvus-minio  Starting
 Container milvus-minio  Started
 Container milvus-etcd  Started
 Container milvus-standalone  Starting
 Container milvus-standalone  Started
Trying to instantiate bigvectorbench.algorithms.milvus.MilvusIVFPQ(['euclidean', 256, {'nlist': 512, 'm': 4, 'nbits': 8}])
[Milvus] docker compose up successfully!!!
[Milvus] Milvus version: 2.5.11
Dataset type: filter-ann
Distance metric: euclidean
Got a train set of size               (991000 * 256) with 1 labels
label names: ['attribute']
label types: ['int32']
filter expression function: def filter_expr(attribute_low, attribute_high): return f'attribute >= {attribute_low} and attribute <= {attribute_high}'
Got 10000 queries
[Milvus] Create collection {'collection_name': 'test_milvus', 'auto_id': False, 'num_shards': 1, 'description': 'Test milvus search', 'fields': [{'field_id': 100, 'name': 'id', 'description': '', 'type': <DataType.INT64: 5>, 'params': {}, 'is_primary': True}, {'field_id': 101, 'name': 'vector', 'description': '', 'type': <DataType.FLOAT_VECTOR: 101>, 'params': {'dim': 256}}, {'field_id': 102, 'name': 'attribute', 'description': '', 'type': <DataType.INT32: 4>, 'params': {}}], 'aliases': [], 'collection_id': 468361546218078297, 'consistency_level': 2, 'properties': {}, 'num_partitions': 1, 'enable_dynamic_field': False} successfully!!!
[Milvus] Insert 991000 data with 1 labels  into collection test_milvus...
[Milvus] 991000 data has been inserted into collection test_milvus!!!
Inserted data in 84.22258806228638
Memory usage:  2153080.0
[Milvus] Create index for collection test_milvus...
[Milvus] Create index {'collection': 'test_milvus', 'field': 'vector', 'index_name': 'vector_index', 'index_param': {'index_type': 'IVF_PQ', 'params': {'nlist': 512, 'm': 4, 'nbits': 8}, 'metric_type': 'L2'}} {'total_rows': 991000, 'indexed_rows': 991000, 'pending_index_rows': 0, 'state': 'Finished'} for collection test_milvus successfully!!!
[Milvus] Load collection test_milvus...
[Milvus] Load collection test_milvus successfully!!!
Built index in  25.478086471557617
Index size:  303196.0
Running query argument group 1 of 4...
Run 1/1...
Warmup round 1/2...
Processed 1000/10000 queries...
Warmup round 2/2...
Processed 2000/10000 queries...
Processed 3000/10000 queries...
Processed 4000/10000 queries...
Processed 5000/10000 queries...
Processed 6000/10000 queries...
Processed 7000/10000 queries...
Processed 8000/10000 queries...
Processed 9000/10000 queries...
Processed 10000/10000 queries...
Processed 11000/10000 queries...
Processed 12000/10000 queries...
Running query argument group 2 of 4...
Run 1/1...
Warmup round 1/2...
Processed 1000/10000 queries...
Warmup round 2/2...
Processed 2000/10000 queries...
Processed 3000/10000 queries...
Processed 4000/10000 queries...
Processed 5000/10000 queries...
Processed 6000/10000 queries...
Processed 7000/10000 queries...
Processed 8000/10000 queries...
Processed 9000/10000 queries...
Processed 10000/10000 queries...
Processed 11000/10000 queries...
Processed 12000/10000 queries...
Running query argument group 3 of 4...
Run 1/1...
Warmup round 1/2...
Processed 1000/10000 queries...
Warmup round 2/2...
Processed 2000/10000 queries...
Processed 3000/10000 queries...
Processed 4000/10000 queries...
Processed 5000/10000 queries...
Processed 6000/10000 queries...
Processed 7000/10000 queries...
Processed 8000/10000 queries...
Processed 9000/10000 queries...
Processed 10000/10000 queries...
Processed 11000/10000 queries...
Processed 12000/10000 queries...
Running query argument group 4 of 4...
Run 1/1...
Warmup round 1/2...
Processed 1000/10000 queries...
Warmup round 2/2...
Processed 2000/10000 queries...
Processed 3000/10000 queries...
Processed 4000/10000 queries...
Processed 5000/10000 queries...
Processed 6000/10000 queries...
Processed 7000/10000 queries...
Processed 8000/10000 queries...
Processed 9000/10000 queries...
Processed 10000/10000 queries...
Processed 11000/10000 queries...
Processed 12000/10000 queries...
Processed 0/10000 inserts...
Processed 1000/10000 inserts...
Processed 2000/10000 inserts...
Processed 3000/10000 inserts...
Processed 4000/10000 inserts...
Processed 5000/10000 inserts...
Processed 6000/10000 inserts...
Processed 7000/10000 inserts...
Processed 8000/10000 inserts...
Processed 9000/10000 inserts...
Processed 0/10000 updates...
Processed 1000/10000 updates...
Processed 2000/10000 updates...
Processed 3000/10000 updates...
Processed 4000/10000 updates...
Processed 5000/10000 updates...
Processed 6000/10000 updates...
Processed 7000/10000 updates...
Processed 8000/10000 updates...
Processed 9000/10000 updates...
Processed 0/10000 deletes...
Processed 1000/10000 deletes...
Processed 2000/10000 deletes...
Processed 3000/10000 deletes...
Processed 4000/10000 deletes...
Processed 5000/10000 deletes...
Processed 6000/10000 deletes...
Processed 7000/10000 deletes...
Processed 8000/10000 deletes...
Processed 9000/10000 deletes...
[Milvus] docker compose down successfully!!!
Trying to instantiate bigvectorbench.algorithms.milvus.MilvusIVFPQ(['euclidean', 256, {'nlist': 512, 'm': 8, 'nbits': 8}])
[Milvus] docker compose up successfully!!!
[Milvus] Milvus version: 2.5.11
Dataset type: filter-ann
Distance metric: euclidean
Got a train set of size               (991000 * 256) with 1 labels
label names: ['attribute']
label types: ['int32']
filter expression function: def filter_expr(attribute_low, attribute_high): return f'attribute >= {attribute_low} and attribute <= {attribute_high}'
Got 10000 queries
[Milvus] Create collection {'collection_name': 'test_milvus', 'auto_id': False, 'num_shards': 1, 'description': 'Test milvus search', 'fields': [{'field_id': 100, 'name': 'id', 'description': '', 'type': <DataType.INT64: 5>, 'params': {}, 'is_primary': True}, {'field_id': 101, 'name': 'vector', 'description': '', 'type': <DataType.FLOAT_VECTOR: 101>, 'params': {'dim': 256}}, {'field_id': 102, 'name': 'attribute', 'description': '', 'type': <DataType.INT32: 4>, 'params': {}}], 'aliases': [], 'collection_id': 468361694304210331, 'consistency_level': 2, 'properties': {}, 'num_partitions': 1, 'enable_dynamic_field': False} successfully!!!
[Milvus] Insert 991000 data with 1 labels  into collection test_milvus...
[Milvus] 991000 data has been inserted into collection test_milvus!!!
Inserted data in 85.97223281860352
Memory usage:  2200744.0
[Milvus] Create index for collection test_milvus...
[Milvus] Create index {'collection': 'test_milvus', 'field': 'vector', 'index_name': 'vector_index', 'index_param': {'index_type': 'IVF_PQ', 'params': {'nlist': 512, 'm': 8, 'nbits': 8}, 'metric_type': 'L2'}} {'total_rows': 991000, 'indexed_rows': 991000, 'pending_index_rows': 0, 'state': 'Finished'} for collection test_milvus successfully!!!
[Milvus] Load collection test_milvus...
[Milvus] Load collection test_milvus successfully!!!
Built index in  28.0127854347229
Index size:  436496.0
Running query argument group 1 of 4...
Run 1/1...
Warmup round 1/2...
Processed 1000/10000 queries...
Warmup round 2/2...
Processed 2000/10000 queries...
Processed 3000/10000 queries...
Processed 4000/10000 queries...
Processed 5000/10000 queries...
Processed 6000/10000 queries...
Processed 7000/10000 queries...
Processed 8000/10000 queries...
Processed 9000/10000 queries...
Processed 10000/10000 queries...
Processed 11000/10000 queries...
Processed 12000/10000 queries...
Running query argument group 2 of 4...
Run 1/1...
Warmup round 1/2...
Processed 1000/10000 queries...
Warmup round 2/2...
Processed 2000/10000 queries...
Processed 3000/10000 queries...
Processed 4000/10000 queries...
Processed 5000/10000 queries...
Processed 6000/10000 queries...
Processed 7000/10000 queries...
Processed 8000/10000 queries...
Processed 9000/10000 queries...
Processed 10000/10000 queries...
Processed 11000/10000 queries...
Processed 12000/10000 queries...
Running query argument group 3 of 4...
Run 1/1...
Warmup round 1/2...
Processed 1000/10000 queries...
Warmup round 2/2...
Processed 2000/10000 queries...
Processed 3000/10000 queries...
Processed 4000/10000 queries...
Processed 5000/10000 queries...
Processed 6000/10000 queries...
Processed 7000/10000 queries...
Processed 8000/10000 queries...
Processed 9000/10000 queries...
Processed 10000/10000 queries...
Processed 11000/10000 queries...
Processed 12000/10000 queries...
 Container milvus-standalone  Stopping
 Container milvus-standalone  Stopped
 Container milvus-standalone  Removing
 Container milvus-standalone  Removed
 Container milvus-etcd  Stopping
 Container milvus-minio  Stopping
 Container milvus-etcd  Stopped
 Container milvus-etcd  Removing
 Container milvus-etcd  Removed
 Container milvus-minio  Stopped
 Container milvus-minio  Removing
 Container milvus-minio  Removed
 Network milvus  Removing
 Network milvus  Removed
 Network milvus  Creating
 Network milvus  Created
 Container milvus-minio  Creating
 Container milvus-etcd  Creating
 Container milvus-minio  Created
 Container milvus-etcd  Created
 Container milvus-standalone  Creating
 Container milvus-standalone  Created
 Container milvus-etcd  Starting
 Container milvus-minio  Starting
 Container milvus-etcd  Started
 Container milvus-minio  Started
 Container milvus-standalone  Starting
 Container milvus-standalone  Started
 Container milvus-standalone  Stopping
 Container milvus-standalone  Stopped
 Container milvus-standalone  Removing
 Container milvus-standalone  Removed
 Container milvus-minio  Stopping
 Container milvus-etcd  Stopping
 Container milvus-etcd  Stopped
 Container milvus-etcd  Removing
 Container milvus-etcd  Removed
 Container milvus-minio  Stopped
 Container milvus-minio  Removing
 Container milvus-minio  Removed
 Network milvus  Removing
 Network milvus  Removed
 Network milvus  Creating
 Network milvus  Created
 Container milvus-etcd  Creating
 Container milvus-minio  Creating
 Container milvus-etcd  Created
 Container milvus-minio  Created
 Container milvus-standalone  Creating
 Container milvus-standalone  Created
 Container milvus-minio  Starting
 Container milvus-etcd  Starting
 Container milvus-minio  Started
 Container milvus-etcd  Started
 Container milvus-standalone  Starting
 Container milvus-standalone  Started
Running query argument group 4 of 4...
Run 1/1...
Warmup round 1/2...
Processed 1000/10000 queries...
Warmup round 2/2...
Processed 2000/10000 queries...
Processed 3000/10000 queries...
Processed 4000/10000 queries...
Processed 5000/10000 queries...
Processed 6000/10000 queries...
Processed 7000/10000 queries...
Processed 8000/10000 queries...
Processed 9000/10000 queries...
Processed 10000/10000 queries...
Processed 11000/10000 queries...
Processed 12000/10000 queries...
Processed 0/10000 inserts...
Processed 1000/10000 inserts...
Processed 2000/10000 inserts...
Processed 3000/10000 inserts...
Processed 4000/10000 inserts...
Processed 5000/10000 inserts...
Processed 6000/10000 inserts...
Processed 7000/10000 inserts...
Processed 8000/10000 inserts...
Processed 9000/10000 inserts...
Processed 0/10000 updates...
Processed 1000/10000 updates...
Processed 2000/10000 updates...
Processed 3000/10000 updates...
Processed 4000/10000 updates...
Processed 5000/10000 updates...
Processed 6000/10000 updates...
Processed 7000/10000 updates...
Processed 8000/10000 updates...
Processed 9000/10000 updates...
Processed 0/10000 deletes...
Processed 1000/10000 deletes...
Processed 2000/10000 deletes...
Processed 3000/10000 deletes...
Processed 4000/10000 deletes...
Processed 5000/10000 deletes...
Processed 6000/10000 deletes...
Processed 7000/10000 deletes...
Processed 8000/10000 deletes...
Processed 9000/10000 deletes...
[Milvus] docker compose down successfully!!!
Trying to instantiate bigvectorbench.algorithms.milvus.MilvusIVFPQ(['euclidean', 256, {'nlist': 1024, 'm': 4, 'nbits': 8}])
[Milvus] docker compose up successfully!!!
[Milvus] Milvus version: 2.5.11
Dataset type: filter-ann
Distance metric: euclidean
Got a train set of size               (991000 * 256) with 1 labels
label names: ['attribute']
label types: ['int32']
filter expression function: def filter_expr(attribute_low, attribute_high): return f'attribute >= {attribute_low} and attribute <= {attribute_high}'
Got 10000 queries
[Milvus] Create collection {'collection_name': 'test_milvus', 'auto_id': False, 'num_shards': 1, 'description': 'Test milvus search', 'fields': [{'field_id': 100, 'name': 'id', 'description': '', 'type': <DataType.INT64: 5>, 'params': {}, 'is_primary': True}, {'field_id': 101, 'name': 'vector', 'description': '', 'type': <DataType.FLOAT_VECTOR: 101>, 'params': {'dim': 256}}, {'field_id': 102, 'name': 'attribute', 'description': '', 'type': <DataType.INT32: 4>, 'params': {}}], 'aliases': [], 'collection_id': 468361850149080475, 'consistency_level': 2, 'properties': {}, 'num_partitions': 1, 'enable_dynamic_field': False} successfully!!!
[Milvus] Insert 991000 data with 1 labels  into collection test_milvus...
[Milvus] 991000 data has been inserted into collection test_milvus!!!
Inserted data in 86.14989185333252
Memory usage:  1673064.0
[Milvus] Create index for collection test_milvus...
[Milvus] Create index {'collection': 'test_milvus', 'field': 'vector', 'index_name': 'vector_index', 'index_param': {'index_type': 'IVF_PQ', 'params': {'nlist': 1024, 'm': 4, 'nbits': 8}, 'metric_type': 'L2'}} {'total_rows': 991000, 'indexed_rows': 991000, 'pending_index_rows': 0, 'state': 'Finished'} for collection test_milvus successfully!!!
[Milvus] Load collection test_milvus...
[Milvus] Load collection test_milvus successfully!!!
Built index in  32.556182622909546
Index size:  368720.0
Running query argument group 1 of 4...
Run 1/1...
Warmup round 1/2...
Processed 1000/10000 queries...
Warmup round 2/2...
Processed 2000/10000 queries...
Processed 3000/10000 queries...
Processed 4000/10000 queries...
Processed 5000/10000 queries...
Processed 6000/10000 queries...
Processed 7000/10000 queries...
Processed 8000/10000 queries...
Processed 9000/10000 queries...
Processed 10000/10000 queries...
Processed 11000/10000 queries...
Processed 12000/10000 queries...
Running query argument group 2 of 4...
Run 1/1...
Warmup round 1/2...
Processed 1000/10000 queries...
Warmup round 2/2...
Processed 2000/10000 queries...
Processed 3000/10000 queries...
Processed 4000/10000 queries...
Processed 5000/10000 queries...
Processed 6000/10000 queries...
Processed 7000/10000 queries...
Processed 8000/10000 queries...
Processed 9000/10000 queries...
Processed 10000/10000 queries...
Processed 11000/10000 queries...
Processed 12000/10000 queries...
Running query argument group 3 of 4...
Run 1/1...
Warmup round 1/2...
Processed 1000/10000 queries...
Warmup round 2/2...
Processed 2000/10000 queries...
Processed 3000/10000 queries...
Processed 4000/10000 queries...
Processed 5000/10000 queries...
Processed 6000/10000 queries...
Processed 7000/10000 queries...
Processed 8000/10000 queries...
Processed 9000/10000 queries...
Processed 10000/10000 queries...
Processed 11000/10000 queries...
Processed 12000/10000 queries...
Running query argument group 4 of 4...
Run 1/1...
Warmup round 1/2...
Processed 1000/10000 queries...
Warmup round 2/2...
Processed 2000/10000 queries...
Processed 3000/10000 queries...
Processed 4000/10000 queries...
Processed 5000/10000 queries...
Processed 6000/10000 queries...
Processed 7000/10000 queries...
Processed 8000/10000 queries...
Processed 9000/10000 queries...
Processed 10000/10000 queries...
Processed 11000/10000 queries...
Processed 12000/10000 queries...
Processed 0/10000 inserts...
Processed 1000/10000 inserts...
Processed 2000/10000 inserts...
Processed 3000/10000 inserts...
Processed 4000/10000 inserts...
Processed 5000/10000 inserts...
Processed 6000/10000 inserts...
Processed 7000/10000 inserts...
Processed 8000/10000 inserts...
Processed 9000/10000 inserts...
Processed 0/10000 updates...
Processed 1000/10000 updates...
Processed 2000/10000 updates...
Processed 3000/10000 updates...
Processed 4000/10000 updates...
Processed 5000/10000 updates...
Processed 6000/10000 updates...
Processed 7000/10000 updates...
Processed 8000/10000 updates...
Processed 9000/10000 updates...
Processed 0/10000 deletes...
Processed 1000/10000 deletes...
Processed 2000/10000 deletes...
Processed 3000/10000 deletes...
Processed 4000/10000 deletes...
Processed 5000/10000 deletes...
Processed 6000/10000 deletes...
Processed 7000/10000 deletes...
Processed 8000/10000 deletes...
Processed 9000/10000 deletes...
[Milvus] docker compose down successfully!!!
Trying to instantiate bigvectorbench.algorithms.milvus.MilvusIVFPQ(['euclidean', 256, {'nlist': 1024, 'm': 16, 'nbits': 8}])
[Milvus] docker compose up successfully!!!
[Milvus] Milvus version: 2.5.11
Dataset type: filter-ann
Distance metric: euclidean
Got a train set of size               (991000 * 256) with 1 labels
label names: ['attribute']
label types: ['int32']
filter expression function: def filter_expr(attribute_low, attribute_high): return f'attribute >= {attribute_low} and attribute <= {attribute_high}'
Got 10000 queries
[Milvus] Create collection {'collection_name': 'test_milvus', 'auto_id': False, 'num_shards': 1, 'description': 'Test milvus search', 'fields': [{'field_id': 100, 'name': 'id', 'description': '', 'type': <DataType.INT64: 5>, 'params': {}, 'is_primary': True}, {'field_id': 101, 'name': 'vector', 'description': '', 'type': <DataType.FLOAT_VECTOR: 101>, 'params': {'dim': 256}}, {'field_id': 102, 'name': 'attribute', 'description': '', 'type': <DataType.INT32: 4>, 'params': {}}], 'aliases': [], 'collection_id': 468362009732386204, 'consistency_level': 2, 'properties': {}, 'num_partitions': 1, 'enable_dynamic_field': False} successfully!!!
[Milvus] Insert 991000 data with 1 labels  into collection test_milvus...
[Milvus] 991000 data has been inserted into collection test_milvus!!!
Inserted data in 86.84167051315308
Memory usage:  1678512.0
[Milvus] Create index for collection test_milvus...
[Milvus] Create index {'collection': 'test_milvus', 'field': 'vector', 'index_name': 'vector_index', 'index_param': {'index_type': 'IVF_PQ', 'params': {'nlist': 1024, 'm': 16, 'nbits': 8}, 'metric_type': 'L2'}} {'total_rows': 991000, 'indexed_rows': 991000, 'pending_index_rows': 0, 'state': 'Finished'} for collection test_milvus successfully!!!
[Milvus] Load collection test_milvus...
[Milvus] Load collection test_milvus successfully!!!
 Container milvus-standalone  Stopping
 Container milvus-standalone  Stopped
 Container milvus-standalone  Removing
 Container milvus-standalone  Removed
 Container milvus-etcd  Stopping
 Container milvus-minio  Stopping
 Container milvus-etcd  Stopped
 Container milvus-etcd  Removing
 Container milvus-etcd  Removed
 Container milvus-minio  Stopped
 Container milvus-minio  Removing
 Container milvus-minio  Removed
 Network milvus  Removing
 Network milvus  Removed
 Network milvus  Creating
 Network milvus  Created
 Container milvus-minio  Creating
 Container milvus-etcd  Creating
 Container milvus-etcd  Created
 Container milvus-minio  Created
 Container milvus-standalone  Creating
 Container milvus-standalone  Created
 Container milvus-minio  Starting
 Container milvus-etcd  Starting
 Container milvus-etcd  Started
 Container milvus-minio  Started
 Container milvus-standalone  Starting
 Container milvus-standalone  Started
 Container milvus-standalone  Stopping
 Container milvus-standalone  Stopped
 Container milvus-standalone  Removing
 Container milvus-standalone  Removed
 Container milvus-etcd  Stopping
 Container milvus-minio  Stopping
 Container milvus-etcd  Stopped
 Container milvus-etcd  Removing
 Container milvus-etcd  Removed
 Container milvus-minio  Stopped
 Container milvus-minio  Removing
 Container milvus-minio  Removed
 Network milvus  Removing
 Network milvus  Removed
 Network milvus  Creating
 Network milvus  Created
 Container milvus-minio  Creating
 Container milvus-etcd  Creating
 Container milvus-minio  Created
 Container milvus-etcd  Created
 Container milvus-standalone  Creating
 Container milvus-standalone  Created
 Container milvus-minio  Starting
 Container milvus-etcd  Starting
 Container milvus-minio  Started
 Container milvus-etcd  Started
 Container milvus-standalone  Starting
 Container milvus-standalone  Started
Built index in  40.33122229576111
Index size:  461108.0
Running query argument group 1 of 4...
Run 1/1...
Warmup round 1/2...
Processed 1000/10000 queries...
Warmup round 2/2...
Processed 2000/10000 queries...
Processed 3000/10000 queries...
Processed 4000/10000 queries...
Processed 5000/10000 queries...
Processed 6000/10000 queries...
Processed 7000/10000 queries...
Processed 8000/10000 queries...
Processed 9000/10000 queries...
Processed 10000/10000 queries...
Processed 11000/10000 queries...
Processed 12000/10000 queries...
Running query argument group 2 of 4...
Run 1/1...
Warmup round 1/2...
Processed 1000/10000 queries...
Warmup round 2/2...
Processed 2000/10000 queries...
Processed 3000/10000 queries...
Processed 4000/10000 queries...
Processed 5000/10000 queries...
Processed 6000/10000 queries...
Processed 7000/10000 queries...
Processed 8000/10000 queries...
Processed 9000/10000 queries...
Processed 10000/10000 queries...
Processed 11000/10000 queries...
Processed 12000/10000 queries...
Running query argument group 3 of 4...
Run 1/1...
Warmup round 1/2...
Processed 1000/10000 queries...
Warmup round 2/2...
Processed 2000/10000 queries...
Processed 3000/10000 queries...
Processed 4000/10000 queries...
Processed 5000/10000 queries...
Processed 6000/10000 queries...
Processed 7000/10000 queries...
Processed 8000/10000 queries...
Processed 9000/10000 queries...
Processed 10000/10000 queries...
Processed 11000/10000 queries...
Processed 12000/10000 queries...
Running query argument group 4 of 4...
Run 1/1...
Warmup round 1/2...
Processed 1000/10000 queries...
Warmup round 2/2...
Processed 2000/10000 queries...
Processed 3000/10000 queries...
Processed 4000/10000 queries...
Processed 5000/10000 queries...
Processed 6000/10000 queries...
Processed 7000/10000 queries...
Processed 8000/10000 queries...
Processed 9000/10000 queries...
Processed 10000/10000 queries...
Processed 11000/10000 queries...
Processed 12000/10000 queries...
Processed 0/10000 inserts...
Processed 1000/10000 inserts...
Processed 2000/10000 inserts...
Processed 3000/10000 inserts...
Processed 4000/10000 inserts...
Processed 5000/10000 inserts...
Processed 6000/10000 inserts...
Processed 7000/10000 inserts...
Processed 8000/10000 inserts...
Processed 9000/10000 inserts...
Processed 0/10000 updates...
Processed 1000/10000 updates...
Processed 2000/10000 updates...
Processed 3000/10000 updates...
Processed 4000/10000 updates...
Processed 5000/10000 updates...
Processed 6000/10000 updates...
Processed 7000/10000 updates...
Processed 8000/10000 updates...
Processed 9000/10000 updates...
Processed 0/10000 deletes...
Processed 1000/10000 deletes...
Processed 2000/10000 deletes...
Processed 3000/10000 deletes...
Processed 4000/10000 deletes...
Processed 5000/10000 deletes...
Processed 6000/10000 deletes...
Processed 7000/10000 deletes...
Processed 8000/10000 deletes...
Processed 9000/10000 deletes...
[Milvus] docker compose down successfully!!!
Trying to instantiate bigvectorbench.algorithms.milvus.MilvusIVFPQ(['euclidean', 256, {'nlist': 1024, 'm': 8, 'nbits': 8}])
[Milvus] docker compose up successfully!!!
[Milvus] Milvus version: 2.5.11
Dataset type: filter-ann
Distance metric: euclidean
Got a train set of size               (991000 * 256) with 1 labels
label names: ['attribute']
label types: ['int32']
filter expression function: def filter_expr(attribute_low, attribute_high): return f'attribute >= {attribute_low} and attribute <= {attribute_high}'
Got 10000 queries
[Milvus] Create collection {'collection_name': 'test_milvus', 'auto_id': False, 'num_shards': 1, 'description': 'Test milvus search', 'fields': [{'field_id': 100, 'name': 'id', 'description': '', 'type': <DataType.INT64: 5>, 'params': {}, 'is_primary': True}, {'field_id': 101, 'name': 'vector', 'description': '', 'type': <DataType.FLOAT_VECTOR: 101>, 'params': {'dim': 256}}, {'field_id': 102, 'name': 'attribute', 'description': '', 'type': <DataType.INT32: 4>, 'params': {}}], 'aliases': [], 'collection_id': 468362193779494306, 'consistency_level': 2, 'properties': {}, 'num_partitions': 1, 'enable_dynamic_field': False} successfully!!!
[Milvus] Insert 991000 data with 1 labels  into collection test_milvus...
[Milvus] 991000 data has been inserted into collection test_milvus!!!
Inserted data in 86.98734426498413
Memory usage:  1833520.0
[Milvus] Create index for collection test_milvus...
[Milvus] Create index {'collection': 'test_milvus', 'field': 'vector', 'index_name': 'vector_index', 'index_param': {'index_type': 'IVF_PQ', 'params': {'nlist': 1024, 'm': 8, 'nbits': 8}, 'metric_type': 'L2'}} {'total_rows': 991000, 'indexed_rows': 991000, 'pending_index_rows': 0, 'state': 'Finished'} for collection test_milvus successfully!!!
[Milvus] Load collection test_milvus...
[Milvus] Load collection test_milvus successfully!!!
Built index in  35.012439012527466
Index size:  383580.0
Running query argument group 1 of 4...
Run 1/1...
Warmup round 1/2...
Processed 1000/10000 queries...
Warmup round 2/2...
Processed 2000/10000 queries...
Processed 3000/10000 queries...
Processed 4000/10000 queries...
Processed 5000/10000 queries...
Processed 6000/10000 queries...
Processed 7000/10000 queries...
Processed 8000/10000 queries...
Processed 9000/10000 queries...
Processed 10000/10000 queries...
Processed 11000/10000 queries...
Processed 12000/10000 queries...
Running query argument group 2 of 4...
Run 1/1...
Warmup round 1/2...
Processed 1000/10000 queries...
Warmup round 2/2...
Processed 2000/10000 queries...
Processed 3000/10000 queries...
Processed 4000/10000 queries...
Processed 5000/10000 queries...
Processed 6000/10000 queries...
Processed 7000/10000 queries...
Processed 8000/10000 queries...
Processed 9000/10000 queries...
Processed 10000/10000 queries...
Processed 11000/10000 queries...
Processed 12000/10000 queries...
Running query argument group 3 of 4...
Run 1/1...
Warmup round 1/2...
Processed 1000/10000 queries...
Warmup round 2/2...
Processed 2000/10000 queries...
Processed 3000/10000 queries...
Processed 4000/10000 queries...
Processed 5000/10000 queries...
Processed 6000/10000 queries...
Processed 7000/10000 queries...
Processed 8000/10000 queries...
Processed 9000/10000 queries...
Processed 10000/10000 queries...
Processed 11000/10000 queries...
Processed 12000/10000 queries...
Running query argument group 4 of 4...
Run 1/1...
Warmup round 1/2...
Processed 1000/10000 queries...
Warmup round 2/2...
Processed 2000/10000 queries...
Processed 3000/10000 queries...
Processed 4000/10000 queries...
Processed 5000/10000 queries...
Processed 6000/10000 queries...
Processed 7000/10000 queries...
Processed 8000/10000 queries...
Processed 9000/10000 queries...
Processed 10000/10000 queries...
Processed 11000/10000 queries...
Processed 12000/10000 queries...
Processed 0/10000 inserts...
Processed 1000/10000 inserts...
Processed 2000/10000 inserts...
Processed 3000/10000 inserts...
Processed 4000/10000 inserts...
Processed 5000/10000 inserts...
Processed 6000/10000 inserts...
Processed 7000/10000 inserts...
Processed 8000/10000 inserts...
Processed 9000/10000 inserts...
Processed 0/10000 updates...
Processed 1000/10000 updates...
Processed 2000/10000 updates...
Processed 3000/10000 updates...
Processed 4000/10000 updates...
Processed 5000/10000 updates...
Processed 6000/10000 updates...
Processed 7000/10000 updates...
Processed 8000/10000 updates...
Processed 9000/10000 updates...
Processed 0/10000 deletes...
Processed 1000/10000 deletes...
Processed 2000/10000 deletes...
Processed 3000/10000 deletes...
Processed 4000/10000 deletes...
Processed 5000/10000 deletes...
Processed 6000/10000 deletes...
Processed 7000/10000 deletes...
Processed 8000/10000 deletes...
Processed 9000/10000 deletes...
[Milvus] docker compose down successfully!!!
Trying to instantiate bigvectorbench.algorithms.milvus.MilvusIVFPQ(['euclidean', 256, {'nlist': 128, 'm': 8, 'nbits': 8}])
[Milvus] docker compose up successfully!!!
[Milvus] Milvus version: 2.5.11
Dataset type: filter-ann
Distance metric: euclidean
Got a train set of size               (991000 * 256) with 1 labels
label names: ['attribute']
label types: ['int32']
 Container milvus-standalone  Stopping
 Container milvus-standalone  Stopped
 Container milvus-standalone  Removing
 Container milvus-standalone  Removed
 Container milvus-minio  Stopping
 Container milvus-etcd  Stopping
 Container milvus-etcd  Stopped
 Container milvus-etcd  Removing
 Container milvus-etcd  Removed
 Container milvus-minio  Stopped
 Container milvus-minio  Removing
 Container milvus-minio  Removed
 Network milvus  Removing
 Network milvus  Removed
 Network milvus  Creating
 Network milvus  Created
 Container milvus-minio  Creating
 Container milvus-etcd  Creating
 Container milvus-etcd  Created
 Container milvus-minio  Created
 Container milvus-standalone  Creating
 Container milvus-standalone  Created
 Container milvus-minio  Starting
 Container milvus-etcd  Starting
 Container milvus-etcd  Started
 Container milvus-minio  Started
 Container milvus-standalone  Starting
 Container milvus-standalone  Started
filter expression function: def filter_expr(attribute_low, attribute_high): return f'attribute >= {attribute_low} and attribute <= {attribute_high}'
Got 10000 queries
[Milvus] Create collection {'collection_name': 'test_milvus', 'auto_id': False, 'num_shards': 1, 'description': 'Test milvus search', 'fields': [{'field_id': 100, 'name': 'id', 'description': '', 'type': <DataType.INT64: 5>, 'params': {}, 'is_primary': True}, {'field_id': 101, 'name': 'vector', 'description': '', 'type': <DataType.FLOAT_VECTOR: 101>, 'params': {'dim': 256}}, {'field_id': 102, 'name': 'attribute', 'description': '', 'type': <DataType.INT32: 4>, 'params': {}}], 'aliases': [], 'collection_id': 468362360044588444, 'consistency_level': 2, 'properties': {}, 'num_partitions': 1, 'enable_dynamic_field': False} successfully!!!
[Milvus] Insert 991000 data with 1 labels  into collection test_milvus...
[Milvus] 991000 data has been inserted into collection test_milvus!!!
Inserted data in 86.21456623077393
Memory usage:  2142776.0
[Milvus] Create index for collection test_milvus...
[Milvus] Create index {'collection': 'test_milvus', 'field': 'vector', 'index_name': 'vector_index', 'index_param': {'index_type': 'IVF_PQ', 'params': {'nlist': 128, 'm': 8, 'nbits': 8}, 'metric_type': 'L2'}} {'total_rows': 991000, 'indexed_rows': 991000, 'pending_index_rows': 0, 'state': 'Finished'} for collection test_milvus successfully!!!
[Milvus] Load collection test_milvus...
[Milvus] Load collection test_milvus successfully!!!
Built index in  22.67842173576355
Index size:  341244.0
Running query argument group 1 of 4...
Run 1/1...
Warmup round 1/2...
Processed 1000/10000 queries...
Warmup round 2/2...
Processed 2000/10000 queries...
Processed 3000/10000 queries...
Processed 4000/10000 queries...
Processed 5000/10000 queries...
Processed 6000/10000 queries...
Processed 7000/10000 queries...
Processed 8000/10000 queries...
Processed 9000/10000 queries...
Processed 10000/10000 queries...
Processed 11000/10000 queries...
Processed 12000/10000 queries...
Running query argument group 2 of 4...
Run 1/1...
Warmup round 1/2...
Processed 1000/10000 queries...
Warmup round 2/2...
Processed 2000/10000 queries...
Processed 3000/10000 queries...
Processed 4000/10000 queries...
Processed 5000/10000 queries...
Processed 6000/10000 queries...
Processed 7000/10000 queries...
Processed 8000/10000 queries...
Processed 9000/10000 queries...
Processed 10000/10000 queries...
Processed 11000/10000 queries...
Processed 12000/10000 queries...
Running query argument group 3 of 4...
Run 1/1...
Warmup round 1/2...
Processed 1000/10000 queries...
Warmup round 2/2...
Processed 2000/10000 queries...
Processed 3000/10000 queries...
Processed 4000/10000 queries...
Processed 5000/10000 queries...
Processed 6000/10000 queries...
Processed 7000/10000 queries...
Processed 8000/10000 queries...
Processed 9000/10000 queries...
Processed 10000/10000 queries...
Processed 11000/10000 queries...
Processed 12000/10000 queries...
Running query argument group 4 of 4...
Run 1/1...
Warmup round 1/2...
Processed 1000/10000 queries...
Warmup round 2/2...
Processed 2000/10000 queries...
Processed 3000/10000 queries...
Processed 4000/10000 queries...
Processed 5000/10000 queries...
Processed 6000/10000 queries...
Processed 7000/10000 queries...
Processed 8000/10000 queries...
Processed 9000/10000 queries...
Processed 10000/10000 queries...
Processed 11000/10000 queries...
Processed 12000/10000 queries...
Processed 0/10000 inserts...
Processed 1000/10000 inserts...
Processed 2000/10000 inserts...
Processed 3000/10000 inserts...
Processed 4000/10000 inserts...
Processed 5000/10000 inserts...
Processed 6000/10000 inserts...
Processed 7000/10000 inserts...
Processed 8000/10000 inserts...
Processed 9000/10000 inserts...
Processed 0/10000 updates...
Processed 1000/10000 updates...
Processed 2000/10000 updates...
Processed 3000/10000 updates...
Processed 4000/10000 updates...
Processed 5000/10000 updates...
Processed 6000/10000 updates...
Processed 7000/10000 updates...
Processed 8000/10000 updates...
Processed 9000/10000 updates...
Processed 0/10000 deletes...
Processed 1000/10000 deletes...
Processed 2000/10000 deletes...
Processed 3000/10000 deletes...
Processed 4000/10000 deletes...
Processed 5000/10000 deletes...
Processed 6000/10000 deletes...
Processed 7000/10000 deletes...
Processed 8000/10000 deletes...
Processed 9000/10000 deletes...
[Milvus] docker compose down successfully!!!
Trying to instantiate bigvectorbench.algorithms.milvus.MilvusIVFPQ(['euclidean', 256, {'nlist': 128, 'm': 4, 'nbits': 8}])
[Milvus] docker compose up successfully!!!
[Milvus] Milvus version: 2.5.11
Dataset type: filter-ann
Distance metric: euclidean
Got a train set of size               (991000 * 256) with 1 labels
label names: ['attribute']
label types: ['int32']
filter expression function: def filter_expr(attribute_low, attribute_high): return f'attribute >= {attribute_low} and attribute <= {attribute_high}'
Got 10000 queries
[Milvus] Create collection {'collection_name': 'test_milvus', 'auto_id': False, 'num_shards': 1, 'description': 'Test milvus search', 'fields': [{'field_id': 100, 'name': 'id', 'description': '', 'type': <DataType.INT64: 5>, 'params': {}, 'is_primary': True}, {'field_id': 101, 'name': 'vector', 'description': '', 'type': <DataType.FLOAT_VECTOR: 101>, 'params': {'dim': 256}}, {'field_id': 102, 'name': 'attribute', 'description': '', 'type': <DataType.INT32: 4>, 'params': {}}], 'aliases': [], 'collection_id': 468362505472642478, 'consistency_level': 2, 'properties': {}, 'num_partitions': 1, 'enable_dynamic_field': False} successfully!!!
[Milvus] Insert 991000 data with 1 labels  into collection test_milvus...
[Milvus] 991000 data has been inserted into collection test_milvus!!!
Inserted data in 87.60958337783813
Memory usage:  2336240.0
[Milvus] Create index for collection test_milvus...
[Milvus] Create index {'collection': 'test_milvus', 'field': 'vector', 'index_name': 'vector_index', 'index_param': {'index_type': 'IVF_PQ', 'params': {'nlist': 128, 'm': 4, 'nbits': 8}, 'metric_type': 'L2'}} {'total_rows': 991000, 'indexed_rows': 991000, 'pending_index_rows': 0, 'state': 'Finished'} for collection test_milvus successfully!!!
[Milvus] Load collection test_milvus...
[Milvus] Load collection test_milvus successfully!!!
Built index in  20.363614082336426
Index size:  400396.0
Running query argument group 1 of 4...
Run 1/1...
Warmup round 1/2...
Processed 1000/10000 queries...
Warmup round 2/2...
Processed 2000/10000 queries...
Processed 3000/10000 queries...
Processed 4000/10000 queries...
Processed 5000/10000 queries...
Processed 6000/10000 queries...
Processed 7000/10000 queries...
Processed 8000/10000 queries...
Processed 9000/10000 queries...
Processed 10000/10000 queries...
Processed 11000/10000 queries...
Processed 12000/10000 queries...
Running query argument group 2 of 4...
Run 1/1...
Warmup round 1/2...
Processed 1000/10000 queries...
Warmup round 2/2...
Processed 2000/10000 queries...
Processed 3000/10000 queries...
Processed 4000/10000 queries...
Processed 5000/10000 queries...
Processed 6000/10000 queries...
Processed 7000/10000 queries...
Processed 8000/10000 queries...
Processed 9000/10000 queries...
Processed 10000/10000 queries...
Processed 11000/10000 queries...
Processed 12000/10000 queries...
Running query argument group 3 of 4...
Run 1/1...
Warmup round 1/2...
Processed 1000/10000 queries...
Warmup round 2/2...
Processed 2000/10000 queries...
Processed 3000/10000 queries...
Processed 4000/10000 queries...
Processed 5000/10000 queries...
Processed 6000/10000 queries...
Processed 7000/10000 queries...
Processed 8000/10000 queries...
Processed 9000/10000 queries...
Processed 10000/10000 queries...
Processed 11000/10000 queries...
Processed 12000/10000 queries...
Running query argument group 4 of 4...
Run 1/1...
Warmup round 1/2...
Processed 1000/10000 queries...
Warmup round 2/2...
Processed 2000/10000 queries...
Processed 3000/10000 queries...
Processed 4000/10000 queries...
Processed 5000/10000 queries...
Processed 6000/10000 queries...
Processed 7000/10000 queries...
Processed 8000/10000 queries...
 Container milvus-standalone  Stopping
 Container milvus-standalone  Stopped
 Container milvus-standalone  Removing
 Container milvus-standalone  Removed
 Container milvus-etcd  Stopping
 Container milvus-minio  Stopping
 Container milvus-etcd  Stopped
 Container milvus-etcd  Removing
 Container milvus-etcd  Removed
 Container milvus-minio  Stopped
 Container milvus-minio  Removing
 Container milvus-minio  Removed
 Network milvus  Removing
 Network milvus  Removed
 Network milvus  Creating
 Network milvus  Created
 Container milvus-etcd  Creating
 Container milvus-minio  Creating
 Container milvus-minio  Created
 Container milvus-etcd  Created
 Container milvus-standalone  Creating
 Container milvus-standalone  Created
 Container milvus-etcd  Starting
 Container milvus-minio  Starting
 Container milvus-etcd  Started
 Container milvus-minio  Started
 Container milvus-standalone  Starting
 Container milvus-standalone  Started
 Container milvus-standalone  Stopping
 Container milvus-standalone  Stopped
 Container milvus-standalone  Removing
 Container milvus-standalone  Removed
 Container milvus-minio  Stopping
 Container milvus-etcd  Stopping
 Container milvus-etcd  Stopped
 Container milvus-etcd  Removing
 Container milvus-etcd  Removed
 Container milvus-minio  Stopped
 Container milvus-minio  Removing
 Container milvus-minio  Removed
 Network milvus  Removing
 Network milvus  Removed
 Network milvus  Creating
 Network milvus  Created
 Container milvus-etcd  Creating
 Container milvus-minio  Creating
 Container milvus-etcd  Created
 Container milvus-minio  Created
 Container milvus-standalone  Creating
 Container milvus-standalone  Created
 Container milvus-etcd  Starting
 Container milvus-minio  Starting
 Container milvus-minio  Started
 Container milvus-etcd  Started
 Container milvus-standalone  Starting
 Container milvus-standalone  Started
Processed 9000/10000 queries...
Processed 10000/10000 queries...
Processed 11000/10000 queries...
Processed 12000/10000 queries...
Processed 0/10000 inserts...
Processed 1000/10000 inserts...
Processed 2000/10000 inserts...
Processed 3000/10000 inserts...
Processed 4000/10000 inserts...
Processed 5000/10000 inserts...
Processed 6000/10000 inserts...
Processed 7000/10000 inserts...
Processed 8000/10000 inserts...
Processed 9000/10000 inserts...
Processed 0/10000 updates...
Processed 1000/10000 updates...
Processed 2000/10000 updates...
Processed 3000/10000 updates...
Processed 4000/10000 updates...
Processed 5000/10000 updates...
Processed 6000/10000 updates...
Processed 7000/10000 updates...
Processed 8000/10000 updates...
Processed 9000/10000 updates...
Processed 0/10000 deletes...
Processed 1000/10000 deletes...
Processed 2000/10000 deletes...
Processed 3000/10000 deletes...
Processed 4000/10000 deletes...
Processed 5000/10000 deletes...
Processed 6000/10000 deletes...
Processed 7000/10000 deletes...
Processed 8000/10000 deletes...
Processed 9000/10000 deletes...
[Milvus] docker compose down successfully!!!
Trying to instantiate bigvectorbench.algorithms.milvus.MilvusIVFPQ(['euclidean', 256, {'nlist': 512, 'm': 16, 'nbits': 8}])
[Milvus] docker compose up successfully!!!
[Milvus] Milvus version: 2.5.11
Dataset type: filter-ann
Distance metric: euclidean
Got a train set of size               (991000 * 256) with 1 labels
label names: ['attribute']
label types: ['int32']
filter expression function: def filter_expr(attribute_low, attribute_high): return f'attribute >= {attribute_low} and attribute <= {attribute_high}'
Got 10000 queries
[Milvus] Create collection {'collection_name': 'test_milvus', 'auto_id': False, 'num_shards': 1, 'description': 'Test milvus search', 'fields': [{'field_id': 100, 'name': 'id', 'description': '', 'type': <DataType.INT64: 5>, 'params': {}, 'is_primary': True}, {'field_id': 101, 'name': 'vector', 'description': '', 'type': <DataType.FLOAT_VECTOR: 101>, 'params': {'dim': 256}}, {'field_id': 102, 'name': 'attribute', 'description': '', 'type': <DataType.INT32: 4>, 'params': {}}], 'aliases': [], 'collection_id': 468362648498670998, 'consistency_level': 2, 'properties': {}, 'num_partitions': 1, 'enable_dynamic_field': False} successfully!!!
[Milvus] Insert 991000 data with 1 labels  into collection test_milvus...
[Milvus] 991000 data has been inserted into collection test_milvus!!!
Inserted data in 86.20319104194641
Memory usage:  2373208.0
[Milvus] Create index for collection test_milvus...
[Milvus] Create index {'collection': 'test_milvus', 'field': 'vector', 'index_name': 'vector_index', 'index_param': {'index_type': 'IVF_PQ', 'params': {'nlist': 512, 'm': 16, 'nbits': 8}, 'metric_type': 'L2'}} {'total_rows': 991000, 'indexed_rows': 991000, 'pending_index_rows': 0, 'state': 'Finished'} for collection test_milvus successfully!!!
[Milvus] Load collection test_milvus...
[Milvus] Load collection test_milvus successfully!!!
Built index in  33.85626482963562
Index size:  383332.0
Running query argument group 1 of 4...
Run 1/1...
Warmup round 1/2...
Processed 1000/10000 queries...
Warmup round 2/2...
Processed 2000/10000 queries...
Processed 3000/10000 queries...
Processed 4000/10000 queries...
Processed 5000/10000 queries...
Processed 6000/10000 queries...
Processed 7000/10000 queries...
Processed 8000/10000 queries...
Processed 9000/10000 queries...
Processed 10000/10000 queries...
Processed 11000/10000 queries...
Processed 12000/10000 queries...
Running query argument group 2 of 4...
Run 1/1...
Warmup round 1/2...
Processed 1000/10000 queries...
Warmup round 2/2...
Processed 2000/10000 queries...
Processed 3000/10000 queries...
Processed 4000/10000 queries...
Processed 5000/10000 queries...
Processed 6000/10000 queries...
Processed 7000/10000 queries...
Processed 8000/10000 queries...
Processed 9000/10000 queries...
Processed 10000/10000 queries...
Processed 11000/10000 queries...
Processed 12000/10000 queries...
Running query argument group 3 of 4...
Run 1/1...
Warmup round 1/2...
Processed 1000/10000 queries...
Warmup round 2/2...
Processed 2000/10000 queries...
Processed 3000/10000 queries...
Processed 4000/10000 queries...
Processed 5000/10000 queries...
Processed 6000/10000 queries...
Processed 7000/10000 queries...
Processed 8000/10000 queries...
Processed 9000/10000 queries...
Processed 10000/10000 queries...
Processed 11000/10000 queries...
Processed 12000/10000 queries...
Running query argument group 4 of 4...
Run 1/1...
Warmup round 1/2...
Processed 1000/10000 queries...
Warmup round 2/2...
Processed 2000/10000 queries...
Processed 3000/10000 queries...
Processed 4000/10000 queries...
Processed 5000/10000 queries...
Processed 6000/10000 queries...
Processed 7000/10000 queries...
Processed 8000/10000 queries...
Processed 9000/10000 queries...
Processed 10000/10000 queries...
Processed 11000/10000 queries...
Processed 12000/10000 queries...
Processed 0/10000 inserts...
Processed 1000/10000 inserts...
Processed 2000/10000 inserts...
Processed 3000/10000 inserts...
Processed 4000/10000 inserts...
Processed 5000/10000 inserts...
Processed 6000/10000 inserts...
Processed 7000/10000 inserts...
Processed 8000/10000 inserts...
Processed 9000/10000 inserts...
Processed 0/10000 updates...
Processed 1000/10000 updates...
Processed 2000/10000 updates...
Processed 3000/10000 updates...
Processed 4000/10000 updates...
Processed 5000/10000 updates...
Processed 6000/10000 updates...
Processed 7000/10000 updates...
Processed 8000/10000 updates...
Processed 9000/10000 updates...
Processed 0/10000 deletes...
Processed 1000/10000 deletes...
Processed 2000/10000 deletes...
Processed 3000/10000 deletes...
Processed 4000/10000 deletes...
Processed 5000/10000 deletes...
Processed 6000/10000 deletes...
Processed 7000/10000 deletes...
Processed 8000/10000 deletes...
Processed 9000/10000 deletes...
[Milvus] docker compose down successfully!!!
Trying to instantiate bigvectorbench.algorithms.milvus.MilvusIVFPQ(['euclidean', 256, {'nlist': 128, 'm': 16, 'nbits': 8}])
[Milvus] docker compose up successfully!!!
[Milvus] Milvus version: 2.5.11
Dataset type: filter-ann
Distance metric: euclidean
Got a train set of size               (991000 * 256) with 1 labels
label names: ['attribute']
label types: ['int32']
filter expression function: def filter_expr(attribute_low, attribute_high): return f'attribute >= {attribute_low} and attribute <= {attribute_high}'
Got 10000 queries
[Milvus] Create collection {'collection_name': 'test_milvus', 'auto_id': False, 'num_shards': 1, 'description': 'Test milvus search', 'fields': [{'field_id': 100, 'name': 'id', 'description': '', 'type': <DataType.INT64: 5>, 'params': {}, 'is_primary': True}, {'field_id': 101, 'name': 'vector', 'description': '', 'type': <DataType.FLOAT_VECTOR: 101>, 'params': {'dim': 256}}, {'field_id': 102, 'name': 'attribute', 'description': '', 'type': <DataType.INT32: 4>, 'params': {}}], 'aliases': [], 'collection_id': 468362818685177261, 'consistency_level': 2, 'properties': {}, 'num_partitions': 1, 'enable_dynamic_field': False} successfully!!!
[Milvus] Insert 991000 data with 1 labels  into collection test_milvus...
[Milvus] 991000 data has been inserted into collection test_milvus!!!
Inserted data in 85.93768954277039
Memory usage:  2020668.0
[Milvus] Create index for collection test_milvus...
[Milvus] Create index {'collection': 'test_milvus', 'field': 'vector', 'index_name': 'vector_index', 'index_param': {'index_type': 'IVF_PQ', 'params': {'nlist': 128, 'm': 16, 'nbits': 8}, 'metric_type': 'L2'}} {'total_rows': 991000, 'indexed_rows': 991000, 'pending_index_rows': 0, 'state': 'Finished'} for collection test_milvus successfully!!!
[Milvus] Load collection test_milvus...
[Milvus] Load collection test_milvus successfully!!!
Built index in  28.21794104576111
Index size:  413344.0
Running query argument group 1 of 4...
Run 1/1...
Warmup round 1/2...
Processed 1000/10000 queries...
Warmup round 2/2...
Processed 2000/10000 queries...
Processed 3000/10000 queries...
Processed 4000/10000 queries...
Processed 5000/10000 queries...
Processed 6000/10000 queries...
 Container milvus-standalone  Stopping
 Container milvus-standalone  Stopped
 Container milvus-standalone  Removing
 Container milvus-standalone  Removed
 Container milvus-etcd  Stopping
 Container milvus-minio  Stopping
 Container milvus-etcd  Stopped
 Container milvus-etcd  Removing
 Container milvus-etcd  Removed
 Container milvus-minio  Stopped
 Container milvus-minio  Removing
 Container milvus-minio  Removed
 Network milvus  Removing
 Network milvus  Removed
Processed 7000/10000 queries...
Processed 8000/10000 queries...
Processed 9000/10000 queries...
Processed 10000/10000 queries...
Processed 11000/10000 queries...
Processed 12000/10000 queries...
Running query argument group 2 of 4...
Run 1/1...
Warmup round 1/2...
Processed 1000/10000 queries...
Warmup round 2/2...
Processed 2000/10000 queries...
Processed 3000/10000 queries...
Processed 4000/10000 queries...
Processed 5000/10000 queries...
Processed 6000/10000 queries...
Processed 7000/10000 queries...
Processed 8000/10000 queries...
Processed 9000/10000 queries...
Processed 10000/10000 queries...
Processed 11000/10000 queries...
Processed 12000/10000 queries...
Running query argument group 3 of 4...
Run 1/1...
Warmup round 1/2...
Processed 1000/10000 queries...
Warmup round 2/2...
Processed 2000/10000 queries...
Processed 3000/10000 queries...
Processed 4000/10000 queries...
Processed 5000/10000 queries...
Processed 6000/10000 queries...
Processed 7000/10000 queries...
Processed 8000/10000 queries...
Processed 9000/10000 queries...
Processed 10000/10000 queries...
Processed 11000/10000 queries...
Processed 12000/10000 queries...
Running query argument group 4 of 4...
Run 1/1...
Warmup round 1/2...
Processed 1000/10000 queries...
Warmup round 2/2...
Processed 2000/10000 queries...
Processed 3000/10000 queries...
Processed 4000/10000 queries...
Processed 5000/10000 queries...
Processed 6000/10000 queries...
Processed 7000/10000 queries...
Processed 8000/10000 queries...
Processed 9000/10000 queries...
Processed 10000/10000 queries...
Processed 11000/10000 queries...
Processed 12000/10000 queries...
Processed 0/10000 inserts...
Processed 1000/10000 inserts...
Processed 2000/10000 inserts...
Processed 3000/10000 inserts...
Processed 4000/10000 inserts...
Processed 5000/10000 inserts...
Processed 6000/10000 inserts...
Processed 7000/10000 inserts...
Processed 8000/10000 inserts...
Processed 9000/10000 inserts...
Processed 0/10000 updates...
Processed 1000/10000 updates...
Processed 2000/10000 updates...
Processed 3000/10000 updates...
Processed 4000/10000 updates...
Processed 5000/10000 updates...
Processed 6000/10000 updates...
Processed 7000/10000 updates...
Processed 8000/10000 updates...
Processed 9000/10000 updates...
Processed 0/10000 deletes...
Processed 1000/10000 deletes...
Processed 2000/10000 deletes...
Processed 3000/10000 deletes...
Processed 4000/10000 deletes...
Processed 5000/10000 deletes...
Processed 6000/10000 deletes...
Processed 7000/10000 deletes...
Processed 8000/10000 deletes...
Processed 9000/10000 deletes...
[Milvus] docker compose down successfully!!!
2026-08-14 07:16:06,941 - bvb - INFO - Terminating 1 workers
