START 2026-08-14T11:06:11+08:00 slot=1 cpuset=28-55
2026-08-14 11:06:12,734 - bvb - INFO - running only redis-hnsw
2026-08-14 11:06:12,880 - bvb - INFO - Order: [Definition(algorithm='redis-hnsw', constructor='RedisHNSW', module='bigvectorbench.algorithms.redis', docker_tag='bigvectorbench-redis', arguments=['euclidean', 256, {'m': 64, 'ef_construction': 100, 'ef_runtime': 200}], query_argument_groups=[], disabled=False), Definition(algorithm='redis-hnsw', constructor='RedisHNSW', module='bigvectorbench.algorithms.redis', docker_tag='bigvectorbench-redis', arguments=['euclidean', 256, {'m': 32, 'ef_construction': 400, 'ef_runtime': 100}], query_argument_groups=[], disabled=False), Definition(algorithm='redis-hnsw', constructor='RedisHNSW', module='bigvectorbench.algorithms.redis', docker_tag='bigvectorbench-redis', arguments=['euclidean', 256, {'m': 32, 'ef_construction': 100, 'ef_runtime': 400}], query_argument_groups=[], disabled=False), Definition(algorithm='redis-hnsw', constructor='RedisHNSW', module='bigvectorbench.algorithms.redis', docker_tag='bigvectorbench-redis', arguments=['euclidean', 256, {'m': 64, 'ef_construction': 400, 'ef_runtime': 400}], query_argument_groups=[], disabled=False), Definition(algorithm='redis-hnsw', constructor='RedisHNSW', module='bigvectorbench.algorithms.redis', docker_tag='bigvectorbench-redis', arguments=['euclidean', 256, {'m': 128, 'ef_construction': 400, 'ef_runtime': 1600}], query_argument_groups=[], disabled=False), Definition(algorithm='redis-hnsw', constructor='RedisHNSW', module='bigvectorbench.algorithms.redis', docker_tag='bigvectorbench-redis', arguments=['euclidean', 256, {'m': 32, 'ef_construction': 100, 'ef_runtime': 1600}], query_argument_groups=[], disabled=False), Definition(algorithm='redis-hnsw', constructor='RedisHNSW', module='bigvectorbench.algorithms.redis', docker_tag='bigvectorbench-redis', arguments=['euclidean', 256, {'m': 64, 'ef_construction': 100, 'ef_runtime': 100}], query_argument_groups=[], disabled=False), Definition(algorithm='redis-hnsw', constructor='RedisHNSW', module='bigvectorbench.algorithms.redis', docker_tag='bigvectorbench-redis', arguments=['euclidean', 256, {'m': 64, 'ef_construction': 100, 'ef_runtime': 400}], query_argument_groups=[], disabled=False), Definition(algorithm='redis-hnsw', constructor='RedisHNSW', module='bigvectorbench.algorithms.redis', docker_tag='bigvectorbench-redis', arguments=['euclidean', 256, {'m': 128, 'ef_construction': 400, 'ef_runtime': 200}], query_argument_groups=[], disabled=False), Definition(algorithm='redis-hnsw', constructor='RedisHNSW', module='bigvectorbench.algorithms.redis', docker_tag='bigvectorbench-redis', arguments=['euclidean', 256, {'m': 128, 'ef_construction': 400, 'ef_runtime': 100}], query_argument_groups=[], disabled=False), Definition(algorithm='redis-hnsw', constructor='RedisHNSW', module='bigvectorbench.algorithms.redis', docker_tag='bigvectorbench-redis', arguments=['euclidean', 256, {'m': 128, 'ef_construction': 400, 'ef_runtime': 400}], query_argument_groups=[], disabled=False), Definition(algorithm='redis-hnsw', constructor='RedisHNSW', module='bigvectorbench.algorithms.redis', docker_tag='bigvectorbench-redis', arguments=['euclidean', 256, {'m': 32, 'ef_construction': 100, 'ef_runtime': 100}], query_argument_groups=[], disabled=False), Definition(algorithm='redis-hnsw', constructor='RedisHNSW', module='bigvectorbench.algorithms.redis', docker_tag='bigvectorbench-redis', arguments=['euclidean', 256, {'m': 32, 'ef_construction': 400, 'ef_runtime': 200}], query_argument_groups=[], disabled=False), Definition(algorithm='redis-hnsw', constructor='RedisHNSW', module='bigvectorbench.algorithms.redis', docker_tag='bigvectorbench-redis', arguments=['euclidean', 256, {'m': 128, 'ef_construction': 400, 'ef_runtime': 800}], query_argument_groups=[], disabled=False), Definition(algorithm='redis-hnsw', constructor='RedisHNSW', module='bigvectorbench.algorithms.redis', docker_tag='bigvectorbench-redis', arguments=['euclidean', 256, {'m': 64, 'ef_construction': 100, 'ef_runtime': 1600}], query_argument_groups=[], disabled=False), Definition(algorithm='redis-hnsw', constructor='RedisHNSW', module='bigvectorbench.algorithms.redis', docker_tag='bigvectorbench-redis', arguments=['euclidean', 256, {'m': 32, 'ef_construction': 100, 'ef_runtime': 200}], query_argument_groups=[], disabled=False), Definition(algorithm='redis-hnsw', constructor='RedisHNSW', module='bigvectorbench.algorithms.redis', docker_tag='bigvectorbench-redis', arguments=['euclidean', 256, {'m': 64, 'ef_construction': 100, 'ef_runtime': 800}], query_argument_groups=[], disabled=False), Definition(algorithm='redis-hnsw', constructor='RedisHNSW', module='bigvectorbench.algorithms.redis', docker_tag='bigvectorbench-redis', arguments=['euclidean', 256, {'m': 32, 'ef_construction': 400, 'ef_runtime': 800}], query_argument_groups=[], disabled=False), Definition(algorithm='redis-hnsw', constructor='RedisHNSW', module='bigvectorbench.algorithms.redis', docker_tag='bigvectorbench-redis', arguments=['euclidean', 256, {'m': 64, 'ef_construction': 400, 'ef_runtime': 1600}], query_argument_groups=[], disabled=False), Definition(algorithm='redis-hnsw', constructor='RedisHNSW', module='bigvectorbench.algorithms.redis', docker_tag='bigvectorbench-redis', arguments=['euclidean', 256, {'m': 32, 'ef_construction': 400, 'ef_runtime': 1600}], query_argument_groups=[], disabled=False), Definition(algorithm='redis-hnsw', constructor='RedisHNSW', module='bigvectorbench.algorithms.redis', docker_tag='bigvectorbench-redis', arguments=['euclidean', 256, {'m': 64, 'ef_construction': 400, 'ef_runtime': 200}], query_argument_groups=[], disabled=False), Definition(algorithm='redis-hnsw', constructor='RedisHNSW', module='bigvectorbench.algorithms.redis', docker_tag='bigvectorbench-redis', arguments=['euclidean', 256, {'m': 32, 'ef_construction': 100, 'ef_runtime': 800}], query_argument_groups=[], disabled=False), Definition(algorithm='redis-hnsw', constructor='RedisHNSW', module='bigvectorbench.algorithms.redis', docker_tag='bigvectorbench-redis', arguments=['euclidean', 256, {'m': 32, 'ef_construction': 400, 'ef_runtime': 400}], query_argument_groups=[], disabled=False), Definition(algorithm='redis-hnsw', constructor='RedisHNSW', module='bigvectorbench.algorithms.redis', docker_tag='bigvectorbench-redis', arguments=['euclidean', 256, {'m': 64, 'ef_construction': 400, 'ef_runtime': 100}], query_argument_groups=[], disabled=False), Definition(algorithm='redis-hnsw', constructor='RedisHNSW', module='bigvectorbench.algorithms.redis', docker_tag='bigvectorbench-redis', arguments=['euclidean', 256, {'m': 64, 'ef_construction': 400, 'ef_runtime': 800}], query_argument_groups=[], disabled=False)]
 Network redis_default  Creating
 Network redis_default  Created
 Container redis  Creating
 Container redis  Created
 Container redis  Starting
 Container redis  Started
 Container redis  Stopping
 Container redis  Stopped
 Container redis  Removing
 Container redis  Removed
 Network redis_default  Removing
 Network redis_default  Removed
 Network redis_default  Creating
 Network redis_default  Created
 Container redis  Creating
 Container redis  Created
 Container redis  Starting
 Container redis  Started
 Container redis  Stopping
 Container redis  Stopped
 Container redis  Removing
 Container redis  Removed
 Network redis_default  Removing
 Network redis_default  Removed
 Network redis_default  Creating
 Network redis_default  Created
 Container redis  Creating
 Container redis  Created
 Container redis  Starting
 Container redis  Started
Process Process-1:
Traceback (most recent call last):
  File "<remote_artifact>", line 275, in _raise_for_status
    response.raise_for_status()
  File "<remote_artifact>", line 1024, in raise_for_status
    raise HTTPError(http_error_msg, response=self)
requests.exceptions.HTTPError: 404 Client Error: Not Found for url: http+docker://localhost/v1.49/containers/081dce0906444786fe88451634856abc0ba5ec6a26676f78989be2a3b990fda9/stats?stream=False

The above exception was the direct cause of the following exception:

Traceback (most recent call last):
  File "<remote_artifact>", line 314, in _bootstrap
    self.run()
  File "<remote_artifact>", line 108, in run
    self._target(*self._args, **self._kwargs)
  File "<remote_artifact>", line 152, in run_worker
    run(
  File "<remote_artifact>", line 793, in run
    insert_time, data_size = insert_data(
  File "<remote_artifact>", line 611, in insert_data
    memory_usage_after = algo.get_memory_usage()
  File "<remote_artifact>", line 73, in get_memory_usage
    memory_stats = container.stats(stream=False)["memory_stats"]
  File "<remote_artifact>", line 438, in stats
    return self.client.api.stats(self.id, **kwargs)
  File "<remote_artifact>", line 19, in wrapped
    return f(self, resource_id, *args, **kwargs)
  File "<remote_artifact>", line 1184, in stats
    return self._result(self._get(url, params=params), json=True)
  File "<remote_artifact>", line 281, in _result
    self._raise_for_status(response)
  File "<remote_artifact>", line 277, in _raise_for_status
    raise create_api_error_from_http_exception(e) from e
  File "<remote_artifact>", line 39, in create_api_error_from_http_exception
    raise cls(e, response=response, explanation=explanation) from e
docker.errors.NotFound: 404 Client Error for http+docker://localhost/v1.49/containers/081dce0906444786fe88451634856abc0ba5ec6a26676f78989be2a3b990fda9/stats?stream=False: Not Found ("No such container: 081dce0906444786fe88451634856abc0ba5ec6a26676f78989be2a3b990fda9")
Trying to instantiate bigvectorbench.algorithms.redis.RedisHNSW(['euclidean', 256, {'m': 64, 'ef_construction': 100, 'ef_runtime': 200}])
[Redis] docker compose up successfully!!!
[Redis] client connected successfully!!!
Dataset type: filter-ann
Distance metric: euclidean
Got a train set of size               (991000 * 256) with 1 labels
label names: ['attribute']
label types: ['int32']
filter expression function: def filter_expr(attribute_low, attribute_high): return f'attribute >= {attribute_low} and attribute <= {attribute_high}'
Got 10000 queries
[Redis] load data with 1 labels!!!
[Redis] create schema successfully!!!
[Redis] Start uploading 991000 vectors...
[Redis] Uploaded 991000 vectors successfully!!!
Inserted data in 555.3038718700409
Memory usage:  3579976.0
Built index in  4.017425775527954
Index size:  524.0
Running query argument group 1 of 1...
Run 1/1...
Warmup round 1/2...
Processed 1000/10000 queries...
Warmup round 2/2...
Processed 2000/10000 queries...
Processed 3000/10000 queries...
Processed 4000/10000 queries...
Processed 5000/10000 queries...
Processed 6000/10000 queries...
Processed 7000/10000 queries...
Processed 8000/10000 queries...
Processed 9000/10000 queries...
Processed 10000/10000 queries...
Processed 11000/10000 queries...
Processed 12000/10000 queries...
Processed 0/10000 inserts...
Processed 1000/10000 inserts...
Processed 2000/10000 inserts...
Processed 3000/10000 inserts...
Processed 4000/10000 inserts...
Processed 5000/10000 inserts...
Processed 6000/10000 inserts...
Processed 7000/10000 inserts...
Processed 8000/10000 inserts...
Processed 9000/10000 inserts...
Processed 0/10000 updates...
Processed 1000/10000 updates...
Processed 2000/10000 updates...
Processed 3000/10000 updates...
Processed 4000/10000 updates...
Processed 5000/10000 updates...
Processed 6000/10000 updates...
Processed 7000/10000 updates...
Processed 8000/10000 updates...
Processed 9000/10000 updates...
Processed 0/10000 deletes...
Processed 1000/10000 deletes...
Processed 2000/10000 deletes...
Processed 3000/10000 deletes...
Processed 4000/10000 deletes...
Processed 5000/10000 deletes...
Processed 6000/10000 deletes...
Processed 7000/10000 deletes...
Processed 8000/10000 deletes...
Processed 9000/10000 deletes...
[Redis] docker compose down successfully!!!
Trying to instantiate bigvectorbench.algorithms.redis.RedisHNSW(['euclidean', 256, {'m': 32, 'ef_construction': 400, 'ef_runtime': 100}])
[Redis] docker compose up successfully!!!
[Redis] client connected successfully!!!
Dataset type: filter-ann
Distance metric: euclidean
Got a train set of size               (991000 * 256) with 1 labels
label names: ['attribute']
label types: ['int32']
filter expression function: def filter_expr(attribute_low, attribute_high): return f'attribute >= {attribute_low} and attribute <= {attribute_high}'
Got 10000 queries
[Redis] load data with 1 labels!!!
[Redis] create schema successfully!!!
[Redis] Start uploading 991000 vectors...
[Redis] Uploaded 991000 vectors successfully!!!
Inserted data in 1893.937663078308
Memory usage:  3377716.0
Built index in  4.018460988998413
Index size:  -396.0
Running query argument group 1 of 1...
Run 1/1...
Warmup round 1/2...
Processed 1000/10000 queries...
Warmup round 2/2...
Processed 2000/10000 queries...
Processed 3000/10000 queries...
Processed 4000/10000 queries...
Processed 5000/10000 queries...
Processed 6000/10000 queries...
Processed 7000/10000 queries...
Processed 8000/10000 queries...
Processed 9000/10000 queries...
Processed 10000/10000 queries...
Processed 11000/10000 queries...
Processed 12000/10000 queries...
Processed 0/10000 inserts...
Processed 1000/10000 inserts...
Processed 2000/10000 inserts...
Processed 3000/10000 inserts...
Processed 4000/10000 inserts...
Processed 5000/10000 inserts...
Processed 6000/10000 inserts...
Processed 7000/10000 inserts...
Processed 8000/10000 inserts...
Processed 9000/10000 inserts...
Processed 0/10000 updates...
Processed 1000/10000 updates...
Processed 2000/10000 updates...
Processed 3000/10000 updates...
Processed 4000/10000 updates...
Processed 5000/10000 updates...
Processed 6000/10000 updates...
Processed 7000/10000 updates...
Processed 8000/10000 updates...
Processed 9000/10000 updates...
Processed 0/10000 deletes...
Processed 1000/10000 deletes...
Processed 2000/10000 deletes...
Processed 3000/10000 deletes...
Processed 4000/10000 deletes...
Processed 5000/10000 deletes...
Processed 6000/10000 deletes...
Processed 7000/10000 deletes...
Processed 8000/10000 deletes...
Processed 9000/10000 deletes...
[Redis] docker compose down successfully!!!
Trying to instantiate bigvectorbench.algorithms.redis.RedisHNSW(['euclidean', 256, {'m': 32, 'ef_construction': 100, 'ef_runtime': 400}])
[Redis] docker compose up successfully!!!
[Redis] client connected successfully!!!
Dataset type: filter-ann
Distance metric: euclidean
Got a train set of size               (991000 * 256) with 1 labels
label names: ['attribute']
label types: ['int32']
filter expression function: def filter_expr(attribute_low, attribute_high): return f'attribute >= {attribute_low} and attribute <= {attribute_high}'
Got 10000 queries
[Redis] load data with 1 labels!!!
[Redis] create schema successfully!!!
[Redis] Start uploading 991000 vectors...
[Redis] Uploaded 991000 vectors successfully!!!
2026-08-14 13:43:56,860 - bvb - INFO - Terminating 1 workers
