START 2026-08-14T09:51:28+08:00 slot=2 cpuset=56-83
2026-08-14 09:51:29,685 - bvb - INFO - running only qdrant
2026-08-14 09:51:30,259 - bvb - INFO - Order: [Definition(algorithm='qdrant', constructor='Qdrant', module='bigvectorbench.algorithms.qdrant', docker_tag='bigvectorbench-qdrant', arguments=['euclidean', {'M': 128, 'efConstruction': 400}], query_argument_groups=[[100, True], [200, True], [400, True], [800, True], [1600, True]], disabled=False), Definition(algorithm='qdrant', constructor='Qdrant', module='bigvectorbench.algorithms.qdrant', docker_tag='bigvectorbench-qdrant', arguments=['euclidean', {'M': 32, 'efConstruction': 100}], query_argument_groups=[[100, True], [200, True], [400, True], [800, True], [1600, True]], disabled=False), Definition(algorithm='qdrant', constructor='Qdrant', module='bigvectorbench.algorithms.qdrant', docker_tag='bigvectorbench-qdrant', arguments=['euclidean', {'M': 64, 'efConstruction': 400}], query_argument_groups=[[100, True], [200, True], [400, True], [800, True], [1600, True]], disabled=False), Definition(algorithm='qdrant', constructor='Qdrant', module='bigvectorbench.algorithms.qdrant', docker_tag='bigvectorbench-qdrant', arguments=['euclidean', {'M': 32, 'efConstruction': 400}], query_argument_groups=[[100, True], [200, True], [400, True], [800, True], [1600, True]], disabled=False), Definition(algorithm='qdrant', constructor='Qdrant', module='bigvectorbench.algorithms.qdrant', docker_tag='bigvectorbench-qdrant', arguments=['euclidean', {'M': 64, 'efConstruction': 100}], query_argument_groups=[[100, True], [200, True], [400, True], [800, True], [1600, True]], disabled=False)]
 Container qdrant-qdrant-1  Stopping
 Container qdrant-qdrant-1  Stopped
 Container qdrant-qdrant-1  Removing
 Container qdrant-qdrant-1  Removed
 Network qdrant_default  Removing
 Network qdrant_default  Removed
 Network qdrant_default  Creating
 Network qdrant_default  Created
 Container qdrant-qdrant-1  Creating
 Container qdrant-qdrant-1  Created
 Container qdrant-qdrant-1  Starting
 Container qdrant-qdrant-1  Started
Process Process-1:
Traceback (most recent call last):
  File "<remote_artifact>", line 314, in _bootstrap
    self.run()
  File "<remote_artifact>", line 108, in run
    self._target(*self._args, **self._kwargs)
  File "<remote_artifact>", line 152, in run_worker
    run(
  File "<remote_artifact>", line 910, in run
    insert_latencies = run_individual_insert(algo, X_test, X_test_label)
  File "<remote_artifact>", line 410, in run_individual_insert
    algo.insert(x, labels.flatten())
  File "<remote_artifact>", line 385, in insert
    """
AssertionError
Trying to instantiate bigvectorbench.algorithms.qdrant.Qdrant(['euclidean', {'M': 128, 'efConstruction': 400}])
[Qdrant] docker compose up successfully!!!
[Qdrant] client connected successfully!!!
Dataset type: filter-ann
Distance metric: euclidean
Got a train set of size               (991000 * 256) with 1 labels
label names: ['attribute']
label types: ['int32']
filter expression function: def filter_expr(attribute_low, attribute_high): return f'attribute >= {attribute_low} and attribute <= {attribute_high}'
Got 10000 queries
[Qdrant] load data with 1 labels!!!
[Qdrant] collection created successfully!!!
[Qdrant] Start uploading 991000 vectors...
[Qdrant] Uploaded 991000 vectors successfully!!!
[Qdrant] Point count: 991000
[Qdrant] Stored vectors: None
[Qdrant] Indexed vectors: 0
[Qdrant] Collection status: green
Inserted data in 355.87440371513367
Memory usage:  1371740.0
Built index in  6.031486749649048
Index size:  1169684.0
Running query argument group 1 of 5...
Run 1/1...
Warmup round 1/2...
Processed 1000/10000 queries...
Warmup round 2/2...
Processed 2000/10000 queries...
Processed 3000/10000 queries...
Processed 4000/10000 queries...
Processed 5000/10000 queries...
Processed 6000/10000 queries...
Processed 7000/10000 queries...
Processed 8000/10000 queries...
Processed 9000/10000 queries...
Processed 10000/10000 queries...
Processed 11000/10000 queries...
Processed 12000/10000 queries...
Running query argument group 2 of 5...
Run 1/1...
Warmup round 1/2...
Processed 1000/10000 queries...
Warmup round 2/2...
Processed 2000/10000 queries...
Processed 3000/10000 queries...
Processed 4000/10000 queries...
Processed 5000/10000 queries...
Processed 6000/10000 queries...
Processed 7000/10000 queries...
Processed 8000/10000 queries...
Processed 9000/10000 queries...
Processed 10000/10000 queries...
Processed 11000/10000 queries...
Processed 12000/10000 queries...
Running query argument group 3 of 5...
Run 1/1...
Warmup round 1/2...
Processed 1000/10000 queries...
Warmup round 2/2...
Processed 2000/10000 queries...
Processed 3000/10000 queries...
Processed 4000/10000 queries...
Processed 5000/10000 queries...
Processed 6000/10000 queries...
Processed 7000/10000 queries...
Processed 8000/10000 queries...
Processed 9000/10000 queries...
Processed 10000/10000 queries...
Processed 11000/10000 queries...
Processed 12000/10000 queries...
Running query argument group 4 of 5...
Run 1/1...
Warmup round 1/2...
Processed 1000/10000 queries...
Warmup round 2/2...
Processed 2000/10000 queries...
Processed 3000/10000 queries...
Processed 4000/10000 queries...
Processed 5000/10000 queries...
Processed 6000/10000 queries...
Processed 7000/10000 queries...
Processed 8000/10000 queries...
Processed 9000/10000 queries...
Processed 10000/10000 queries...
Processed 11000/10000 queries...
Processed 12000/10000 queries...
Running query argument group 5 of 5...
Run 1/1...
Warmup round 1/2...
Processed 1000/10000 queries...
Warmup round 2/2...
Processed 2000/10000 queries...
Processed 3000/10000 queries...
Processed 4000/10000 queries...
Processed 5000/10000 queries...
Processed 6000/10000 queries...
Processed 7000/10000 queries...
Processed 8000/10000 queries...
Processed 9000/10000 queries...
Processed 10000/10000 queries...
Processed 11000/10000 queries...
Processed 12000/10000 queries...
2026-08-14 13:36:56,090 - bvb - INFO - Terminating 1 workers
<remote_artifact> line 108: unexpected EOF while looking for matching `"'
START 2026-08-16T07:56:49+08:00 slot=0 cpuset=0-27
2026-08-16 07:56:51,117 - bvb - INFO - running only qdrant
2026-08-16 07:56:51,648 - bvb - INFO - Order: [Definition(algorithm='qdrant', constructor='Qdrant', module='bigvectorbench.algorithms.qdrant', docker_tag='bigvectorbench-qdrant', arguments=['euclidean', {'M': 128, 'efConstruction': 400}], query_argument_groups=[[100, True], [200, True], [400, True], [800, True], [1600, True]], disabled=False), Definition(algorithm='qdrant', constructor='Qdrant', module='bigvectorbench.algorithms.qdrant', docker_tag='bigvectorbench-qdrant', arguments=['euclidean', {'M': 32, 'efConstruction': 400}], query_argument_groups=[[100, True], [200, True], [400, True], [800, True], [1600, True]], disabled=False), Definition(algorithm='qdrant', constructor='Qdrant', module='bigvectorbench.algorithms.qdrant', docker_tag='bigvectorbench-qdrant', arguments=['euclidean', {'M': 64, 'efConstruction': 100}], query_argument_groups=[[100, True], [200, True], [400, True], [800, True], [1600, True]], disabled=False), Definition(algorithm='qdrant', constructor='Qdrant', module='bigvectorbench.algorithms.qdrant', docker_tag='bigvectorbench-qdrant', arguments=['euclidean', {'M': 64, 'efConstruction': 400}], query_argument_groups=[[100, True], [200, True], [400, True], [800, True], [1600, True]], disabled=False), Definition(algorithm='qdrant', constructor='Qdrant', module='bigvectorbench.algorithms.qdrant', docker_tag='bigvectorbench-qdrant', arguments=['euclidean', {'M': 32, 'efConstruction': 100}], query_argument_groups=[[100, True], [200, True], [400, True], [800, True], [1600, True]], disabled=False)]
 Container qdrant-qdrant-1  Stopping
 Container qdrant-qdrant-1  Stopped
 Container qdrant-qdrant-1  Removing
 Container qdrant-qdrant-1  Removed
 Network qdrant_default  Removing
 Network qdrant_default  Removed
 Network qdrant_default  Creating
 Network qdrant_default  Created
 Container qdrant-qdrant-1  Creating
 Container qdrant-qdrant-1  Created
 Container qdrant-qdrant-1  Starting
 Container qdrant-qdrant-1  Started
Process Process-1:
Traceback (most recent call last):
  File "<remote_artifact>", line 314, in _bootstrap
    self.run()
  File "<remote_artifact>", line 108, in run
    self._target(*self._args, **self._kwargs)
  File "<remote_artifact>", line 152, in run_worker
    run(
  File "<remote_artifact>", line 910, in run
    insert_latencies = run_individual_insert(algo, X_test, X_test_label)
  File "<remote_artifact>", line 410, in run_individual_insert
    algo.insert(x, labels.flatten())
  File "<remote_artifact>", line 388, in insert
    assert len(labels) == self.num_labels
AssertionError
Trying to instantiate bigvectorbench.algorithms.qdrant.Qdrant(['euclidean', {'M': 128, 'efConstruction': 400}])
[Qdrant] docker compose up successfully!!!
[Qdrant] client connected successfully!!!
[Qdrant] collection already exists!!!
[Qdrant] collection deleted successfully!!!
Dataset type: filter-ann
Distance metric: euclidean
Got a train set of size               (991000 * 256) with 1 labels
label names: ['attribute']
label types: ['int32']
filter expression function: def filter_expr(attribute_low, attribute_high): return f'attribute >= {attribute_low} and attribute <= {attribute_high}'
Got 10000 queries
[Qdrant] load data with 1 labels!!!
[Qdrant] collection created successfully!!!
[Qdrant] Start uploading 991000 vectors...
[Qdrant] Uploaded 991000 vectors successfully!!!
[Qdrant] Point count: 991000
[Qdrant] Stored vectors: None
[Qdrant] Indexed vectors: 0
[Qdrant] Collection status: green
Inserted data in 367.5858838558197
Memory usage:  2118736.0
Built index in  12.057363271713257
Index size:  1275404.0
Running query argument group 1 of 5...
Run 1/1...
Warmup round 1/2...
Processed 1000/10000 queries...
Warmup round 2/2...
Processed 2000/10000 queries...
Processed 3000/10000 queries...
Processed 4000/10000 queries...
Processed 5000/10000 queries...
Processed 6000/10000 queries...
Processed 7000/10000 queries...
Processed 8000/10000 queries...
Processed 9000/10000 queries...
Processed 10000/10000 queries...
Processed 11000/10000 queries...
Processed 12000/10000 queries...
Running query argument group 2 of 5...
Run 1/1...
Warmup round 1/2...
Processed 1000/10000 queries...
Warmup round 2/2...
Processed 2000/10000 queries...
Processed 3000/10000 queries...
Processed 4000/10000 queries...
Processed 5000/10000 queries...
Processed 6000/10000 queries...
Processed 7000/10000 queries...
Processed 8000/10000 queries...
Processed 9000/10000 queries...
Processed 10000/10000 queries...
Processed 11000/10000 queries...
Processed 12000/10000 queries...
Running query argument group 3 of 5...
Run 1/1...
Warmup round 1/2...
Processed 1000/10000 queries...
Warmup round 2/2...
Processed 2000/10000 queries...
Processed 3000/10000 queries...
Processed 4000/10000 queries...
Processed 5000/10000 queries...
Processed 6000/10000 queries...
Processed 7000/10000 queries...
Processed 8000/10000 queries...
Processed 9000/10000 queries...
Processed 10000/10000 queries...
Processed 11000/10000 queries...
Processed 12000/10000 queries...
Running query argument group 4 of 5...
Run 1/1...
Warmup round 1/2...
Processed 1000/10000 queries...
Warmup round 2/2...
Processed 2000/10000 queries...
Processed 3000/10000 queries...
Processed 4000/10000 queries...
Processed 5000/10000 queries...
Processed 6000/10000 queries...
Processed 7000/10000 queries...
Processed 8000/10000 queries...
Processed 9000/10000 queries...
Processed 10000/10000 queries...
Processed 11000/10000 queries...
Processed 12000/10000 queries...
Running query argument group 5 of 5...
Run 1/1...
Warmup round 1/2...
Processed 1000/10000 queries...
Warmup round 2/2...
Processed 2000/10000 queries...
Processed 3000/10000 queries...
Processed 4000/10000 queries...
Processed 5000/10000 queries...
Processed 6000/10000 queries...
Processed 7000/10000 queries...
Processed 8000/10000 queries...
Processed 9000/10000 queries...
Processed 10000/10000 queries...
Processed 11000/10000 queries...
Processed 12000/10000 queries...
2026-08-16 11:37:08,563 - bvb - INFO - Terminating 1 workers
