START 2026-08-18T11:28:53+08:00 slot=1 cpuset=28-55
2026-08-18 11:28:55,303 - bvb - INFO - running only vearch-hnsw
2026-08-18 11:28:55,307 - bvb - INFO - Order: [Definition(algorithm='vearch-hnsw', constructor='VearchHNSW', module='bigvectorbench.algorithms.vearch', docker_tag='bigvectorbench-vearch', arguments=['euclidean', 256, {'nlinks': 32, 'efConstruction': 400}], query_argument_groups=[[100], [200], [400], [800], [1600]], disabled=False), Definition(algorithm='vearch-hnsw', constructor='VearchHNSW', module='bigvectorbench.algorithms.vearch', docker_tag='bigvectorbench-vearch', arguments=['euclidean', 256, {'nlinks': 32, 'efConstruction': 100}], query_argument_groups=[[100], [200], [400], [800], [1600]], disabled=False), Definition(algorithm='vearch-hnsw', constructor='VearchHNSW', module='bigvectorbench.algorithms.vearch', docker_tag='bigvectorbench-vearch', arguments=['euclidean', 256, {'nlinks': 64, 'efConstruction': 400}], query_argument_groups=[[100], [200], [400], [800], [1600]], disabled=False), Definition(algorithm='vearch-hnsw', constructor='VearchHNSW', module='bigvectorbench.algorithms.vearch', docker_tag='bigvectorbench-vearch', arguments=['euclidean', 256, {'nlinks': 64, 'efConstruction': 100}], query_argument_groups=[[100], [200], [400], [800], [1600]], disabled=False), Definition(algorithm='vearch-hnsw', constructor='VearchHNSW', module='bigvectorbench.algorithms.vearch', docker_tag='bigvectorbench-vearch', arguments=['euclidean', 256, {'nlinks': 128, 'efConstruction': 400}], query_argument_groups=[[100], [200], [400], [800], [1600]], disabled=False)]
 Container vearch-standalone  Stopping
 Container vearch-standalone  Stopped
 Container vearch-standalone  Removing
 Container vearch-standalone  Removed
 Network vearch_network_cluster  Removing
 Network vearch_network_cluster  Removed
 Network vearch_network_cluster  Creating
 Network vearch_network_cluster  Created
 Container vearch-standalone  Creating
 Container vearch-standalone  Created
 Container vearch-standalone  Starting
Error response from daemon: failed to set up container networking: driver failed programming external connectivity on endpoint vearch-standalone (88d33e520a8eeb2bd59a486ae85fa2d2a11e0edfa1b12d718792c47f5c330624): Bind for 0.0.0.0:9001 failed: port is already allocated
Process Process-1:
Traceback (most recent call last):
  File "<remote_artifact>", line 314, in _bootstrap
    self.run()
  File "<remote_artifact>", line 108, in run
    self._target(*self._args, **self._kwargs)
  File "<remote_artifact>", line 152, in run_worker
    run(
  File "<remote_artifact>", line 729, in run
    algo = instantiate_algorithm(definition)
  File "<remote_artifact>", line 45, in instantiate_algorithm
    return constructor(*definition.arguments)
  File "<remote_artifact>", line 406, in __init__
    super().__init__(metric, dim)
  File "<remote_artifact>", line 62, in __init__
    if self.client.is_database_exist(self._database_name):
  File "<remote_artifact>", line 71, in is_database_exist
    return db.exist()
  File "<remote_artifact>", line 27, in exist
    result = get_result(resp)
  File "<remote_artifact>", line 136, in get_result
    ret = json.loads(resp.text)
  File "<remote_artifact>", line 346, in loads
    return _default_decoder.decode(s)
  File "<remote_artifact>", line 337, in decode
    obj, end = self.raw_decode(s, idx=_w(s, 0).end())
  File "<remote_artifact>", line 355, in raw_decode
    raise JSONDecodeError("Expecting value", s, err.value) from None
json.decoder.JSONDecodeError: Expecting value: line 1 column 1 (char 0)
Trying to instantiate bigvectorbench.algorithms.vearch.VearchHNSW(['euclidean', 256, {'nlinks': 32, 'efConstruction': 400}])
[Vearch] docker compose --profile standalone up failed: Command '['docker', 'compose', '-f', '<remote_artifact>, '--profile', 'standalone', 'up', '-d']' returned non-zero exit status 1.!!!
[Vearch] client connected successfully!!!
2026-08-18 11:29:06,203 - bvb - INFO - Terminating 1 workers
START 2026-08-18T11:39:08+08:00 slot=1 cpuset=28-55
2026-08-18 11:39:09,983 - bvb - INFO - running only vearch-hnsw
2026-08-18 11:39:09,987 - bvb - INFO - Order: [Definition(algorithm='vearch-hnsw', constructor='VearchHNSW', module='bigvectorbench.algorithms.vearch', docker_tag='bigvectorbench-vearch', arguments=['euclidean', 256, {'nlinks': 64, 'efConstruction': 100}], query_argument_groups=[[100], [200], [400], [800], [1600]], disabled=False), Definition(algorithm='vearch-hnsw', constructor='VearchHNSW', module='bigvectorbench.algorithms.vearch', docker_tag='bigvectorbench-vearch', arguments=['euclidean', 256, {'nlinks': 128, 'efConstruction': 400}], query_argument_groups=[[100], [200], [400], [800], [1600]], disabled=False), Definition(algorithm='vearch-hnsw', constructor='VearchHNSW', module='bigvectorbench.algorithms.vearch', docker_tag='bigvectorbench-vearch', arguments=['euclidean', 256, {'nlinks': 64, 'efConstruction': 400}], query_argument_groups=[[100], [200], [400], [800], [1600]], disabled=False), Definition(algorithm='vearch-hnsw', constructor='VearchHNSW', module='bigvectorbench.algorithms.vearch', docker_tag='bigvectorbench-vearch', arguments=['euclidean', 256, {'nlinks': 32, 'efConstruction': 100}], query_argument_groups=[[100], [200], [400], [800], [1600]], disabled=False), Definition(algorithm='vearch-hnsw', constructor='VearchHNSW', module='bigvectorbench.algorithms.vearch', docker_tag='bigvectorbench-vearch', arguments=['euclidean', 256, {'nlinks': 32, 'efConstruction': 400}], query_argument_groups=[[100], [200], [400], [800], [1600]], disabled=False)]
 Container vearch-standalone  Stopping
 Container vearch-standalone  Stopped
 Container vearch-standalone  Removing
 Container vearch-standalone  Removed
 Network vearch_network_cluster  Removing
 Network vearch_network_cluster  Removed
 Network vearch_network_cluster  Creating
 Network vearch_network_cluster  Created
 Container vearch-standalone  Creating
 Container vearch-standalone  Created
 Container vearch-standalone  Starting
 Container vearch-standalone  Started
Process Process-1:
Traceback (most recent call last):
  File "<remote_artifact>", line 198, in _new_conn
    sock = connection.create_connection(
  File "<remote_artifact>", line 85, in create_connection
    raise err
  File "<remote_artifact>", line 73, in create_connection
    sock.connect(sa)
ConnectionRefusedError: [Errno 111] Connection refused

The above exception was the direct cause of the following exception:

Traceback (most recent call last):
  File "<remote_artifact>", line 787, in urlopen
    response = self._make_request(
  File "<remote_artifact>", line 493, in _make_request
    conn.request(
  File "<remote_artifact>", line 445, in request
    self.endheaders()
  File "<remote_artifact>", line 1278, in endheaders
    self._send_output(message_body, encode_chunked=encode_chunked)
  File "<remote_artifact>", line 1038, in _send_output
    self.send(msg)
  File "<remote_artifact>", line 976, in send
    self.connect()
  File "<remote_artifact>", line 276, in connect
    self.sock = self._new_conn()
  File "<remote_artifact>", line 213, in _new_conn
    raise NewConnectionError(
urllib3.exceptions.NewConnectionError: <urllib3.connection.HTTPConnection object at 0x7fbba35b0700>: Failed to establish a new connection: [Errno 111] Connection refused

The above exception was the direct cause of the following exception:

Traceback (most recent call last):
  File "<remote_artifact>", line 667, in send
    resp = conn.urlopen(
  File "<remote_artifact>", line 841, in urlopen
    retries = retries.increment(
  File "<remote_artifact>", line 519, in increment
    raise MaxRetryError(_pool, url, reason) from reason  # type: ignore[arg-type]
urllib3.exceptions.MaxRetryError: HTTPConnectionPool(host='localhost', port=19001): Max retries exceeded with url: /dbs/Vearch_test (Caused by NewConnectionError('<urllib3.connection.HTTPConnection object at 0x7fbba35b0700>: Failed to establish a new connection: [Errno 111] Connection refused'))

During handling of the above exception, another exception occurred:

Traceback (most recent call last):
  File "<remote_artifact>", line 314, in _bootstrap
    self.run()
  File "<remote_artifact>", line 108, in run
    self._target(*self._args, **self._kwargs)
  File "<remote_artifact>", line 152, in run_worker
    run(
  File "<remote_artifact>", line 729, in run
    algo = instantiate_algorithm(definition)
  File "<remote_artifact>", line 45, in instantiate_algorithm
    return constructor(*definition.arguments)
  File "<remote_artifact>", line 408, in __init__
    super().__init__(metric, dim)
  File "<remote_artifact>", line 64, in __init__
    if self.client.is_database_exist(self._database_name):
  File "<remote_artifact>", line 71, in is_database_exist
    return db.exist()
  File "<remote_artifact>", line 26, in exist
    resp = requests.request(method="GET", url=url, auth=sign)
  File "<remote_artifact>", line 59, in request
    return session.request(method=method, url=url, **kwargs)
  File "<remote_artifact>", line 589, in request
    resp = self.send(prep, **send_kwargs)
  File "<remote_artifact>", line 703, in send
    r = adapter.send(request, **kwargs)
  File "<remote_artifact>", line 700, in send
    raise ConnectionError(e, request=request)
requests.exceptions.ConnectionError: HTTPConnectionPool(host='localhost', port=19001): Max retries exceeded with url: /dbs/Vearch_test (Caused by NewConnectionError('<urllib3.connection.HTTPConnection object at 0x7fbba35b0700>: Failed to establish a new connection: [Errno 111] Connection refused'))
Trying to instantiate bigvectorbench.algorithms.vearch.VearchHNSW(['euclidean', 256, {'nlinks': 64, 'efConstruction': 100}])
[Vearch] docker compose --profile standalone up successfully!!!
[Vearch] client connected successfully!!!
2026-08-18 11:39:21,857 - bvb - INFO - Terminating 1 workers
START 2026-08-18T11:42:48+08:00 slot=1 cpuset=28-55
cp: cannot create regular file '<remote_artifact> Permission denied
START 2026-08-18T11:46:13+08:00 slot=1 cpuset=28-55
2026-08-18 11:46:14,848 - bvb - INFO - running only vearch-hnsw
2026-08-18 11:46:14,853 - bvb - INFO - Order: [Definition(algorithm='vearch-hnsw', constructor='VearchHNSW', module='bigvectorbench.algorithms.vearch', docker_tag='bigvectorbench-vearch', arguments=['euclidean', 256, {'nlinks': 64, 'efConstruction': 100}], query_argument_groups=[[100], [200], [400], [800], [1600]], disabled=False), Definition(algorithm='vearch-hnsw', constructor='VearchHNSW', module='bigvectorbench.algorithms.vearch', docker_tag='bigvectorbench-vearch', arguments=['euclidean', 256, {'nlinks': 32, 'efConstruction': 400}], query_argument_groups=[[100], [200], [400], [800], [1600]], disabled=False), Definition(algorithm='vearch-hnsw', constructor='VearchHNSW', module='bigvectorbench.algorithms.vearch', docker_tag='bigvectorbench-vearch', arguments=['euclidean', 256, {'nlinks': 32, 'efConstruction': 100}], query_argument_groups=[[100], [200], [400], [800], [1600]], disabled=False), Definition(algorithm='vearch-hnsw', constructor='VearchHNSW', module='bigvectorbench.algorithms.vearch', docker_tag='bigvectorbench-vearch', arguments=['euclidean', 256, {'nlinks': 64, 'efConstruction': 400}], query_argument_groups=[[100], [200], [400], [800], [1600]], disabled=False), Definition(algorithm='vearch-hnsw', constructor='VearchHNSW', module='bigvectorbench.algorithms.vearch', docker_tag='bigvectorbench-vearch', arguments=['euclidean', 256, {'nlinks': 128, 'efConstruction': 400}], query_argument_groups=[[100], [200], [400], [800], [1600]], disabled=False)]
 Container vearch-standalone  Stopping
 Container vearch-standalone  Stopped
 Container vearch-standalone  Removing
 Container vearch-standalone  Removed
 Network vearch_network_cluster  Removing
 Network vearch_network_cluster  Removed
 Network vearch_network_cluster  Creating
 Network vearch_network_cluster  Created
 Container vearch-standalone  Creating
 Container vearch-standalone  Created
 Container vearch-standalone  Starting
 Container vearch-standalone  Started
Process Process-1:
Traceback (most recent call last):
  File "<remote_artifact>", line 974, in json
    return complexjson.loads(self.text, **kwargs)
  File "<remote_artifact>", line 346, in loads
    return _default_decoder.decode(s)
  File "<remote_artifact>", line 337, in decode
    obj, end = self.raw_decode(s, idx=_w(s, 0).end())
  File "<remote_artifact>", line 355, in raw_decode
    raise JSONDecodeError("Expecting value", s, err.value) from None
json.decoder.JSONDecodeError: Expecting value: line 1 column 1 (char 0)

During handling of the above exception, another exception occurred:

Traceback (most recent call last):
  File "<remote_artifact>", line 314, in _bootstrap
    self.run()
  File "<remote_artifact>", line 108, in run
    self._target(*self._args, **self._kwargs)
  File "<remote_artifact>", line 152, in run_worker
    run(
  File "<remote_artifact>", line 816, in run
    index_time, index_size = build_index_with_threads(algo, build_threads)
  File "<remote_artifact>", line 651, in build_index_with_threads
    return build_index(algo)
  File "<remote_artifact>", line 632, in build_index
    algo.create_index()
  File "<remote_artifact>", line 206, in create_index
    self.waiting_index_finish(self.num_entities, timewait=1)
  File "<remote_artifact>", line 197, in waiting_index_finish
    partitions = response.json()["data"]["partitions"]
  File "<remote_artifact>", line 978, in json
    raise RequestsJSONDecodeError(e.msg, e.doc, e.pos)
requests.exceptions.JSONDecodeError: Expecting value: line 1 column 1 (char 0)
Trying to instantiate bigvectorbench.algorithms.vearch.VearchHNSW(['euclidean', 256, {'nlinks': 64, 'efConstruction': 100}])
[Vearch] docker compose --profile standalone up successfully!!!
[Vearch] client connected successfully!!!
Dataset type: filter-ann
Distance metric: euclidean
Got a train set of size               (991000 * 256) with 1 labels
label names: ['attribute']
label types: ['int32']
filter expression function: def filter_expr(attribute_low, attribute_high): return f'attribute >= {attribute_low} and attribute <= {attribute_high}'
Got 10000 queries
[Vearch] load data with 1 labels!!!
[Vearch] create database: {'code': 0, 'msg': '', 'data': {'id': 1, 'name': 'Vearch_test'}}
[Vearch] create space: {'code': 1, 'msg': 'not enough partition servers, need 3 replicas but only have 1', 'data': ''}
[Vearch] database and space created successfully!!!
[Vearch] Start uploading 991000 vectors...
[Vearch] Uploaded 991000 vectors successfully!!!
Inserted data in 29.70710825920105
Memory usage:  2156860.0
[Vearch] Waiting for index finish...
2026-08-18 11:47:15,418 - bvb - INFO - Terminating 1 workers
START 2026-08-18T11:58:33+08:00 slot=1 cpuset=28-55
2026-08-18 11:58:35,285 - bvb - INFO - running only vearch-hnsw
2026-08-18 11:58:35,290 - bvb - INFO - Order: [Definition(algorithm='vearch-hnsw', constructor='VearchHNSW', module='bigvectorbench.algorithms.vearch', docker_tag='bigvectorbench-vearch', arguments=['euclidean', 256, {'nlinks': 64, 'efConstruction': 100}], query_argument_groups=[[100], [200], [400], [800], [1600]], disabled=False), Definition(algorithm='vearch-hnsw', constructor='VearchHNSW', module='bigvectorbench.algorithms.vearch', docker_tag='bigvectorbench-vearch', arguments=['euclidean', 256, {'nlinks': 128, 'efConstruction': 400}], query_argument_groups=[[100], [200], [400], [800], [1600]], disabled=False), Definition(algorithm='vearch-hnsw', constructor='VearchHNSW', module='bigvectorbench.algorithms.vearch', docker_tag='bigvectorbench-vearch', arguments=['euclidean', 256, {'nlinks': 32, 'efConstruction': 100}], query_argument_groups=[[100], [200], [400], [800], [1600]], disabled=False), Definition(algorithm='vearch-hnsw', constructor='VearchHNSW', module='bigvectorbench.algorithms.vearch', docker_tag='bigvectorbench-vearch', arguments=['euclidean', 256, {'nlinks': 64, 'efConstruction': 400}], query_argument_groups=[[100], [200], [400], [800], [1600]], disabled=False), Definition(algorithm='vearch-hnsw', constructor='VearchHNSW', module='bigvectorbench.algorithms.vearch', docker_tag='bigvectorbench-vearch', arguments=['euclidean', 256, {'nlinks': 32, 'efConstruction': 400}], query_argument_groups=[[100], [200], [400], [800], [1600]], disabled=False)]
 Container vearch-standalone  Stopping
 Container vearch-standalone  Stopped
 Container vearch-standalone  Removing
 Container vearch-standalone  Removed
 Network vearch_network_cluster  Removing
 Network vearch_network_cluster  Removed
 Network vearch_network_cluster  Creating
 Network vearch_network_cluster  Created
 Container vearch-standalone  Creating
 Container vearch-standalone  Created
 Container vearch-standalone  Starting
 Container vearch-standalone  Started
Process Process-1:
Traceback (most recent call last):
  File "<remote_artifact>", line 314, in _bootstrap
    self.run()
  File "<remote_artifact>", line 108, in run
    self._target(*self._args, **self._kwargs)
  File "<remote_artifact>", line 152, in run_worker
    run(
  File "<remote_artifact>", line 793, in run
    insert_time, data_size = insert_data(
  File "<remote_artifact>", line 609, in insert_data
    algo.load_data(X_train, X_train_label, label_names, label_types)
  File "<remote_artifact>", line 165, in load_data
    raise RuntimeError(f"Vearch create_space failed: {ret.__dict__}")
RuntimeError: Vearch create_space failed: {'code': 1, 'msg': 'not enough partition servers, need 3 replicas but only have 1', 'data': ''}
Trying to instantiate bigvectorbench.algorithms.vearch.VearchHNSW(['euclidean', 256, {'nlinks': 64, 'efConstruction': 100}])
[Vearch] docker compose --profile standalone up successfully!!!
[Vearch] client connected successfully!!!
Dataset type: filter-ann
Distance metric: euclidean
Got a train set of size               (991000 * 256) with 1 labels
label names: ['attribute']
label types: ['int32']
filter expression function: def filter_expr(attribute_low, attribute_high): return f'attribute >= {attribute_low} and attribute <= {attribute_high}'
Got 10000 queries
[Vearch] load data with 1 labels!!!
[Vearch] create database: {'code': 0, 'msg': '', 'data': {'id': 1, 'name': 'Vearch_test'}}
[Vearch] create space: {'code': 1, 'msg': 'not enough partition servers, need 3 replicas but only have 1', 'data': ''}
2026-08-18 11:58:54,379 - bvb - INFO - Terminating 1 workers
START 2026-08-18T13:14:50+08:00 slot=1 cpuset=28-55
2026-08-18 13:14:51,782 - bvb - INFO - running only vearch-hnsw
2026-08-18 13:14:51,787 - bvb - INFO - Order: [Definition(algorithm='vearch-hnsw', constructor='VearchHNSW', module='bigvectorbench.algorithms.vearch', docker_tag='bigvectorbench-vearch', arguments=['euclidean', 256, {'nlinks': 128, 'efConstruction': 400}], query_argument_groups=[[100], [200], [400], [800], [1600]], disabled=False), Definition(algorithm='vearch-hnsw', constructor='VearchHNSW', module='bigvectorbench.algorithms.vearch', docker_tag='bigvectorbench-vearch', arguments=['euclidean', 256, {'nlinks': 64, 'efConstruction': 100}], query_argument_groups=[[100], [200], [400], [800], [1600]], disabled=False), Definition(algorithm='vearch-hnsw', constructor='VearchHNSW', module='bigvectorbench.algorithms.vearch', docker_tag='bigvectorbench-vearch', arguments=['euclidean', 256, {'nlinks': 32, 'efConstruction': 100}], query_argument_groups=[[100], [200], [400], [800], [1600]], disabled=False), Definition(algorithm='vearch-hnsw', constructor='VearchHNSW', module='bigvectorbench.algorithms.vearch', docker_tag='bigvectorbench-vearch', arguments=['euclidean', 256, {'nlinks': 64, 'efConstruction': 400}], query_argument_groups=[[100], [200], [400], [800], [1600]], disabled=False), Definition(algorithm='vearch-hnsw', constructor='VearchHNSW', module='bigvectorbench.algorithms.vearch', docker_tag='bigvectorbench-vearch', arguments=['euclidean', 256, {'nlinks': 32, 'efConstruction': 400}], query_argument_groups=[[100], [200], [400], [800], [1600]], disabled=False)]
 Container vearch-standalone  Stopping
 Container vearch-standalone  Stopped
 Container vearch-standalone  Removing
 Container vearch-standalone  Removed
 Network vearch_network_cluster  Removing
 Network vearch_network_cluster  Removed
 Network vearch_network_cluster  Creating
 Network vearch_network_cluster  Created
 Container vearch-standalone  Creating
 Container vearch-standalone  Created
 Container vearch-standalone  Starting
 Container vearch-standalone  Started
Process Process-1:
Traceback (most recent call last):
  File "<remote_artifact>", line 314, in _bootstrap
    self.run()
  File "<remote_artifact>", line 108, in run
    self._target(*self._args, **self._kwargs)
  File "<remote_artifact>", line 152, in run_worker
    run(
  File "<remote_artifact>", line 910, in run
    insert_latencies = run_individual_insert(algo, X_test, X_test_label)
  File "<remote_artifact>", line 410, in run_individual_insert
    algo.insert(x, labels.flatten())
  File "<remote_artifact>", line 350, in insert
    assert len(labels) == self.num_labels
AssertionError
Trying to instantiate bigvectorbench.algorithms.vearch.VearchHNSW(['euclidean', 256, {'nlinks': 128, 'efConstruction': 400}])
[Vearch] docker compose --profile standalone up successfully!!!
[Vearch] client connected successfully!!!
Dataset type: filter-ann
Distance metric: euclidean
Got a train set of size               (991000 * 256) with 1 labels
label names: ['attribute']
label types: ['int32']
filter expression function: def filter_expr(attribute_low, attribute_high): return f'attribute >= {attribute_low} and attribute <= {attribute_high}'
Got 10000 queries
[Vearch] load data with 1 labels!!!
[Vearch] create database: {'code': 0, 'msg': '', 'data': {'id': 1, 'name': 'Vearch_test'}}
[Vearch] create space: {'code': 0, 'msg': '', 'data': {'id': 1, 'name': 'Vearch_test_space', 'resource_name': 'default', 'version': 2, 'db_id': 1, 'enabled': True, 'partitions': [{'id': 1, 'name': '', 'space_id': 1, 'db_id': 1, 'partition_slot': 0, 'replicas': [1], 'resourceExhausted': False}], 'partition_num': 1, 'replica_num': 1, 'fields': [{'name': 'id', 'type': 'integer', 'desc': '', 'index': {'name': 'id_idx', 'type': 'SCALAR'}}, {'name': 'vector', 'type': 'vector', 'desc': '', 'dimension': 256, 'index': {'name': 'vector_idx', 'type': 'HNSW', 'params': {'nlinks': 96, 'efConstruction': 400, 'metric_type': 'L2'}}}, {'name': 'attribute', 'type': 'integer', 'desc': '', 'index': {'name': 'attribute_idx', 'type': 'SCALAR'}}], 'index': {'name': 'vector_idx', 'type': 'HNSW', 'params': {'nlinks': 96, 'efConstruction': 400, 'metric_type': 'L2'}}, 'space_properties': {'attribute': {'field_type': 0, 'type': 'integer', 'index': {'name': 'attribute_idx', 'type': 'SCALAR'}, 'option': 1}, 'id': {'field_type': 0, 'type': 'integer', 'index': {'name': 'id_idx', 'type': 'SCALAR'}, 'option': 1}, 'vector': {'field_type': 5, 'type': 'vector', 'index': {'name': 'vector_idx', 'type': 'HNSW', 'params': {'nlinks': 96, 'efConstruction': 400, 'metric_type': 'L2'}}, 'dimension': 256, 'option': 1}}}}
[Vearch] database and space created successfully!!!
[Vearch] Start uploading 991000 vectors...
[Vearch] Uploaded 991000 vectors successfully!!!
Inserted data in 541.4323270320892
Memory usage:  6394140.0
[Vearch] Waiting for index finish...
[Vearch] Index finish!!!
Built index in  13.048794269561768
Index size:  1928.0
Running query argument group 1 of 5...
Run 1/1...
Warmup round 1/2...
Processed 1000/10000 queries...
Warmup round 2/2...
Processed 2000/10000 queries...
Processed 3000/10000 queries...
Processed 4000/10000 queries...
Processed 5000/10000 queries...
Processed 6000/10000 queries...
Processed 7000/10000 queries...
Processed 8000/10000 queries...
Processed 9000/10000 queries...
Processed 10000/10000 queries...
Processed 11000/10000 queries...
Processed 12000/10000 queries...
Running query argument group 2 of 5...
Run 1/1...
Warmup round 1/2...
Processed 1000/10000 queries...
Warmup round 2/2...
Processed 2000/10000 queries...
Processed 3000/10000 queries...
Processed 4000/10000 queries...
Processed 5000/10000 queries...
Processed 6000/10000 queries...
Processed 7000/10000 queries...
Processed 8000/10000 queries...
Processed 9000/10000 queries...
Processed 10000/10000 queries...
Processed 11000/10000 queries...
Processed 12000/10000 queries...
Running query argument group 3 of 5...
Run 1/1...
Warmup round 1/2...
Processed 1000/10000 queries...
Warmup round 2/2...
Processed 2000/10000 queries...
Processed 3000/10000 queries...
Processed 4000/10000 queries...
Processed 5000/10000 queries...
Processed 6000/10000 queries...
Processed 7000/10000 queries...
Processed 8000/10000 queries...
Processed 9000/10000 queries...
Processed 10000/10000 queries...
Processed 11000/10000 queries...
Processed 12000/10000 queries...
Running query argument group 4 of 5...
Run 1/1...
Warmup round 1/2...
Processed 1000/10000 queries...
Warmup round 2/2...
Processed 2000/10000 queries...
Processed 3000/10000 queries...
Processed 4000/10000 queries...
Processed 5000/10000 queries...
Processed 6000/10000 queries...
Processed 7000/10000 queries...
Processed 8000/10000 queries...
Processed 9000/10000 queries...
Processed 10000/10000 queries...
Processed 11000/10000 queries...
Processed 12000/10000 queries...
Running query argument group 5 of 5...
Run 1/1...
Warmup round 1/2...
Processed 1000/10000 queries...
Warmup round 2/2...
Processed 2000/10000 queries...
Processed 3000/10000 queries...
Processed 4000/10000 queries...
Processed 5000/10000 queries...
Processed 6000/10000 queries...
Processed 7000/10000 queries...
Processed 8000/10000 queries...
Processed 9000/10000 queries...
Processed 10000/10000 queries...
Processed 11000/10000 queries...
Processed 12000/10000 queries...
2026-08-18 14:50:32,255 - bvb - INFO - Terminating 1 workers
