START 2026-08-14T02:40:07+08:00 slot=2 cpuset=56-83
2026-08-14 02:40:10,112 - bvb - INFO - running only hnswlib-hnsw
2026-08-14 02:40:10,113 - bvb - INFO - Order: [Definition(algorithm='hnswlib-hnsw', constructor='HNSWlibHNSW', module='bigvectorbench.algorithms.hnswlib', docker_tag='bigvectorbench-hnswlib', arguments=['euclidean', 256, {'M': 32, 'efConstruction': 400}], query_argument_groups=[[100], [200], [400], [800], [1600]], disabled=False), Definition(algorithm='hnswlib-hnsw', constructor='HNSWlibHNSW', module='bigvectorbench.algorithms.hnswlib', docker_tag='bigvectorbench-hnswlib', arguments=['euclidean', 256, {'M': 32, 'efConstruction': 100}], query_argument_groups=[[100], [200], [400], [800], [1600]], disabled=False), Definition(algorithm='hnswlib-hnsw', constructor='HNSWlibHNSW', module='bigvectorbench.algorithms.hnswlib', docker_tag='bigvectorbench-hnswlib', arguments=['euclidean', 256, {'M': 128, 'efConstruction': 400}], query_argument_groups=[[100], [200], [400], [800], [1600]], disabled=False), Definition(algorithm='hnswlib-hnsw', constructor='HNSWlibHNSW', module='bigvectorbench.algorithms.hnswlib', docker_tag='bigvectorbench-hnswlib', arguments=['euclidean', 256, {'M': 64, 'efConstruction': 400}], query_argument_groups=[[100], [200], [400], [800], [1600]], disabled=False), Definition(algorithm='hnswlib-hnsw', constructor='HNSWlibHNSW', module='bigvectorbench.algorithms.hnswlib', docker_tag='bigvectorbench-hnswlib', arguments=['euclidean', 256, {'M': 64, 'efConstruction': 100}], query_argument_groups=[[100], [200], [400], [800], [1600]], disabled=False)]
Trying to instantiate bigvectorbench.algorithms.hnswlib.HNSWlibHNSW(['euclidean', 256, {'M': 32, 'efConstruction': 400}])
Dataset type: filter-ann
Distance metric: euclidean
Got a train set of size               (991000 * 256) with 1 labels
label names: ['attribute']
label types: ['int32']
filter expression function: def filter_expr(attribute_low, attribute_high): return f'attribute >= {attribute_low} and attribute <= {attribute_high}'
Got 10000 queries
Inserted data in 5.026732921600342
Memory usage:  -292.0
Built index in  108.27863311767578
Index size:  352.0
Running query argument group 1 of 5...
Run 1/1...
Warmup round 1/2...
Processed 1000/10000 queries...
Warmup round 2/2...
Processed 2000/10000 queries...
Processed 3000/10000 queries...
Processed 4000/10000 queries...
Processed 5000/10000 queries...
Processed 6000/10000 queries...
Processed 7000/10000 queries...
Processed 8000/10000 queries...
Processed 9000/10000 queries...
Processed 10000/10000 queries...
Processed 11000/10000 queries...
Processed 12000/10000 queries...
Running query argument group 2 of 5...
Run 1/1...
Warmup round 1/2...
Processed 1000/10000 queries...
Warmup round 2/2...
Processed 2000/10000 queries...
Processed 3000/10000 queries...
Processed 4000/10000 queries...
Processed 5000/10000 queries...
Processed 6000/10000 queries...
Processed 7000/10000 queries...
Processed 8000/10000 queries...
Processed 9000/10000 queries...
Processed 10000/10000 queries...
Processed 11000/10000 queries...
Processed 12000/10000 queries...
Running query argument group 3 of 5...
Run 1/1...
Warmup round 1/2...
Processed 1000/10000 queries...
Warmup round 2/2...
Processed 2000/10000 queries...
Processed 3000/10000 queries...
Processed 4000/10000 queries...
Processed 5000/10000 queries...
Processed 6000/10000 queries...
Processed 7000/10000 queries...
Processed 8000/10000 queries...
Processed 9000/10000 queries...
Processed 10000/10000 queries...
Processed 11000/10000 queries...
Processed 12000/10000 queries...
Running query argument group 4 of 5...
Run 1/1...
Warmup round 1/2...
Processed 1000/10000 queries...
Warmup round 2/2...
Processed 2000/10000 queries...
Processed 3000/10000 queries...
Processed 4000/10000 queries...
Processed 5000/10000 queries...
Processed 6000/10000 queries...
Processed 7000/10000 queries...
Processed 8000/10000 queries...
Processed 9000/10000 queries...
Processed 10000/10000 queries...
Processed 11000/10000 queries...
Processed 12000/10000 queries...
Running query argument group 5 of 5...
Run 1/1...
Warmup round 1/2...
Processed 1000/10000 queries...
Warmup round 2/2...
Processed 2000/10000 queries...
Processed 3000/10000 queries...
Processed 4000/10000 queries...
Processed 5000/10000 queries...
Processed 6000/10000 queries...
Processed 7000/10000 queries...
Processed 8000/10000 queries...
Processed 9000/10000 queries...
Processed 10000/10000 queries...
Processed 11000/10000 queries...
Processed 12000/10000 queries...
Processed 0/10000 inserts...
Processed 1000/10000 inserts...
Processed 2000/10000 inserts...
Processed 3000/10000 inserts...
Processed 4000/10000 inserts...
Processed 5000/10000 inserts...
Processed 6000/10000 inserts...
Processed 7000/10000 inserts...
Processed 8000/10000 inserts...
Processed 9000/10000 inserts...
Processed 0/10000 updates...
Processed 1000/10000 updates...
Processed 2000/10000 updates...
Processed 3000/10000 updates...
Processed 4000/10000 updates...
Processed 5000/10000 updates...
Processed 6000/10000 updates...
Processed 7000/10000 updates...
Processed 8000/10000 updates...
Processed 9000/10000 updates...
Processed 0/10000 deletes...
Processed 1000/10000 deletes...
Processed 2000/10000 deletes...
Processed 3000/10000 deletes...
Processed 4000/10000 deletes...
Processed 5000/10000 deletes...
Processed 6000/10000 deletes...
Processed 7000/10000 deletes...
Processed 8000/10000 deletes...
Processed 9000/10000 deletes...
Trying to instantiate bigvectorbench.algorithms.hnswlib.HNSWlibHNSW(['euclidean', 256, {'M': 32, 'efConstruction': 100}])
Dataset type: filter-ann
Distance metric: euclidean
Got a train set of size               (991000 * 256) with 1 labels
label names: ['attribute']
label types: ['int32']
filter expression function: def filter_expr(attribute_low, attribute_high): return f'attribute >= {attribute_low} and attribute <= {attribute_high}'
Got 10000 queries
Inserted data in 5.025846004486084
Memory usage:  -68.0
Built index in  32.627174377441406
Index size:  68.0
Running query argument group 1 of 5...
Run 1/1...
Warmup round 1/2...
Processed 1000/10000 queries...
Warmup round 2/2...
Processed 2000/10000 queries...
Processed 3000/10000 queries...
Processed 4000/10000 queries...
Processed 5000/10000 queries...
Processed 6000/10000 queries...
Processed 7000/10000 queries...
Processed 8000/10000 queries...
Processed 9000/10000 queries...
Processed 10000/10000 queries...
Processed 11000/10000 queries...
Processed 12000/10000 queries...
Running query argument group 2 of 5...
Run 1/1...
Warmup round 1/2...
Processed 1000/10000 queries...
Warmup round 2/2...
Processed 2000/10000 queries...
Processed 3000/10000 queries...
Processed 4000/10000 queries...
Processed 5000/10000 queries...
Processed 6000/10000 queries...
Processed 7000/10000 queries...
Processed 8000/10000 queries...
Processed 9000/10000 queries...
Processed 10000/10000 queries...
Processed 11000/10000 queries...
Processed 12000/10000 queries...
Running query argument group 3 of 5...
Run 1/1...
Warmup round 1/2...
Processed 1000/10000 queries...
Warmup round 2/2...
Processed 2000/10000 queries...
Processed 3000/10000 queries...
Processed 4000/10000 queries...
Processed 5000/10000 queries...
Processed 6000/10000 queries...
Processed 7000/10000 queries...
Processed 8000/10000 queries...
Processed 9000/10000 queries...
Processed 10000/10000 queries...
Processed 11000/10000 queries...
Processed 12000/10000 queries...
Running query argument group 4 of 5...
Run 1/1...
Warmup round 1/2...
Processed 1000/10000 queries...
Warmup round 2/2...
Processed 2000/10000 queries...
Processed 3000/10000 queries...
Processed 4000/10000 queries...
Processed 5000/10000 queries...
Processed 6000/10000 queries...
Processed 7000/10000 queries...
Processed 8000/10000 queries...
Processed 9000/10000 queries...
Processed 10000/10000 queries...
Processed 11000/10000 queries...
Processed 12000/10000 queries...
Running query argument group 5 of 5...
Run 1/1...
Warmup round 1/2...
Processed 1000/10000 queries...
Warmup round 2/2...
Processed 2000/10000 queries...
Processed 3000/10000 queries...
Processed 4000/10000 queries...
Processed 5000/10000 queries...
Processed 6000/10000 queries...
Processed 7000/10000 queries...
Processed 8000/10000 queries...
Processed 9000/10000 queries...
Processed 10000/10000 queries...
Processed 11000/10000 queries...
Processed 12000/10000 queries...
Processed 0/10000 inserts...
Processed 1000/10000 inserts...
Processed 2000/10000 inserts...
Processed 3000/10000 inserts...
Processed 4000/10000 inserts...
Processed 5000/10000 inserts...
Processed 6000/10000 inserts...
Processed 7000/10000 inserts...
Processed 8000/10000 inserts...
Processed 9000/10000 inserts...
Processed 0/10000 updates...
Processed 1000/10000 updates...
Processed 2000/10000 updates...
Processed 3000/10000 updates...
Processed 4000/10000 updates...
Processed 5000/10000 updates...
Processed 6000/10000 updates...
Processed 7000/10000 updates...
Processed 8000/10000 updates...
Processed 9000/10000 updates...
Processed 0/10000 deletes...
Processed 1000/10000 deletes...
Processed 2000/10000 deletes...
Processed 3000/10000 deletes...
Processed 4000/10000 deletes...
Processed 5000/10000 deletes...
Processed 6000/10000 deletes...
Processed 7000/10000 deletes...
Processed 8000/10000 deletes...
Processed 9000/10000 deletes...
Trying to instantiate bigvectorbench.algorithms.hnswlib.HNSWlibHNSW(['euclidean', 256, {'M': 128, 'efConstruction': 400}])
Dataset type: filter-ann
Distance metric: euclidean
Got a train set of size               (991000 * 256) with 1 labels
label names: ['attribute']
label types: ['int32']
filter expression function: def filter_expr(attribute_low, attribute_high): return f'attribute >= {attribute_low} and attribute <= {attribute_high}'
Got 10000 queries
Inserted data in 5.031637668609619
Memory usage:  -168.0
Built index in  134.94699478149414
Index size:  1060.0
Running query argument group 1 of 5...
Run 1/1...
Warmup round 1/2...
Processed 1000/10000 queries...
Warmup round 2/2...
Processed 2000/10000 queries...
Processed 3000/10000 queries...
Processed 4000/10000 queries...
Processed 5000/10000 queries...
Processed 6000/10000 queries...
Processed 7000/10000 queries...
Processed 8000/10000 queries...
Processed 9000/10000 queries...
Processed 10000/10000 queries...
Processed 11000/10000 queries...
Processed 12000/10000 queries...
Running query argument group 2 of 5...
Run 1/1...
Warmup round 1/2...
Processed 1000/10000 queries...
Warmup round 2/2...
Processed 2000/10000 queries...
Processed 3000/10000 queries...
Processed 4000/10000 queries...
Processed 5000/10000 queries...
Processed 6000/10000 queries...
Processed 7000/10000 queries...
Processed 8000/10000 queries...
Processed 9000/10000 queries...
Processed 10000/10000 queries...
Processed 11000/10000 queries...
Processed 12000/10000 queries...
Running query argument group 3 of 5...
Run 1/1...
Warmup round 1/2...
Processed 1000/10000 queries...
Warmup round 2/2...
Processed 2000/10000 queries...
Processed 3000/10000 queries...
Processed 4000/10000 queries...
Processed 5000/10000 queries...
Processed 6000/10000 queries...
Processed 7000/10000 queries...
Processed 8000/10000 queries...
Processed 9000/10000 queries...
Processed 10000/10000 queries...
Processed 11000/10000 queries...
Processed 12000/10000 queries...
Running query argument group 4 of 5...
Run 1/1...
Warmup round 1/2...
Processed 1000/10000 queries...
Warmup round 2/2...
Processed 2000/10000 queries...
Processed 3000/10000 queries...
Processed 4000/10000 queries...
Processed 5000/10000 queries...
Processed 6000/10000 queries...
Processed 7000/10000 queries...
Processed 8000/10000 queries...
Processed 9000/10000 queries...
Processed 10000/10000 queries...
Processed 11000/10000 queries...
Processed 12000/10000 queries...
Running query argument group 5 of 5...
Run 1/1...
Warmup round 1/2...
Processed 1000/10000 queries...
Warmup round 2/2...
Processed 2000/10000 queries...
Processed 3000/10000 queries...
Processed 4000/10000 queries...
Processed 5000/10000 queries...
Processed 6000/10000 queries...
Processed 7000/10000 queries...
Processed 8000/10000 queries...
Processed 9000/10000 queries...
Processed 10000/10000 queries...
Processed 11000/10000 queries...
Processed 12000/10000 queries...
Processed 0/10000 inserts...
Processed 1000/10000 inserts...
Processed 2000/10000 inserts...
Processed 3000/10000 inserts...
Processed 4000/10000 inserts...
Processed 5000/10000 inserts...
Processed 6000/10000 inserts...
Processed 7000/10000 inserts...
Processed 8000/10000 inserts...
Processed 9000/10000 inserts...
Processed 0/10000 updates...
Processed 1000/10000 updates...
Processed 2000/10000 updates...
Processed 3000/10000 updates...
Processed 4000/10000 updates...
Processed 5000/10000 updates...
Processed 6000/10000 updates...
Processed 7000/10000 updates...
Processed 8000/10000 updates...
Processed 9000/10000 updates...
Processed 0/10000 deletes...
Processed 1000/10000 deletes...
Processed 2000/10000 deletes...
Processed 3000/10000 deletes...
Processed 4000/10000 deletes...
Processed 5000/10000 deletes...
Processed 6000/10000 deletes...
Processed 7000/10000 deletes...
Processed 8000/10000 deletes...
Processed 9000/10000 deletes...
Trying to instantiate bigvectorbench.algorithms.hnswlib.HNSWlibHNSW(['euclidean', 256, {'M': 64, 'efConstruction': 400}])
Dataset type: filter-ann
Distance metric: euclidean
Got a train set of size               (991000 * 256) with 1 labels
label names: ['attribute']
label types: ['int32']
filter expression function: def filter_expr(attribute_low, attribute_high): return f'attribute >= {attribute_low} and attribute <= {attribute_high}'
Got 10000 queries
Inserted data in 5.027570724487305
Memory usage:  -40.0
Built index in  129.08497071266174
Index size:  -116.0
Running query argument group 1 of 5...
Run 1/1...
Warmup round 1/2...
Processed 1000/10000 queries...
Warmup round 2/2...
Processed 2000/10000 queries...
Processed 3000/10000 queries...
Processed 4000/10000 queries...
Processed 5000/10000 queries...
Processed 6000/10000 queries...
Processed 7000/10000 queries...
Processed 8000/10000 queries...
Processed 9000/10000 queries...
Processed 10000/10000 queries...
Processed 11000/10000 queries...
Processed 12000/10000 queries...
Running query argument group 2 of 5...
Run 1/1...
Warmup round 1/2...
Processed 1000/10000 queries...
Warmup round 2/2...
Processed 2000/10000 queries...
Processed 3000/10000 queries...
Processed 4000/10000 queries...
Processed 5000/10000 queries...
Processed 6000/10000 queries...
Processed 7000/10000 queries...
Processed 8000/10000 queries...
Processed 9000/10000 queries...
Processed 10000/10000 queries...
Processed 11000/10000 queries...
Processed 12000/10000 queries...
Running query argument group 3 of 5...
Run 1/1...
Warmup round 1/2...
Processed 1000/10000 queries...
Warmup round 2/2...
Processed 2000/10000 queries...
Processed 3000/10000 queries...
Processed 4000/10000 queries...
Processed 5000/10000 queries...
Processed 6000/10000 queries...
Processed 7000/10000 queries...
Processed 8000/10000 queries...
Processed 9000/10000 queries...
Processed 10000/10000 queries...
Processed 11000/10000 queries...
Processed 12000/10000 queries...
Running query argument group 4 of 5...
Run 1/1...
Warmup round 1/2...
Processed 1000/10000 queries...
Warmup round 2/2...
Processed 2000/10000 queries...
Processed 3000/10000 queries...
Processed 4000/10000 queries...
Processed 5000/10000 queries...
Processed 6000/10000 queries...
Processed 7000/10000 queries...
Processed 8000/10000 queries...
Processed 9000/10000 queries...
Processed 10000/10000 queries...
Processed 11000/10000 queries...
Processed 12000/10000 queries...
Running query argument group 5 of 5...
Run 1/1...
Warmup round 1/2...
Processed 1000/10000 queries...
Warmup round 2/2...
Processed 2000/10000 queries...
Processed 3000/10000 queries...
Processed 4000/10000 queries...
Processed 5000/10000 queries...
Processed 6000/10000 queries...
Processed 7000/10000 queries...
Processed 8000/10000 queries...
Processed 9000/10000 queries...
Processed 10000/10000 queries...
Processed 11000/10000 queries...
Processed 12000/10000 queries...
Processed 0/10000 inserts...
Processed 1000/10000 inserts...
Processed 2000/10000 inserts...
Processed 3000/10000 inserts...
Processed 4000/10000 inserts...
Processed 5000/10000 inserts...
Processed 6000/10000 inserts...
Processed 7000/10000 inserts...
Processed 8000/10000 inserts...
Processed 9000/10000 inserts...
Processed 0/10000 updates...
Processed 1000/10000 updates...
Processed 2000/10000 updates...
Processed 3000/10000 updates...
Processed 4000/10000 updates...
Processed 5000/10000 updates...
Processed 6000/10000 updates...
Processed 7000/10000 updates...
Processed 8000/10000 updates...
Processed 9000/10000 updates...
Processed 0/10000 deletes...
Processed 1000/10000 deletes...
Processed 2000/10000 deletes...
Processed 3000/10000 deletes...
Processed 4000/10000 deletes...
Processed 5000/10000 deletes...
Processed 6000/10000 deletes...
Processed 7000/10000 deletes...
Processed 8000/10000 deletes...
Processed 9000/10000 deletes...
Trying to instantiate bigvectorbench.algorithms.hnswlib.HNSWlibHNSW(['euclidean', 256, {'M': 64, 'efConstruction': 100}])
Dataset type: filter-ann
Distance metric: euclidean
Got a train set of size               (991000 * 256) with 1 labels
label names: ['attribute']
label types: ['int32']
filter expression function: def filter_expr(attribute_low, attribute_high): return f'attribute >= {attribute_low} and attribute <= {attribute_high}'
Got 10000 queries
Inserted data in 5.028582334518433
Memory usage:  128.0
Built index in  34.696526765823364
Index size:  284.0
Running query argument group 1 of 5...
Run 1/1...
Warmup round 1/2...
Processed 1000/10000 queries...
Warmup round 2/2...
Processed 2000/10000 queries...
Processed 3000/10000 queries...
Processed 4000/10000 queries...
Processed 5000/10000 queries...
Processed 6000/10000 queries...
Processed 7000/10000 queries...
Processed 8000/10000 queries...
Processed 9000/10000 queries...
Processed 10000/10000 queries...
Processed 11000/10000 queries...
Processed 12000/10000 queries...
Running query argument group 2 of 5...
Run 1/1...
Warmup round 1/2...
Processed 1000/10000 queries...
Warmup round 2/2...
Processed 2000/10000 queries...
Processed 3000/10000 queries...
Processed 4000/10000 queries...
Processed 5000/10000 queries...
Processed 6000/10000 queries...
Processed 7000/10000 queries...
Processed 8000/10000 queries...
Processed 9000/10000 queries...
Processed 10000/10000 queries...
Processed 11000/10000 queries...
Processed 12000/10000 queries...
Running query argument group 3 of 5...
Run 1/1...
Warmup round 1/2...
Processed 1000/10000 queries...
Warmup round 2/2...
Processed 2000/10000 queries...
Processed 3000/10000 queries...
Processed 4000/10000 queries...
Processed 5000/10000 queries...
Processed 6000/10000 queries...
Processed 7000/10000 queries...
Processed 8000/10000 queries...
Processed 9000/10000 queries...
Processed 10000/10000 queries...
Processed 11000/10000 queries...
Processed 12000/10000 queries...
Running query argument group 4 of 5...
Run 1/1...
Warmup round 1/2...
Processed 1000/10000 queries...
Warmup round 2/2...
Processed 2000/10000 queries...
Processed 3000/10000 queries...
Processed 4000/10000 queries...
Processed 5000/10000 queries...
Processed 6000/10000 queries...
Processed 7000/10000 queries...
Processed 8000/10000 queries...
Processed 9000/10000 queries...
Processed 10000/10000 queries...
Processed 11000/10000 queries...
Processed 12000/10000 queries...
Running query argument group 5 of 5...
Run 1/1...
Warmup round 1/2...
Processed 1000/10000 queries...
Warmup round 2/2...
Processed 2000/10000 queries...
Processed 3000/10000 queries...
Processed 4000/10000 queries...
Processed 5000/10000 queries...
Processed 6000/10000 queries...
Processed 7000/10000 queries...
Processed 8000/10000 queries...
Processed 9000/10000 queries...
Processed 10000/10000 queries...
Processed 11000/10000 queries...
Processed 12000/10000 queries...
Processed 0/10000 inserts...
Processed 1000/10000 inserts...
Processed 2000/10000 inserts...
Processed 3000/10000 inserts...
Processed 4000/10000 inserts...
Processed 5000/10000 inserts...
Processed 6000/10000 inserts...
Processed 7000/10000 inserts...
Processed 8000/10000 inserts...
Processed 9000/10000 inserts...
Processed 0/10000 updates...
Processed 1000/10000 updates...
Processed 2000/10000 updates...
Processed 3000/10000 updates...
Processed 4000/10000 updates...
Processed 5000/10000 updates...
Processed 6000/10000 updates...
Processed 7000/10000 updates...
Processed 8000/10000 updates...
Processed 9000/10000 updates...
Processed 0/10000 deletes...
Processed 1000/10000 deletes...
Processed 2000/10000 deletes...
Processed 3000/10000 deletes...
Processed 4000/10000 deletes...
Processed 5000/10000 deletes...
Processed 6000/10000 deletes...
Processed 7000/10000 deletes...
Processed 8000/10000 deletes...
Processed 9000/10000 deletes...
2026-08-14 04:09:38,181 - bvb - INFO - Terminating 1 workers
