START 2026-08-13T20:57:51+08:00 slot=3 cpuset=84-111
2026-08-13 20:57:53,347 - bvb - INFO - running only qdrant
2026-08-13 20:57:53,935 - bvb - INFO - Order: [Definition(algorithm='qdrant', constructor='Qdrant', module='bigvectorbench.algorithms.qdrant', docker_tag='bigvectorbench-qdrant', arguments=['euclidean', {'M': 32, 'efConstruction': 400}], query_argument_groups=[[100, True], [200, True], [400, True], [800, True], [1600, True]], disabled=False), Definition(algorithm='qdrant', constructor='Qdrant', module='bigvectorbench.algorithms.qdrant', docker_tag='bigvectorbench-qdrant', arguments=['euclidean', {'M': 64, 'efConstruction': 100}], query_argument_groups=[[100, True], [200, True], [400, True], [800, True], [1600, True]], disabled=False), Definition(algorithm='qdrant', constructor='Qdrant', module='bigvectorbench.algorithms.qdrant', docker_tag='bigvectorbench-qdrant', arguments=['euclidean', {'M': 64, 'efConstruction': 400}], query_argument_groups=[[100, True], [200, True], [400, True], [800, True], [1600, True]], disabled=False), Definition(algorithm='qdrant', constructor='Qdrant', module='bigvectorbench.algorithms.qdrant', docker_tag='bigvectorbench-qdrant', arguments=['euclidean', {'M': 32, 'efConstruction': 100}], query_argument_groups=[[100, True], [200, True], [400, True], [800, True], [1600, True]], disabled=False), Definition(algorithm='qdrant', constructor='Qdrant', module='bigvectorbench.algorithms.qdrant', docker_tag='bigvectorbench-qdrant', arguments=['euclidean', {'M': 128, 'efConstruction': 400}], query_argument_groups=[[100, True], [200, True], [400, True], [800, True], [1600, True]], disabled=False)]
 Network qdrant_default  Creating
 Network qdrant_default  Created
 Container qdrant-qdrant-1  Creating
 Container qdrant-qdrant-1  Created
 Container qdrant-qdrant-1  Starting
 Container qdrant-qdrant-1  Started
Process Process-1:
Traceback (most recent call last):
  File "<remote_artifact>", line 275, in _raise_for_status
    response.raise_for_status()
  File "<remote_artifact>", line 1024, in raise_for_status
    raise HTTPError(http_error_msg, response=self)
requests.exceptions.HTTPError: 404 Client Error: Not Found for url: http+docker://localhost/v1.49/containers/06a2e05ed09fb44fbb212ea691f27838eb7602ad08f8c336d8d5dbd43c9d639b/stats?stream=False

The above exception was the direct cause of the following exception:

Traceback (most recent call last):
  File "<remote_artifact>", line 314, in _bootstrap
    self.run()
  File "<remote_artifact>", line 108, in run
    self._target(*self._args, **self._kwargs)
  File "<remote_artifact>", line 152, in run_worker
    run(
  File "<remote_artifact>", line 793, in run
    insert_time, data_size = insert_data(
  File "<remote_artifact>", line 611, in insert_data
    memory_usage_after = algo.get_memory_usage()
  File "<remote_artifact>", line 73, in get_memory_usage
    memory_stats = container.stats(stream=False)["memory_stats"]
  File "<remote_artifact>", line 438, in stats
    return self.client.api.stats(self.id, **kwargs)
  File "<remote_artifact>", line 19, in wrapped
    return f(self, resource_id, *args, **kwargs)
  File "<remote_artifact>", line 1184, in stats
    return self._result(self._get(url, params=params), json=True)
  File "<remote_artifact>", line 281, in _result
    self._raise_for_status(response)
  File "<remote_artifact>", line 277, in _raise_for_status
    raise create_api_error_from_http_exception(e) from e
  File "<remote_artifact>", line 39, in create_api_error_from_http_exception
    raise cls(e, response=response, explanation=explanation) from e
docker.errors.NotFound: 404 Client Error for http+docker://localhost/v1.49/containers/06a2e05ed09fb44fbb212ea691f27838eb7602ad08f8c336d8d5dbd43c9d639b/stats?stream=False: Not Found ("No such container: 06a2e05ed09fb44fbb212ea691f27838eb7602ad08f8c336d8d5dbd43c9d639b")
Trying to instantiate bigvectorbench.algorithms.qdrant.Qdrant(['euclidean', {'M': 32, 'efConstruction': 400}])
[Qdrant] docker compose up successfully!!!
[Qdrant] client connected successfully!!!
Dataset type: filter-ann
Distance metric: euclidean
Got a train set of size               (991000 * 256) with 1 labels
label names: ['attribute']
label types: ['int32']
filter expression function: def filter_expr(attribute_low, attribute_high): return f'attribute >= {attribute_low} and attribute <= {attribute_high}'
Got 10000 queries
[Qdrant] load data with 1 labels!!!
[Qdrant] collection created successfully!!!
[Qdrant] Start uploading 991000 vectors...
[Qdrant] Uploaded 991000 vectors successfully!!!
[Qdrant] Point count: 991000
[Qdrant] Stored vectors: None
[Qdrant] Indexed vectors: 0
[Qdrant] Collection status: green
2026-08-13 21:04:10,103 - bvb - INFO - Terminating 1 workers
START 2026-08-15T17:22:46+08:00 slot=3 cpuset=84-111
2026-08-15 17:22:47,953 - bvb - INFO - running only qdrant
2026-08-15 17:22:48,512 - bvb - INFO - Order: [Definition(algorithm='qdrant', constructor='Qdrant', module='bigvectorbench.algorithms.qdrant', docker_tag='bigvectorbench-qdrant', arguments=['euclidean', {'M': 32, 'efConstruction': 100}], query_argument_groups=[[100, True], [200, True], [400, True], [800, True], [1600, True]], disabled=False), Definition(algorithm='qdrant', constructor='Qdrant', module='bigvectorbench.algorithms.qdrant', docker_tag='bigvectorbench-qdrant', arguments=['euclidean', {'M': 128, 'efConstruction': 400}], query_argument_groups=[[100, True], [200, True], [400, True], [800, True], [1600, True]], disabled=False), Definition(algorithm='qdrant', constructor='Qdrant', module='bigvectorbench.algorithms.qdrant', docker_tag='bigvectorbench-qdrant', arguments=['euclidean', {'M': 64, 'efConstruction': 100}], query_argument_groups=[[100, True], [200, True], [400, True], [800, True], [1600, True]], disabled=False), Definition(algorithm='qdrant', constructor='Qdrant', module='bigvectorbench.algorithms.qdrant', docker_tag='bigvectorbench-qdrant', arguments=['euclidean', {'M': 32, 'efConstruction': 400}], query_argument_groups=[[100, True], [200, True], [400, True], [800, True], [1600, True]], disabled=False), Definition(algorithm='qdrant', constructor='Qdrant', module='bigvectorbench.algorithms.qdrant', docker_tag='bigvectorbench-qdrant', arguments=['euclidean', {'M': 64, 'efConstruction': 400}], query_argument_groups=[[100, True], [200, True], [400, True], [800, True], [1600, True]], disabled=False)]
 Network qdrant_default  Creating
 Network qdrant_default  Created
 Container qdrant-qdrant-1  Creating
 Container qdrant-qdrant-1  Created
 Container qdrant-qdrant-1  Starting
 Container qdrant-qdrant-1  Started
Process Process-1:
Traceback (most recent call last):
  File "<remote_artifact>", line 314, in _bootstrap
    self.run()
  File "<remote_artifact>", line 108, in run
    self._target(*self._args, **self._kwargs)
  File "<remote_artifact>", line 152, in run_worker
    run(
  File "<remote_artifact>", line 910, in run
    insert_latencies = run_individual_insert(algo, X_test, X_test_label)
  File "<remote_artifact>", line 410, in run_individual_insert
    algo.insert(x, labels.flatten())
  File "<remote_artifact>", line 388, in insert
    assert len(labels) == self.num_labels
AssertionError
Trying to instantiate bigvectorbench.algorithms.qdrant.Qdrant(['euclidean', {'M': 32, 'efConstruction': 100}])
[Qdrant] docker compose up successfully!!!
[Qdrant] client connected successfully!!!
[Qdrant] collection already exists!!!
[Qdrant] collection deleted successfully!!!
Dataset type: filter-ann
Distance metric: euclidean
Got a train set of size               (991000 * 256) with 1 labels
label names: ['attribute']
label types: ['int32']
filter expression function: def filter_expr(attribute_low, attribute_high): return f'attribute >= {attribute_low} and attribute <= {attribute_high}'
Got 10000 queries
[Qdrant] load data with 1 labels!!!
[Qdrant] collection created successfully!!!
[Qdrant] Start uploading 991000 vectors...
[Qdrant] Uploaded 991000 vectors successfully!!!
[Qdrant] Point count: 991000
[Qdrant] Stored vectors: None
[Qdrant] Indexed vectors: 0
[Qdrant] Collection status: green
Inserted data in 344.35052704811096
Memory usage:  1116528.0
Built index in  10.045923233032227
Index size:  1226556.0
Running query argument group 1 of 5...
Run 1/1...
Warmup round 1/2...
Processed 1000/10000 queries...
Warmup round 2/2...
Processed 2000/10000 queries...
Processed 3000/10000 queries...
Processed 4000/10000 queries...
Processed 5000/10000 queries...
Processed 6000/10000 queries...
Processed 7000/10000 queries...
Processed 8000/10000 queries...
Processed 9000/10000 queries...
Processed 10000/10000 queries...
Processed 11000/10000 queries...
Processed 12000/10000 queries...
Running query argument group 2 of 5...
Run 1/1...
Warmup round 1/2...
Processed 1000/10000 queries...
Warmup round 2/2...
Processed 2000/10000 queries...
Processed 3000/10000 queries...
Processed 4000/10000 queries...
Processed 5000/10000 queries...
Processed 6000/10000 queries...
Processed 7000/10000 queries...
Processed 8000/10000 queries...
Processed 9000/10000 queries...
Processed 10000/10000 queries...
Processed 11000/10000 queries...
Processed 12000/10000 queries...
Running query argument group 3 of 5...
Run 1/1...
Warmup round 1/2...
Processed 1000/10000 queries...
Warmup round 2/2...
Processed 2000/10000 queries...
Processed 3000/10000 queries...
Processed 4000/10000 queries...
Processed 5000/10000 queries...
Processed 6000/10000 queries...
Processed 7000/10000 queries...
Processed 8000/10000 queries...
Processed 9000/10000 queries...
Processed 10000/10000 queries...
Processed 11000/10000 queries...
Processed 12000/10000 queries...
Running query argument group 4 of 5...
Run 1/1...
Warmup round 1/2...
Processed 1000/10000 queries...
Warmup round 2/2...
Processed 2000/10000 queries...
Processed 3000/10000 queries...
Processed 4000/10000 queries...
Processed 5000/10000 queries...
Processed 6000/10000 queries...
Processed 7000/10000 queries...
Processed 8000/10000 queries...
Processed 9000/10000 queries...
Processed 10000/10000 queries...
Processed 11000/10000 queries...
Processed 12000/10000 queries...
Running query argument group 5 of 5...
Run 1/1...
Warmup round 1/2...
Processed 1000/10000 queries...
Warmup round 2/2...
Processed 2000/10000 queries...
Processed 3000/10000 queries...
Processed 4000/10000 queries...
Processed 5000/10000 queries...
Processed 6000/10000 queries...
Processed 7000/10000 queries...
Processed 8000/10000 queries...
Processed 9000/10000 queries...
Processed 10000/10000 queries...
Processed 11000/10000 queries...
Processed 12000/10000 queries...
2026-08-15 21:01:07,681 - bvb - INFO - Terminating 1 workers
