START 2026-08-14T07:16:10+08:00 slot=2 cpuset=56-83
2026-08-14 07:16:12,383 - bvb - INFO - running only milvus-gpu-ivfpq
2026-08-14 07:16:12,561 - bvb - INFO - Order: [Definition(algorithm='milvus-gpu-ivfpq', constructor='MilvusGPU_IVFPQ', module='bigvectorbench.algorithms.milvus_gpu', docker_tag='bigvectorbench-milvus_gpu', arguments=['euclidean', 256, {'nlist': 128, 'm': 8, 'nbits': 8}], query_argument_groups=[[8], [32], [64], [128]], disabled=False), Definition(algorithm='milvus-gpu-ivfpq', constructor='MilvusGPU_IVFPQ', module='bigvectorbench.algorithms.milvus_gpu', docker_tag='bigvectorbench-milvus_gpu', arguments=['euclidean', 256, {'nlist': 1024, 'm': 4, 'nbits': 8}], query_argument_groups=[[64], [256], [512], [1024]], disabled=False), Definition(algorithm='milvus-gpu-ivfpq', constructor='MilvusGPU_IVFPQ', module='bigvectorbench.algorithms.milvus_gpu', docker_tag='bigvectorbench-milvus_gpu', arguments=['euclidean', 256, {'nlist': 512, 'm': 16, 'nbits': 8}], query_argument_groups=[[32], [128], [256], [512]], disabled=False), Definition(algorithm='milvus-gpu-ivfpq', constructor='MilvusGPU_IVFPQ', module='bigvectorbench.algorithms.milvus_gpu', docker_tag='bigvectorbench-milvus_gpu', arguments=['euclidean', 256, {'nlist': 512, 'm': 4, 'nbits': 8}], query_argument_groups=[[32], [128], [256], [512]], disabled=False), Definition(algorithm='milvus-gpu-ivfpq', constructor='MilvusGPU_IVFPQ', module='bigvectorbench.algorithms.milvus_gpu', docker_tag='bigvectorbench-milvus_gpu', arguments=['euclidean', 256, {'nlist': 128, 'm': 4, 'nbits': 8}], query_argument_groups=[[8], [32], [64], [128]], disabled=False), Definition(algorithm='milvus-gpu-ivfpq', constructor='MilvusGPU_IVFPQ', module='bigvectorbench.algorithms.milvus_gpu', docker_tag='bigvectorbench-milvus_gpu', arguments=['euclidean', 256, {'nlist': 1024, 'm': 8, 'nbits': 8}], query_argument_groups=[[64], [256], [512], [1024]], disabled=False), Definition(algorithm='milvus-gpu-ivfpq', constructor='MilvusGPU_IVFPQ', module='bigvectorbench.algorithms.milvus_gpu', docker_tag='bigvectorbench-milvus_gpu', arguments=['euclidean', 256, {'nlist': 1024, 'm': 16, 'nbits': 8}], query_argument_groups=[[64], [256], [512], [1024]], disabled=False), Definition(algorithm='milvus-gpu-ivfpq', constructor='MilvusGPU_IVFPQ', module='bigvectorbench.algorithms.milvus_gpu', docker_tag='bigvectorbench-milvus_gpu', arguments=['euclidean', 256, {'nlist': 128, 'm': 16, 'nbits': 8}], query_argument_groups=[[8], [32], [64], [128]], disabled=False), Definition(algorithm='milvus-gpu-ivfpq', constructor='MilvusGPU_IVFPQ', module='bigvectorbench.algorithms.milvus_gpu', docker_tag='bigvectorbench-milvus_gpu', arguments=['euclidean', 256, {'nlist': 512, 'm': 8, 'nbits': 8}], query_argument_groups=[[32], [128], [256], [512]], disabled=False)]
 Network milvus  Creating
 Network milvus  Created
 Container milvus-minio  Creating
 Container milvus-etcd  Creating
 Container milvus-etcd  Created
 Container milvus-minio  Created
 Container milvus-standalone  Creating
 Container milvus-standalone  Created
 Container milvus-minio  Starting
 Container milvus-etcd  Starting
 Container milvus-etcd  Started
 Container milvus-minio  Started
 Container milvus-standalone  Starting
 Container milvus-standalone  Started
 Container milvus-standalone  Stopping
 Container milvus-standalone  Stopped
 Container milvus-standalone  Removing
 Container milvus-standalone  Removed
 Container milvus-minio  Stopping
 Container milvus-etcd  Stopping
 Container milvus-etcd  Stopped
 Container milvus-etcd  Removing
 Container milvus-etcd  Removed
 Container milvus-minio  Stopped
 Container milvus-minio  Removing
 Container milvus-minio  Removed
 Network milvus  Removing
 Network milvus  Removed
 Network milvus  Creating
 Network milvus  Created
 Container milvus-minio  Creating
 Container milvus-etcd  Creating
 Container milvus-minio  Created
 Container milvus-etcd  Created
 Container milvus-standalone  Creating
 Container milvus-standalone  Created
 Container milvus-minio  Starting
 Container milvus-etcd  Starting
 Container milvus-minio  Started
 Container milvus-etcd  Started
 Container milvus-standalone  Starting
 Container milvus-standalone  Started
Trying to instantiate bigvectorbench.algorithms.milvus_gpu.MilvusGPU_IVFPQ(['euclidean', 256, {'nlist': 128, 'm': 8, 'nbits': 8}])
[MilvusGPU] started milvusdb/milvus:v2.4.8-gpu with <remote_artifact>
[Milvus] Milvus version: v2.4.8-gpu
Dataset type: filter-ann
Distance metric: euclidean
Got a train set of size               (991000 * 256) with 1 labels
label names: ['attribute']
label types: ['int32']
filter expression function: def filter_expr(attribute_low, attribute_high): return f'attribute >= {attribute_low} and attribute <= {attribute_high}'
Got 10000 queries
[Milvus] Create collection {'collection_name': 'test_milvus', 'auto_id': False, 'num_shards': 1, 'description': 'Test milvus search', 'fields': [{'field_id': 100, 'name': 'id', 'description': '', 'type': <DataType.INT64: 5>, 'params': {}, 'is_primary': True}, {'field_id': 101, 'name': 'vector', 'description': '', 'type': <DataType.FLOAT_VECTOR: 101>, 'params': {'dim': 256}}, {'field_id': 102, 'name': 'attribute', 'description': '', 'type': <DataType.INT32: 4>, 'params': {}}], 'aliases': [], 'collection_id': 468362978883534932, 'consistency_level': 2, 'properties': {}, 'num_partitions': 1, 'enable_dynamic_field': False} successfully!!!
[Milvus] Insert 991000 data with 1 labels  into collection test_milvus...
[Milvus] 991000 data has been inserted into collection test_milvus!!!
Inserted data in 84.59407114982605
Memory usage:  1565732.0
[Milvus] Create index for collection test_milvus...
[Milvus] Create index {'collection': 'test_milvus', 'field': 'vector', 'index_name': 'vector_index', 'index_param': {'index_type': 'GPU_IVF_PQ', 'params': {'nlist': 128, 'm': 8, 'nbits': 8}, 'metric_type': 'L2'}} {'total_rows': 991000, 'indexed_rows': 991000, 'pending_index_rows': 0, 'state': 'Finished'} for collection test_milvus successfully!!!
[Milvus] Load collection test_milvus...
[Milvus] Load collection test_milvus successfully!!!
Built index in  23.779489278793335
Index size:  414232.0
Running query argument group 1 of 4...
Run 1/1...
Warmup round 1/2...
Processed 1000/10000 queries...
Warmup round 2/2...
Processed 2000/10000 queries...
Processed 3000/10000 queries...
Processed 4000/10000 queries...
Processed 5000/10000 queries...
Processed 6000/10000 queries...
Processed 7000/10000 queries...
Processed 8000/10000 queries...
Processed 9000/10000 queries...
Processed 10000/10000 queries...
Processed 11000/10000 queries...
Processed 12000/10000 queries...
Running query argument group 2 of 4...
Run 1/1...
Warmup round 1/2...
Processed 1000/10000 queries...
Warmup round 2/2...
Processed 2000/10000 queries...
Processed 3000/10000 queries...
Processed 4000/10000 queries...
Processed 5000/10000 queries...
Processed 6000/10000 queries...
Processed 7000/10000 queries...
Processed 8000/10000 queries...
Processed 9000/10000 queries...
Processed 10000/10000 queries...
Processed 11000/10000 queries...
Processed 12000/10000 queries...
Running query argument group 3 of 4...
Run 1/1...
Warmup round 1/2...
Processed 1000/10000 queries...
Warmup round 2/2...
Processed 2000/10000 queries...
Processed 3000/10000 queries...
Processed 4000/10000 queries...
Processed 5000/10000 queries...
Processed 6000/10000 queries...
Processed 7000/10000 queries...
Processed 8000/10000 queries...
Processed 9000/10000 queries...
Processed 10000/10000 queries...
Processed 11000/10000 queries...
Processed 12000/10000 queries...
Running query argument group 4 of 4...
Run 1/1...
Warmup round 1/2...
Processed 1000/10000 queries...
Warmup round 2/2...
Processed 2000/10000 queries...
Processed 3000/10000 queries...
Processed 4000/10000 queries...
Processed 5000/10000 queries...
Processed 6000/10000 queries...
Processed 7000/10000 queries...
Processed 8000/10000 queries...
Processed 9000/10000 queries...
Processed 10000/10000 queries...
Processed 11000/10000 queries...
Processed 12000/10000 queries...
Processed 0/10000 inserts...
Processed 1000/10000 inserts...
Processed 2000/10000 inserts...
Processed 3000/10000 inserts...
Processed 4000/10000 inserts...
Processed 5000/10000 inserts...
Processed 6000/10000 inserts...
Processed 7000/10000 inserts...
Processed 8000/10000 inserts...
Processed 9000/10000 inserts...
Processed 0/10000 updates...
Processed 1000/10000 updates...
Processed 2000/10000 updates...
Processed 3000/10000 updates...
Processed 4000/10000 updates...
Processed 5000/10000 updates...
Processed 6000/10000 updates...
Processed 7000/10000 updates...
Processed 8000/10000 updates...
Processed 9000/10000 updates...
Processed 0/10000 deletes...
Processed 1000/10000 deletes...
Processed 2000/10000 deletes...
Processed 3000/10000 deletes...
Processed 4000/10000 deletes...
Processed 5000/10000 deletes...
Processed 6000/10000 deletes...
Processed 7000/10000 deletes...
Processed 8000/10000 deletes...
Processed 9000/10000 deletes...
Trying to instantiate bigvectorbench.algorithms.milvus_gpu.MilvusGPU_IVFPQ(['euclidean', 256, {'nlist': 1024, 'm': 4, 'nbits': 8}])
[MilvusGPU] started milvusdb/milvus:v2.4.8-gpu with <remote_artifact>
[Milvus] Milvus version: v2.4.8-gpu
Dataset type: filter-ann
Distance metric: euclidean
Got a train set of size               (991000 * 256) with 1 labels
label names: ['attribute']
label types: ['int32']
filter expression function: def filter_expr(attribute_low, attribute_high): return f'attribute >= {attribute_low} and attribute <= {attribute_high}'
Got 10000 queries
[Milvus] Create collection {'collection_name': 'test_milvus', 'auto_id': False, 'num_shards': 1, 'description': 'Test milvus search', 'fields': [{'field_id': 100, 'name': 'id', 'description': '', 'type': <DataType.INT64: 5>, 'params': {}, 'is_primary': True}, {'field_id': 101, 'name': 'vector', 'description': '', 'type': <DataType.FLOAT_VECTOR: 101>, 'params': {'dim': 256}}, {'field_id': 102, 'name': 'attribute', 'description': '', 'type': <DataType.INT32: 4>, 'params': {}}], 'aliases': [], 'collection_id': 468363098927336849, 'consistency_level': 2, 'properties': {}, 'num_partitions': 1, 'enable_dynamic_field': False} successfully!!!
[Milvus] Insert 991000 data with 1 labels  into collection test_milvus...
[Milvus] 991000 data has been inserted into collection test_milvus!!!
Inserted data in 87.39355182647705
Memory usage:  1356256.0
[Milvus] Create index for collection test_milvus...
[Milvus] Create index {'collection': 'test_milvus', 'field': 'vector', 'index_name': 'vector_index', 'index_param': {'index_type': 'GPU_IVF_PQ', 'params': {'nlist': 1024, 'm': 4, 'nbits': 8}, 'metric_type': 'L2'}} {'total_rows': 991000, 'indexed_rows': 991000, 'pending_index_rows': 0, 'state': 'Finished'} for collection test_milvus successfully!!!
[Milvus] Load collection test_milvus...
[Milvus] Load collection test_milvus successfully!!!
Built index in  24.20630121231079
Index size:  954776.0
Running query argument group 1 of 4...
Run 1/1...
Warmup round 1/2...
Processed 1000/10000 queries...
Warmup round 2/2...
Processed 2000/10000 queries...
Processed 3000/10000 queries...
Processed 4000/10000 queries...
Processed 5000/10000 queries...
Processed 6000/10000 queries...
Processed 7000/10000 queries...
Processed 8000/10000 queries...
Processed 9000/10000 queries...
Processed 10000/10000 queries...
Processed 11000/10000 queries...
Processed 12000/10000 queries...
Running query argument group 2 of 4...
Run 1/1...
Warmup round 1/2...
Processed 1000/10000 queries...
Warmup round 2/2...
Processed 2000/10000 queries...
Processed 3000/10000 queries...
Processed 4000/10000 queries...
Processed 5000/10000 queries...
Processed 6000/10000 queries...
Processed 7000/10000 queries...
Processed 8000/10000 queries...
Processed 9000/10000 queries...
Processed 10000/10000 queries...
Processed 11000/10000 queries...
Processed 12000/10000 queries...
Running query argument group 3 of 4...
Run 1/1...
Warmup round 1/2...
Processed 1000/10000 queries...
Warmup round 2/2...
Processed 2000/10000 queries...
Processed 3000/10000 queries...
Processed 4000/10000 queries...
Processed 5000/10000 queries...
 Container milvus-standalone  Stopping
 Container milvus-standalone  Stopped
 Container milvus-standalone  Removing
 Container milvus-standalone  Removed
 Container milvus-minio  Stopping
 Container milvus-etcd  Stopping
 Container milvus-etcd  Stopped
 Container milvus-etcd  Removing
 Container milvus-etcd  Removed
 Container milvus-minio  Stopped
 Container milvus-minio  Removing
 Container milvus-minio  Removed
 Network milvus  Removing
 Network milvus  Removed
 Network milvus  Creating
 Network milvus  Created
 Container milvus-etcd  Creating
 Container milvus-minio  Creating
 Container milvus-etcd  Created
 Container milvus-minio  Created
 Container milvus-standalone  Creating
 Container milvus-standalone  Created
 Container milvus-minio  Starting
 Container milvus-etcd  Starting
 Container milvus-minio  Started
 Container milvus-etcd  Started
 Container milvus-standalone  Starting
 Container milvus-standalone  Started
 Container milvus-standalone  Stopping
 Container milvus-standalone  Stopped
 Container milvus-standalone  Removing
 Container milvus-standalone  Removed
 Container milvus-etcd  Stopping
 Container milvus-minio  Stopping
 Container milvus-etcd  Stopped
 Container milvus-etcd  Removing
 Container milvus-etcd  Removed
 Container milvus-minio  Stopped
 Container milvus-minio  Removing
 Container milvus-minio  Removed
 Network milvus  Removing
 Network milvus  Removed
 Network milvus  Creating
 Network milvus  Created
 Container milvus-minio  Creating
 Container milvus-etcd  Creating
 Container milvus-etcd  Created
 Container milvus-minio  Created
 Container milvus-standalone  Creating
 Container milvus-standalone  Created
 Container milvus-etcd  Starting
 Container milvus-minio  Starting
 Container milvus-minio  Started
 Container milvus-etcd  Started
 Container milvus-standalone  Starting
 Container milvus-standalone  Started
Processed 6000/10000 queries...
Processed 7000/10000 queries...
Processed 8000/10000 queries...
Processed 9000/10000 queries...
Processed 10000/10000 queries...
Processed 11000/10000 queries...
Processed 12000/10000 queries...
Running query argument group 4 of 4...
Run 1/1...
Warmup round 1/2...
Processed 1000/10000 queries...
Warmup round 2/2...
Processed 2000/10000 queries...
Processed 3000/10000 queries...
Processed 4000/10000 queries...
Processed 5000/10000 queries...
Processed 6000/10000 queries...
Processed 7000/10000 queries...
Processed 8000/10000 queries...
Processed 9000/10000 queries...
Processed 10000/10000 queries...
Processed 11000/10000 queries...
Processed 12000/10000 queries...
Processed 0/10000 inserts...
Processed 1000/10000 inserts...
Processed 2000/10000 inserts...
Processed 3000/10000 inserts...
Processed 4000/10000 inserts...
Processed 5000/10000 inserts...
Processed 6000/10000 inserts...
Processed 7000/10000 inserts...
Processed 8000/10000 inserts...
Processed 9000/10000 inserts...
Processed 0/10000 updates...
Processed 1000/10000 updates...
Processed 2000/10000 updates...
Processed 3000/10000 updates...
Processed 4000/10000 updates...
Processed 5000/10000 updates...
Processed 6000/10000 updates...
Processed 7000/10000 updates...
Processed 8000/10000 updates...
Processed 9000/10000 updates...
Processed 0/10000 deletes...
Processed 1000/10000 deletes...
Processed 2000/10000 deletes...
Processed 3000/10000 deletes...
Processed 4000/10000 deletes...
Processed 5000/10000 deletes...
Processed 6000/10000 deletes...
Processed 7000/10000 deletes...
Processed 8000/10000 deletes...
Processed 9000/10000 deletes...
Trying to instantiate bigvectorbench.algorithms.milvus_gpu.MilvusGPU_IVFPQ(['euclidean', 256, {'nlist': 512, 'm': 16, 'nbits': 8}])
[MilvusGPU] started milvusdb/milvus:v2.4.8-gpu with <remote_artifact>
[Milvus] Milvus version: v2.4.8-gpu
Dataset type: filter-ann
Distance metric: euclidean
Got a train set of size               (991000 * 256) with 1 labels
label names: ['attribute']
label types: ['int32']
filter expression function: def filter_expr(attribute_low, attribute_high): return f'attribute >= {attribute_low} and attribute <= {attribute_high}'
Got 10000 queries
[Milvus] Create collection {'collection_name': 'test_milvus', 'auto_id': False, 'num_shards': 1, 'description': 'Test milvus search', 'fields': [{'field_id': 100, 'name': 'id', 'description': '', 'type': <DataType.INT64: 5>, 'params': {}, 'is_primary': True}, {'field_id': 101, 'name': 'vector', 'description': '', 'type': <DataType.FLOAT_VECTOR: 101>, 'params': {'dim': 256}}, {'field_id': 102, 'name': 'attribute', 'description': '', 'type': <DataType.INT32: 4>, 'params': {}}], 'aliases': [], 'collection_id': 468363220943048091, 'consistency_level': 2, 'properties': {}, 'num_partitions': 1, 'enable_dynamic_field': False} successfully!!!
[Milvus] Insert 991000 data with 1 labels  into collection test_milvus...
[Milvus] 991000 data has been inserted into collection test_milvus!!!
Inserted data in 86.83739399909973
Memory usage:  1311504.0
[Milvus] Create index for collection test_milvus...
[Milvus] Create index {'collection': 'test_milvus', 'field': 'vector', 'index_name': 'vector_index', 'index_param': {'index_type': 'GPU_IVF_PQ', 'params': {'nlist': 512, 'm': 16, 'nbits': 8}, 'metric_type': 'L2'}} {'total_rows': 991000, 'indexed_rows': 991000, 'pending_index_rows': 0, 'state': 'Finished'} for collection test_milvus successfully!!!
[Milvus] Load collection test_milvus...
[Milvus] Load collection test_milvus successfully!!!
Built index in  24.491978406906128
Index size:  916172.0
Running query argument group 1 of 4...
Run 1/1...
Warmup round 1/2...
Processed 1000/10000 queries...
Warmup round 2/2...
Processed 2000/10000 queries...
Processed 3000/10000 queries...
Processed 4000/10000 queries...
Processed 5000/10000 queries...
Processed 6000/10000 queries...
Processed 7000/10000 queries...
Processed 8000/10000 queries...
Processed 9000/10000 queries...
Processed 10000/10000 queries...
Processed 11000/10000 queries...
Processed 12000/10000 queries...
Running query argument group 2 of 4...
Run 1/1...
Warmup round 1/2...
Processed 1000/10000 queries...
Warmup round 2/2...
Processed 2000/10000 queries...
Processed 3000/10000 queries...
Processed 4000/10000 queries...
Processed 5000/10000 queries...
Processed 6000/10000 queries...
Processed 7000/10000 queries...
Processed 8000/10000 queries...
Processed 9000/10000 queries...
Processed 10000/10000 queries...
Processed 11000/10000 queries...
Processed 12000/10000 queries...
Running query argument group 3 of 4...
Run 1/1...
Warmup round 1/2...
Processed 1000/10000 queries...
Warmup round 2/2...
Processed 2000/10000 queries...
Processed 3000/10000 queries...
Processed 4000/10000 queries...
Processed 5000/10000 queries...
Processed 6000/10000 queries...
Processed 7000/10000 queries...
Processed 8000/10000 queries...
Processed 9000/10000 queries...
Processed 10000/10000 queries...
Processed 11000/10000 queries...
Processed 12000/10000 queries...
Running query argument group 4 of 4...
Run 1/1...
Warmup round 1/2...
Processed 1000/10000 queries...
Warmup round 2/2...
Processed 2000/10000 queries...
Processed 3000/10000 queries...
Processed 4000/10000 queries...
Processed 5000/10000 queries...
Processed 6000/10000 queries...
Processed 7000/10000 queries...
Processed 8000/10000 queries...
Processed 9000/10000 queries...
Processed 10000/10000 queries...
Processed 11000/10000 queries...
Processed 12000/10000 queries...
Processed 0/10000 inserts...
Processed 1000/10000 inserts...
Processed 2000/10000 inserts...
Processed 3000/10000 inserts...
Processed 4000/10000 inserts...
Processed 5000/10000 inserts...
Processed 6000/10000 inserts...
Processed 7000/10000 inserts...
Processed 8000/10000 inserts...
Processed 9000/10000 inserts...
Processed 0/10000 updates...
Processed 1000/10000 updates...
Processed 2000/10000 updates...
Processed 3000/10000 updates...
Processed 4000/10000 updates...
Processed 5000/10000 updates...
Processed 6000/10000 updates...
Processed 7000/10000 updates...
Processed 8000/10000 updates...
Processed 9000/10000 updates...
Processed 0/10000 deletes...
Processed 1000/10000 deletes...
Processed 2000/10000 deletes...
Processed 3000/10000 deletes...
Processed 4000/10000 deletes...
Processed 5000/10000 deletes...
Processed 6000/10000 deletes...
Processed 7000/10000 deletes...
Processed 8000/10000 deletes...
Processed 9000/10000 deletes...
Trying to instantiate bigvectorbench.algorithms.milvus_gpu.MilvusGPU_IVFPQ(['euclidean', 256, {'nlist': 512, 'm': 4, 'nbits': 8}])
[MilvusGPU] started milvusdb/milvus:v2.4.8-gpu with <remote_artifact>
[Milvus] Milvus version: v2.4.8-gpu
Dataset type: filter-ann
Distance metric: euclidean
Got a train set of size               (991000 * 256) with 1 labels
label names: ['attribute']
label types: ['int32']
filter expression function: def filter_expr(attribute_low, attribute_high): return f'attribute >= {attribute_low} and attribute <= {attribute_high}'
Got 10000 queries
[Milvus] Create collection {'collection_name': 'test_milvus', 'auto_id': False, 'num_shards': 1, 'description': 'Test milvus search', 'fields': [{'field_id': 100, 'name': 'id', 'description': '', 'type': <DataType.INT64: 5>, 'params': {}, 'is_primary': True}, {'field_id': 101, 'name': 'vector', 'description': '', 'type': <DataType.FLOAT_VECTOR: 101>, 'params': {'dim': 256}}, {'field_id': 102, 'name': 'attribute', 'description': '', 'type': <DataType.INT32: 4>, 'params': {}}], 'aliases': [], 'collection_id': 468363340126555548, 'consistency_level': 2, 'properties': {}, 'num_partitions': 1, 'enable_dynamic_field': False} successfully!!!
[Milvus] Insert 991000 data with 1 labels  into collection test_milvus...
[Milvus] 991000 data has been inserted into collection test_milvus!!!
Inserted data in 86.37307453155518
Memory usage:  1425740.0
[Milvus] Create index for collection test_milvus...
 Container milvus-standalone  Stopping
 Container milvus-standalone  Stopped
 Container milvus-standalone  Removing
 Container milvus-standalone  Removed
 Container milvus-minio  Stopping
 Container milvus-etcd  Stopping
 Container milvus-etcd  Stopped
 Container milvus-etcd  Removing
 Container milvus-etcd  Removed
 Container milvus-minio  Stopped
 Container milvus-minio  Removing
 Container milvus-minio  Removed
 Network milvus  Removing
 Network milvus  Removed
 Network milvus  Creating
 Network milvus  Created
 Container milvus-minio  Creating
 Container milvus-etcd  Creating
 Container milvus-etcd  Created
 Container milvus-minio  Created
 Container milvus-standalone  Creating
 Container milvus-standalone  Created
 Container milvus-minio  Starting
 Container milvus-etcd  Starting
 Container milvus-minio  Started
 Container milvus-etcd  Started
 Container milvus-standalone  Starting
 Container milvus-standalone  Started
[Milvus] Create index {'collection': 'test_milvus', 'field': 'vector', 'index_name': 'vector_index', 'index_param': {'index_type': 'GPU_IVF_PQ', 'params': {'nlist': 512, 'm': 4, 'nbits': 8}, 'metric_type': 'L2'}} {'total_rows': 991000, 'indexed_rows': 991000, 'pending_index_rows': 0, 'state': 'Finished'} for collection test_milvus successfully!!!
[Milvus] Load collection test_milvus...
[Milvus] Load collection test_milvus successfully!!!
Built index in  23.487683057785034
Index size:  786340.0
Running query argument group 1 of 4...
Run 1/1...
Warmup round 1/2...
Processed 1000/10000 queries...
Warmup round 2/2...
Processed 2000/10000 queries...
Processed 3000/10000 queries...
Processed 4000/10000 queries...
Processed 5000/10000 queries...
Processed 6000/10000 queries...
Processed 7000/10000 queries...
Processed 8000/10000 queries...
Processed 9000/10000 queries...
Processed 10000/10000 queries...
Processed 11000/10000 queries...
Processed 12000/10000 queries...
Running query argument group 2 of 4...
Run 1/1...
Warmup round 1/2...
Processed 1000/10000 queries...
Warmup round 2/2...
Processed 2000/10000 queries...
Processed 3000/10000 queries...
Processed 4000/10000 queries...
Processed 5000/10000 queries...
Processed 6000/10000 queries...
Processed 7000/10000 queries...
Processed 8000/10000 queries...
Processed 9000/10000 queries...
Processed 10000/10000 queries...
Processed 11000/10000 queries...
Processed 12000/10000 queries...
Running query argument group 3 of 4...
Run 1/1...
Warmup round 1/2...
Processed 1000/10000 queries...
Warmup round 2/2...
Processed 2000/10000 queries...
Processed 3000/10000 queries...
Processed 4000/10000 queries...
Processed 5000/10000 queries...
Processed 6000/10000 queries...
Processed 7000/10000 queries...
Processed 8000/10000 queries...
Processed 9000/10000 queries...
Processed 10000/10000 queries...
Processed 11000/10000 queries...
Processed 12000/10000 queries...
Running query argument group 4 of 4...
Run 1/1...
Warmup round 1/2...
Processed 1000/10000 queries...
Warmup round 2/2...
Processed 2000/10000 queries...
Processed 3000/10000 queries...
Processed 4000/10000 queries...
Processed 5000/10000 queries...
Processed 6000/10000 queries...
Processed 7000/10000 queries...
Processed 8000/10000 queries...
Processed 9000/10000 queries...
Processed 10000/10000 queries...
Processed 11000/10000 queries...
Processed 12000/10000 queries...
Processed 0/10000 inserts...
Processed 1000/10000 inserts...
Processed 2000/10000 inserts...
Processed 3000/10000 inserts...
Processed 4000/10000 inserts...
Processed 5000/10000 inserts...
Processed 6000/10000 inserts...
Processed 7000/10000 inserts...
Processed 8000/10000 inserts...
Processed 9000/10000 inserts...
Processed 0/10000 updates...
Processed 1000/10000 updates...
Processed 2000/10000 updates...
Processed 3000/10000 updates...
Processed 4000/10000 updates...
Processed 5000/10000 updates...
Processed 6000/10000 updates...
Processed 7000/10000 updates...
Processed 8000/10000 updates...
Processed 9000/10000 updates...
Processed 0/10000 deletes...
Processed 1000/10000 deletes...
Processed 2000/10000 deletes...
Processed 3000/10000 deletes...
Processed 4000/10000 deletes...
Processed 5000/10000 deletes...
Processed 6000/10000 deletes...
Processed 7000/10000 deletes...
Processed 8000/10000 deletes...
Processed 9000/10000 deletes...
Trying to instantiate bigvectorbench.algorithms.milvus_gpu.MilvusGPU_IVFPQ(['euclidean', 256, {'nlist': 128, 'm': 4, 'nbits': 8}])
[MilvusGPU] started milvusdb/milvus:v2.4.8-gpu with <remote_artifact>
[Milvus] Milvus version: v2.4.8-gpu
Dataset type: filter-ann
Distance metric: euclidean
Got a train set of size               (991000 * 256) with 1 labels
label names: ['attribute']
label types: ['int32']
filter expression function: def filter_expr(attribute_low, attribute_high): return f'attribute >= {attribute_low} and attribute <= {attribute_high}'
Got 10000 queries
[Milvus] Create collection {'collection_name': 'test_milvus', 'auto_id': False, 'num_shards': 1, 'description': 'Test milvus search', 'fields': [{'field_id': 100, 'name': 'id', 'description': '', 'type': <DataType.INT64: 5>, 'params': {}, 'is_primary': True}, {'field_id': 101, 'name': 'vector', 'description': '', 'type': <DataType.FLOAT_VECTOR: 101>, 'params': {'dim': 256}}, {'field_id': 102, 'name': 'attribute', 'description': '', 'type': <DataType.INT32: 4>, 'params': {}}], 'aliases': [], 'collection_id': 468363459449261464, 'consistency_level': 2, 'properties': {}, 'num_partitions': 1, 'enable_dynamic_field': False} successfully!!!
[Milvus] Insert 991000 data with 1 labels  into collection test_milvus...
[Milvus] 991000 data has been inserted into collection test_milvus!!!
Inserted data in 87.0983669757843
Memory usage:  1803228.0
[Milvus] Create index for collection test_milvus...
[Milvus] Create index {'collection': 'test_milvus', 'field': 'vector', 'index_name': 'vector_index', 'index_param': {'index_type': 'GPU_IVF_PQ', 'params': {'nlist': 128, 'm': 4, 'nbits': 8}, 'metric_type': 'L2'}} {'total_rows': 991000, 'indexed_rows': 991000, 'pending_index_rows': 0, 'state': 'Finished'} for collection test_milvus successfully!!!
[Milvus] Load collection test_milvus...
[Milvus] Load collection test_milvus successfully!!!
Built index in  24.181629419326782
Index size:  788432.0
Running query argument group 1 of 4...
Run 1/1...
Warmup round 1/2...
Processed 1000/10000 queries...
Warmup round 2/2...
Processed 2000/10000 queries...
Processed 3000/10000 queries...
Processed 4000/10000 queries...
Processed 5000/10000 queries...
Processed 6000/10000 queries...
Processed 7000/10000 queries...
Processed 8000/10000 queries...
Processed 9000/10000 queries...
Processed 10000/10000 queries...
Processed 11000/10000 queries...
Processed 12000/10000 queries...
Running query argument group 2 of 4...
Run 1/1...
Warmup round 1/2...
Processed 1000/10000 queries...
Warmup round 2/2...
Processed 2000/10000 queries...
Processed 3000/10000 queries...
Processed 4000/10000 queries...
Processed 5000/10000 queries...
Processed 6000/10000 queries...
Processed 7000/10000 queries...
Processed 8000/10000 queries...
Processed 9000/10000 queries...
Processed 10000/10000 queries...
Processed 11000/10000 queries...
Processed 12000/10000 queries...
Running query argument group 3 of 4...
Run 1/1...
Warmup round 1/2...
Processed 1000/10000 queries...
Warmup round 2/2...
Processed 2000/10000 queries...
Processed 3000/10000 queries...
Processed 4000/10000 queries...
Processed 5000/10000 queries...
Processed 6000/10000 queries...
Processed 7000/10000 queries...
Processed 8000/10000 queries...
Processed 9000/10000 queries...
Processed 10000/10000 queries...
Processed 11000/10000 queries...
Processed 12000/10000 queries...
Running query argument group 4 of 4...
Run 1/1...
Warmup round 1/2...
Processed 1000/10000 queries...
Warmup round 2/2...
Processed 2000/10000 queries...
Processed 3000/10000 queries...
Processed 4000/10000 queries...
Processed 5000/10000 queries...
Processed 6000/10000 queries...
Processed 7000/10000 queries...
Processed 8000/10000 queries...
Processed 9000/10000 queries...
Processed 10000/10000 queries...
Processed 11000/10000 queries...
Processed 12000/10000 queries...
Processed 0/10000 inserts...
Processed 1000/10000 inserts...
Processed 2000/10000 inserts...
Processed 3000/10000 inserts...
Processed 4000/10000 inserts...
Processed 5000/10000 inserts...
Processed 6000/10000 inserts...
Processed 7000/10000 inserts...
Processed 8000/10000 inserts...
Processed 9000/10000 inserts...
Processed 0/10000 updates...
Processed 1000/10000 updates...
Processed 2000/10000 updates...
Processed 3000/10000 updates...
Processed 4000/10000 updates...
Processed 5000/10000 updates...
Processed 6000/10000 updates...
Processed 7000/10000 updates...
Processed 8000/10000 updates...
Processed 9000/10000 updates...
Processed 0/10000 deletes...
Processed 1000/10000 deletes...
Processed 2000/10000 deletes...
Processed 3000/10000 deletes...
Processed 4000/10000 deletes...
Processed 5000/10000 deletes...
Processed 6000/10000 deletes...
 Container milvus-standalone  Stopping
 Container milvus-standalone  Stopped
 Container milvus-standalone  Removing
 Container milvus-standalone  Removed
 Container milvus-etcd  Stopping
 Container milvus-minio  Stopping
 Container milvus-etcd  Stopped
 Container milvus-etcd  Removing
 Container milvus-etcd  Removed
 Container milvus-minio  Stopped
 Container milvus-minio  Removing
 Container milvus-minio  Removed
 Network milvus  Removing
 Network milvus  Removed
 Network milvus  Creating
 Network milvus  Created
 Container milvus-etcd  Creating
 Container milvus-minio  Creating
 Container milvus-minio  Created
 Container milvus-etcd  Created
 Container milvus-standalone  Creating
 Container milvus-standalone  Created
 Container milvus-minio  Starting
 Container milvus-etcd  Starting
 Container milvus-etcd  Started
 Container milvus-minio  Started
 Container milvus-standalone  Starting
 Container milvus-standalone  Started
 Container milvus-standalone  Stopping
 Container milvus-standalone  Stopped
 Container milvus-standalone  Removing
 Container milvus-standalone  Removed
 Container milvus-etcd  Stopping
 Container milvus-minio  Stopping
 Container milvus-etcd  Stopped
 Container milvus-etcd  Removing
 Container milvus-etcd  Removed
 Container milvus-minio  Stopped
 Container milvus-minio  Removing
 Container milvus-minio  Removed
 Network milvus  Removing
 Network milvus  Removed
 Network milvus  Creating
 Network milvus  Created
 Container milvus-etcd  Creating
 Container milvus-minio  Creating
 Container milvus-minio  Created
 Container milvus-etcd  Created
 Container milvus-standalone  Creating
 Container milvus-standalone  Created
 Container milvus-minio  Starting
 Container milvus-etcd  Starting
 Container milvus-etcd  Started
 Container milvus-minio  Started
 Container milvus-standalone  Starting
 Container milvus-standalone  Started
Processed 7000/10000 deletes...
Processed 8000/10000 deletes...
Processed 9000/10000 deletes...
Trying to instantiate bigvectorbench.algorithms.milvus_gpu.MilvusGPU_IVFPQ(['euclidean', 256, {'nlist': 1024, 'm': 8, 'nbits': 8}])
[MilvusGPU] started milvusdb/milvus:v2.4.8-gpu with <remote_artifact>
[Milvus] Milvus version: v2.4.8-gpu
Dataset type: filter-ann
Distance metric: euclidean
Got a train set of size               (991000 * 256) with 1 labels
label names: ['attribute']
label types: ['int32']
filter expression function: def filter_expr(attribute_low, attribute_high): return f'attribute >= {attribute_low} and attribute <= {attribute_high}'
Got 10000 queries
[Milvus] Create collection {'collection_name': 'test_milvus', 'auto_id': False, 'num_shards': 1, 'description': 'Test milvus search', 'fields': [{'field_id': 100, 'name': 'id', 'description': '', 'type': <DataType.INT64: 5>, 'params': {}, 'is_primary': True}, {'field_id': 101, 'name': 'vector', 'description': '', 'type': <DataType.FLOAT_VECTOR: 101>, 'params': {'dim': 256}}, {'field_id': 102, 'name': 'attribute', 'description': '', 'type': <DataType.INT32: 4>, 'params': {}}], 'aliases': [], 'collection_id': 468363576032562577, 'consistency_level': 2, 'properties': {}, 'num_partitions': 1, 'enable_dynamic_field': False} successfully!!!
[Milvus] Insert 991000 data with 1 labels  into collection test_milvus...
[Milvus] 991000 data has been inserted into collection test_milvus!!!
Inserted data in 86.33855962753296
Memory usage:  2021952.0
[Milvus] Create index for collection test_milvus...
[Milvus] Create index {'collection': 'test_milvus', 'field': 'vector', 'index_name': 'vector_index', 'index_param': {'index_type': 'GPU_IVF_PQ', 'params': {'nlist': 1024, 'm': 8, 'nbits': 8}, 'metric_type': 'L2'}} {'total_rows': 991000, 'indexed_rows': 991000, 'pending_index_rows': 0, 'state': 'Finished'} for collection test_milvus successfully!!!
[Milvus] Load collection test_milvus...
[Milvus] Load collection test_milvus successfully!!!
Built index in  24.887221336364746
Index size:  673272.0
Running query argument group 1 of 4...
Run 1/1...
Warmup round 1/2...
Processed 1000/10000 queries...
Warmup round 2/2...
Processed 2000/10000 queries...
Processed 3000/10000 queries...
Processed 4000/10000 queries...
Processed 5000/10000 queries...
Processed 6000/10000 queries...
Processed 7000/10000 queries...
Processed 8000/10000 queries...
Processed 9000/10000 queries...
Processed 10000/10000 queries...
Processed 11000/10000 queries...
Processed 12000/10000 queries...
Running query argument group 2 of 4...
Run 1/1...
Warmup round 1/2...
Processed 1000/10000 queries...
Warmup round 2/2...
Processed 2000/10000 queries...
Processed 3000/10000 queries...
Processed 4000/10000 queries...
Processed 5000/10000 queries...
Processed 6000/10000 queries...
Processed 7000/10000 queries...
Processed 8000/10000 queries...
Processed 9000/10000 queries...
Processed 10000/10000 queries...
Processed 11000/10000 queries...
Processed 12000/10000 queries...
Running query argument group 3 of 4...
Run 1/1...
Warmup round 1/2...
Processed 1000/10000 queries...
Warmup round 2/2...
Processed 2000/10000 queries...
Processed 3000/10000 queries...
Processed 4000/10000 queries...
Processed 5000/10000 queries...
Processed 6000/10000 queries...
Processed 7000/10000 queries...
Processed 8000/10000 queries...
Processed 9000/10000 queries...
Processed 10000/10000 queries...
Processed 11000/10000 queries...
Processed 12000/10000 queries...
Running query argument group 4 of 4...
Run 1/1...
Warmup round 1/2...
Processed 1000/10000 queries...
Warmup round 2/2...
Processed 2000/10000 queries...
Processed 3000/10000 queries...
Processed 4000/10000 queries...
Processed 5000/10000 queries...
Processed 6000/10000 queries...
Processed 7000/10000 queries...
Processed 8000/10000 queries...
Processed 9000/10000 queries...
Processed 10000/10000 queries...
Processed 11000/10000 queries...
Processed 12000/10000 queries...
Processed 0/10000 inserts...
Processed 1000/10000 inserts...
Processed 2000/10000 inserts...
Processed 3000/10000 inserts...
Processed 4000/10000 inserts...
Processed 5000/10000 inserts...
Processed 6000/10000 inserts...
Processed 7000/10000 inserts...
Processed 8000/10000 inserts...
Processed 9000/10000 inserts...
Processed 0/10000 updates...
Processed 1000/10000 updates...
Processed 2000/10000 updates...
Processed 3000/10000 updates...
Processed 4000/10000 updates...
Processed 5000/10000 updates...
Processed 6000/10000 updates...
Processed 7000/10000 updates...
Processed 8000/10000 updates...
Processed 9000/10000 updates...
Processed 0/10000 deletes...
Processed 1000/10000 deletes...
Processed 2000/10000 deletes...
Processed 3000/10000 deletes...
Processed 4000/10000 deletes...
Processed 5000/10000 deletes...
Processed 6000/10000 deletes...
Processed 7000/10000 deletes...
Processed 8000/10000 deletes...
Processed 9000/10000 deletes...
Trying to instantiate bigvectorbench.algorithms.milvus_gpu.MilvusGPU_IVFPQ(['euclidean', 256, {'nlist': 1024, 'm': 16, 'nbits': 8}])
[MilvusGPU] started milvusdb/milvus:v2.4.8-gpu with <remote_artifact>
[Milvus] Milvus version: v2.4.8-gpu
Dataset type: filter-ann
Distance metric: euclidean
Got a train set of size               (991000 * 256) with 1 labels
label names: ['attribute']
label types: ['int32']
filter expression function: def filter_expr(attribute_low, attribute_high): return f'attribute >= {attribute_low} and attribute <= {attribute_high}'
Got 10000 queries
[Milvus] Create collection {'collection_name': 'test_milvus', 'auto_id': False, 'num_shards': 1, 'description': 'Test milvus search', 'fields': [{'field_id': 100, 'name': 'id', 'description': '', 'type': <DataType.INT64: 5>, 'params': {}, 'is_primary': True}, {'field_id': 101, 'name': 'vector', 'description': '', 'type': <DataType.FLOAT_VECTOR: 101>, 'params': {'dim': 256}}, {'field_id': 102, 'name': 'attribute', 'description': '', 'type': <DataType.INT32: 4>, 'params': {}}], 'aliases': [], 'collection_id': 468363697887579557, 'consistency_level': 2, 'properties': {}, 'num_partitions': 1, 'enable_dynamic_field': False} successfully!!!
[Milvus] Insert 991000 data with 1 labels  into collection test_milvus...
[Milvus] 991000 data has been inserted into collection test_milvus!!!
Inserted data in 87.17054986953735
Memory usage:  1836780.0
[Milvus] Create index for collection test_milvus...
[Milvus] Create index {'collection': 'test_milvus', 'field': 'vector', 'index_name': 'vector_index', 'index_param': {'index_type': 'GPU_IVF_PQ', 'params': {'nlist': 1024, 'm': 16, 'nbits': 8}, 'metric_type': 'L2'}} {'total_rows': 991000, 'indexed_rows': 991000, 'pending_index_rows': 0, 'state': 'Finished'} for collection test_milvus successfully!!!
[Milvus] Load collection test_milvus...
[Milvus] Load collection test_milvus successfully!!!
Built index in  25.292879343032837
Index size:  424884.0
Running query argument group 1 of 4...
Run 1/1...
Warmup round 1/2...
Processed 1000/10000 queries...
Warmup round 2/2...
Processed 2000/10000 queries...
Processed 3000/10000 queries...
Processed 4000/10000 queries...
Processed 5000/10000 queries...
Processed 6000/10000 queries...
Processed 7000/10000 queries...
Processed 8000/10000 queries...
Processed 9000/10000 queries...
Processed 10000/10000 queries...
Processed 11000/10000 queries...
Processed 12000/10000 queries...
Running query argument group 2 of 4...
Run 1/1...
Warmup round 1/2...
Processed 1000/10000 queries...
Warmup round 2/2...
Processed 2000/10000 queries...
Processed 3000/10000 queries...
Processed 4000/10000 queries...
Processed 5000/10000 queries...
Processed 6000/10000 queries...
Processed 7000/10000 queries...
Processed 8000/10000 queries...
Processed 9000/10000 queries...
Processed 10000/10000 queries...
Processed 11000/10000 queries...
Processed 12000/10000 queries...
Running query argument group 3 of 4...
Run 1/1...
Warmup round 1/2...
Processed 1000/10000 queries...
Warmup round 2/2...
Processed 2000/10000 queries...
 Container milvus-standalone  Stopping
 Container milvus-standalone  Stopped
 Container milvus-standalone  Removing
 Container milvus-standalone  Removed
 Container milvus-minio  Stopping
 Container milvus-etcd  Stopping
 Container milvus-etcd  Stopped
 Container milvus-etcd  Removing
 Container milvus-etcd  Removed
 Container milvus-minio  Stopped
 Container milvus-minio  Removing
 Container milvus-minio  Removed
 Network milvus  Removing
 Network milvus  Removed
 Network milvus  Creating
 Network milvus  Created
 Container milvus-etcd  Creating
 Container milvus-minio  Creating
 Container milvus-etcd  Created
 Container milvus-minio  Created
 Container milvus-standalone  Creating
 Container milvus-standalone  Created
 Container milvus-etcd  Starting
 Container milvus-minio  Starting
 Container milvus-minio  Started
 Container milvus-etcd  Started
 Container milvus-standalone  Starting
 Container milvus-standalone  Started
 Container milvus-standalone  Stopping
 Container milvus-standalone  Stopped
 Container milvus-standalone  Removing
 Container milvus-standalone  Removed
 Container milvus-etcd  Stopping
 Container milvus-minio  Stopping
 Container milvus-etcd  Stopped
 Container milvus-etcd  Removing
 Container milvus-etcd  Removed
 Container milvus-minio  Stopped
 Container milvus-minio  Removing
 Container milvus-minio  Removed
 Network milvus  Removing
 Network milvus  Removed
 Network milvus  Creating
 Network milvus  Created
 Container milvus-etcd  Creating
 Container milvus-minio  Creating
 Container milvus-etcd  Created
 Container milvus-minio  Created
 Container milvus-standalone  Creating
 Container milvus-standalone  Created
 Container milvus-etcd  Starting
 Container milvus-minio  Starting
 Container milvus-etcd  Started
 Container milvus-minio  Started
 Container milvus-standalone  Starting
 Container milvus-standalone  Started
Processed 3000/10000 queries...
Processed 4000/10000 queries...
Processed 5000/10000 queries...
Processed 6000/10000 queries...
Processed 7000/10000 queries...
Processed 8000/10000 queries...
Processed 9000/10000 queries...
Processed 10000/10000 queries...
Processed 11000/10000 queries...
Processed 12000/10000 queries...
Running query argument group 4 of 4...
Run 1/1...
Warmup round 1/2...
Processed 1000/10000 queries...
Warmup round 2/2...
Processed 2000/10000 queries...
Processed 3000/10000 queries...
Processed 4000/10000 queries...
Processed 5000/10000 queries...
Processed 6000/10000 queries...
Processed 7000/10000 queries...
Processed 8000/10000 queries...
Processed 9000/10000 queries...
Processed 10000/10000 queries...
Processed 11000/10000 queries...
Processed 12000/10000 queries...
Processed 0/10000 inserts...
Processed 1000/10000 inserts...
Processed 2000/10000 inserts...
Processed 3000/10000 inserts...
Processed 4000/10000 inserts...
Processed 5000/10000 inserts...
Processed 6000/10000 inserts...
Processed 7000/10000 inserts...
Processed 8000/10000 inserts...
Processed 9000/10000 inserts...
Processed 0/10000 updates...
Processed 1000/10000 updates...
Processed 2000/10000 updates...
Processed 3000/10000 updates...
Processed 4000/10000 updates...
Processed 5000/10000 updates...
Processed 6000/10000 updates...
Processed 7000/10000 updates...
Processed 8000/10000 updates...
Processed 9000/10000 updates...
Processed 0/10000 deletes...
Processed 1000/10000 deletes...
Processed 2000/10000 deletes...
Processed 3000/10000 deletes...
Processed 4000/10000 deletes...
Processed 5000/10000 deletes...
Processed 6000/10000 deletes...
Processed 7000/10000 deletes...
Processed 8000/10000 deletes...
Processed 9000/10000 deletes...
Trying to instantiate bigvectorbench.algorithms.milvus_gpu.MilvusGPU_IVFPQ(['euclidean', 256, {'nlist': 128, 'm': 16, 'nbits': 8}])
[MilvusGPU] started milvusdb/milvus:v2.4.8-gpu with <remote_artifact>
[Milvus] Milvus version: v2.4.8-gpu
Dataset type: filter-ann
Distance metric: euclidean
Got a train set of size               (991000 * 256) with 1 labels
label names: ['attribute']
label types: ['int32']
filter expression function: def filter_expr(attribute_low, attribute_high): return f'attribute >= {attribute_low} and attribute <= {attribute_high}'
Got 10000 queries
[Milvus] Create collection {'collection_name': 'test_milvus', 'auto_id': False, 'num_shards': 1, 'description': 'Test milvus search', 'fields': [{'field_id': 100, 'name': 'id', 'description': '', 'type': <DataType.INT64: 5>, 'params': {}, 'is_primary': True}, {'field_id': 101, 'name': 'vector', 'description': '', 'type': <DataType.FLOAT_VECTOR: 101>, 'params': {'dim': 256}}, {'field_id': 102, 'name': 'attribute', 'description': '', 'type': <DataType.INT32: 4>, 'params': {}}], 'aliases': [], 'collection_id': 468363822484360608, 'consistency_level': 2, 'properties': {}, 'num_partitions': 1, 'enable_dynamic_field': False} successfully!!!
[Milvus] Insert 991000 data with 1 labels  into collection test_milvus...
[Milvus] 991000 data has been inserted into collection test_milvus!!!
Inserted data in 87.64363169670105
Memory usage:  1546668.0
[Milvus] Create index for collection test_milvus...
[Milvus] Create index {'collection': 'test_milvus', 'field': 'vector', 'index_name': 'vector_index', 'index_param': {'index_type': 'GPU_IVF_PQ', 'params': {'nlist': 128, 'm': 16, 'nbits': 8}, 'metric_type': 'L2'}} {'total_rows': 991000, 'indexed_rows': 991000, 'pending_index_rows': 0, 'state': 'Finished'} for collection test_milvus successfully!!!
[Milvus] Load collection test_milvus...
[Milvus] Load collection test_milvus successfully!!!
Built index in  23.47567582130432
Index size:  834588.0
Running query argument group 1 of 4...
Run 1/1...
Warmup round 1/2...
Processed 1000/10000 queries...
Warmup round 2/2...
Processed 2000/10000 queries...
Processed 3000/10000 queries...
Processed 4000/10000 queries...
Processed 5000/10000 queries...
Processed 6000/10000 queries...
Processed 7000/10000 queries...
Processed 8000/10000 queries...
Processed 9000/10000 queries...
Processed 10000/10000 queries...
Processed 11000/10000 queries...
Processed 12000/10000 queries...
Running query argument group 2 of 4...
Run 1/1...
Warmup round 1/2...
Processed 1000/10000 queries...
Warmup round 2/2...
Processed 2000/10000 queries...
Processed 3000/10000 queries...
Processed 4000/10000 queries...
Processed 5000/10000 queries...
Processed 6000/10000 queries...
Processed 7000/10000 queries...
Processed 8000/10000 queries...
Processed 9000/10000 queries...
Processed 10000/10000 queries...
Processed 11000/10000 queries...
Processed 12000/10000 queries...
Running query argument group 3 of 4...
Run 1/1...
Warmup round 1/2...
Processed 1000/10000 queries...
Warmup round 2/2...
Processed 2000/10000 queries...
Processed 3000/10000 queries...
Processed 4000/10000 queries...
Processed 5000/10000 queries...
Processed 6000/10000 queries...
Processed 7000/10000 queries...
Processed 8000/10000 queries...
Processed 9000/10000 queries...
Processed 10000/10000 queries...
Processed 11000/10000 queries...
Processed 12000/10000 queries...
Running query argument group 4 of 4...
Run 1/1...
Warmup round 1/2...
Processed 1000/10000 queries...
Warmup round 2/2...
Processed 2000/10000 queries...
Processed 3000/10000 queries...
Processed 4000/10000 queries...
Processed 5000/10000 queries...
Processed 6000/10000 queries...
Processed 7000/10000 queries...
Processed 8000/10000 queries...
Processed 9000/10000 queries...
Processed 10000/10000 queries...
Processed 11000/10000 queries...
Processed 12000/10000 queries...
Processed 0/10000 inserts...
Processed 1000/10000 inserts...
Processed 2000/10000 inserts...
Processed 3000/10000 inserts...
Processed 4000/10000 inserts...
Processed 5000/10000 inserts...
Processed 6000/10000 inserts...
Processed 7000/10000 inserts...
Processed 8000/10000 inserts...
Processed 9000/10000 inserts...
Processed 0/10000 updates...
Processed 1000/10000 updates...
Processed 2000/10000 updates...
Processed 3000/10000 updates...
Processed 4000/10000 updates...
Processed 5000/10000 updates...
Processed 6000/10000 updates...
Processed 7000/10000 updates...
Processed 8000/10000 updates...
Processed 9000/10000 updates...
Processed 0/10000 deletes...
Processed 1000/10000 deletes...
Processed 2000/10000 deletes...
Processed 3000/10000 deletes...
Processed 4000/10000 deletes...
Processed 5000/10000 deletes...
Processed 6000/10000 deletes...
Processed 7000/10000 deletes...
Processed 8000/10000 deletes...
Processed 9000/10000 deletes...
Trying to instantiate bigvectorbench.algorithms.milvus_gpu.MilvusGPU_IVFPQ(['euclidean', 256, {'nlist': 512, 'm': 8, 'nbits': 8}])
[MilvusGPU] started milvusdb/milvus:v2.4.8-gpu with <remote_artifact>
[Milvus] Milvus version: v2.4.8-gpu
Dataset type: filter-ann
Distance metric: euclidean
Got a train set of size               (991000 * 256) with 1 labels
label names: ['attribute']
label types: ['int32']
filter expression function: def filter_expr(attribute_low, attribute_high): return f'attribute >= {attribute_low} and attribute <= {attribute_high}'
Got 10000 queries
[Milvus] Create collection {'collection_name': 'test_milvus', 'auto_id': False, 'num_shards': 1, 'description': 'Test milvus search', 'fields': [{'field_id': 100, 'name': 'id', 'description': '', 'type': <DataType.INT64: 5>, 'params': {}, 'is_primary': True}, {'field_id': 101, 'name': 'vector', 'description': '', 'type': <DataType.FLOAT_VECTOR: 101>, 'params': {'dim': 256}}, {'field_id': 102, 'name': 'attribute', 'description': '', 'type': <DataType.INT32: 4>, 'params': {}}], 'aliases': [], 'collection_id': 468363941798677910, 'consistency_level': 2, 'properties': {}, 'num_partitions': 1, 'enable_dynamic_field': False} successfully!!!
[Milvus] Insert 991000 data with 1 labels  into collection test_milvus...
[Milvus] 991000 data has been inserted into collection test_milvus!!!
Inserted data in 87.35353755950928
Memory usage:  1866400.0
 Container milvus-standalone  Stopping
 Container milvus-standalone  Stopped
 Container milvus-standalone  Removing
 Container milvus-standalone  Removed
 Container milvus-etcd  Stopping
 Container milvus-minio  Stopping
 Container milvus-etcd  Stopped
 Container milvus-etcd  Removing
 Container milvus-etcd  Removed
 Container milvus-minio  Stopped
 Container milvus-minio  Removing
 Container milvus-minio  Removed
 Network milvus  Removing
 Network milvus  Removed
[Milvus] Create index for collection test_milvus...
[Milvus] Create index {'collection': 'test_milvus', 'field': 'vector', 'index_name': 'vector_index', 'index_param': {'index_type': 'GPU_IVF_PQ', 'params': {'nlist': 512, 'm': 8, 'nbits': 8}, 'metric_type': 'L2'}} {'total_rows': 991000, 'indexed_rows': 991000, 'pending_index_rows': 0, 'state': 'Finished'} for collection test_milvus successfully!!!
[Milvus] Load collection test_milvus...
[Milvus] Load collection test_milvus successfully!!!
Built index in  24.184571743011475
Index size:  973136.0
Running query argument group 1 of 4...
Run 1/1...
Warmup round 1/2...
Processed 1000/10000 queries...
Warmup round 2/2...
Processed 2000/10000 queries...
Processed 3000/10000 queries...
Processed 4000/10000 queries...
Processed 5000/10000 queries...
Processed 6000/10000 queries...
Processed 7000/10000 queries...
Processed 8000/10000 queries...
Processed 9000/10000 queries...
Processed 10000/10000 queries...
Processed 11000/10000 queries...
Processed 12000/10000 queries...
Running query argument group 2 of 4...
Run 1/1...
Warmup round 1/2...
Processed 1000/10000 queries...
Warmup round 2/2...
Processed 2000/10000 queries...
Processed 3000/10000 queries...
Processed 4000/10000 queries...
Processed 5000/10000 queries...
Processed 6000/10000 queries...
Processed 7000/10000 queries...
Processed 8000/10000 queries...
Processed 9000/10000 queries...
Processed 10000/10000 queries...
Processed 11000/10000 queries...
Processed 12000/10000 queries...
Running query argument group 3 of 4...
Run 1/1...
Warmup round 1/2...
Processed 1000/10000 queries...
Warmup round 2/2...
Processed 2000/10000 queries...
Processed 3000/10000 queries...
Processed 4000/10000 queries...
Processed 5000/10000 queries...
Processed 6000/10000 queries...
Processed 7000/10000 queries...
Processed 8000/10000 queries...
Processed 9000/10000 queries...
Processed 10000/10000 queries...
Processed 11000/10000 queries...
Processed 12000/10000 queries...
Running query argument group 4 of 4...
Run 1/1...
Warmup round 1/2...
Processed 1000/10000 queries...
Warmup round 2/2...
Processed 2000/10000 queries...
Processed 3000/10000 queries...
Processed 4000/10000 queries...
Processed 5000/10000 queries...
Processed 6000/10000 queries...
Processed 7000/10000 queries...
Processed 8000/10000 queries...
Processed 9000/10000 queries...
Processed 10000/10000 queries...
Processed 11000/10000 queries...
Processed 12000/10000 queries...
Processed 0/10000 inserts...
Processed 1000/10000 inserts...
Processed 2000/10000 inserts...
Processed 3000/10000 inserts...
Processed 4000/10000 inserts...
Processed 5000/10000 inserts...
Processed 6000/10000 inserts...
Processed 7000/10000 inserts...
Processed 8000/10000 inserts...
Processed 9000/10000 inserts...
Processed 0/10000 updates...
Processed 1000/10000 updates...
Processed 2000/10000 updates...
Processed 3000/10000 updates...
Processed 4000/10000 updates...
Processed 5000/10000 updates...
Processed 6000/10000 updates...
Processed 7000/10000 updates...
Processed 8000/10000 updates...
Processed 9000/10000 updates...
Processed 0/10000 deletes...
Processed 1000/10000 deletes...
Processed 2000/10000 deletes...
Processed 3000/10000 deletes...
Processed 4000/10000 deletes...
Processed 5000/10000 deletes...
Processed 6000/10000 deletes...
Processed 7000/10000 deletes...
Processed 8000/10000 deletes...
Processed 9000/10000 deletes...
2026-08-14 08:25:05,569 - bvb - INFO - Terminating 1 workers
