START 2026-08-13T18:02:13+08:00 slot=2 cpuset=56-83
2026-08-13 18:02:17,757 - bvb - INFO - running only milvus-hnsw
2026-08-13 18:02:18,199 - bvb - INFO - Order: [Definition(algorithm='milvus-hnsw', constructor='MilvusHNSW', module='bigvectorbench.algorithms.milvus', docker_tag='bigvectorbench-milvus', arguments=['euclidean', 256, {'M': 64, 'efConstruction': 400}], query_argument_groups=[[100], [200], [400], [800], [1600]], disabled=False), Definition(algorithm='milvus-hnsw', constructor='MilvusHNSW', module='bigvectorbench.algorithms.milvus', docker_tag='bigvectorbench-milvus', arguments=['euclidean', 256, {'M': 128, 'efConstruction': 400}], query_argument_groups=[[100], [200], [400], [800], [1600]], disabled=False), Definition(algorithm='milvus-hnsw', constructor='MilvusHNSW', module='bigvectorbench.algorithms.milvus', docker_tag='bigvectorbench-milvus', arguments=['euclidean', 256, {'M': 64, 'efConstruction': 100}], query_argument_groups=[[100], [200], [400], [800], [1600]], disabled=False), Definition(algorithm='milvus-hnsw', constructor='MilvusHNSW', module='bigvectorbench.algorithms.milvus', docker_tag='bigvectorbench-milvus', arguments=['euclidean', 256, {'M': 32, 'efConstruction': 400}], query_argument_groups=[[100], [200], [400], [800], [1600]], disabled=False), Definition(algorithm='milvus-hnsw', constructor='MilvusHNSW', module='bigvectorbench.algorithms.milvus', docker_tag='bigvectorbench-milvus', arguments=['euclidean', 256, {'M': 32, 'efConstruction': 100}], query_argument_groups=[[100], [200], [400], [800], [1600]], disabled=False)]
 Network milvus  Creating
 Network milvus  Created
 Container milvus-etcd  Creating
 Container milvus-minio  Creating
 Container milvus-etcd  Created
 Container milvus-minio  Created
 Container milvus-standalone  Creating
 Container milvus-standalone  Created
 Container milvus-minio  Starting
 Container milvus-etcd  Starting
 Container milvus-minio  Started
 Container milvus-etcd  Started
 Container milvus-standalone  Starting
 Container milvus-standalone  Started
 Container milvus-standalone  Stopping
 Container milvus-standalone  Stopped
 Container milvus-standalone  Removing
 Container milvus-standalone  Removed
 Container milvus-etcd  Stopping
 Container milvus-minio  Stopping
 Container milvus-etcd  Stopped
 Container milvus-etcd  Removing
 Container milvus-etcd  Removed
 Container milvus-minio  Stopped
 Container milvus-minio  Removing
 Container milvus-minio  Removed
 Network milvus  Removing
 Network milvus  Removed
 Network milvus  Creating
 Network milvus  Created
 Container milvus-etcd  Creating
 Container milvus-minio  Creating
 Container milvus-etcd  Created
 Container milvus-minio  Created
 Container milvus-standalone  Creating
 Container milvus-standalone  Created
 Container milvus-minio  Starting
 Container milvus-etcd  Starting
 Container milvus-etcd  Started
 Container milvus-minio  Started
 Container milvus-standalone  Starting
 Container milvus-standalone  Started
Trying to instantiate bigvectorbench.algorithms.milvus.MilvusHNSW(['euclidean', 256, {'M': 64, 'efConstruction': 400}])
[Milvus] docker compose up successfully!!!
[Milvus] Milvus version: 2.5.11
Dataset type: filter-ann
Distance metric: euclidean
Got a train set of size               (991000 * 256) with 1 labels
label names: ['attribute']
label types: ['int32']
filter expression function: def filter_expr(attribute_low, attribute_high): return f'attribute >= {attribute_low} and attribute <= {attribute_high}'
Got 10000 queries
[Milvus] Create collection {'collection_name': 'test_milvus', 'auto_id': False, 'num_shards': 1, 'description': 'Test milvus search', 'fields': [{'field_id': 100, 'name': 'id', 'description': '', 'type': <DataType.INT64: 5>, 'params': {}, 'is_primary': True}, {'field_id': 101, 'name': 'vector', 'description': '', 'type': <DataType.FLOAT_VECTOR: 101>, 'params': {'dim': 256}}, {'field_id': 102, 'name': 'attribute', 'description': '', 'type': <DataType.INT32: 4>, 'params': {}}], 'aliases': [], 'collection_id': 468350491805614141, 'consistency_level': 2, 'properties': {}, 'num_partitions': 1, 'enable_dynamic_field': False} successfully!!!
[Milvus] Insert 991000 data with 1 labels  into collection test_milvus...
[Milvus] 991000 data has been inserted into collection test_milvus!!!
Inserted data in 138.33031511306763
Memory usage:  2280620.0
[Milvus] Create index for collection test_milvus...
[Milvus] Create index {'collection': 'test_milvus', 'field': 'vector', 'index_name': 'vector_index', 'index_param': {'index_type': 'HNSW', 'params': {'M': 64, 'efConstruction': 400}, 'metric_type': 'L2'}} {'total_rows': 991000, 'indexed_rows': 991000, 'pending_index_rows': 0, 'state': 'Finished'} for collection test_milvus successfully!!!
[Milvus] Load collection test_milvus...
[Milvus] Load collection test_milvus successfully!!!
Built index in  90.89227414131165
Index size:  1941844.0
Running query argument group 1 of 5...
Run 1/1...
Warmup round 1/2...
Processed 1000/10000 queries...
Warmup round 2/2...
Processed 2000/10000 queries...
Processed 3000/10000 queries...
Processed 4000/10000 queries...
Processed 5000/10000 queries...
Processed 6000/10000 queries...
Processed 7000/10000 queries...
Processed 8000/10000 queries...
Processed 9000/10000 queries...
Processed 10000/10000 queries...
Processed 11000/10000 queries...
Processed 12000/10000 queries...
Running query argument group 2 of 5...
Run 1/1...
Warmup round 1/2...
Processed 1000/10000 queries...
Warmup round 2/2...
Processed 2000/10000 queries...
Processed 3000/10000 queries...
Processed 4000/10000 queries...
Processed 5000/10000 queries...
Processed 6000/10000 queries...
Processed 7000/10000 queries...
Processed 8000/10000 queries...
Processed 9000/10000 queries...
Processed 10000/10000 queries...
Processed 11000/10000 queries...
Processed 12000/10000 queries...
Running query argument group 3 of 5...
Run 1/1...
Warmup round 1/2...
Processed 1000/10000 queries...
Warmup round 2/2...
Processed 2000/10000 queries...
Processed 3000/10000 queries...
Processed 4000/10000 queries...
Processed 5000/10000 queries...
Processed 6000/10000 queries...
Processed 7000/10000 queries...
Processed 8000/10000 queries...
Processed 9000/10000 queries...
Processed 10000/10000 queries...
Processed 11000/10000 queries...
Processed 12000/10000 queries...
Running query argument group 4 of 5...
Run 1/1...
Warmup round 1/2...
Processed 1000/10000 queries...
Warmup round 2/2...
Processed 2000/10000 queries...
Processed 3000/10000 queries...
Processed 4000/10000 queries...
Processed 5000/10000 queries...
Processed 6000/10000 queries...
Processed 7000/10000 queries...
Processed 8000/10000 queries...
Processed 9000/10000 queries...
Processed 10000/10000 queries...
Processed 11000/10000 queries...
Processed 12000/10000 queries...
Running query argument group 5 of 5...
Run 1/1...
Warmup round 1/2...
Processed 1000/10000 queries...
Warmup round 2/2...
Processed 2000/10000 queries...
Processed 3000/10000 queries...
Processed 4000/10000 queries...
Processed 5000/10000 queries...
Processed 6000/10000 queries...
Processed 7000/10000 queries...
Processed 8000/10000 queries...
Processed 9000/10000 queries...
Processed 10000/10000 queries...
Processed 11000/10000 queries...
Processed 12000/10000 queries...
Processed 0/10000 inserts...
Processed 1000/10000 inserts...
Processed 2000/10000 inserts...
Processed 3000/10000 inserts...
Processed 4000/10000 inserts...
Processed 5000/10000 inserts...
Processed 6000/10000 inserts...
Processed 7000/10000 inserts...
Processed 8000/10000 inserts...
Processed 9000/10000 inserts...
Processed 0/10000 updates...
Processed 1000/10000 updates...
Processed 2000/10000 updates...
Processed 3000/10000 updates...
Processed 4000/10000 updates...
Processed 5000/10000 updates...
Processed 6000/10000 updates...
Processed 7000/10000 updates...
Processed 8000/10000 updates...
Processed 9000/10000 updates...
Processed 0/10000 deletes...
Processed 1000/10000 deletes...
Processed 2000/10000 deletes...
Processed 3000/10000 deletes...
Processed 4000/10000 deletes...
Processed 5000/10000 deletes...
Processed 6000/10000 deletes...
Processed 7000/10000 deletes...
Processed 8000/10000 deletes...
Processed 9000/10000 deletes...
[Milvus] docker compose down successfully!!!
Trying to instantiate bigvectorbench.algorithms.milvus.MilvusHNSW(['euclidean', 256, {'M': 128, 'efConstruction': 400}])
[Milvus] docker compose up successfully!!!
[Milvus] Milvus version: 2.5.11
Dataset type: filter-ann
Distance metric: euclidean
Got a train set of size               (991000 * 256) with 1 labels
label names: ['attribute']
label types: ['int32']
filter expression function: def filter_expr(attribute_low, attribute_high): return f'attribute >= {attribute_low} and attribute <= {attribute_high}'
Got 10000 queries
[Milvus] Create collection {'collection_name': 'test_milvus', 'auto_id': False, 'num_shards': 1, 'description': 'Test milvus search', 'fields': [{'field_id': 100, 'name': 'id', 'description': '', 'type': <DataType.INT64: 5>, 'params': {}, 'is_primary': True}, {'field_id': 101, 'name': 'vector', 'description': '', 'type': <DataType.FLOAT_VECTOR: 101>, 'params': {'dim': 256}}, {'field_id': 102, 'name': 'attribute', 'description': '', 'type': <DataType.INT32: 4>, 'params': {}}], 'aliases': [], 'collection_id': 468350959642152316, 'consistency_level': 2, 'properties': {}, 'num_partitions': 1, 'enable_dynamic_field': False} successfully!!!
[Milvus] Insert 991000 data with 1 labels  into collection test_milvus...
[Milvus] 991000 data has been inserted into collection test_milvus!!!
Inserted data in 80.33356976509094
Memory usage:  1690824.0
[Milvus] Create index for collection test_milvus...
[Milvus] Create index {'collection': 'test_milvus', 'field': 'vector', 'index_name': 'vector_index', 'index_param': {'index_type': 'HNSW', 'params': {'M': 128, 'efConstruction': 400}, 'metric_type': 'L2'}} {'total_rows': 991000, 'indexed_rows': 991000, 'pending_index_rows': 0, 'state': 'Finished'} for collection test_milvus successfully!!!
[Milvus] Load collection test_milvus...
[Milvus] Load collection test_milvus successfully!!!
Built index in  84.70100140571594
Index size:  2275440.0
Running query argument group 1 of 5...
Run 1/1...
Warmup round 1/2...
Processed 1000/10000 queries...
Warmup round 2/2...
Processed 2000/10000 queries...
Processed 3000/10000 queries...
Processed 4000/10000 queries...
Processed 5000/10000 queries...
Processed 6000/10000 queries...
Processed 7000/10000 queries...
Processed 8000/10000 queries...
Processed 9000/10000 queries...
Processed 10000/10000 queries...
Processed 11000/10000 queries...
Processed 12000/10000 queries...
Running query argument group 2 of 5...
Run 1/1...
Warmup round 1/2...
Processed 1000/10000 queries...
Warmup round 2/2...
Processed 2000/10000 queries...
Processed 3000/10000 queries...
Processed 4000/10000 queries...
Processed 5000/10000 queries...
Processed 6000/10000 queries...
Processed 7000/10000 queries...
Processed 8000/10000 queries...
Processed 9000/10000 queries...
Processed 10000/10000 queries...
Processed 11000/10000 queries...
Processed 12000/10000 queries...
 Container milvus-standalone  Stopping
 Container milvus-standalone  Stopped
 Container milvus-standalone  Removing
 Container milvus-standalone  Removed
 Container milvus-etcd  Stopping
 Container milvus-minio  Stopping
 Container milvus-etcd  Stopped
 Container milvus-etcd  Removing
 Container milvus-etcd  Removed
 Container milvus-minio  Stopped
 Container milvus-minio  Removing
 Container milvus-minio  Removed
 Network milvus  Removing
 Network milvus  Removed
 Network milvus  Creating
 Network milvus  Created
 Container milvus-minio  Creating
 Container milvus-etcd  Creating
 Container milvus-etcd  Created
 Container milvus-minio  Created
 Container milvus-standalone  Creating
 Container milvus-standalone  Created
 Container milvus-etcd  Starting
 Container milvus-minio  Starting
 Container milvus-etcd  Started
 Container milvus-minio  Started
 Container milvus-standalone  Starting
 Container milvus-standalone  Started
Running query argument group 3 of 5...
Run 1/1...
Warmup round 1/2...
Processed 1000/10000 queries...
Warmup round 2/2...
Processed 2000/10000 queries...
Processed 3000/10000 queries...
Processed 4000/10000 queries...
Processed 5000/10000 queries...
Processed 6000/10000 queries...
Processed 7000/10000 queries...
Processed 8000/10000 queries...
Processed 9000/10000 queries...
Processed 10000/10000 queries...
Processed 11000/10000 queries...
Processed 12000/10000 queries...
Running query argument group 4 of 5...
Run 1/1...
Warmup round 1/2...
Processed 1000/10000 queries...
Warmup round 2/2...
Processed 2000/10000 queries...
Processed 3000/10000 queries...
Processed 4000/10000 queries...
Processed 5000/10000 queries...
Processed 6000/10000 queries...
Processed 7000/10000 queries...
Processed 8000/10000 queries...
Processed 9000/10000 queries...
Processed 10000/10000 queries...
Processed 11000/10000 queries...
Processed 12000/10000 queries...
Running query argument group 5 of 5...
Run 1/1...
Warmup round 1/2...
Processed 1000/10000 queries...
Warmup round 2/2...
Processed 2000/10000 queries...
Processed 3000/10000 queries...
Processed 4000/10000 queries...
Processed 5000/10000 queries...
Processed 6000/10000 queries...
Processed 7000/10000 queries...
Processed 8000/10000 queries...
Processed 9000/10000 queries...
Processed 10000/10000 queries...
Processed 11000/10000 queries...
Processed 12000/10000 queries...
Processed 0/10000 inserts...
Processed 1000/10000 inserts...
Processed 2000/10000 inserts...
Processed 3000/10000 inserts...
Processed 4000/10000 inserts...
Processed 5000/10000 inserts...
Processed 6000/10000 inserts...
Processed 7000/10000 inserts...
Processed 8000/10000 inserts...
Processed 9000/10000 inserts...
Processed 0/10000 updates...
Processed 1000/10000 updates...
Processed 2000/10000 updates...
Processed 3000/10000 updates...
Processed 4000/10000 updates...
Processed 5000/10000 updates...
Processed 6000/10000 updates...
Processed 7000/10000 updates...
Processed 8000/10000 updates...
Processed 9000/10000 updates...
Processed 0/10000 deletes...
Processed 1000/10000 deletes...
Processed 2000/10000 deletes...
Processed 3000/10000 deletes...
Processed 4000/10000 deletes...
Processed 5000/10000 deletes...
Processed 6000/10000 deletes...
Processed 7000/10000 deletes...
Processed 8000/10000 deletes...
Processed 9000/10000 deletes...
[Milvus] docker compose down successfully!!!
Trying to instantiate bigvectorbench.algorithms.milvus.MilvusHNSW(['euclidean', 256, {'M': 64, 'efConstruction': 100}])
[Milvus] docker compose up successfully!!!
[Milvus] Milvus version: 2.5.11
Dataset type: filter-ann
Distance metric: euclidean
Got a train set of size               (991000 * 256) with 1 labels
label names: ['attribute']
label types: ['int32']
filter expression function: def filter_expr(attribute_low, attribute_high): return f'attribute >= {attribute_low} and attribute <= {attribute_high}'
Got 10000 queries
2026-08-13 19:01:37,484 - pymilvus.decorators - ERROR - RPC error: [create_collection], <MilvusException: (code=65535, message=InvalidateCollectionMetaCache failed, proxyID = 2, err = stack trace: /workspace/source/pkg/tracer/stack_trace.go:51 github.com/milvus-io/milvus/pkg/v2/tracer.StackTrace
/workspace/source/internal/util/grpcclient/client.go:575 github.com/milvus-io/milvus/internal/util/grpcclient.(*ClientBase[...]).Call
/workspace/source/internal/util/grpcclient/client.go:589 github.com/milvus-io/milvus/internal/util/grpcclient.(*ClientBase[...]).ReCall
/workspace/source/internal/distributed/proxy/client/client.go:101 github.com/milvus-io/milvus/internal/distributed/proxy/client.wrapGrpcCall[...]
/workspace/source/internal/distributed/proxy/client/client.go:134 github.com/milvus-io/milvus/internal/distributed/proxy/client.(*Client).InvalidateCollectionMetaCache
/workspace/source/internal/util/proxyutil/proxy_client_manager.go:186 github.com/milvus-io/milvus/internal/util/proxyutil.(*ProxyClientManager).InvalidateCollectionMetaCache.func1.1
/go/pkg/mod/golang.org/x/sync@v0.11.0/errgroup/errgroup.go:78 golang.org/x/sync/errgroup.(*Group).Go.func1
/usr/local/go/src/runtime/asm_amd64.s:1700 runtime.goexit: rpc error: code = Unknown desc = node not match[expectedNodeID=2][actualNodeID=3])>, <Time:{'RPC start': '2026-08-13 19:01:04.855200', 'RPC error': '2026-08-13 19:01:37.484653'}>
Process Process-1:
Traceback (most recent call last):
  File "<remote_artifact>", line 314, in _bootstrap
    self.run()
  File "<remote_artifact>", line 108, in run
    self._target(*self._args, **self._kwargs)
  File "<remote_artifact>", line 152, in run_worker
    run(
  File "<remote_artifact>", line 793, in run
    insert_time, data_size = insert_data(
  File "<remote_artifact>", line 609, in insert_data
    algo.load_data(X_train, X_train_label, label_names, label_types)
  File "<remote_artifact>", line 234, in load_data
    self.create_collection(len(labels[0]), label_names, label_types)
  File "<remote_artifact>", line 165, in create_collection
    self.collection = Collection(
  File "<remote_artifact>", line 151, in __init__
    conn.create_collection(self._name, schema, **kwargs)
  File "<remote_artifact>", line 148, in handler
    raise e from e
  File "<remote_artifact>", line 144, in handler
    return func(*args, **kwargs)
  File "<remote_artifact>", line 183, in handler
    return func(self, *args, **kwargs)
  File "<remote_artifact>", line 123, in handler
    raise e from e
  File "<remote_artifact>", line 87, in handler
    return func(*args, **kwargs)
  File "<remote_artifact>", line 308, in create_collection
    check_status(status)
  File "<remote_artifact>", line 63, in check_status
    raise MilvusException(status.code, status.reason, status.error_code)
pymilvus.exceptions.MilvusException: <MilvusException: (code=65535, message=InvalidateCollectionMetaCache failed, proxyID = 2, err = stack trace: /workspace/source/pkg/tracer/stack_trace.go:51 github.com/milvus-io/milvus/pkg/v2/tracer.StackTrace
/workspace/source/internal/util/grpcclient/client.go:575 github.com/milvus-io/milvus/internal/util/grpcclient.(*ClientBase[...]).Call
/workspace/source/internal/util/grpcclient/client.go:589 github.com/milvus-io/milvus/internal/util/grpcclient.(*ClientBase[...]).ReCall
/workspace/source/internal/distributed/proxy/client/client.go:101 github.com/milvus-io/milvus/internal/distributed/proxy/client.wrapGrpcCall[...]
/workspace/source/internal/distributed/proxy/client/client.go:134 github.com/milvus-io/milvus/internal/distributed/proxy/client.(*Client).InvalidateCollectionMetaCache
/workspace/source/internal/util/proxyutil/proxy_client_manager.go:186 github.com/milvus-io/milvus/internal/util/proxyutil.(*ProxyClientManager).InvalidateCollectionMetaCache.func1.1
/go/pkg/mod/golang.org/x/sync@v0.11.0/errgroup/errgroup.go:78 golang.org/x/sync/errgroup.(*Group).Go.func1
/usr/local/go/src/runtime/asm_amd64.s:1700 runtime.goexit: rpc error: code = Unknown desc = node not match[expectedNodeID=2][actualNodeID=3])>
2026-08-13 19:01:37,515 - bvb - INFO - Terminating 1 workers
<remote_artifact> line 70: ies: command not found
START 2026-08-15T14:53:19+08:00 slot=3 cpuset=84-111
2026-08-15 14:53:21,225 - bvb - INFO - running only milvus-hnsw
2026-08-15 14:53:21,387 - bvb - INFO - Order: [Definition(algorithm='milvus-hnsw', constructor='MilvusHNSW', module='bigvectorbench.algorithms.milvus', docker_tag='bigvectorbench-milvus', arguments=['euclidean', 256, {'M': 32, 'efConstruction': 400}], query_argument_groups=[[100], [200], [400], [800], [1600]], disabled=False), Definition(algorithm='milvus-hnsw', constructor='MilvusHNSW', module='bigvectorbench.algorithms.milvus', docker_tag='bigvectorbench-milvus', arguments=['euclidean', 256, {'M': 128, 'efConstruction': 400}], query_argument_groups=[[100], [200], [400], [800], [1600]], disabled=False), Definition(algorithm='milvus-hnsw', constructor='MilvusHNSW', module='bigvectorbench.algorithms.milvus', docker_tag='bigvectorbench-milvus', arguments=['euclidean', 256, {'M': 32, 'efConstruction': 100}], query_argument_groups=[[100], [200], [400], [800], [1600]], disabled=False), Definition(algorithm='milvus-hnsw', constructor='MilvusHNSW', module='bigvectorbench.algorithms.milvus', docker_tag='bigvectorbench-milvus', arguments=['euclidean', 256, {'M': 64, 'efConstruction': 100}], query_argument_groups=[[100], [200], [400], [800], [1600]], disabled=False), Definition(algorithm='milvus-hnsw', constructor='MilvusHNSW', module='bigvectorbench.algorithms.milvus', docker_tag='bigvectorbench-milvus', arguments=['euclidean', 256, {'M': 64, 'efConstruction': 400}], query_argument_groups=[[100], [200], [400], [800], [1600]], disabled=False)]
time="2026-08-15T14:53:21+08:00" level=warning msg="a network with name milvus exists but was not created for project \"milvus\".\nSet `external: true` to use an existing network"
 Container milvus-etcd  Creating
 Container milvus-minio  Creating
Error response from daemon: Conflict. The container name "/milvus-etcd" is already in use by container "08ffa0dc8152e7f31d93ee02a55a41721479a27d2934960ee3923b0b74accaf8". You have to remove (or rename) that container to be able to reuse that name.
time="2026-08-15T15:23:29+08:00" level=warning msg="a network with name milvus exists but was not created for project \"milvus\".\nSet `external: true` to use an existing network"
 Container milvus-etcd  Creating
 Container milvus-minio  Creating
Error response from daemon: Conflict. The container name "/milvus-etcd" is already in use by container "08ffa0dc8152e7f31d93ee02a55a41721479a27d2934960ee3923b0b74accaf8". You have to remove (or rename) that container to be able to reuse that name.
Trying to instantiate bigvectorbench.algorithms.milvus.MilvusHNSW(['euclidean', 256, {'M': 32, 'efConstruction': 400}])
[Milvus] docker compose up failed: Command '['docker', 'compose', '-f', '<remote_artifact>, 'up', '-d']' returned non-zero exit status 1.!!!
[Milvus] Milvus version: v2.4.8-gpu
Dataset type: filter-ann
Distance metric: euclidean
Got a train set of size               (991000 * 256) with 1 labels
label names: ['attribute']
label types: ['int32']
filter expression function: def filter_expr(attribute_low, attribute_high): return f'attribute >= {attribute_low} and attribute <= {attribute_high}'
Got 10000 queries
[Milvus] Create collection {'collection_name': 'test_milvus', 'auto_id': False, 'num_shards': 1, 'description': 'Test milvus search', 'fields': [{'field_id': 100, 'name': 'id', 'description': '', 'type': <DataType.INT64: 5>, 'params': {}, 'is_primary': True}, {'field_id': 101, 'name': 'vector', 'description': '', 'type': <DataType.FLOAT_VECTOR: 101>, 'params': {'dim': 256}}, {'field_id': 102, 'name': 'attribute', 'description': '', 'type': <DataType.INT32: 4>, 'params': {}}], 'aliases': [], 'collection_id': 468380490614875907, 'consistency_level': 2, 'properties': {}, 'num_partitions': 1, 'enable_dynamic_field': False} successfully!!!
[Milvus] Insert 991000 data with 1 labels  into collection test_milvus...
[Milvus] 991000 data has been inserted into collection test_milvus!!!
Inserted data in 78.17044234275818
Memory usage:  1694568.0
[Milvus] Create index for collection test_milvus...
[Milvus] Create index {'collection': 'test_milvus', 'field': 'vector', 'index_name': 'vector_index', 'index_param': {'index_type': 'HNSW', 'params': {'M': 32, 'efConstruction': 400}, 'metric_type': 'L2'}} {'total_rows': 991000, 'indexed_rows': 991000, 'pending_index_rows': 659000, 'state': 'Finished'} for collection test_milvus successfully!!!
[Milvus] Load collection test_milvus...
[Milvus] Load collection test_milvus successfully!!!
Built index in  151.77073693275452
Index size:  1772256.0
Running query argument group 1 of 5...
Run 1/1...
Warmup round 1/2...
Processed 1000/10000 queries...
Warmup round 2/2...
Processed 2000/10000 queries...
Processed 3000/10000 queries...
Processed 4000/10000 queries...
Processed 5000/10000 queries...
Processed 6000/10000 queries...
Processed 7000/10000 queries...
Processed 8000/10000 queries...
Processed 9000/10000 queries...
Processed 10000/10000 queries...
Processed 11000/10000 queries...
Processed 12000/10000 queries...
Running query argument group 2 of 5...
Run 1/1...
Warmup round 1/2...
Processed 1000/10000 queries...
Warmup round 2/2...
Processed 2000/10000 queries...
Processed 3000/10000 queries...
Processed 4000/10000 queries...
Processed 5000/10000 queries...
Processed 6000/10000 queries...
Processed 7000/10000 queries...
Processed 8000/10000 queries...
Processed 9000/10000 queries...
Processed 10000/10000 queries...
Processed 11000/10000 queries...
Processed 12000/10000 queries...
Running query argument group 3 of 5...
Run 1/1...
Warmup round 1/2...
Processed 1000/10000 queries...
Warmup round 2/2...
Processed 2000/10000 queries...
Processed 3000/10000 queries...
Processed 4000/10000 queries...
Processed 5000/10000 queries...
Processed 6000/10000 queries...
Processed 7000/10000 queries...
Processed 8000/10000 queries...
Processed 9000/10000 queries...
Processed 10000/10000 queries...
Processed 11000/10000 queries...
Processed 12000/10000 queries...
Running query argument group 4 of 5...
Run 1/1...
Warmup round 1/2...
Processed 1000/10000 queries...
Warmup round 2/2...
Processed 2000/10000 queries...
Processed 3000/10000 queries...
Processed 4000/10000 queries...
Processed 5000/10000 queries...
Processed 6000/10000 queries...
Processed 7000/10000 queries...
Processed 8000/10000 queries...
Processed 9000/10000 queries...
Processed 10000/10000 queries...
Processed 11000/10000 queries...
Processed 12000/10000 queries...
Running query argument group 5 of 5...
Run 1/1...
Warmup round 1/2...
Processed 1000/10000 queries...
Warmup round 2/2...
Processed 2000/10000 queries...
Processed 3000/10000 queries...
Processed 4000/10000 queries...
Processed 5000/10000 queries...
Processed 6000/10000 queries...
Processed 7000/10000 queries...
Processed 8000/10000 queries...
Processed 9000/10000 queries...
Processed 10000/10000 queries...
Processed 11000/10000 queries...
Processed 12000/10000 queries...
Processed 0/10000 inserts...
Processed 1000/10000 inserts...
Processed 2000/10000 inserts...
Processed 3000/10000 inserts...
Processed 4000/10000 inserts...
Processed 5000/10000 inserts...
Processed 6000/10000 inserts...
Processed 7000/10000 inserts...
Processed 8000/10000 inserts...
Processed 9000/10000 inserts...
Processed 0/10000 updates...
Processed 1000/10000 updates...
Processed 2000/10000 updates...
Processed 3000/10000 updates...
Processed 4000/10000 updates...
Processed 5000/10000 updates...
Processed 6000/10000 updates...
Processed 7000/10000 updates...
Processed 8000/10000 updates...
Processed 9000/10000 updates...
Processed 0/10000 deletes...
Processed 1000/10000 deletes...
Processed 2000/10000 deletes...
Processed 3000/10000 deletes...
Processed 4000/10000 deletes...
Processed 5000/10000 deletes...
Processed 6000/10000 deletes...
Processed 7000/10000 deletes...
Processed 8000/10000 deletes...
Processed 9000/10000 deletes...
[Milvus] docker compose down successfully!!!
Trying to instantiate bigvectorbench.algorithms.milvus.MilvusHNSW(['euclidean', 256, {'M': 128, 'efConstruction': 400}])
[Milvus] docker compose up failed: Command '['docker', 'compose', '-f', '<remote_artifact>, 'up', '-d']' returned non-zero exit status 1.!!!
[Milvus] Milvus version: v2.4.8-gpu
Dataset type: filter-ann
Distance metric: euclidean
Got a train set of size               (991000 * 256) with 1 labels
label names: ['attribute']
label types: ['int32']
filter expression function: def filter_expr(attribute_low, attribute_high): return f'attribute >= {attribute_low} and attribute <= {attribute_high}'
Got 10000 queries
[Milvus] Create collection {'collection_name': 'test_milvus', 'auto_id': False, 'num_shards': 1, 'description': 'Test milvus search', 'fields': [{'field_id': 100, 'name': 'id', 'description': '', 'type': <DataType.INT64: 5>, 'params': {}, 'is_primary': True}, {'field_id': 101, 'name': 'vector', 'description': '', 'type': <DataType.FLOAT_VECTOR: 101>, 'params': {'dim': 256}}, {'field_id': 102, 'name': 'attribute', 'description': '', 'type': <DataType.INT32: 4>, 'params': {}}], 'aliases': [], 'collection_id': 468380490617085254, 'consistency_level': 2, 'properties': {}, 'num_partitions': 1, 'enable_dynamic_field': False} successfully!!!
[Milvus] Insert 991000 data with 1 labels  into collection test_milvus...
[Milvus] 991000 data has been inserted into collection test_milvus!!!
Inserted data in 80.72172284126282
Memory usage:  1251032.0
[Milvus] Create index for collection test_milvus...
[Milvus] Create index {'collection': 'test_milvus', 'field': 'vector', 'index_name': 'vector_index', 'index_param': {'index_type': 'HNSW', 'params': {'M': 128, 'efConstruction': 400}, 'metric_type': 'L2'}} {'total_rows': 991000, 'indexed_rows': 991000, 'pending_index_rows': 0, 'state': 'Finished'} for collection test_milvus successfully!!!
[Milvus] Load collection test_milvus...
[Milvus] Load collection test_milvus successfully!!!
Built index in  114.08798933029175
Index size:  2851852.0
Running query argument group 1 of 5...
Run 1/1...
Warmup round 1/2...
Processed 1000/10000 queries...
Warmup round 2/2...
Processed 2000/10000 queries...
Processed 3000/10000 queries...
Processed 4000/10000 queries...
Processed 5000/10000 queries...
Processed 6000/10000 queries...
Processed 7000/10000 queries...
Processed 8000/10000 queries...
Processed 9000/10000 queries...
Processed 10000/10000 queries...
Processed 11000/10000 queries...
Processed 12000/10000 queries...
Running query argument group 2 of 5...
Run 1/1...
Warmup round 1/2...
Processed 1000/10000 queries...
time="2026-08-15T15:55:44+08:00" level=warning msg="a network with name milvus exists but was not created for project \"milvus\".\nSet `external: true` to use an existing network"
 Container milvus-etcd  Creating
 Container milvus-minio  Creating
Error response from daemon: Conflict. The container name "/milvus-etcd" is already in use by container "08ffa0dc8152e7f31d93ee02a55a41721479a27d2934960ee3923b0b74accaf8". You have to remove (or rename) that container to be able to reuse that name.
Warmup round 2/2...
Processed 2000/10000 queries...
Processed 3000/10000 queries...
Processed 4000/10000 queries...
Processed 5000/10000 queries...
Processed 6000/10000 queries...
Processed 7000/10000 queries...
Processed 8000/10000 queries...
Processed 9000/10000 queries...
Processed 10000/10000 queries...
Processed 11000/10000 queries...
Processed 12000/10000 queries...
Running query argument group 3 of 5...
Run 1/1...
Warmup round 1/2...
Processed 1000/10000 queries...
Warmup round 2/2...
Processed 2000/10000 queries...
Processed 3000/10000 queries...
Processed 4000/10000 queries...
Processed 5000/10000 queries...
Processed 6000/10000 queries...
Processed 7000/10000 queries...
Processed 8000/10000 queries...
Processed 9000/10000 queries...
Processed 10000/10000 queries...
Processed 11000/10000 queries...
Processed 12000/10000 queries...
Running query argument group 4 of 5...
Run 1/1...
Warmup round 1/2...
Processed 1000/10000 queries...
Warmup round 2/2...
Processed 2000/10000 queries...
Processed 3000/10000 queries...
Processed 4000/10000 queries...
Processed 5000/10000 queries...
Processed 6000/10000 queries...
Processed 7000/10000 queries...
Processed 8000/10000 queries...
Processed 9000/10000 queries...
Processed 10000/10000 queries...
Processed 11000/10000 queries...
Processed 12000/10000 queries...
Running query argument group 5 of 5...
Run 1/1...
Warmup round 1/2...
Processed 1000/10000 queries...
Warmup round 2/2...
Processed 2000/10000 queries...
Processed 3000/10000 queries...
Processed 4000/10000 queries...
Processed 5000/10000 queries...
Processed 6000/10000 queries...
Processed 7000/10000 queries...
Processed 8000/10000 queries...
Processed 9000/10000 queries...
Processed 10000/10000 queries...
Processed 11000/10000 queries...
Processed 12000/10000 queries...
Processed 0/10000 inserts...
Processed 1000/10000 inserts...
Processed 2000/10000 inserts...
Processed 3000/10000 inserts...
Processed 4000/10000 inserts...
Processed 5000/10000 inserts...
Processed 6000/10000 inserts...
Processed 7000/10000 inserts...
Processed 8000/10000 inserts...
Processed 9000/10000 inserts...
Processed 0/10000 updates...
Processed 1000/10000 updates...
Processed 2000/10000 updates...
Processed 3000/10000 updates...
Processed 4000/10000 updates...
Processed 5000/10000 updates...
Processed 6000/10000 updates...
Processed 7000/10000 updates...
Processed 8000/10000 updates...
Processed 9000/10000 updates...
Processed 0/10000 deletes...
Processed 1000/10000 deletes...
Processed 2000/10000 deletes...
Processed 3000/10000 deletes...
Processed 4000/10000 deletes...
Processed 5000/10000 deletes...
Processed 6000/10000 deletes...
Processed 7000/10000 deletes...
Processed 8000/10000 deletes...
Processed 9000/10000 deletes...
[Milvus] docker compose down successfully!!!
Trying to instantiate bigvectorbench.algorithms.milvus.MilvusHNSW(['euclidean', 256, {'M': 32, 'efConstruction': 100}])
[Milvus] docker compose up failed: Command '['docker', 'compose', '-f', '<remote_artifact>, 'up', '-d']' returned non-zero exit status 1.!!!
[Milvus] Milvus version: v2.4.8-gpu
Dataset type: filter-ann
Distance metric: euclidean
Got a train set of size               (991000 * 256) with 1 labels
label names: ['attribute']
label types: ['int32']
filter expression function: def filter_expr(attribute_low, attribute_high): return f'attribute >= {attribute_low} and attribute <= {attribute_high}'
Got 10000 queries
[Milvus] Create collection {'collection_name': 'test_milvus', 'auto_id': False, 'num_shards': 1, 'description': 'Test milvus search', 'fields': [{'field_id': 100, 'name': 'id', 'description': '', 'type': <DataType.INT64: 5>, 'params': {}, 'is_primary': True}, {'field_id': 101, 'name': 'vector', 'description': '', 'type': <DataType.FLOAT_VECTOR: 101>, 'params': {'dim': 256}}, {'field_id': 102, 'name': 'attribute', 'description': '', 'type': <DataType.INT32: 4>, 'params': {}}], 'aliases': [], 'collection_id': 468380490618095268, 'consistency_level': 2, 'properties': {}, 'num_partitions': 1, 'enable_dynamic_field': False} successfully!!!
[Milvus] Insert 991000 data with 1 labels  into collection test_milvus...
[Milvus] 991000 data has been inserted into collection test_milvus!!!
Inserted data in 80.69709157943726
Memory usage:  1348636.0
[Milvus] Create index for collection test_milvus...
[Milvus] Create index {'collection': 'test_milvus', 'field': 'vector', 'index_name': 'vector_index', 'index_param': {'index_type': 'HNSW', 'params': {'M': 32, 'efConstruction': 100}, 'metric_type': 'L2'}} {'total_rows': 991000, 'indexed_rows': 991000, 'pending_index_rows': 0, 'state': 'Finished'} for collection test_milvus successfully!!!
[Milvus] Load collection test_milvus...
[Milvus] Load collection test_milvus successfully!!!
Built index in  103.87855386734009
Index size:  1798424.0
Running query argument group 1 of 5...
Run 1/1...
Warmup round 1/2...
Processed 1000/10000 queries...
Warmup round 2/2...
Processed 2000/10000 queries...
Processed 3000/10000 queries...
Processed 4000/10000 queries...
Processed 5000/10000 queries...
Processed 6000/10000 queries...
Processed 7000/10000 queries...
Processed 8000/10000 queries...
Processed 9000/10000 queries...
Processed 10000/10000 queries...
Processed 11000/10000 queries...
Processed 12000/10000 queries...
Running query argument group 2 of 5...
Run 1/1...
Warmup round 1/2...
Processed 1000/10000 queries...
Warmup round 2/2...
Processed 2000/10000 queries...
Processed 3000/10000 queries...
Processed 4000/10000 queries...
Processed 5000/10000 queries...
Processed 6000/10000 queries...
Processed 7000/10000 queries...
Processed 8000/10000 queries...
Processed 9000/10000 queries...
Processed 10000/10000 queries...
Processed 11000/10000 queries...
Processed 12000/10000 queries...
Running query argument group 3 of 5...
Run 1/1...
Warmup round 1/2...
Processed 1000/10000 queries...
Warmup round 2/2...
Processed 2000/10000 queries...
Processed 3000/10000 queries...
Processed 4000/10000 queries...
Processed 5000/10000 queries...
Processed 6000/10000 queries...
Processed 7000/10000 queries...
Processed 8000/10000 queries...
Processed 9000/10000 queries...
Processed 10000/10000 queries...
Processed 11000/10000 queries...
Processed 12000/10000 queries...
Running query argument group 4 of 5...
Run 1/1...
Warmup round 1/2...
Processed 1000/10000 queries...
Warmup round 2/2...
Processed 2000/10000 queries...
Processed 3000/10000 queries...
Processed 4000/10000 queries...
Processed 5000/10000 queries...
Processed 6000/10000 queries...
Processed 7000/10000 queries...
Processed 8000/10000 queries...
Processed 9000/10000 queries...
Processed 10000/10000 queries...
Processed 11000/10000 queries...
Processed 12000/10000 queries...
Running query argument group 5 of 5...
Run 1/1...
Warmup round 1/2...
Processed 1000/10000 queries...
Warmup round 2/2...
Processed 2000/10000 queries...
Processed 3000/10000 queries...
Processed 4000/10000 queries...
Processed 5000/10000 queries...
Processed 6000/10000 queries...
Processed 7000/10000 queries...
Processed 8000/10000 queries...
Processed 9000/10000 queries...
Processed 10000/10000 queries...
Processed 11000/10000 queries...
Processed 12000/10000 queries...
Processed 0/10000 inserts...
Processed 1000/10000 inserts...
Processed 2000/10000 inserts...
Processed 3000/10000 inserts...
Processed 4000/10000 inserts...
Processed 5000/10000 inserts...
Processed 6000/10000 inserts...
Processed 7000/10000 inserts...
Processed 8000/10000 inserts...
Processed 9000/10000 inserts...
Processed 0/10000 updates...
Processed 1000/10000 updates...
Processed 2000/10000 updates...
Processed 3000/10000 updates...
Processed 4000/10000 updates...
Processed 5000/10000 updates...
Processed 6000/10000 updates...
Processed 7000/10000 updates...
Processed 8000/10000 updates...
Processed 9000/10000 updates...
Processed 0/10000 deletes...
Processed 1000/10000 deletes...
Processed 2000/10000 deletes...
Processed 3000/10000 deletes...
Processed 4000/10000 deletes...
Processed 5000/10000 deletes...
Processed 6000/10000 deletes...
Processed 7000/10000 deletes...
time="2026-08-15T16:22:58+08:00" level=warning msg="a network with name milvus exists but was not created for project \"milvus\".\nSet `external: true` to use an existing network"
 Container milvus-etcd  Creating
 Container milvus-minio  Creating
Error response from daemon: Conflict. The container name "/milvus-etcd" is already in use by container "08ffa0dc8152e7f31d93ee02a55a41721479a27d2934960ee3923b0b74accaf8". You have to remove (or rename) that container to be able to reuse that name.
time="2026-08-15T16:49:13+08:00" level=warning msg="a network with name milvus exists but was not created for project \"milvus\".\nSet `external: true` to use an existing network"
 Container milvus-etcd  Creating
 Container milvus-minio  Creating
Error response from daemon: Conflict. The container name "/milvus-etcd" is already in use by container "08ffa0dc8152e7f31d93ee02a55a41721479a27d2934960ee3923b0b74accaf8". You have to remove (or rename) that container to be able to reuse that name.
Processed 8000/10000 deletes...
Processed 9000/10000 deletes...
[Milvus] docker compose down successfully!!!
Trying to instantiate bigvectorbench.algorithms.milvus.MilvusHNSW(['euclidean', 256, {'M': 64, 'efConstruction': 100}])
[Milvus] docker compose up failed: Command '['docker', 'compose', '-f', '<remote_artifact>, 'up', '-d']' returned non-zero exit status 1.!!!
[Milvus] Milvus version: v2.4.8-gpu
Dataset type: filter-ann
Distance metric: euclidean
Got a train set of size               (991000 * 256) with 1 labels
label names: ['attribute']
label types: ['int32']
filter expression function: def filter_expr(attribute_low, attribute_high): return f'attribute >= {attribute_low} and attribute <= {attribute_high}'
Got 10000 queries
[Milvus] Create collection {'collection_name': 'test_milvus', 'auto_id': False, 'num_shards': 1, 'description': 'Test milvus search', 'fields': [{'field_id': 100, 'name': 'id', 'description': '', 'type': <DataType.INT64: 5>, 'params': {}, 'is_primary': True}, {'field_id': 101, 'name': 'vector', 'description': '', 'type': <DataType.FLOAT_VECTOR: 101>, 'params': {'dim': 256}}, {'field_id': 102, 'name': 'attribute', 'description': '', 'type': <DataType.INT32: 4>, 'params': {}}], 'aliases': [], 'collection_id': 468380490619103726, 'consistency_level': 2, 'properties': {}, 'num_partitions': 1, 'enable_dynamic_field': False} successfully!!!
[Milvus] Insert 991000 data with 1 labels  into collection test_milvus...
[Milvus] 991000 data has been inserted into collection test_milvus!!!
Inserted data in 82.65368509292603
Memory usage:  1321588.0
[Milvus] Create index for collection test_milvus...
[Milvus] Create index {'collection': 'test_milvus', 'field': 'vector', 'index_name': 'vector_index', 'index_param': {'index_type': 'HNSW', 'params': {'M': 64, 'efConstruction': 100}, 'metric_type': 'L2'}} {'total_rows': 991000, 'indexed_rows': 991000, 'pending_index_rows': 0, 'state': 'Finished'} for collection test_milvus successfully!!!
[Milvus] Load collection test_milvus...
[Milvus] Load collection test_milvus successfully!!!
Built index in  50.89233064651489
Index size:  1446300.0
Running query argument group 1 of 5...
Run 1/1...
Warmup round 1/2...
Processed 1000/10000 queries...
Warmup round 2/2...
Processed 2000/10000 queries...
Processed 3000/10000 queries...
Processed 4000/10000 queries...
Processed 5000/10000 queries...
Processed 6000/10000 queries...
Processed 7000/10000 queries...
Processed 8000/10000 queries...
Processed 9000/10000 queries...
Processed 10000/10000 queries...
Processed 11000/10000 queries...
Processed 12000/10000 queries...
Running query argument group 2 of 5...
Run 1/1...
Warmup round 1/2...
Processed 1000/10000 queries...
Warmup round 2/2...
Processed 2000/10000 queries...
Processed 3000/10000 queries...
Processed 4000/10000 queries...
Processed 5000/10000 queries...
Processed 6000/10000 queries...
Processed 7000/10000 queries...
Processed 8000/10000 queries...
Processed 9000/10000 queries...
Processed 10000/10000 queries...
Processed 11000/10000 queries...
Processed 12000/10000 queries...
Running query argument group 3 of 5...
Run 1/1...
Warmup round 1/2...
Processed 1000/10000 queries...
Warmup round 2/2...
Processed 2000/10000 queries...
Processed 3000/10000 queries...
Processed 4000/10000 queries...
Processed 5000/10000 queries...
Processed 6000/10000 queries...
Processed 7000/10000 queries...
Processed 8000/10000 queries...
Processed 9000/10000 queries...
Processed 10000/10000 queries...
Processed 11000/10000 queries...
Processed 12000/10000 queries...
Running query argument group 4 of 5...
Run 1/1...
Warmup round 1/2...
Processed 1000/10000 queries...
Warmup round 2/2...
Processed 2000/10000 queries...
Processed 3000/10000 queries...
Processed 4000/10000 queries...
Processed 5000/10000 queries...
Processed 6000/10000 queries...
Processed 7000/10000 queries...
Processed 8000/10000 queries...
Processed 9000/10000 queries...
Processed 10000/10000 queries...
Processed 11000/10000 queries...
Processed 12000/10000 queries...
Running query argument group 5 of 5...
Run 1/1...
Warmup round 1/2...
Processed 1000/10000 queries...
Warmup round 2/2...
Processed 2000/10000 queries...
Processed 3000/10000 queries...
Processed 4000/10000 queries...
Processed 5000/10000 queries...
Processed 6000/10000 queries...
Processed 7000/10000 queries...
Processed 8000/10000 queries...
Processed 9000/10000 queries...
Processed 10000/10000 queries...
Processed 11000/10000 queries...
Processed 12000/10000 queries...
Processed 0/10000 inserts...
Processed 1000/10000 inserts...
Processed 2000/10000 inserts...
Processed 3000/10000 inserts...
Processed 4000/10000 inserts...
Processed 5000/10000 inserts...
Processed 6000/10000 inserts...
Processed 7000/10000 inserts...
Processed 8000/10000 inserts...
Processed 9000/10000 inserts...
Processed 0/10000 updates...
Processed 1000/10000 updates...
Processed 2000/10000 updates...
Processed 3000/10000 updates...
Processed 4000/10000 updates...
Processed 5000/10000 updates...
Processed 6000/10000 updates...
Processed 7000/10000 updates...
Processed 8000/10000 updates...
Processed 9000/10000 updates...
Processed 0/10000 deletes...
Processed 1000/10000 deletes...
Processed 2000/10000 deletes...
Processed 3000/10000 deletes...
Processed 4000/10000 deletes...
Processed 5000/10000 deletes...
Processed 6000/10000 deletes...
Processed 7000/10000 deletes...
Processed 8000/10000 deletes...
Processed 9000/10000 deletes...
[Milvus] docker compose down successfully!!!
Trying to instantiate bigvectorbench.algorithms.milvus.MilvusHNSW(['euclidean', 256, {'M': 64, 'efConstruction': 400}])
[Milvus] docker compose up failed: Command '['docker', 'compose', '-f', '<remote_artifact>, 'up', '-d']' returned non-zero exit status 1.!!!
[Milvus] Milvus version: v2.4.8-gpu
Dataset type: filter-ann
Distance metric: euclidean
Got a train set of size               (991000 * 256) with 1 labels
label names: ['attribute']
label types: ['int32']
filter expression function: def filter_expr(attribute_low, attribute_high): return f'attribute >= {attribute_low} and attribute <= {attribute_high}'
Got 10000 queries
[Milvus] Create collection {'collection_name': 'test_milvus', 'auto_id': False, 'num_shards': 1, 'description': 'Test milvus search', 'fields': [{'field_id': 100, 'name': 'id', 'description': '', 'type': <DataType.INT64: 5>, 'params': {}, 'is_primary': True}, {'field_id': 101, 'name': 'vector', 'description': '', 'type': <DataType.FLOAT_VECTOR: 101>, 'params': {'dim': 256}}, {'field_id': 102, 'name': 'attribute', 'description': '', 'type': <DataType.INT32: 4>, 'params': {}}], 'aliases': [], 'collection_id': 468380490620311884, 'consistency_level': 2, 'properties': {}, 'num_partitions': 1, 'enable_dynamic_field': False} successfully!!!
[Milvus] Insert 991000 data with 1 labels  into collection test_milvus...
[Milvus] 991000 data has been inserted into collection test_milvus!!!
Inserted data in 77.11424827575684
Memory usage:  1244996.0
[Milvus] Create index for collection test_milvus...
[Milvus] Create index {'collection': 'test_milvus', 'field': 'vector', 'index_name': 'vector_index', 'index_param': {'index_type': 'HNSW', 'params': {'M': 64, 'efConstruction': 400}, 'metric_type': 'L2'}} {'total_rows': 991000, 'indexed_rows': 991000, 'pending_index_rows': 595000, 'state': 'Finished'} for collection test_milvus successfully!!!
[Milvus] Load collection test_milvus...
[Milvus] Load collection test_milvus successfully!!!
Built index in  178.90846347808838
Index size:  2548040.0
Running query argument group 1 of 5...
Run 1/1...
Warmup round 1/2...
Processed 1000/10000 queries...
Warmup round 2/2...
Processed 2000/10000 queries...
Processed 3000/10000 queries...
Processed 4000/10000 queries...
Processed 5000/10000 queries...
Processed 6000/10000 queries...
Processed 7000/10000 queries...
Processed 8000/10000 queries...
Processed 9000/10000 queries...
Processed 10000/10000 queries...
Processed 11000/10000 queries...
Processed 12000/10000 queries...
Running query argument group 2 of 5...
Run 1/1...
Warmup round 1/2...
Processed 1000/10000 queries...
Warmup round 2/2...
Processed 2000/10000 queries...
Processed 3000/10000 queries...
Processed 4000/10000 queries...
Processed 5000/10000 queries...
Processed 6000/10000 queries...
Processed 7000/10000 queries...
Processed 8000/10000 queries...
Processed 9000/10000 queries...
Processed 10000/10000 queries...
Processed 11000/10000 queries...
Processed 12000/10000 queries...
Running query argument group 3 of 5...
Run 1/1...
Warmup round 1/2...
Processed 1000/10000 queries...
Warmup round 2/2...
Processed 2000/10000 queries...
Processed 3000/10000 queries...
Processed 4000/10000 queries...
Processed 5000/10000 queries...
Processed 6000/10000 queries...
Processed 7000/10000 queries...
Processed 8000/10000 queries...
Processed 9000/10000 queries...
Processed 10000/10000 queries...
Processed 11000/10000 queries...
Processed 12000/10000 queries...
Running query argument group 4 of 5...
Run 1/1...
Warmup round 1/2...
Processed 1000/10000 queries...
Warmup round 2/2...
Processed 2000/10000 queries...
Processed 3000/10000 queries...
Processed 4000/10000 queries...
Processed 5000/10000 queries...
Processed 6000/10000 queries...
Processed 7000/10000 queries...
Processed 8000/10000 queries...
Processed 9000/10000 queries...
Processed 10000/10000 queries...
Processed 11000/10000 queries...
Processed 12000/10000 queries...
Running query argument group 5 of 5...
Run 1/1...
Warmup round 1/2...
Processed 1000/10000 queries...
Warmup round 2/2...
Processed 2000/10000 queries...
Processed 3000/10000 queries...
Processed 4000/10000 queries...
Processed 5000/10000 queries...
Processed 6000/10000 queries...
Processed 7000/10000 queries...
Processed 8000/10000 queries...
Processed 9000/10000 queries...
Processed 10000/10000 queries...
Processed 11000/10000 queries...
Processed 12000/10000 queries...
Processed 0/10000 inserts...
Processed 1000/10000 inserts...
Processed 2000/10000 inserts...
Processed 3000/10000 inserts...
Processed 4000/10000 inserts...
Processed 5000/10000 inserts...
Processed 6000/10000 inserts...
Processed 7000/10000 inserts...
Processed 8000/10000 inserts...
Processed 9000/10000 inserts...
Processed 0/10000 updates...
Processed 1000/10000 updates...
Processed 2000/10000 updates...
Processed 3000/10000 updates...
Processed 4000/10000 updates...
Processed 5000/10000 updates...
Processed 6000/10000 updates...
Processed 7000/10000 updates...
Processed 8000/10000 updates...
Processed 9000/10000 updates...
Processed 0/10000 deletes...
Processed 1000/10000 deletes...
Processed 2000/10000 deletes...
Processed 3000/10000 deletes...
Processed 4000/10000 deletes...
Processed 5000/10000 deletes...
Processed 6000/10000 deletes...
Processed 7000/10000 deletes...
Processed 8000/10000 deletes...
Processed 9000/10000 deletes...
[Milvus] docker compose down successfully!!!
2026-08-15 17:22:38,906 - bvb - INFO - Terminating 1 workers
