START 2026-08-14T12:30:35+08:00 slot=0 cpuset=0-27
2026-08-14 12:30:36,782 - bvb - INFO - running only elasticsearch-hnsw
2026-08-14 12:30:36,966 - bvb - INFO - Order: [Definition(algorithm='elasticsearch-hnsw', constructor='ElasticsearchHNSW', module='bigvectorbench.algorithms.elasticsearch', docker_tag='bigvectorbench-elasticsearch', arguments=['euclidean', 256, {'M': 128, 'efConstruction': 400}], query_argument_groups=[[100], [200], [400], [800], [1600]], disabled=False), Definition(algorithm='elasticsearch-hnsw', constructor='ElasticsearchHNSW', module='bigvectorbench.algorithms.elasticsearch', docker_tag='bigvectorbench-elasticsearch', arguments=['euclidean', 256, {'M': 64, 'efConstruction': 100}], query_argument_groups=[[100], [200], [400], [800], [1600]], disabled=False), Definition(algorithm='elasticsearch-hnsw', constructor='ElasticsearchHNSW', module='bigvectorbench.algorithms.elasticsearch', docker_tag='bigvectorbench-elasticsearch', arguments=['euclidean', 256, {'M': 32, 'efConstruction': 400}], query_argument_groups=[[100], [200], [400], [800], [1600]], disabled=False), Definition(algorithm='elasticsearch-hnsw', constructor='ElasticsearchHNSW', module='bigvectorbench.algorithms.elasticsearch', docker_tag='bigvectorbench-elasticsearch', arguments=['euclidean', 256, {'M': 64, 'efConstruction': 400}], query_argument_groups=[[100], [200], [400], [800], [1600]], disabled=False), Definition(algorithm='elasticsearch-hnsw', constructor='ElasticsearchHNSW', module='bigvectorbench.algorithms.elasticsearch', docker_tag='bigvectorbench-elasticsearch', arguments=['euclidean', 256, {'M': 32, 'efConstruction': 100}], query_argument_groups=[[100], [200], [400], [800], [1600]], disabled=False)]
time="2026-08-14T12:30:37+08:00" level=warning msg="<remote_artifact> the attribute `version` is obsolete, it will be ignored, please remove it to avoid potential confusion"
time="2026-08-14T12:30:37+08:00" level=warning msg="<remote_artifact> the attribute `version` is obsolete, it will be ignored, please remove it to avoid potential confusion"
 Network elasticsearch_default  Creating
 Network elasticsearch_default  Created
 Container elasticsearch-elasticsearch-1  Creating
 Container elasticsearch-elasticsearch-1  Created
 Container elasticsearch-elasticsearch-1  Starting
 Container elasticsearch-elasticsearch-1  Started
time="2026-08-14T13:07:48+08:00" level=warning msg="<remote_artifact> the attribute `version` is obsolete, it will be ignored, please remove it to avoid potential confusion"
 Container elasticsearch-elasticsearch-1  Stopping
 Container elasticsearch-elasticsearch-1  Stopped
 Container elasticsearch-elasticsearch-1  Removing
 Container elasticsearch-elasticsearch-1  Removed
 Network elasticsearch_default  Removing
 Network elasticsearch_default  Removed
time="2026-08-14T13:07:54+08:00" level=warning msg="<remote_artifact> the attribute `version` is obsolete, it will be ignored, please remove it to avoid potential confusion"
time="2026-08-14T13:07:54+08:00" level=warning msg="<remote_artifact> the attribute `version` is obsolete, it will be ignored, please remove it to avoid potential confusion"
 Network elasticsearch_default  Creating
 Network elasticsearch_default  Created
 Container elasticsearch-elasticsearch-1  Creating
 Container elasticsearch-elasticsearch-1  Created
 Container elasticsearch-elasticsearch-1  Starting
 Container elasticsearch-elasticsearch-1  Started
Trying to instantiate bigvectorbench.algorithms.elasticsearch.ElasticsearchHNSW(['euclidean', 256, {'M': 128, 'efConstruction': 400}])
[Elasticsearch docker compose up successfully!!!
[Elasticsearch] client connected successfully!!!
Dataset type: filter-ann
Distance metric: euclidean
Got a train set of size               (991000 * 256) with 1 labels
label names: ['attribute']
label types: ['int32']
filter expression function: def filter_expr(attribute_low, attribute_high): return f'attribute >= {attribute_low} and attribute <= {attribute_high}'
Got 10000 queries
[Elasticsearch] load data with 1 labels!!!
[Elasticsearch] create index successfully!!!
[Elasticsearch] Start uploading 991000 vectors...
[Elasticsearch] Uploaded 991000 vectors successfully!!!
Inserted data in 679.9528810977936
Memory usage:  7866372.0
Built index in  6.0235185623168945
Index size:  -25096.0
Running query argument group 1 of 5...
Run 1/1...
Warmup round 1/2...
Processed 1000/10000 queries...
Warmup round 2/2...
Processed 2000/10000 queries...
Processed 3000/10000 queries...
Processed 4000/10000 queries...
Processed 5000/10000 queries...
Processed 6000/10000 queries...
Processed 7000/10000 queries...
Processed 8000/10000 queries...
Processed 9000/10000 queries...
Processed 10000/10000 queries...
Processed 11000/10000 queries...
Processed 12000/10000 queries...
Running query argument group 2 of 5...
Run 1/1...
Warmup round 1/2...
Processed 1000/10000 queries...
Warmup round 2/2...
Processed 2000/10000 queries...
Processed 3000/10000 queries...
Processed 4000/10000 queries...
Processed 5000/10000 queries...
Processed 6000/10000 queries...
Processed 7000/10000 queries...
Processed 8000/10000 queries...
Processed 9000/10000 queries...
Processed 10000/10000 queries...
Processed 11000/10000 queries...
Processed 12000/10000 queries...
Running query argument group 3 of 5...
Run 1/1...
Warmup round 1/2...
Processed 1000/10000 queries...
Warmup round 2/2...
Processed 2000/10000 queries...
Processed 3000/10000 queries...
Processed 4000/10000 queries...
Processed 5000/10000 queries...
Processed 6000/10000 queries...
Processed 7000/10000 queries...
Processed 8000/10000 queries...
Processed 9000/10000 queries...
Processed 10000/10000 queries...
Processed 11000/10000 queries...
Processed 12000/10000 queries...
Running query argument group 4 of 5...
Run 1/1...
Warmup round 1/2...
Processed 1000/10000 queries...
Warmup round 2/2...
Processed 2000/10000 queries...
Processed 3000/10000 queries...
Processed 4000/10000 queries...
Processed 5000/10000 queries...
Processed 6000/10000 queries...
Processed 7000/10000 queries...
Processed 8000/10000 queries...
Processed 9000/10000 queries...
Processed 10000/10000 queries...
Processed 11000/10000 queries...
Processed 12000/10000 queries...
Running query argument group 5 of 5...
Run 1/1...
Warmup round 1/2...
Processed 1000/10000 queries...
Warmup round 2/2...
Processed 2000/10000 queries...
Processed 3000/10000 queries...
Processed 4000/10000 queries...
Processed 5000/10000 queries...
Processed 6000/10000 queries...
Processed 7000/10000 queries...
Processed 8000/10000 queries...
Processed 9000/10000 queries...
Processed 10000/10000 queries...
Processed 11000/10000 queries...
Processed 12000/10000 queries...
Processed 0/10000 inserts...
Processed 1000/10000 inserts...
Processed 2000/10000 inserts...
Processed 3000/10000 inserts...
Processed 4000/10000 inserts...
Processed 5000/10000 inserts...
Processed 6000/10000 inserts...
Processed 7000/10000 inserts...
Processed 8000/10000 inserts...
Processed 9000/10000 inserts...
Processed 0/10000 updates...
Processed 1000/10000 updates...
Processed 2000/10000 updates...
Processed 3000/10000 updates...
Processed 4000/10000 updates...
Processed 5000/10000 updates...
Processed 6000/10000 updates...
Processed 7000/10000 updates...
Processed 8000/10000 updates...
Processed 9000/10000 updates...
Processed 0/10000 deletes...
Processed 1000/10000 deletes...
Processed 2000/10000 deletes...
Processed 3000/10000 deletes...
Processed 4000/10000 deletes...
Processed 5000/10000 deletes...
Processed 6000/10000 deletes...
Processed 7000/10000 deletes...
Processed 8000/10000 deletes...
Processed 9000/10000 deletes...
[Elasticsearch] collection deleted successfully!!!
[Elasticsearch] docker compose down successfully!!!
Trying to instantiate bigvectorbench.algorithms.elasticsearch.ElasticsearchHNSW(['euclidean', 256, {'M': 64, 'efConstruction': 100}])
[Elasticsearch docker compose up successfully!!!
[Elasticsearch] client connected successfully!!!
Dataset type: filter-ann
Distance metric: euclidean
Got a train set of size               (991000 * 256) with 1 labels
label names: ['attribute']
label types: ['int32']
filter expression function: def filter_expr(attribute_low, attribute_high): return f'attribute >= {attribute_low} and attribute <= {attribute_high}'
Got 10000 queries
[Elasticsearch] load data with 1 labels!!!
[Elasticsearch] create index successfully!!!
[Elasticsearch] Start uploading 991000 vectors...
[Elasticsearch] Uploaded 991000 vectors successfully!!!
Inserted data in 534.7439994812012
Memory usage:  6363556.0
Built index in  6.023521661758423
Index size:  -20176.0
Running query argument group 1 of 5...
Run 1/1...
Warmup round 1/2...
Processed 1000/10000 queries...
Warmup round 2/2...
Processed 2000/10000 queries...
Processed 3000/10000 queries...
Processed 4000/10000 queries...
Processed 5000/10000 queries...
Processed 6000/10000 queries...
Processed 7000/10000 queries...
Processed 8000/10000 queries...
Processed 9000/10000 queries...
Processed 10000/10000 queries...
Processed 11000/10000 queries...
Processed 12000/10000 queries...
Running query argument group 2 of 5...
Run 1/1...
Warmup round 1/2...
Processed 1000/10000 queries...
Warmup round 2/2...
Processed 2000/10000 queries...
Processed 3000/10000 queries...
Processed 4000/10000 queries...
Processed 5000/10000 queries...
Processed 6000/10000 queries...
Processed 7000/10000 queries...
Processed 8000/10000 queries...
Processed 9000/10000 queries...
Processed 10000/10000 queries...
Processed 11000/10000 queries...
Processed 12000/10000 queries...
Running query argument group 3 of 5...
Run 1/1...
Warmup round 1/2...
Processed 1000/10000 queries...
Warmup round 2/2...
Processed 2000/10000 queries...
Processed 3000/10000 queries...
Processed 4000/10000 queries...
Processed 5000/10000 queries...
Processed 6000/10000 queries...
Processed 7000/10000 queries...
Processed 8000/10000 queries...
Processed 9000/10000 queries...
Processed 10000/10000 queries...
Processed 11000/10000 queries...
Processed 12000/10000 queries...
Running query argument group 4 of 5...
Run 1/1...
Warmup round 1/2...
Processed 1000/10000 queries...
Warmup round 2/2...
Processed 2000/10000 queries...
Processed 3000/10000 queries...
Processed 4000/10000 queries...
Processed 5000/10000 queries...
Processed 6000/10000 queries...
Processed 7000/10000 queries...
Processed 8000/10000 queries...
Processed 9000/10000 queries...
Processed 10000/10000 queries...
Processed 11000/10000 queries...
Processed 12000/10000 queries...
Running query argument group 5 of 5...
Run 1/1...
Warmup round 1/2...
Processed 1000/10000 queries...
Warmup round 2/2...
Processed 2000/10000 queries...
Processed 3000/10000 queries...
Processed 4000/10000 queries...
Processed 5000/10000 queries...
Processed 6000/10000 queries...
Processed 7000/10000 queries...
Processed 8000/10000 queries...
Processed 9000/10000 queries...
Processed 10000/10000 queries...
Processed 11000/10000 queries...
Processed 12000/10000 queries...
Processed 0/10000 inserts...
Processed 1000/10000 inserts...
Processed 2000/10000 inserts...
Processed 3000/10000 inserts...
Processed 4000/10000 inserts...
Processed 5000/10000 inserts...
Processed 6000/10000 inserts...
Processed 7000/10000 inserts...
Processed 8000/10000 inserts...
Processed 9000/10000 inserts...
Processed 0/10000 updates...
Processed 1000/10000 updates...
Processed 2000/10000 updates...
Processed 3000/10000 updates...
Processed 4000/10000 updates...
Processed 5000/10000 updates...
Processed 6000/10000 updates...
Processed 7000/10000 updates...
Processed 8000/10000 updates...
time="2026-08-14T13:42:47+08:00" level=warning msg="<remote_artifact> the attribute `version` is obsolete, it will be ignored, please remove it to avoid potential confusion"
 Container elasticsearch-elasticsearch-1  Stopping
 Container elasticsearch-elasticsearch-1  Stopped
 Container elasticsearch-elasticsearch-1  Removing
 Container elasticsearch-elasticsearch-1  Removed
 Network elasticsearch_default  Removing
 Network elasticsearch_default  Removed
time="2026-08-14T13:42:52+08:00" level=warning msg="<remote_artifact> the attribute `version` is obsolete, it will be ignored, please remove it to avoid potential confusion"
time="2026-08-14T13:42:52+08:00" level=warning msg="<remote_artifact> the attribute `version` is obsolete, it will be ignored, please remove it to avoid potential confusion"
 Network elasticsearch_default  Creating
 Network elasticsearch_default  Created
 Container elasticsearch-elasticsearch-1  Creating
 Container elasticsearch-elasticsearch-1  Created
 Container elasticsearch-elasticsearch-1  Starting
 Container elasticsearch-elasticsearch-1  Started
time="2026-08-14T14:20:49+08:00" level=warning msg="<remote_artifact> the attribute `version` is obsolete, it will be ignored, please remove it to avoid potential confusion"
 Container elasticsearch-elasticsearch-1  Stopping
 Container elasticsearch-elasticsearch-1  Stopped
 Container elasticsearch-elasticsearch-1  Removing
 Container elasticsearch-elasticsearch-1  Removed
 Network elasticsearch_default  Removing
 Network elasticsearch_default  Removed
time="2026-08-14T14:20:54+08:00" level=warning msg="<remote_artifact> the attribute `version` is obsolete, it will be ignored, please remove it to avoid potential confusion"
time="2026-08-14T14:20:54+08:00" level=warning msg="<remote_artifact> the attribute `version` is obsolete, it will be ignored, please remove it to avoid potential confusion"
 Network elasticsearch_default  Creating
 Network elasticsearch_default  Created
 Container elasticsearch-elasticsearch-1  Creating
 Container elasticsearch-elasticsearch-1  Created
 Container elasticsearch-elasticsearch-1  Starting
 Container elasticsearch-elasticsearch-1  Started
Processed 9000/10000 updates...
Processed 0/10000 deletes...
Processed 1000/10000 deletes...
Processed 2000/10000 deletes...
Processed 3000/10000 deletes...
Processed 4000/10000 deletes...
Processed 5000/10000 deletes...
Processed 6000/10000 deletes...
Processed 7000/10000 deletes...
Processed 8000/10000 deletes...
Processed 9000/10000 deletes...
[Elasticsearch] collection deleted successfully!!!
[Elasticsearch] docker compose down successfully!!!
Trying to instantiate bigvectorbench.algorithms.elasticsearch.ElasticsearchHNSW(['euclidean', 256, {'M': 32, 'efConstruction': 400}])
[Elasticsearch docker compose up successfully!!!
[Elasticsearch] client connected successfully!!!
Dataset type: filter-ann
Distance metric: euclidean
Got a train set of size               (991000 * 256) with 1 labels
label names: ['attribute']
label types: ['int32']
filter expression function: def filter_expr(attribute_low, attribute_high): return f'attribute >= {attribute_low} and attribute <= {attribute_high}'
Got 10000 queries
[Elasticsearch] load data with 1 labels!!!
[Elasticsearch] create index successfully!!!
[Elasticsearch] Start uploading 991000 vectors...
[Elasticsearch] Uploaded 991000 vectors successfully!!!
Inserted data in 672.5842547416687
Memory usage:  7536040.0
Built index in  6.024921178817749
Index size:  -172.0
Running query argument group 1 of 5...
Run 1/1...
Warmup round 1/2...
Processed 1000/10000 queries...
Warmup round 2/2...
Processed 2000/10000 queries...
Processed 3000/10000 queries...
Processed 4000/10000 queries...
Processed 5000/10000 queries...
Processed 6000/10000 queries...
Processed 7000/10000 queries...
Processed 8000/10000 queries...
Processed 9000/10000 queries...
Processed 10000/10000 queries...
Processed 11000/10000 queries...
Processed 12000/10000 queries...
Running query argument group 2 of 5...
Run 1/1...
Warmup round 1/2...
Processed 1000/10000 queries...
Warmup round 2/2...
Processed 2000/10000 queries...
Processed 3000/10000 queries...
Processed 4000/10000 queries...
Processed 5000/10000 queries...
Processed 6000/10000 queries...
Processed 7000/10000 queries...
Processed 8000/10000 queries...
Processed 9000/10000 queries...
Processed 10000/10000 queries...
Processed 11000/10000 queries...
Processed 12000/10000 queries...
Running query argument group 3 of 5...
Run 1/1...
Warmup round 1/2...
Processed 1000/10000 queries...
Warmup round 2/2...
Processed 2000/10000 queries...
Processed 3000/10000 queries...
Processed 4000/10000 queries...
Processed 5000/10000 queries...
Processed 6000/10000 queries...
Processed 7000/10000 queries...
Processed 8000/10000 queries...
Processed 9000/10000 queries...
Processed 10000/10000 queries...
Processed 11000/10000 queries...
Processed 12000/10000 queries...
Running query argument group 4 of 5...
Run 1/1...
Warmup round 1/2...
Processed 1000/10000 queries...
Warmup round 2/2...
Processed 2000/10000 queries...
Processed 3000/10000 queries...
Processed 4000/10000 queries...
Processed 5000/10000 queries...
Processed 6000/10000 queries...
Processed 7000/10000 queries...
Processed 8000/10000 queries...
Processed 9000/10000 queries...
Processed 10000/10000 queries...
Processed 11000/10000 queries...
Processed 12000/10000 queries...
Running query argument group 5 of 5...
Run 1/1...
Warmup round 1/2...
Processed 1000/10000 queries...
Warmup round 2/2...
Processed 2000/10000 queries...
Processed 3000/10000 queries...
Processed 4000/10000 queries...
Processed 5000/10000 queries...
Processed 6000/10000 queries...
Processed 7000/10000 queries...
Processed 8000/10000 queries...
Processed 9000/10000 queries...
Processed 10000/10000 queries...
Processed 11000/10000 queries...
Processed 12000/10000 queries...
Processed 0/10000 inserts...
Processed 1000/10000 inserts...
Processed 2000/10000 inserts...
Processed 3000/10000 inserts...
Processed 4000/10000 inserts...
Processed 5000/10000 inserts...
Processed 6000/10000 inserts...
Processed 7000/10000 inserts...
Processed 8000/10000 inserts...
Processed 9000/10000 inserts...
Processed 0/10000 updates...
Processed 1000/10000 updates...
Processed 2000/10000 updates...
Processed 3000/10000 updates...
Processed 4000/10000 updates...
Processed 5000/10000 updates...
Processed 6000/10000 updates...
Processed 7000/10000 updates...
Processed 8000/10000 updates...
Processed 9000/10000 updates...
Processed 0/10000 deletes...
Processed 1000/10000 deletes...
Processed 2000/10000 deletes...
Processed 3000/10000 deletes...
Processed 4000/10000 deletes...
Processed 5000/10000 deletes...
Processed 6000/10000 deletes...
Processed 7000/10000 deletes...
Processed 8000/10000 deletes...
Processed 9000/10000 deletes...
[Elasticsearch] collection deleted successfully!!!
[Elasticsearch] docker compose down successfully!!!
Trying to instantiate bigvectorbench.algorithms.elasticsearch.ElasticsearchHNSW(['euclidean', 256, {'M': 64, 'efConstruction': 400}])
[Elasticsearch docker compose up successfully!!!
[Elasticsearch] client connected successfully!!!
Dataset type: filter-ann
Distance metric: euclidean
Got a train set of size               (991000 * 256) with 1 labels
label names: ['attribute']
label types: ['int32']
filter expression function: def filter_expr(attribute_low, attribute_high): return f'attribute >= {attribute_low} and attribute <= {attribute_high}'
Got 10000 queries
[Elasticsearch] load data with 1 labels!!!
[Elasticsearch] create index successfully!!!
[Elasticsearch] Start uploading 991000 vectors...
[Elasticsearch] Uploaded 991000 vectors successfully!!!
Inserted data in 678.5812392234802
Memory usage:  8106828.0
Built index in  6.0280139446258545
Index size:  -344.0
Running query argument group 1 of 5...
Run 1/1...
Warmup round 1/2...
Processed 1000/10000 queries...
Warmup round 2/2...
Processed 2000/10000 queries...
Processed 3000/10000 queries...
Processed 4000/10000 queries...
Processed 5000/10000 queries...
Processed 6000/10000 queries...
Processed 7000/10000 queries...
Processed 8000/10000 queries...
Processed 9000/10000 queries...
Processed 10000/10000 queries...
Processed 11000/10000 queries...
Processed 12000/10000 queries...
Running query argument group 2 of 5...
Run 1/1...
Warmup round 1/2...
Processed 1000/10000 queries...
Warmup round 2/2...
Processed 2000/10000 queries...
Processed 3000/10000 queries...
Processed 4000/10000 queries...
Processed 5000/10000 queries...
Processed 6000/10000 queries...
Processed 7000/10000 queries...
Processed 8000/10000 queries...
Processed 9000/10000 queries...
Processed 10000/10000 queries...
Processed 11000/10000 queries...
Processed 12000/10000 queries...
Running query argument group 3 of 5...
Run 1/1...
Warmup round 1/2...
Processed 1000/10000 queries...
Warmup round 2/2...
Processed 2000/10000 queries...
Processed 3000/10000 queries...
Processed 4000/10000 queries...
Processed 5000/10000 queries...
Processed 6000/10000 queries...
Processed 7000/10000 queries...
Processed 8000/10000 queries...
Processed 9000/10000 queries...
Processed 10000/10000 queries...
Processed 11000/10000 queries...
Processed 12000/10000 queries...
Running query argument group 4 of 5...
Run 1/1...
Warmup round 1/2...
Processed 1000/10000 queries...
Warmup round 2/2...
Processed 2000/10000 queries...
Processed 3000/10000 queries...
Processed 4000/10000 queries...
Processed 5000/10000 queries...
Processed 6000/10000 queries...
Processed 7000/10000 queries...
Processed 8000/10000 queries...
Processed 9000/10000 queries...
Processed 10000/10000 queries...
Processed 11000/10000 queries...
Processed 12000/10000 queries...
Running query argument group 5 of 5...
Run 1/1...
Warmup round 1/2...
Processed 1000/10000 queries...
Warmup round 2/2...
Processed 2000/10000 queries...
Processed 3000/10000 queries...
Processed 4000/10000 queries...
Processed 5000/10000 queries...
Processed 6000/10000 queries...
Processed 7000/10000 queries...
Processed 8000/10000 queries...
Processed 9000/10000 queries...
Processed 10000/10000 queries...
Processed 11000/10000 queries...
Processed 12000/10000 queries...
Processed 0/10000 inserts...
Processed 1000/10000 inserts...
Processed 2000/10000 inserts...
Processed 3000/10000 inserts...
Processed 4000/10000 inserts...
time="2026-08-14T14:59:01+08:00" level=warning msg="<remote_artifact> the attribute `version` is obsolete, it will be ignored, please remove it to avoid potential confusion"
 Container elasticsearch-elasticsearch-1  Stopping
 Container elasticsearch-elasticsearch-1  Stopped
 Container elasticsearch-elasticsearch-1  Removing
 Container elasticsearch-elasticsearch-1  Removed
 Network elasticsearch_default  Removing
 Network elasticsearch_default  Removed
time="2026-08-14T14:59:15+08:00" level=warning msg="<remote_artifact> the attribute `version` is obsolete, it will be ignored, please remove it to avoid potential confusion"
time="2026-08-14T14:59:15+08:00" level=warning msg="<remote_artifact> the attribute `version` is obsolete, it will be ignored, please remove it to avoid potential confusion"
 Network elasticsearch_default  Creating
 Network elasticsearch_default  Created
 Container elasticsearch-elasticsearch-1  Creating
 Container elasticsearch-elasticsearch-1  Created
 Container elasticsearch-elasticsearch-1  Starting
 Container elasticsearch-elasticsearch-1  Started
time="2026-08-14T15:35:19+08:00" level=warning msg="<remote_artifact> the attribute `version` is obsolete, it will be ignored, please remove it to avoid potential confusion"
 Container elasticsearch-elasticsearch-1  Stopping
 Container elasticsearch-elasticsearch-1  Stopped
 Container elasticsearch-elasticsearch-1  Removing
 Container elasticsearch-elasticsearch-1  Removed
 Network elasticsearch_default  Removing
 Network elasticsearch_default  Removed
Processed 5000/10000 inserts...
Processed 6000/10000 inserts...
Processed 7000/10000 inserts...
Processed 8000/10000 inserts...
Processed 9000/10000 inserts...
Processed 0/10000 updates...
Processed 1000/10000 updates...
Processed 2000/10000 updates...
Processed 3000/10000 updates...
Processed 4000/10000 updates...
Processed 5000/10000 updates...
Processed 6000/10000 updates...
Processed 7000/10000 updates...
Processed 8000/10000 updates...
Processed 9000/10000 updates...
Processed 0/10000 deletes...
Processed 1000/10000 deletes...
Processed 2000/10000 deletes...
Processed 3000/10000 deletes...
Processed 4000/10000 deletes...
Processed 5000/10000 deletes...
Processed 6000/10000 deletes...
Processed 7000/10000 deletes...
Processed 8000/10000 deletes...
Processed 9000/10000 deletes...
[Elasticsearch] collection deleted successfully!!!
[Elasticsearch] docker compose down successfully!!!
Trying to instantiate bigvectorbench.algorithms.elasticsearch.ElasticsearchHNSW(['euclidean', 256, {'M': 32, 'efConstruction': 100}])
[Elasticsearch docker compose up successfully!!!
[Elasticsearch] client connected successfully!!!
Dataset type: filter-ann
Distance metric: euclidean
Got a train set of size               (991000 * 256) with 1 labels
label names: ['attribute']
label types: ['int32']
filter expression function: def filter_expr(attribute_low, attribute_high): return f'attribute >= {attribute_low} and attribute <= {attribute_high}'
Got 10000 queries
[Elasticsearch] load data with 1 labels!!!
[Elasticsearch] create index successfully!!!
[Elasticsearch] Start uploading 991000 vectors...
[Elasticsearch] Uploaded 991000 vectors successfully!!!
Inserted data in 536.8338732719421
Memory usage:  7183568.0
Built index in  6.025623798370361
Index size:  12.0
Running query argument group 1 of 5...
Run 1/1...
Warmup round 1/2...
Processed 1000/10000 queries...
Warmup round 2/2...
Processed 2000/10000 queries...
Processed 3000/10000 queries...
Processed 4000/10000 queries...
Processed 5000/10000 queries...
Processed 6000/10000 queries...
Processed 7000/10000 queries...
Processed 8000/10000 queries...
Processed 9000/10000 queries...
Processed 10000/10000 queries...
Processed 11000/10000 queries...
Processed 12000/10000 queries...
Running query argument group 2 of 5...
Run 1/1...
Warmup round 1/2...
Processed 1000/10000 queries...
Warmup round 2/2...
Processed 2000/10000 queries...
Processed 3000/10000 queries...
Processed 4000/10000 queries...
Processed 5000/10000 queries...
Processed 6000/10000 queries...
Processed 7000/10000 queries...
Processed 8000/10000 queries...
Processed 9000/10000 queries...
Processed 10000/10000 queries...
Processed 11000/10000 queries...
Processed 12000/10000 queries...
Running query argument group 3 of 5...
Run 1/1...
Warmup round 1/2...
Processed 1000/10000 queries...
Warmup round 2/2...
Processed 2000/10000 queries...
Processed 3000/10000 queries...
Processed 4000/10000 queries...
Processed 5000/10000 queries...
Processed 6000/10000 queries...
Processed 7000/10000 queries...
Processed 8000/10000 queries...
Processed 9000/10000 queries...
Processed 10000/10000 queries...
Processed 11000/10000 queries...
Processed 12000/10000 queries...
Running query argument group 4 of 5...
Run 1/1...
Warmup round 1/2...
Processed 1000/10000 queries...
Warmup round 2/2...
Processed 2000/10000 queries...
Processed 3000/10000 queries...
Processed 4000/10000 queries...
Processed 5000/10000 queries...
Processed 6000/10000 queries...
Processed 7000/10000 queries...
Processed 8000/10000 queries...
Processed 9000/10000 queries...
Processed 10000/10000 queries...
Processed 11000/10000 queries...
Processed 12000/10000 queries...
Running query argument group 5 of 5...
Run 1/1...
Warmup round 1/2...
Processed 1000/10000 queries...
Warmup round 2/2...
Processed 2000/10000 queries...
Processed 3000/10000 queries...
Processed 4000/10000 queries...
Processed 5000/10000 queries...
Processed 6000/10000 queries...
Processed 7000/10000 queries...
Processed 8000/10000 queries...
Processed 9000/10000 queries...
Processed 10000/10000 queries...
Processed 11000/10000 queries...
Processed 12000/10000 queries...
Processed 0/10000 inserts...
Processed 1000/10000 inserts...
Processed 2000/10000 inserts...
Processed 3000/10000 inserts...
Processed 4000/10000 inserts...
Processed 5000/10000 inserts...
Processed 6000/10000 inserts...
Processed 7000/10000 inserts...
Processed 8000/10000 inserts...
Processed 9000/10000 inserts...
Processed 0/10000 updates...
Processed 1000/10000 updates...
Processed 2000/10000 updates...
Processed 3000/10000 updates...
Processed 4000/10000 updates...
Processed 5000/10000 updates...
Processed 6000/10000 updates...
Processed 7000/10000 updates...
Processed 8000/10000 updates...
Processed 9000/10000 updates...
Processed 0/10000 deletes...
Processed 1000/10000 deletes...
Processed 2000/10000 deletes...
Processed 3000/10000 deletes...
Processed 4000/10000 deletes...
Processed 5000/10000 deletes...
Processed 6000/10000 deletes...
Processed 7000/10000 deletes...
Processed 8000/10000 deletes...
Processed 9000/10000 deletes...
[Elasticsearch] collection deleted successfully!!!
[Elasticsearch] docker compose down successfully!!!
2026-08-14 15:35:24,797 - bvb - INFO - Terminating 1 workers
