START 2026-08-14T16:38:09+08:00 slot=1 cpuset=28-55
2026-08-14 16:38:11,092 - bvb - INFO - running only elasticsearch-hnsw
2026-08-14 16:38:11,229 - bvb - INFO - Order: [Definition(algorithm='elasticsearch-hnsw', constructor='ElasticsearchHNSW', module='bigvectorbench.algorithms.elasticsearch', docker_tag='bigvectorbench-elasticsearch', arguments=['euclidean', 384, {'M': 32, 'efConstruction': 100}], query_argument_groups=[[100], [200], [400], [800], [1600]], disabled=False), Definition(algorithm='elasticsearch-hnsw', constructor='ElasticsearchHNSW', module='bigvectorbench.algorithms.elasticsearch', docker_tag='bigvectorbench-elasticsearch', arguments=['euclidean', 384, {'M': 128, 'efConstruction': 400}], query_argument_groups=[[100], [200], [400], [800], [1600]], disabled=False), Definition(algorithm='elasticsearch-hnsw', constructor='ElasticsearchHNSW', module='bigvectorbench.algorithms.elasticsearch', docker_tag='bigvectorbench-elasticsearch', arguments=['euclidean', 384, {'M': 64, 'efConstruction': 400}], query_argument_groups=[[100], [200], [400], [800], [1600]], disabled=False), Definition(algorithm='elasticsearch-hnsw', constructor='ElasticsearchHNSW', module='bigvectorbench.algorithms.elasticsearch', docker_tag='bigvectorbench-elasticsearch', arguments=['euclidean', 384, {'M': 32, 'efConstruction': 400}], query_argument_groups=[[100], [200], [400], [800], [1600]], disabled=False), Definition(algorithm='elasticsearch-hnsw', constructor='ElasticsearchHNSW', module='bigvectorbench.algorithms.elasticsearch', docker_tag='bigvectorbench-elasticsearch', arguments=['euclidean', 384, {'M': 64, 'efConstruction': 100}], query_argument_groups=[[100], [200], [400], [800], [1600]], disabled=False)]
time="2026-08-14T16:38:11+08:00" level=warning msg="<remote_artifact> the attribute `version` is obsolete, it will be ignored, please remove it to avoid potential confusion"
time="2026-08-14T16:38:11+08:00" level=warning msg="<remote_artifact> the attribute `version` is obsolete, it will be ignored, please remove it to avoid potential confusion"
 Network elasticsearch_default  Creating
 Network elasticsearch_default  Created
 Container elasticsearch-elasticsearch-1  Creating
 Container elasticsearch-elasticsearch-1  Created
 Container elasticsearch-elasticsearch-1  Starting
 Container elasticsearch-elasticsearch-1  Started
Process Process-1:
Traceback (most recent call last):
  File "<remote_artifact>", line 275, in _raise_for_status
    response.raise_for_status()
  File "<remote_artifact>", line 1024, in raise_for_status
    raise HTTPError(http_error_msg, response=self)
requests.exceptions.HTTPError: 404 Client Error: Not Found for url: http+docker://localhost/v1.49/containers/e83863217b93baae0353e16a7251150769ccc1c603b6904ba61ced71ee1663e2/stats?stream=False

The above exception was the direct cause of the following exception:

Traceback (most recent call last):
  File "<remote_artifact>", line 314, in _bootstrap
    self.run()
  File "<remote_artifact>", line 108, in run
    self._target(*self._args, **self._kwargs)
  File "<remote_artifact>", line 152, in run_worker
    run(
  File "<remote_artifact>", line 793, in run
    insert_time, data_size = insert_data(
  File "<remote_artifact>", line 611, in insert_data
    memory_usage_after = algo.get_memory_usage()
  File "<remote_artifact>", line 73, in get_memory_usage
    memory_stats = container.stats(stream=False)["memory_stats"]
  File "<remote_artifact>", line 438, in stats
    return self.client.api.stats(self.id, **kwargs)
  File "<remote_artifact>", line 19, in wrapped
    return f(self, resource_id, *args, **kwargs)
  File "<remote_artifact>", line 1184, in stats
    return self._result(self._get(url, params=params), json=True)
  File "<remote_artifact>", line 281, in _result
    self._raise_for_status(response)
  File "<remote_artifact>", line 277, in _raise_for_status
    raise create_api_error_from_http_exception(e) from e
  File "<remote_artifact>", line 39, in create_api_error_from_http_exception
    raise cls(e, response=response, explanation=explanation) from e
docker.errors.NotFound: 404 Client Error for http+docker://localhost/v1.49/containers/e83863217b93baae0353e16a7251150769ccc1c603b6904ba61ced71ee1663e2/stats?stream=False: Not Found ("No such container: e83863217b93baae0353e16a7251150769ccc1c603b6904ba61ced71ee1663e2")
Trying to instantiate bigvectorbench.algorithms.elasticsearch.ElasticsearchHNSW(['euclidean', 384, {'M': 32, 'efConstruction': 100}])
[Elasticsearch docker compose up successfully!!!
[Elasticsearch] client connected successfully!!!
Dataset type: filter-ann
Distance metric: euclidean
Got a train set of size               (620643 * 384) with 1 labels
label names: ['unixtime']
label types: ['int32']
filter expression function: 
def filter_expr(unixtime):
    unixtime_head = unixtime - 3 * 24 * 60 * 60
    unixtime_tail = unixtime
    return f"unixtime >= {unixtime_head} and unixtime <= {unixtime_tail}"

Got 10000 queries
[Elasticsearch] load data with 1 labels!!!
[Elasticsearch] create index successfully!!!
[Elasticsearch] Start uploading 620643 vectors...
[Elasticsearch] Uploaded 620643 vectors successfully!!!
2026-08-14 16:46:26,085 - bvb - INFO - Terminating 1 workers
START 2026-08-16T10:00:36+08:00 slot=2 cpuset=56-83
2026-08-16 10:00:38,469 - bvb - INFO - running only elasticsearch-hnsw
2026-08-16 10:00:38,592 - bvb - INFO - Order: [Definition(algorithm='elasticsearch-hnsw', constructor='ElasticsearchHNSW', module='bigvectorbench.algorithms.elasticsearch', docker_tag='bigvectorbench-elasticsearch', arguments=['euclidean', 384, {'M': 64, 'efConstruction': 100}], query_argument_groups=[[100], [200], [400], [800], [1600]], disabled=False), Definition(algorithm='elasticsearch-hnsw', constructor='ElasticsearchHNSW', module='bigvectorbench.algorithms.elasticsearch', docker_tag='bigvectorbench-elasticsearch', arguments=['euclidean', 384, {'M': 128, 'efConstruction': 400}], query_argument_groups=[[100], [200], [400], [800], [1600]], disabled=False), Definition(algorithm='elasticsearch-hnsw', constructor='ElasticsearchHNSW', module='bigvectorbench.algorithms.elasticsearch', docker_tag='bigvectorbench-elasticsearch', arguments=['euclidean', 384, {'M': 64, 'efConstruction': 400}], query_argument_groups=[[100], [200], [400], [800], [1600]], disabled=False), Definition(algorithm='elasticsearch-hnsw', constructor='ElasticsearchHNSW', module='bigvectorbench.algorithms.elasticsearch', docker_tag='bigvectorbench-elasticsearch', arguments=['euclidean', 384, {'M': 32, 'efConstruction': 100}], query_argument_groups=[[100], [200], [400], [800], [1600]], disabled=False), Definition(algorithm='elasticsearch-hnsw', constructor='ElasticsearchHNSW', module='bigvectorbench.algorithms.elasticsearch', docker_tag='bigvectorbench-elasticsearch', arguments=['euclidean', 384, {'M': 32, 'efConstruction': 400}], query_argument_groups=[[100], [200], [400], [800], [1600]], disabled=False)]
time="2026-08-16T10:00:38+08:00" level=warning msg="<remote_artifact> the attribute `version` is obsolete, it will be ignored, please remove it to avoid potential confusion"
 Container elasticsearch-elasticsearch-1  Stopping
 Container elasticsearch-elasticsearch-1  Stopped
 Container elasticsearch-elasticsearch-1  Removing
 Container elasticsearch-elasticsearch-1  Removed
 Network elasticsearch_default  Removing
 Network elasticsearch_default  Removed
time="2026-08-16T10:00:44+08:00" level=warning msg="<remote_artifact> the attribute `version` is obsolete, it will be ignored, please remove it to avoid potential confusion"
 Network elasticsearch_default  Creating
 Network elasticsearch_default  Created
 Container elasticsearch-elasticsearch-1  Creating
 Container elasticsearch-elasticsearch-1  Created
 Container elasticsearch-elasticsearch-1  Starting
 Container elasticsearch-elasticsearch-1  Started
time="2026-08-16T10:40:04+08:00" level=warning msg="<remote_artifact> the attribute `version` is obsolete, it will be ignored, please remove it to avoid potential confusion"
 Container elasticsearch-elasticsearch-1  Stopping
 Container elasticsearch-elasticsearch-1  Stopped
 Container elasticsearch-elasticsearch-1  Removing
 Container elasticsearch-elasticsearch-1  Removed
 Network elasticsearch_default  Removing
 Network elasticsearch_default  Removed
time="2026-08-16T10:40:10+08:00" level=warning msg="<remote_artifact> the attribute `version` is obsolete, it will be ignored, please remove it to avoid potential confusion"
time="2026-08-16T10:40:10+08:00" level=warning msg="<remote_artifact> the attribute `version` is obsolete, it will be ignored, please remove it to avoid potential confusion"
 Network elasticsearch_default  Creating
 Network elasticsearch_default  Created
 Container elasticsearch-elasticsearch-1  Creating
 Container elasticsearch-elasticsearch-1  Created
 Container elasticsearch-elasticsearch-1  Starting
 Container elasticsearch-elasticsearch-1  Started
Trying to instantiate bigvectorbench.algorithms.elasticsearch.ElasticsearchHNSW(['euclidean', 384, {'M': 64, 'efConstruction': 100}])
[Elasticsearch docker compose up successfully!!!
[Elasticsearch] client connected successfully!!!
Dataset type: filter-ann
Distance metric: euclidean
Got a train set of size               (620643 * 384) with 1 labels
label names: ['unixtime']
label types: ['int32']
filter expression function: 
def filter_expr(unixtime):
    unixtime_head = unixtime - 3 * 24 * 60 * 60
    unixtime_tail = unixtime
    return f"unixtime >= {unixtime_head} and unixtime <= {unixtime_tail}"

Got 10000 queries
[Elasticsearch] load data with 1 labels!!!
[Elasticsearch] create index successfully!!!
[Elasticsearch] Start uploading 620643 vectors...
[Elasticsearch] Uploaded 620643 vectors successfully!!!
Inserted data in 459.9055767059326
Memory usage:  5864932.0
Built index in  12.047824621200562
Index size:  364376.0
Running query argument group 1 of 5...
Run 1/1...
Warmup round 1/2...
Processed 1000/9975 queries...
Warmup round 2/2...
Processed 2000/9975 queries...
Processed 3000/9975 queries...
Processed 4000/9975 queries...
Processed 5000/9975 queries...
Processed 6000/9975 queries...
Processed 7000/9975 queries...
Processed 8000/9975 queries...
Processed 9000/9975 queries...
Processed 10000/9975 queries...
Processed 11000/9975 queries...
Running query argument group 2 of 5...
Run 1/1...
Warmup round 1/2...
Processed 1000/9975 queries...
Warmup round 2/2...
Processed 2000/9975 queries...
Processed 3000/9975 queries...
Processed 4000/9975 queries...
Processed 5000/9975 queries...
Processed 6000/9975 queries...
Processed 7000/9975 queries...
Processed 8000/9975 queries...
Processed 9000/9975 queries...
Processed 10000/9975 queries...
Processed 11000/9975 queries...
Running query argument group 3 of 5...
Run 1/1...
Warmup round 1/2...
Processed 1000/9975 queries...
Warmup round 2/2...
Processed 2000/9975 queries...
Processed 3000/9975 queries...
Processed 4000/9975 queries...
Processed 5000/9975 queries...
Processed 6000/9975 queries...
Processed 7000/9975 queries...
Processed 8000/9975 queries...
Processed 9000/9975 queries...
Processed 10000/9975 queries...
Processed 11000/9975 queries...
Running query argument group 4 of 5...
Run 1/1...
Warmup round 1/2...
Processed 1000/9975 queries...
Warmup round 2/2...
Processed 2000/9975 queries...
Processed 3000/9975 queries...
Processed 4000/9975 queries...
Processed 5000/9975 queries...
Processed 6000/9975 queries...
Processed 7000/9975 queries...
Processed 8000/9975 queries...
Processed 9000/9975 queries...
Processed 10000/9975 queries...
Processed 11000/9975 queries...
Running query argument group 5 of 5...
Run 1/1...
Warmup round 1/2...
Processed 1000/9975 queries...
Warmup round 2/2...
Processed 2000/9975 queries...
Processed 3000/9975 queries...
Processed 4000/9975 queries...
Processed 5000/9975 queries...
Processed 6000/9975 queries...
Processed 7000/9975 queries...
Processed 8000/9975 queries...
Processed 9000/9975 queries...
Processed 10000/9975 queries...
Processed 11000/9975 queries...
Processed 0/9975 inserts...
Processed 1000/9975 inserts...
Processed 2000/9975 inserts...
Processed 3000/9975 inserts...
Processed 4000/9975 inserts...
Processed 5000/9975 inserts...
Processed 6000/9975 inserts...
Processed 7000/9975 inserts...
Processed 8000/9975 inserts...
Processed 9000/9975 inserts...
Processed 0/9975 updates...
Processed 1000/9975 updates...
Processed 2000/9975 updates...
Processed 3000/9975 updates...
Processed 4000/9975 updates...
Processed 5000/9975 updates...
Processed 6000/9975 updates...
Processed 7000/9975 updates...
Processed 8000/9975 updates...
Processed 9000/9975 updates...
Processed 0/9975 deletes...
Processed 1000/9975 deletes...
Processed 2000/9975 deletes...
Processed 3000/9975 deletes...
Processed 4000/9975 deletes...
Processed 5000/9975 deletes...
Processed 6000/9975 deletes...
Processed 7000/9975 deletes...
Processed 8000/9975 deletes...
Processed 9000/9975 deletes...
[Elasticsearch] collection deleted successfully!!!
[Elasticsearch] docker compose down successfully!!!
Trying to instantiate bigvectorbench.algorithms.elasticsearch.ElasticsearchHNSW(['euclidean', 384, {'M': 128, 'efConstruction': 400}])
[Elasticsearch docker compose up successfully!!!
[Elasticsearch] client connected successfully!!!
Dataset type: filter-ann
Distance metric: euclidean
Got a train set of size               (620643 * 384) with 1 labels
label names: ['unixtime']
label types: ['int32']
filter expression function: 
def filter_expr(unixtime):
    unixtime_head = unixtime - 3 * 24 * 60 * 60
    unixtime_tail = unixtime
    return f"unixtime >= {unixtime_head} and unixtime <= {unixtime_tail}"

Got 10000 queries
[Elasticsearch] load data with 1 labels!!!
[Elasticsearch] create index successfully!!!
[Elasticsearch] Start uploading 620643 vectors...
[Elasticsearch] Uploaded 620643 vectors successfully!!!
Inserted data in 565.2353460788727
Memory usage:  7418632.0
Built index in  12.052770614624023
Index size:  -2972.0
Running query argument group 1 of 5...
Run 1/1...
Warmup round 1/2...
Processed 1000/9975 queries...
Warmup round 2/2...
Processed 2000/9975 queries...
Processed 3000/9975 queries...
Processed 4000/9975 queries...
Processed 5000/9975 queries...
Processed 6000/9975 queries...
Processed 7000/9975 queries...
Processed 8000/9975 queries...
Processed 9000/9975 queries...
Processed 10000/9975 queries...
Processed 11000/9975 queries...
Running query argument group 2 of 5...
Run 1/1...
Warmup round 1/2...
Processed 1000/9975 queries...
Warmup round 2/2...
Processed 2000/9975 queries...
Processed 3000/9975 queries...
Processed 4000/9975 queries...
Processed 5000/9975 queries...
Processed 6000/9975 queries...
Processed 7000/9975 queries...
Processed 8000/9975 queries...
Processed 9000/9975 queries...
Processed 10000/9975 queries...
Processed 11000/9975 queries...
Running query argument group 3 of 5...
Run 1/1...
Warmup round 1/2...
Processed 1000/9975 queries...
Warmup round 2/2...
Processed 2000/9975 queries...
Processed 3000/9975 queries...
Processed 4000/9975 queries...
Processed 5000/9975 queries...
Processed 6000/9975 queries...
Processed 7000/9975 queries...
Processed 8000/9975 queries...
Processed 9000/9975 queries...
Processed 10000/9975 queries...
Processed 11000/9975 queries...
Running query argument group 4 of 5...
Run 1/1...
Warmup round 1/2...
Processed 1000/9975 queries...
Warmup round 2/2...
Processed 2000/9975 queries...
Processed 3000/9975 queries...
Processed 4000/9975 queries...
Processed 5000/9975 queries...
Processed 6000/9975 queries...
Processed 7000/9975 queries...
Processed 8000/9975 queries...
Processed 9000/9975 queries...
Processed 10000/9975 queries...
Processed 11000/9975 queries...
Running query argument group 5 of 5...
Run 1/1...
Warmup round 1/2...
Processed 1000/9975 queries...
Warmup round 2/2...
Processed 2000/9975 queries...
Processed 3000/9975 queries...
Processed 4000/9975 queries...
Processed 5000/9975 queries...
Processed 6000/9975 queries...
Processed 7000/9975 queries...
Processed 8000/9975 queries...
Processed 9000/9975 queries...
Processed 10000/9975 queries...
Processed 11000/9975 queries...
Processed 0/9975 inserts...
Processed 1000/9975 inserts...
Processed 2000/9975 inserts...
Processed 3000/9975 inserts...
Processed 4000/9975 inserts...
Processed 5000/9975 inserts...
Processed 6000/9975 inserts...
Processed 7000/9975 inserts...
Processed 8000/9975 inserts...
Processed 9000/9975 inserts...
Processed 0/9975 updates...
Processed 1000/9975 updates...
Processed 2000/9975 updates...
Processed 3000/9975 updates...
Processed 4000/9975 updates...
Processed 5000/9975 updates...
Processed 6000/9975 updates...
Processed 7000/9975 updates...
Processed 8000/9975 updates...
Processed 9000/9975 updates...
Processed 0/9975 deletes...
Processed 1000/9975 deletes...
Processed 2000/9975 deletes...
Processed 3000/9975 deletes...
Processed 4000/9975 deletes...
Processed 5000/9975 deletes...
Processed 6000/9975 deletes...
Processed 7000/9975 deletes...
Processed 8000/9975 deletes...
Processed 9000/9975 deletes...
time="2026-08-16T11:21:30+08:00" level=warning msg="<remote_artifact> the attribute `version` is obsolete, it will be ignored, please remove it to avoid potential confusion"
 Container elasticsearch-elasticsearch-1  Stopping
 Container elasticsearch-elasticsearch-1  Stopped
 Container elasticsearch-elasticsearch-1  Removing
 Container elasticsearch-elasticsearch-1  Removed
 Network elasticsearch_default  Removing
 Network elasticsearch_default  Removed
time="2026-08-16T11:21:35+08:00" level=warning msg="<remote_artifact> the attribute `version` is obsolete, it will be ignored, please remove it to avoid potential confusion"
time="2026-08-16T11:21:35+08:00" level=warning msg="<remote_artifact> the attribute `version` is obsolete, it will be ignored, please remove it to avoid potential confusion"
 Network elasticsearch_default  Creating
 Network elasticsearch_default  Created
 Container elasticsearch-elasticsearch-1  Creating
 Container elasticsearch-elasticsearch-1  Created
 Container elasticsearch-elasticsearch-1  Starting
 Container elasticsearch-elasticsearch-1  Started
time="2026-08-16T12:03:04+08:00" level=warning msg="<remote_artifact> the attribute `version` is obsolete, it will be ignored, please remove it to avoid potential confusion"
 Container elasticsearch-elasticsearch-1  Stopping
 Container elasticsearch-elasticsearch-1  Stopped
 Container elasticsearch-elasticsearch-1  Removing
 Container elasticsearch-elasticsearch-1  Removed
 Network elasticsearch_default  Removing
 Network elasticsearch_default  Removed
time="2026-08-16T12:03:09+08:00" level=warning msg="<remote_artifact> the attribute `version` is obsolete, it will be ignored, please remove it to avoid potential confusion"
time="2026-08-16T12:03:09+08:00" level=warning msg="<remote_artifact> the attribute `version` is obsolete, it will be ignored, please remove it to avoid potential confusion"
 Network elasticsearch_default  Creating
 Network elasticsearch_default  Created
 Container elasticsearch-elasticsearch-1  Creating
 Container elasticsearch-elasticsearch-1  Created
 Container elasticsearch-elasticsearch-1  Starting
 Container elasticsearch-elasticsearch-1  Started
[Elasticsearch] collection deleted successfully!!!
[Elasticsearch] docker compose down successfully!!!
Trying to instantiate bigvectorbench.algorithms.elasticsearch.ElasticsearchHNSW(['euclidean', 384, {'M': 64, 'efConstruction': 400}])
[Elasticsearch docker compose up successfully!!!
[Elasticsearch] client connected successfully!!!
Dataset type: filter-ann
Distance metric: euclidean
Got a train set of size               (620643 * 384) with 1 labels
label names: ['unixtime']
label types: ['int32']
filter expression function: 
def filter_expr(unixtime):
    unixtime_head = unixtime - 3 * 24 * 60 * 60
    unixtime_tail = unixtime
    return f"unixtime >= {unixtime_head} and unixtime <= {unixtime_tail}"

Got 10000 queries
[Elasticsearch] load data with 1 labels!!!
[Elasticsearch] create index successfully!!!
[Elasticsearch] Start uploading 620643 vectors...
[Elasticsearch] Uploaded 620643 vectors successfully!!!
Inserted data in 577.5542435646057
Memory usage:  7843212.0
Built index in  12.049560308456421
Index size:  -164.0
Running query argument group 1 of 5...
Run 1/1...
Warmup round 1/2...
Processed 1000/9975 queries...
Warmup round 2/2...
Processed 2000/9975 queries...
Processed 3000/9975 queries...
Processed 4000/9975 queries...
Processed 5000/9975 queries...
Processed 6000/9975 queries...
Processed 7000/9975 queries...
Processed 8000/9975 queries...
Processed 9000/9975 queries...
Processed 10000/9975 queries...
Processed 11000/9975 queries...
Running query argument group 2 of 5...
Run 1/1...
Warmup round 1/2...
Processed 1000/9975 queries...
Warmup round 2/2...
Processed 2000/9975 queries...
Processed 3000/9975 queries...
Processed 4000/9975 queries...
Processed 5000/9975 queries...
Processed 6000/9975 queries...
Processed 7000/9975 queries...
Processed 8000/9975 queries...
Processed 9000/9975 queries...
Processed 10000/9975 queries...
Processed 11000/9975 queries...
Running query argument group 3 of 5...
Run 1/1...
Warmup round 1/2...
Processed 1000/9975 queries...
Warmup round 2/2...
Processed 2000/9975 queries...
Processed 3000/9975 queries...
Processed 4000/9975 queries...
Processed 5000/9975 queries...
Processed 6000/9975 queries...
Processed 7000/9975 queries...
Processed 8000/9975 queries...
Processed 9000/9975 queries...
Processed 10000/9975 queries...
Processed 11000/9975 queries...
Running query argument group 4 of 5...
Run 1/1...
Warmup round 1/2...
Processed 1000/9975 queries...
Warmup round 2/2...
Processed 2000/9975 queries...
Processed 3000/9975 queries...
Processed 4000/9975 queries...
Processed 5000/9975 queries...
Processed 6000/9975 queries...
Processed 7000/9975 queries...
Processed 8000/9975 queries...
Processed 9000/9975 queries...
Processed 10000/9975 queries...
Processed 11000/9975 queries...
Running query argument group 5 of 5...
Run 1/1...
Warmup round 1/2...
Processed 1000/9975 queries...
Warmup round 2/2...
Processed 2000/9975 queries...
Processed 3000/9975 queries...
Processed 4000/9975 queries...
Processed 5000/9975 queries...
Processed 6000/9975 queries...
Processed 7000/9975 queries...
Processed 8000/9975 queries...
Processed 9000/9975 queries...
Processed 10000/9975 queries...
Processed 11000/9975 queries...
Processed 0/9975 inserts...
Processed 1000/9975 inserts...
Processed 2000/9975 inserts...
Processed 3000/9975 inserts...
Processed 4000/9975 inserts...
Processed 5000/9975 inserts...
Processed 6000/9975 inserts...
Processed 7000/9975 inserts...
Processed 8000/9975 inserts...
Processed 9000/9975 inserts...
Processed 0/9975 updates...
Processed 1000/9975 updates...
Processed 2000/9975 updates...
Processed 3000/9975 updates...
Processed 4000/9975 updates...
Processed 5000/9975 updates...
Processed 6000/9975 updates...
Processed 7000/9975 updates...
Processed 8000/9975 updates...
Processed 9000/9975 updates...
Processed 0/9975 deletes...
Processed 1000/9975 deletes...
Processed 2000/9975 deletes...
Processed 3000/9975 deletes...
Processed 4000/9975 deletes...
Processed 5000/9975 deletes...
Processed 6000/9975 deletes...
Processed 7000/9975 deletes...
Processed 8000/9975 deletes...
Processed 9000/9975 deletes...
[Elasticsearch] collection deleted successfully!!!
[Elasticsearch] docker compose down successfully!!!
Trying to instantiate bigvectorbench.algorithms.elasticsearch.ElasticsearchHNSW(['euclidean', 384, {'M': 32, 'efConstruction': 100}])
[Elasticsearch docker compose up successfully!!!
[Elasticsearch] client connected successfully!!!
Dataset type: filter-ann
Distance metric: euclidean
Got a train set of size               (620643 * 384) with 1 labels
label names: ['unixtime']
label types: ['int32']
filter expression function: 
def filter_expr(unixtime):
    unixtime_head = unixtime - 3 * 24 * 60 * 60
    unixtime_tail = unixtime
    return f"unixtime >= {unixtime_head} and unixtime <= {unixtime_tail}"

Got 10000 queries
[Elasticsearch] load data with 1 labels!!!
[Elasticsearch] create index successfully!!!
[Elasticsearch] Start uploading 620643 vectors...
[Elasticsearch] Uploaded 620643 vectors successfully!!!
Inserted data in 468.1496615409851
Memory usage:  6169284.0
Built index in  12.054704666137695
Index size:  377592.0
Running query argument group 1 of 5...
Run 1/1...
Warmup round 1/2...
Processed 1000/9975 queries...
Warmup round 2/2...
Processed 2000/9975 queries...
Processed 3000/9975 queries...
Processed 4000/9975 queries...
Processed 5000/9975 queries...
Processed 6000/9975 queries...
Processed 7000/9975 queries...
Processed 8000/9975 queries...
Processed 9000/9975 queries...
Processed 10000/9975 queries...
Processed 11000/9975 queries...
Running query argument group 2 of 5...
Run 1/1...
Warmup round 1/2...
Processed 1000/9975 queries...
Warmup round 2/2...
Processed 2000/9975 queries...
Processed 3000/9975 queries...
Processed 4000/9975 queries...
Processed 5000/9975 queries...
Processed 6000/9975 queries...
Processed 7000/9975 queries...
Processed 8000/9975 queries...
Processed 9000/9975 queries...
Processed 10000/9975 queries...
Processed 11000/9975 queries...
Running query argument group 3 of 5...
Run 1/1...
Warmup round 1/2...
Processed 1000/9975 queries...
Warmup round 2/2...
Processed 2000/9975 queries...
Processed 3000/9975 queries...
Processed 4000/9975 queries...
Processed 5000/9975 queries...
Processed 6000/9975 queries...
Processed 7000/9975 queries...
Processed 8000/9975 queries...
Processed 9000/9975 queries...
Processed 10000/9975 queries...
Processed 11000/9975 queries...
Running query argument group 4 of 5...
Run 1/1...
Warmup round 1/2...
Processed 1000/9975 queries...
Warmup round 2/2...
Processed 2000/9975 queries...
Processed 3000/9975 queries...
Processed 4000/9975 queries...
Processed 5000/9975 queries...
Processed 6000/9975 queries...
Processed 7000/9975 queries...
Processed 8000/9975 queries...
Processed 9000/9975 queries...
Processed 10000/9975 queries...
Processed 11000/9975 queries...
Running query argument group 5 of 5...
Run 1/1...
Warmup round 1/2...
Processed 1000/9975 queries...
Warmup round 2/2...
Processed 2000/9975 queries...
Processed 3000/9975 queries...
Processed 4000/9975 queries...
Processed 5000/9975 queries...
Processed 6000/9975 queries...
Processed 7000/9975 queries...
Processed 8000/9975 queries...
Processed 9000/9975 queries...
Processed 10000/9975 queries...
Processed 11000/9975 queries...
Processed 0/9975 inserts...
Processed 1000/9975 inserts...
Processed 2000/9975 inserts...
Processed 3000/9975 inserts...
Processed 4000/9975 inserts...
Processed 5000/9975 inserts...
Processed 6000/9975 inserts...
Processed 7000/9975 inserts...
Processed 8000/9975 inserts...
Processed 9000/9975 inserts...
Processed 0/9975 updates...
Processed 1000/9975 updates...
Processed 2000/9975 updates...
Processed 3000/9975 updates...
Processed 4000/9975 updates...
Processed 5000/9975 updates...
Processed 6000/9975 updates...
Processed 7000/9975 updates...
Processed 8000/9975 updates...
Processed 9000/9975 updates...
Processed 0/9975 deletes...
Processed 1000/9975 deletes...
Processed 2000/9975 deletes...
Processed 3000/9975 deletes...
Processed 4000/9975 deletes...
Processed 5000/9975 deletes...
Processed 6000/9975 deletes...
Processed 7000/9975 deletes...
time="2026-08-16T12:42:34+08:00" level=warning msg="<remote_artifact> the attribute `version` is obsolete, it will be ignored, please remove it to avoid potential confusion"
 Container elasticsearch-elasticsearch-1  Stopping
 Container elasticsearch-elasticsearch-1  Stopped
 Container elasticsearch-elasticsearch-1  Removing
 Container elasticsearch-elasticsearch-1  Removed
 Network elasticsearch_default  Removing
 Network elasticsearch_default  Removed
time="2026-08-16T12:42:39+08:00" level=warning msg="<remote_artifact> the attribute `version` is obsolete, it will be ignored, please remove it to avoid potential confusion"
time="2026-08-16T12:42:39+08:00" level=warning msg="<remote_artifact> the attribute `version` is obsolete, it will be ignored, please remove it to avoid potential confusion"
 Network elasticsearch_default  Creating
 Network elasticsearch_default  Created
 Container elasticsearch-elasticsearch-1  Creating
 Container elasticsearch-elasticsearch-1  Created
 Container elasticsearch-elasticsearch-1  Starting
 Container elasticsearch-elasticsearch-1  Started
time="2026-08-16T13:23:49+08:00" level=warning msg="<remote_artifact> the attribute `version` is obsolete, it will be ignored, please remove it to avoid potential confusion"
 Container elasticsearch-elasticsearch-1  Stopping
 Container elasticsearch-elasticsearch-1  Stopped
 Container elasticsearch-elasticsearch-1  Removing
 Container elasticsearch-elasticsearch-1  Removed
 Network elasticsearch_default  Removing
 Network elasticsearch_default  Removed
Processed 8000/9975 deletes...
Processed 9000/9975 deletes...
[Elasticsearch] collection deleted successfully!!!
[Elasticsearch] docker compose down successfully!!!
Trying to instantiate bigvectorbench.algorithms.elasticsearch.ElasticsearchHNSW(['euclidean', 384, {'M': 32, 'efConstruction': 400}])
[Elasticsearch docker compose up successfully!!!
[Elasticsearch] client connected successfully!!!
Dataset type: filter-ann
Distance metric: euclidean
Got a train set of size               (620643 * 384) with 1 labels
label names: ['unixtime']
label types: ['int32']
filter expression function: 
def filter_expr(unixtime):
    unixtime_head = unixtime - 3 * 24 * 60 * 60
    unixtime_tail = unixtime
    return f"unixtime >= {unixtime_head} and unixtime <= {unixtime_tail}"

Got 10000 queries
[Elasticsearch] load data with 1 labels!!!
[Elasticsearch] create index successfully!!!
[Elasticsearch] Start uploading 620643 vectors...
[Elasticsearch] Uploaded 620643 vectors successfully!!!
Inserted data in 562.8762707710266
Memory usage:  8222276.0
Built index in  12.050073862075806
Index size:  -149744.0
Running query argument group 1 of 5...
Run 1/1...
Warmup round 1/2...
Processed 1000/9975 queries...
Warmup round 2/2...
Processed 2000/9975 queries...
Processed 3000/9975 queries...
Processed 4000/9975 queries...
Processed 5000/9975 queries...
Processed 6000/9975 queries...
Processed 7000/9975 queries...
Processed 8000/9975 queries...
Processed 9000/9975 queries...
Processed 10000/9975 queries...
Processed 11000/9975 queries...
Running query argument group 2 of 5...
Run 1/1...
Warmup round 1/2...
Processed 1000/9975 queries...
Warmup round 2/2...
Processed 2000/9975 queries...
Processed 3000/9975 queries...
Processed 4000/9975 queries...
Processed 5000/9975 queries...
Processed 6000/9975 queries...
Processed 7000/9975 queries...
Processed 8000/9975 queries...
Processed 9000/9975 queries...
Processed 10000/9975 queries...
Processed 11000/9975 queries...
Running query argument group 3 of 5...
Run 1/1...
Warmup round 1/2...
Processed 1000/9975 queries...
Warmup round 2/2...
Processed 2000/9975 queries...
Processed 3000/9975 queries...
Processed 4000/9975 queries...
Processed 5000/9975 queries...
Processed 6000/9975 queries...
Processed 7000/9975 queries...
Processed 8000/9975 queries...
Processed 9000/9975 queries...
Processed 10000/9975 queries...
Processed 11000/9975 queries...
Running query argument group 4 of 5...
Run 1/1...
Warmup round 1/2...
Processed 1000/9975 queries...
Warmup round 2/2...
Processed 2000/9975 queries...
Processed 3000/9975 queries...
Processed 4000/9975 queries...
Processed 5000/9975 queries...
Processed 6000/9975 queries...
Processed 7000/9975 queries...
Processed 8000/9975 queries...
Processed 9000/9975 queries...
Processed 10000/9975 queries...
Processed 11000/9975 queries...
Running query argument group 5 of 5...
Run 1/1...
Warmup round 1/2...
Processed 1000/9975 queries...
Warmup round 2/2...
Processed 2000/9975 queries...
Processed 3000/9975 queries...
Processed 4000/9975 queries...
Processed 5000/9975 queries...
Processed 6000/9975 queries...
Processed 7000/9975 queries...
Processed 8000/9975 queries...
Processed 9000/9975 queries...
Processed 10000/9975 queries...
Processed 11000/9975 queries...
Processed 0/9975 inserts...
Processed 1000/9975 inserts...
Processed 2000/9975 inserts...
Processed 3000/9975 inserts...
Processed 4000/9975 inserts...
Processed 5000/9975 inserts...
Processed 6000/9975 inserts...
Processed 7000/9975 inserts...
Processed 8000/9975 inserts...
Processed 9000/9975 inserts...
Processed 0/9975 updates...
Processed 1000/9975 updates...
Processed 2000/9975 updates...
Processed 3000/9975 updates...
Processed 4000/9975 updates...
Processed 5000/9975 updates...
Processed 6000/9975 updates...
Processed 7000/9975 updates...
Processed 8000/9975 updates...
Processed 9000/9975 updates...
Processed 0/9975 deletes...
Processed 1000/9975 deletes...
Processed 2000/9975 deletes...
Processed 3000/9975 deletes...
Processed 4000/9975 deletes...
Processed 5000/9975 deletes...
Processed 6000/9975 deletes...
Processed 7000/9975 deletes...
Processed 8000/9975 deletes...
Processed 9000/9975 deletes...
[Elasticsearch] collection deleted successfully!!!
[Elasticsearch] docker compose down successfully!!!
2026-08-16 13:23:54,866 - bvb - INFO - Terminating 1 workers
