START 2026-08-18T11:30:33+08:00 slot=1 cpuset=28-55
2026-08-18 11:30:35,515 - bvb - INFO - running only vearch-ivfpq
2026-08-18 11:30:35,519 - bvb - INFO - Order: [Definition(algorithm='vearch-ivfpq', constructor='VearchIvfPQ', module='bigvectorbench.algorithms.vearch', docker_tag='bigvectorbench-vearch', arguments=['euclidean', 384, {'ncentroids': 1024, 'nsubvector': 4}], query_argument_groups=[[64], [256], [512], [1024]], disabled=False), Definition(algorithm='vearch-ivfpq', constructor='VearchIvfPQ', module='bigvectorbench.algorithms.vearch', docker_tag='bigvectorbench-vearch', arguments=['euclidean', 384, {'ncentroids': 512, 'nsubvector': 4}], query_argument_groups=[[32], [128], [256], [512]], disabled=False), Definition(algorithm='vearch-ivfpq', constructor='VearchIvfPQ', module='bigvectorbench.algorithms.vearch', docker_tag='bigvectorbench-vearch', arguments=['euclidean', 384, {'ncentroids': 512, 'nsubvector': 16}], query_argument_groups=[[32], [128], [256], [512]], disabled=False), Definition(algorithm='vearch-ivfpq', constructor='VearchIvfPQ', module='bigvectorbench.algorithms.vearch', docker_tag='bigvectorbench-vearch', arguments=['euclidean', 384, {'ncentroids': 1024, 'nsubvector': 8}], query_argument_groups=[[64], [256], [512], [1024]], disabled=False), Definition(algorithm='vearch-ivfpq', constructor='VearchIvfPQ', module='bigvectorbench.algorithms.vearch', docker_tag='bigvectorbench-vearch', arguments=['euclidean', 384, {'ncentroids': 128, 'nsubvector': 4}], query_argument_groups=[[8], [32], [64], [128]], disabled=False), Definition(algorithm='vearch-ivfpq', constructor='VearchIvfPQ', module='bigvectorbench.algorithms.vearch', docker_tag='bigvectorbench-vearch', arguments=['euclidean', 384, {'ncentroids': 512, 'nsubvector': 8}], query_argument_groups=[[32], [128], [256], [512]], disabled=False), Definition(algorithm='vearch-ivfpq', constructor='VearchIvfPQ', module='bigvectorbench.algorithms.vearch', docker_tag='bigvectorbench-vearch', arguments=['euclidean', 384, {'ncentroids': 128, 'nsubvector': 16}], query_argument_groups=[[8], [32], [64], [128]], disabled=False), Definition(algorithm='vearch-ivfpq', constructor='VearchIvfPQ', module='bigvectorbench.algorithms.vearch', docker_tag='bigvectorbench-vearch', arguments=['euclidean', 384, {'ncentroids': 1024, 'nsubvector': 16}], query_argument_groups=[[64], [256], [512], [1024]], disabled=False), Definition(algorithm='vearch-ivfpq', constructor='VearchIvfPQ', module='bigvectorbench.algorithms.vearch', docker_tag='bigvectorbench-vearch', arguments=['euclidean', 384, {'ncentroids': 128, 'nsubvector': 8}], query_argument_groups=[[8], [32], [64], [128]], disabled=False)]
 Container vearch-standalone  Stopping
 Container vearch-standalone  Stopped
 Container vearch-standalone  Removing
 Container vearch-standalone  Removed
 Network vearch_network_cluster  Removing
 Network vearch_network_cluster  Removed
 Network vearch_network_cluster  Creating
 Network vearch_network_cluster  Created
 Container vearch-standalone  Creating
 Container vearch-standalone  Created
 Container vearch-standalone  Starting
Error response from daemon: failed to set up container networking: driver failed programming external connectivity on endpoint vearch-standalone (5c7bf40a1513b9d304c7d5708d76ca3e7d0f7c43cc68b4a4d4cb92681edfd82e): Bind for 0.0.0.0:9001 failed: port is already allocated
Process Process-1:
Traceback (most recent call last):
  File "<remote_artifact>", line 314, in _bootstrap
    self.run()
  File "<remote_artifact>", line 108, in run
    self._target(*self._args, **self._kwargs)
  File "<remote_artifact>", line 152, in run_worker
    run(
  File "<remote_artifact>", line 729, in run
    algo = instantiate_algorithm(definition)
  File "<remote_artifact>", line 45, in instantiate_algorithm
    return constructor(*definition.arguments)
  File "<remote_artifact>", line 462, in __init__
    super().__init__(metric, dim)
  File "<remote_artifact>", line 62, in __init__
    if self.client.is_database_exist(self._database_name):
  File "<remote_artifact>", line 71, in is_database_exist
    return db.exist()
  File "<remote_artifact>", line 27, in exist
    result = get_result(resp)
  File "<remote_artifact>", line 136, in get_result
    ret = json.loads(resp.text)
  File "<remote_artifact>", line 346, in loads
    return _default_decoder.decode(s)
  File "<remote_artifact>", line 337, in decode
    obj, end = self.raw_decode(s, idx=_w(s, 0).end())
  File "<remote_artifact>", line 355, in raw_decode
    raise JSONDecodeError("Expecting value", s, err.value) from None
json.decoder.JSONDecodeError: Expecting value: line 1 column 1 (char 0)
Trying to instantiate bigvectorbench.algorithms.vearch.VearchIvfPQ(['euclidean', 384, {'ncentroids': 1024, 'nsubvector': 4}])
[Vearch] docker compose --profile standalone up failed: Command '['docker', 'compose', '-f', '<remote_artifact>, '--profile', 'standalone', 'up', '-d']' returned non-zero exit status 1.!!!
[Vearch] client connected successfully!!!
2026-08-18 11:30:46,798 - bvb - INFO - Terminating 1 workers
START 2026-08-18T11:40:48+08:00 slot=1 cpuset=28-55
2026-08-18 11:40:50,204 - bvb - INFO - running only vearch-ivfpq
2026-08-18 11:40:50,210 - bvb - INFO - Order: [Definition(algorithm='vearch-ivfpq', constructor='VearchIvfPQ', module='bigvectorbench.algorithms.vearch', docker_tag='bigvectorbench-vearch', arguments=['euclidean', 384, {'ncentroids': 1024, 'nsubvector': 4}], query_argument_groups=[[64], [256], [512], [1024]], disabled=False), Definition(algorithm='vearch-ivfpq', constructor='VearchIvfPQ', module='bigvectorbench.algorithms.vearch', docker_tag='bigvectorbench-vearch', arguments=['euclidean', 384, {'ncentroids': 1024, 'nsubvector': 8}], query_argument_groups=[[64], [256], [512], [1024]], disabled=False), Definition(algorithm='vearch-ivfpq', constructor='VearchIvfPQ', module='bigvectorbench.algorithms.vearch', docker_tag='bigvectorbench-vearch', arguments=['euclidean', 384, {'ncentroids': 512, 'nsubvector': 4}], query_argument_groups=[[32], [128], [256], [512]], disabled=False), Definition(algorithm='vearch-ivfpq', constructor='VearchIvfPQ', module='bigvectorbench.algorithms.vearch', docker_tag='bigvectorbench-vearch', arguments=['euclidean', 384, {'ncentroids': 128, 'nsubvector': 16}], query_argument_groups=[[8], [32], [64], [128]], disabled=False), Definition(algorithm='vearch-ivfpq', constructor='VearchIvfPQ', module='bigvectorbench.algorithms.vearch', docker_tag='bigvectorbench-vearch', arguments=['euclidean', 384, {'ncentroids': 128, 'nsubvector': 4}], query_argument_groups=[[8], [32], [64], [128]], disabled=False), Definition(algorithm='vearch-ivfpq', constructor='VearchIvfPQ', module='bigvectorbench.algorithms.vearch', docker_tag='bigvectorbench-vearch', arguments=['euclidean', 384, {'ncentroids': 128, 'nsubvector': 8}], query_argument_groups=[[8], [32], [64], [128]], disabled=False), Definition(algorithm='vearch-ivfpq', constructor='VearchIvfPQ', module='bigvectorbench.algorithms.vearch', docker_tag='bigvectorbench-vearch', arguments=['euclidean', 384, {'ncentroids': 1024, 'nsubvector': 16}], query_argument_groups=[[64], [256], [512], [1024]], disabled=False), Definition(algorithm='vearch-ivfpq', constructor='VearchIvfPQ', module='bigvectorbench.algorithms.vearch', docker_tag='bigvectorbench-vearch', arguments=['euclidean', 384, {'ncentroids': 512, 'nsubvector': 8}], query_argument_groups=[[32], [128], [256], [512]], disabled=False), Definition(algorithm='vearch-ivfpq', constructor='VearchIvfPQ', module='bigvectorbench.algorithms.vearch', docker_tag='bigvectorbench-vearch', arguments=['euclidean', 384, {'ncentroids': 512, 'nsubvector': 16}], query_argument_groups=[[32], [128], [256], [512]], disabled=False)]
 Container vearch-standalone  Stopping
 Container vearch-standalone  Stopped
 Container vearch-standalone  Removing
 Container vearch-standalone  Removed
 Network vearch_network_cluster  Removing
 Network vearch_network_cluster  Removed
 Network vearch_network_cluster  Creating
 Network vearch_network_cluster  Created
 Container vearch-standalone  Creating
 Container vearch-standalone  Created
 Container vearch-standalone  Starting
 Container vearch-standalone  Started
Process Process-1:
Traceback (most recent call last):
  File "<remote_artifact>", line 198, in _new_conn
    sock = connection.create_connection(
  File "<remote_artifact>", line 85, in create_connection
    raise err
  File "<remote_artifact>", line 73, in create_connection
    sock.connect(sa)
ConnectionRefusedError: [Errno 111] Connection refused

The above exception was the direct cause of the following exception:

Traceback (most recent call last):
  File "<remote_artifact>", line 787, in urlopen
    response = self._make_request(
  File "<remote_artifact>", line 493, in _make_request
    conn.request(
  File "<remote_artifact>", line 445, in request
    self.endheaders()
  File "<remote_artifact>", line 1278, in endheaders
    self._send_output(message_body, encode_chunked=encode_chunked)
  File "<remote_artifact>", line 1038, in _send_output
    self.send(msg)
  File "<remote_artifact>", line 976, in send
    self.connect()
  File "<remote_artifact>", line 276, in connect
    self.sock = self._new_conn()
  File "<remote_artifact>", line 213, in _new_conn
    raise NewConnectionError(
urllib3.exceptions.NewConnectionError: <urllib3.connection.HTTPConnection object at 0x7f4fa3419390>: Failed to establish a new connection: [Errno 111] Connection refused

The above exception was the direct cause of the following exception:

Traceback (most recent call last):
  File "<remote_artifact>", line 667, in send
    resp = conn.urlopen(
  File "<remote_artifact>", line 841, in urlopen
    retries = retries.increment(
  File "<remote_artifact>", line 519, in increment
    raise MaxRetryError(_pool, url, reason) from reason  # type: ignore[arg-type]
urllib3.exceptions.MaxRetryError: HTTPConnectionPool(host='localhost', port=19001): Max retries exceeded with url: /dbs/Vearch_test (Caused by NewConnectionError('<urllib3.connection.HTTPConnection object at 0x7f4fa3419390>: Failed to establish a new connection: [Errno 111] Connection refused'))

During handling of the above exception, another exception occurred:

Traceback (most recent call last):
  File "<remote_artifact>", line 314, in _bootstrap
    self.run()
  File "<remote_artifact>", line 108, in run
    self._target(*self._args, **self._kwargs)
  File "<remote_artifact>", line 152, in run_worker
    run(
  File "<remote_artifact>", line 729, in run
    algo = instantiate_algorithm(definition)
  File "<remote_artifact>", line 45, in instantiate_algorithm
    return constructor(*definition.arguments)
  File "<remote_artifact>", line 464, in __init__
    super().__init__(metric, dim)
  File "<remote_artifact>", line 64, in __init__
    if self.client.is_database_exist(self._database_name):
  File "<remote_artifact>", line 71, in is_database_exist
    return db.exist()
  File "<remote_artifact>", line 26, in exist
    resp = requests.request(method="GET", url=url, auth=sign)
  File "<remote_artifact>", line 59, in request
    return session.request(method=method, url=url, **kwargs)
  File "<remote_artifact>", line 589, in request
    resp = self.send(prep, **send_kwargs)
  File "<remote_artifact>", line 703, in send
    r = adapter.send(request, **kwargs)
  File "<remote_artifact>", line 700, in send
    raise ConnectionError(e, request=request)
requests.exceptions.ConnectionError: HTTPConnectionPool(host='localhost', port=19001): Max retries exceeded with url: /dbs/Vearch_test (Caused by NewConnectionError('<urllib3.connection.HTTPConnection object at 0x7f4fa3419390>: Failed to establish a new connection: [Errno 111] Connection refused'))
Trying to instantiate bigvectorbench.algorithms.vearch.VearchIvfPQ(['euclidean', 384, {'ncentroids': 1024, 'nsubvector': 4}])
[Vearch] docker compose --profile standalone up successfully!!!
[Vearch] client connected successfully!!!
2026-08-18 11:41:01,494 - bvb - INFO - Terminating 1 workers
START 2026-08-18T11:43:38+08:00 slot=1 cpuset=28-55
cp: cannot create regular file '<remote_artifact> Permission denied
START 2026-08-18T11:50:43+08:00 slot=1 cpuset=28-55
2026-08-18 11:50:45,149 - bvb - INFO - running only vearch-ivfpq
2026-08-18 11:50:45,154 - bvb - INFO - Order: [Definition(algorithm='vearch-ivfpq', constructor='VearchIvfPQ', module='bigvectorbench.algorithms.vearch', docker_tag='bigvectorbench-vearch', arguments=['euclidean', 384, {'ncentroids': 512, 'nsubvector': 8}], query_argument_groups=[[32], [128], [256], [512]], disabled=False), Definition(algorithm='vearch-ivfpq', constructor='VearchIvfPQ', module='bigvectorbench.algorithms.vearch', docker_tag='bigvectorbench-vearch', arguments=['euclidean', 384, {'ncentroids': 128, 'nsubvector': 8}], query_argument_groups=[[8], [32], [64], [128]], disabled=False), Definition(algorithm='vearch-ivfpq', constructor='VearchIvfPQ', module='bigvectorbench.algorithms.vearch', docker_tag='bigvectorbench-vearch', arguments=['euclidean', 384, {'ncentroids': 1024, 'nsubvector': 16}], query_argument_groups=[[64], [256], [512], [1024]], disabled=False), Definition(algorithm='vearch-ivfpq', constructor='VearchIvfPQ', module='bigvectorbench.algorithms.vearch', docker_tag='bigvectorbench-vearch', arguments=['euclidean', 384, {'ncentroids': 128, 'nsubvector': 16}], query_argument_groups=[[8], [32], [64], [128]], disabled=False), Definition(algorithm='vearch-ivfpq', constructor='VearchIvfPQ', module='bigvectorbench.algorithms.vearch', docker_tag='bigvectorbench-vearch', arguments=['euclidean', 384, {'ncentroids': 512, 'nsubvector': 16}], query_argument_groups=[[32], [128], [256], [512]], disabled=False), Definition(algorithm='vearch-ivfpq', constructor='VearchIvfPQ', module='bigvectorbench.algorithms.vearch', docker_tag='bigvectorbench-vearch', arguments=['euclidean', 384, {'ncentroids': 128, 'nsubvector': 4}], query_argument_groups=[[8], [32], [64], [128]], disabled=False), Definition(algorithm='vearch-ivfpq', constructor='VearchIvfPQ', module='bigvectorbench.algorithms.vearch', docker_tag='bigvectorbench-vearch', arguments=['euclidean', 384, {'ncentroids': 1024, 'nsubvector': 4}], query_argument_groups=[[64], [256], [512], [1024]], disabled=False), Definition(algorithm='vearch-ivfpq', constructor='VearchIvfPQ', module='bigvectorbench.algorithms.vearch', docker_tag='bigvectorbench-vearch', arguments=['euclidean', 384, {'ncentroids': 512, 'nsubvector': 4}], query_argument_groups=[[32], [128], [256], [512]], disabled=False), Definition(algorithm='vearch-ivfpq', constructor='VearchIvfPQ', module='bigvectorbench.algorithms.vearch', docker_tag='bigvectorbench-vearch', arguments=['euclidean', 384, {'ncentroids': 1024, 'nsubvector': 8}], query_argument_groups=[[64], [256], [512], [1024]], disabled=False)]
 Container vearch-standalone  Stopping
 Container vearch-standalone  Stopped
 Container vearch-standalone  Removing
 Container vearch-standalone  Removed
 Network vearch_network_cluster  Removing
 Network vearch_network_cluster  Removed
 Network vearch_network_cluster  Creating
 Network vearch_network_cluster  Created
 Container vearch-standalone  Creating
 Container vearch-standalone  Created
 Container vearch-standalone  Starting
 Container vearch-standalone  Started
Process Process-1:
Traceback (most recent call last):
  File "<remote_artifact>", line 314, in _bootstrap
    self.run()
  File "<remote_artifact>", line 108, in run
    self._target(*self._args, **self._kwargs)
  File "<remote_artifact>", line 152, in run_worker
    run(
  File "<remote_artifact>", line 816, in run
    index_time, index_size = build_index_with_threads(algo, build_threads)
  File "<remote_artifact>", line 651, in build_index_with_threads
    return build_index(algo)
  File "<remote_artifact>", line 632, in build_index
    algo.create_index()
  File "<remote_artifact>", line 206, in create_index
    self.waiting_index_finish(self.num_entities, timewait=1)
  File "<remote_artifact>", line 197, in waiting_index_finish
    partitions = response.json()["data"]["partitions"]
KeyError: 'data'
Trying to instantiate bigvectorbench.algorithms.vearch.VearchIvfPQ(['euclidean', 384, {'ncentroids': 512, 'nsubvector': 8}])
[Vearch] docker compose --profile standalone up successfully!!!
[Vearch] client connected successfully!!!
Dataset type: filter-ann
Distance metric: euclidean
Got a train set of size               (620643 * 384) with 1 labels
label names: ['unixtime']
label types: ['int32']
filter expression function: 
def filter_expr(unixtime):
    unixtime_head = unixtime - 3 * 24 * 60 * 60
    unixtime_tail = unixtime
    return f"unixtime >= {unixtime_head} and unixtime <= {unixtime_tail}"

Got 10000 queries
[Vearch] load data with 1 labels!!!
[Vearch] create database: {'code': 0, 'msg': '', 'data': {'id': 1, 'name': 'Vearch_test'}}
[Vearch] create space: {'code': 1, 'msg': 'not enough partition servers, need 3 replicas but only have 1', 'data': ''}
[Vearch] database and space created successfully!!!
[Vearch] Start uploading 620643 vectors...
[Vearch] Uploaded 620643 vectors successfully!!!
Inserted data in 23.111543655395508
Memory usage:  27812.0
[Vearch] Waiting for index finish...
2026-08-18 11:51:38,423 - bvb - INFO - Terminating 1 workers
START 2026-08-18T12:00:33+08:00 slot=1 cpuset=28-55
2026-08-18 12:00:35,470 - bvb - INFO - running only vearch-ivfpq
2026-08-18 12:00:35,476 - bvb - INFO - Order: [Definition(algorithm='vearch-ivfpq', constructor='VearchIvfPQ', module='bigvectorbench.algorithms.vearch', docker_tag='bigvectorbench-vearch', arguments=['euclidean', 384, {'ncentroids': 128, 'nsubvector': 8}], query_argument_groups=[[8], [32], [64], [128]], disabled=False), Definition(algorithm='vearch-ivfpq', constructor='VearchIvfPQ', module='bigvectorbench.algorithms.vearch', docker_tag='bigvectorbench-vearch', arguments=['euclidean', 384, {'ncentroids': 512, 'nsubvector': 4}], query_argument_groups=[[32], [128], [256], [512]], disabled=False), Definition(algorithm='vearch-ivfpq', constructor='VearchIvfPQ', module='bigvectorbench.algorithms.vearch', docker_tag='bigvectorbench-vearch', arguments=['euclidean', 384, {'ncentroids': 1024, 'nsubvector': 4}], query_argument_groups=[[64], [256], [512], [1024]], disabled=False), Definition(algorithm='vearch-ivfpq', constructor='VearchIvfPQ', module='bigvectorbench.algorithms.vearch', docker_tag='bigvectorbench-vearch', arguments=['euclidean', 384, {'ncentroids': 512, 'nsubvector': 16}], query_argument_groups=[[32], [128], [256], [512]], disabled=False), Definition(algorithm='vearch-ivfpq', constructor='VearchIvfPQ', module='bigvectorbench.algorithms.vearch', docker_tag='bigvectorbench-vearch', arguments=['euclidean', 384, {'ncentroids': 1024, 'nsubvector': 8}], query_argument_groups=[[64], [256], [512], [1024]], disabled=False), Definition(algorithm='vearch-ivfpq', constructor='VearchIvfPQ', module='bigvectorbench.algorithms.vearch', docker_tag='bigvectorbench-vearch', arguments=['euclidean', 384, {'ncentroids': 128, 'nsubvector': 4}], query_argument_groups=[[8], [32], [64], [128]], disabled=False), Definition(algorithm='vearch-ivfpq', constructor='VearchIvfPQ', module='bigvectorbench.algorithms.vearch', docker_tag='bigvectorbench-vearch', arguments=['euclidean', 384, {'ncentroids': 128, 'nsubvector': 16}], query_argument_groups=[[8], [32], [64], [128]], disabled=False), Definition(algorithm='vearch-ivfpq', constructor='VearchIvfPQ', module='bigvectorbench.algorithms.vearch', docker_tag='bigvectorbench-vearch', arguments=['euclidean', 384, {'ncentroids': 512, 'nsubvector': 8}], query_argument_groups=[[32], [128], [256], [512]], disabled=False), Definition(algorithm='vearch-ivfpq', constructor='VearchIvfPQ', module='bigvectorbench.algorithms.vearch', docker_tag='bigvectorbench-vearch', arguments=['euclidean', 384, {'ncentroids': 1024, 'nsubvector': 16}], query_argument_groups=[[64], [256], [512], [1024]], disabled=False)]
 Container vearch-standalone  Stopping
 Container vearch-standalone  Stopped
 Container vearch-standalone  Removing
 Container vearch-standalone  Removed
 Network vearch_network_cluster  Removing
 Network vearch_network_cluster  Removed
 Network vearch_network_cluster  Creating
 Network vearch_network_cluster  Created
 Container vearch-standalone  Creating
 Container vearch-standalone  Created
 Container vearch-standalone  Starting
 Container vearch-standalone  Started
Process Process-1:
Traceback (most recent call last):
  File "<remote_artifact>", line 314, in _bootstrap
    self.run()
  File "<remote_artifact>", line 108, in run
    self._target(*self._args, **self._kwargs)
  File "<remote_artifact>", line 152, in run_worker
    run(
  File "<remote_artifact>", line 793, in run
    insert_time, data_size = insert_data(
  File "<remote_artifact>", line 609, in insert_data
    algo.load_data(X_train, X_train_label, label_names, label_types)
  File "<remote_artifact>", line 165, in load_data
    raise RuntimeError(f"Vearch create_space failed: {ret.__dict__}")
RuntimeError: Vearch create_space failed: {'code': 1, 'msg': 'not enough partition servers, need 3 replicas but only have 1', 'data': ''}
Trying to instantiate bigvectorbench.algorithms.vearch.VearchIvfPQ(['euclidean', 384, {'ncentroids': 128, 'nsubvector': 8}])
[Vearch] docker compose --profile standalone up successfully!!!
[Vearch] client connected successfully!!!
Dataset type: filter-ann
Distance metric: euclidean
Got a train set of size               (620643 * 384) with 1 labels
label names: ['unixtime']
label types: ['int32']
filter expression function: 
def filter_expr(unixtime):
    unixtime_head = unixtime - 3 * 24 * 60 * 60
    unixtime_tail = unixtime
    return f"unixtime >= {unixtime_head} and unixtime <= {unixtime_tail}"

Got 10000 queries
[Vearch] load data with 1 labels!!!
[Vearch] create database: {'code': 0, 'msg': '', 'data': {'id': 1, 'name': 'Vearch_test'}}
[Vearch] create space: {'code': 1, 'msg': 'not enough partition servers, need 3 replicas but only have 1', 'data': ''}
2026-08-18 12:00:53,240 - bvb - INFO - Terminating 1 workers
START 2026-08-19T01:53:14+08:00 slot=1 cpuset=28-55
2026-08-19 01:53:15,546 - bvb - INFO - running only vearch-ivfpq
2026-08-19 01:53:15,551 - bvb - INFO - Order: [Definition(algorithm='vearch-ivfpq', constructor='VearchIvfPQ', module='bigvectorbench.algorithms.vearch', docker_tag='bigvectorbench-vearch', arguments=['euclidean', 384, {'ncentroids': 1024, 'nsubvector': 16}], query_argument_groups=[[64], [256], [512], [1024]], disabled=False), Definition(algorithm='vearch-ivfpq', constructor='VearchIvfPQ', module='bigvectorbench.algorithms.vearch', docker_tag='bigvectorbench-vearch', arguments=['euclidean', 384, {'ncentroids': 1024, 'nsubvector': 4}], query_argument_groups=[[64], [256], [512], [1024]], disabled=False), Definition(algorithm='vearch-ivfpq', constructor='VearchIvfPQ', module='bigvectorbench.algorithms.vearch', docker_tag='bigvectorbench-vearch', arguments=['euclidean', 384, {'ncentroids': 512, 'nsubvector': 4}], query_argument_groups=[[32], [128], [256], [512]], disabled=False), Definition(algorithm='vearch-ivfpq', constructor='VearchIvfPQ', module='bigvectorbench.algorithms.vearch', docker_tag='bigvectorbench-vearch', arguments=['euclidean', 384, {'ncentroids': 128, 'nsubvector': 4}], query_argument_groups=[[8], [32], [64], [128]], disabled=False), Definition(algorithm='vearch-ivfpq', constructor='VearchIvfPQ', module='bigvectorbench.algorithms.vearch', docker_tag='bigvectorbench-vearch', arguments=['euclidean', 384, {'ncentroids': 512, 'nsubvector': 16}], query_argument_groups=[[32], [128], [256], [512]], disabled=False), Definition(algorithm='vearch-ivfpq', constructor='VearchIvfPQ', module='bigvectorbench.algorithms.vearch', docker_tag='bigvectorbench-vearch', arguments=['euclidean', 384, {'ncentroids': 1024, 'nsubvector': 8}], query_argument_groups=[[64], [256], [512], [1024]], disabled=False), Definition(algorithm='vearch-ivfpq', constructor='VearchIvfPQ', module='bigvectorbench.algorithms.vearch', docker_tag='bigvectorbench-vearch', arguments=['euclidean', 384, {'ncentroids': 512, 'nsubvector': 8}], query_argument_groups=[[32], [128], [256], [512]], disabled=False), Definition(algorithm='vearch-ivfpq', constructor='VearchIvfPQ', module='bigvectorbench.algorithms.vearch', docker_tag='bigvectorbench-vearch', arguments=['euclidean', 384, {'ncentroids': 128, 'nsubvector': 16}], query_argument_groups=[[8], [32], [64], [128]], disabled=False), Definition(algorithm='vearch-ivfpq', constructor='VearchIvfPQ', module='bigvectorbench.algorithms.vearch', docker_tag='bigvectorbench-vearch', arguments=['euclidean', 384, {'ncentroids': 128, 'nsubvector': 8}], query_argument_groups=[[8], [32], [64], [128]], disabled=False)]
 Network vearch_network_cluster  Creating
 Network vearch_network_cluster  Created
 Container vearch-standalone  Creating
 Container vearch-standalone  Created
 Container vearch-standalone  Starting
 Container vearch-standalone  Started
 Container vearch-standalone  Stopping
 Container vearch-standalone  Stopped
 Container vearch-standalone  Removing
 Container vearch-standalone  Removed
 Network vearch_network_cluster  Removing
 Network vearch_network_cluster  Removed
 Network vearch_network_cluster  Creating
 Network vearch_network_cluster  Created
 Container vearch-standalone  Creating
 Container vearch-standalone  Created
 Container vearch-standalone  Starting
 Container vearch-standalone  Started
Trying to instantiate bigvectorbench.algorithms.vearch.VearchIvfPQ(['euclidean', 384, {'ncentroids': 1024, 'nsubvector': 16}])
[Vearch] docker compose --profile standalone up successfully!!!
[Vearch] client connected successfully!!!
Dataset type: filter-ann
Distance metric: euclidean
Got a train set of size               (620643 * 384) with 1 labels
label names: ['unixtime']
label types: ['int32']
filter expression function: 
def filter_expr(unixtime):
    unixtime_head = unixtime - 3 * 24 * 60 * 60
    unixtime_tail = unixtime
    return f"unixtime >= {unixtime_head} and unixtime <= {unixtime_tail}"

Got 10000 queries
[Vearch] load data with 1 labels!!!
[Vearch] create database: {'code': 0, 'msg': '', 'data': {'id': 1, 'name': 'Vearch_test'}}
[Vearch] create space: {'code': 0, 'msg': '', 'data': {'id': 1, 'name': 'Vearch_test_space', 'resource_name': 'default', 'version': 2, 'db_id': 1, 'enabled': True, 'partitions': [{'id': 1, 'name': '', 'space_id': 1, 'db_id': 1, 'partition_slot': 0, 'replicas': [1], 'resourceExhausted': False}], 'partition_num': 1, 'replica_num': 1, 'fields': [{'name': 'id', 'type': 'integer', 'desc': '', 'index': {'name': 'id_idx', 'type': 'SCALAR'}}, {'name': 'vector', 'type': 'vector', 'desc': '', 'dimension': 384, 'index': {'name': 'vector_idx', 'type': 'IVFPQ', 'params': {'training_threshold': 100000, 'metric_type': 'L2', 'ncentroids': 1024, 'nsubvector': 16, 'bucket_init_size': 1000, 'bucket_max_size': 1280000}}}, {'name': 'unixtime', 'type': 'integer', 'desc': '', 'index': {'name': 'unixtime_idx', 'type': 'SCALAR'}}], 'index': {'name': 'vector_idx', 'type': 'IVFPQ', 'params': {'training_threshold': 100000, 'metric_type': 'L2', 'ncentroids': 1024, 'nsubvector': 16, 'bucket_init_size': 1000, 'bucket_max_size': 1280000}}, 'space_properties': {'id': {'field_type': 0, 'type': 'integer', 'index': {'name': 'id_idx', 'type': 'SCALAR'}, 'option': 1}, 'unixtime': {'field_type': 0, 'type': 'integer', 'index': {'name': 'unixtime_idx', 'type': 'SCALAR'}, 'option': 1}, 'vector': {'field_type': 5, 'type': 'vector', 'index': {'name': 'vector_idx', 'type': 'IVFPQ', 'params': {'training_threshold': 100000, 'metric_type': 'L2', 'ncentroids': 1024, 'nsubvector': 16, 'bucket_init_size': 1000, 'bucket_max_size': 1280000}}, 'dimension': 384, 'option': 1}}}}
[Vearch] database and space created successfully!!!
[Vearch] Start uploading 620643 vectors...
[Vearch] Uploaded 620643 vectors successfully!!!
Inserted data in 385.24883365631104
Memory usage:  4128040.0
[Vearch] Waiting for index finish...
[Vearch] Index finish!!!
Built index in  13.05941104888916
Index size:  -996.0
Running query argument group 1 of 4...
Run 1/1...
Warmup round 1/2...
Processed 1000/9975 queries...
Warmup round 2/2...
Processed 2000/9975 queries...
Processed 3000/9975 queries...
Processed 4000/9975 queries...
Processed 5000/9975 queries...
Processed 6000/9975 queries...
Processed 7000/9975 queries...
Processed 8000/9975 queries...
Processed 9000/9975 queries...
Processed 10000/9975 queries...
Processed 11000/9975 queries...
Running query argument group 2 of 4...
Run 1/1...
Warmup round 1/2...
Processed 1000/9975 queries...
Warmup round 2/2...
Processed 2000/9975 queries...
Processed 3000/9975 queries...
Processed 4000/9975 queries...
Processed 5000/9975 queries...
Processed 6000/9975 queries...
Processed 7000/9975 queries...
Processed 8000/9975 queries...
Processed 9000/9975 queries...
Processed 10000/9975 queries...
Processed 11000/9975 queries...
Running query argument group 3 of 4...
Run 1/1...
Warmup round 1/2...
Processed 1000/9975 queries...
Warmup round 2/2...
Processed 2000/9975 queries...
Processed 3000/9975 queries...
Processed 4000/9975 queries...
Processed 5000/9975 queries...
Processed 6000/9975 queries...
Processed 7000/9975 queries...
Processed 8000/9975 queries...
Processed 9000/9975 queries...
Processed 10000/9975 queries...
Processed 11000/9975 queries...
Running query argument group 4 of 4...
Run 1/1...
Warmup round 1/2...
Processed 1000/9975 queries...
Warmup round 2/2...
Processed 2000/9975 queries...
Processed 3000/9975 queries...
Processed 4000/9975 queries...
Processed 5000/9975 queries...
Processed 6000/9975 queries...
Processed 7000/9975 queries...
Processed 8000/9975 queries...
Processed 9000/9975 queries...
Processed 10000/9975 queries...
Processed 11000/9975 queries...
Processed 0/9975 inserts...
Processed 1000/9975 inserts...
Processed 2000/9975 inserts...
Processed 3000/9975 inserts...
Processed 4000/9975 inserts...
Processed 5000/9975 inserts...
Processed 6000/9975 inserts...
Processed 7000/9975 inserts...
Processed 8000/9975 inserts...
Processed 9000/9975 inserts...
Processed 0/9975 updates...
Processed 1000/9975 updates...
Processed 2000/9975 updates...
Processed 3000/9975 updates...
Processed 4000/9975 updates...
Processed 5000/9975 updates...
Processed 6000/9975 updates...
Processed 7000/9975 updates...
Processed 8000/9975 updates...
Processed 9000/9975 updates...
Processed 0/9975 deletes...
Processed 1000/9975 deletes...
Processed 2000/9975 deletes...
Processed 3000/9975 deletes...
Processed 4000/9975 deletes...
Processed 5000/9975 deletes...
Processed 6000/9975 deletes...
Processed 7000/9975 deletes...
Processed 8000/9975 deletes...
Processed 9000/9975 deletes...
[Vearch] collection deleted successfully!!!
[Vearch] docker compose --profile standalone down successfully!!!
Trying to instantiate bigvectorbench.algorithms.vearch.VearchIvfPQ(['euclidean', 384, {'ncentroids': 1024, 'nsubvector': 4}])
[Vearch] docker compose --profile standalone up successfully!!!
[Vearch] client connected successfully!!!
Dataset type: filter-ann
Distance metric: euclidean
Got a train set of size               (620643 * 384) with 1 labels
label names: ['unixtime']
label types: ['int32']
filter expression function: 
def filter_expr(unixtime):
    unixtime_head = unixtime - 3 * 24 * 60 * 60
    unixtime_tail = unixtime
    return f"unixtime >= {unixtime_head} and unixtime <= {unixtime_tail}"

Got 10000 queries
[Vearch] load data with 1 labels!!!
[Vearch] create database: {'code': 0, 'msg': '', 'data': {'id': 1, 'name': 'Vearch_test'}}
[Vearch] create space: {'code': 0, 'msg': '', 'data': {'id': 1, 'name': 'Vearch_test_space', 'resource_name': 'default', 'version': 2, 'db_id': 1, 'enabled': True, 'partitions': [{'id': 1, 'name': '', 'space_id': 1, 'db_id': 1, 'partition_slot': 0, 'replicas': [1], 'resourceExhausted': False}], 'partition_num': 1, 'replica_num': 1, 'fields': [{'name': 'id', 'type': 'integer', 'desc': '', 'index': {'name': 'id_idx', 'type': 'SCALAR'}}, {'name': 'vector', 'type': 'vector', 'desc': '', 'dimension': 384, 'index': {'name': 'vector_idx', 'type': 'IVFPQ', 'params': {'training_threshold': 100000, 'metric_type': 'L2', 'ncentroids': 1024, 'nsubvector': 4, 'bucket_init_size': 1000, 'bucket_max_size': 1280000}}}, {'name': 'unixtime', 'type': 'integer', 'desc': '', 'index': {'name': 'unixtime_idx', 'type': 'SCALAR'}}], 'index': {'name': 'vector_idx', 'type': 'IVFPQ', 'params': {'training_threshold': 100000, 'metric_type': 'L2', 'ncentroids': 1024, 'nsubvector': 4, 'bucket_init_size': 1000, 'bucket_max_size': 1280000}}, 'space_properties': {'id': {'field_type': 0, 'type': 'integer', 'index': {'name': 'id_idx', 'type': 'SCALAR'}, 'option': 1}, 'unixtime': {'field_type': 0, 'type': 'integer', 'index': {'name': 'unixtime_idx', 'type': 'SCALAR'}, 'option': 1}, 'vector': {'field_type': 5, 'type': 'vector', 'index': {'name': 'vector_idx', 'type': 'IVFPQ', 'params': {'training_threshold': 100000, 'metric_type': 'L2', 'ncentroids': 1024, 'nsubvector': 4, 'bucket_init_size': 1000, 'bucket_max_size': 1280000}}, 'dimension': 384, 'option': 1}}}}
[Vearch] database and space created successfully!!!
[Vearch] Start uploading 620643 vectors...
[Vearch] Uploaded 620643 vectors successfully!!!
Inserted data in 385.96765637397766
Memory usage:  4095332.0
[Vearch] Waiting for index finish...
[Vearch] Index finish!!!
Built index in  13.051459789276123
Index size:  1988.0
Running query argument group 1 of 4...
Run 1/1...
Warmup round 1/2...
Processed 1000/9975 queries...
Warmup round 2/2...
Processed 2000/9975 queries...
Processed 3000/9975 queries... Container vearch-standalone  Stopping
 Container vearch-standalone  Stopped
 Container vearch-standalone  Removing
 Container vearch-standalone  Removed
 Network vearch_network_cluster  Removing
 Network vearch_network_cluster  Removed
 Network vearch_network_cluster  Creating
 Network vearch_network_cluster  Created
 Container vearch-standalone  Creating
 Container vearch-standalone  Created
 Container vearch-standalone  Starting
 Container vearch-standalone  Started
 Container vearch-standalone  Stopping
 Container vearch-standalone  Stopped
 Container vearch-standalone  Removing
 Container vearch-standalone  Removed
 Network vearch_network_cluster  Removing
 Network vearch_network_cluster  Removed
 Network vearch_network_cluster  Creating
 Network vearch_network_cluster  Created
 Container vearch-standalone  Creating
 Container vearch-standalone  Created
 Container vearch-standalone  Starting
 Container vearch-standalone  Started

Processed 4000/9975 queries...
Processed 5000/9975 queries...
Processed 6000/9975 queries...
Processed 7000/9975 queries...
Processed 8000/9975 queries...
Processed 9000/9975 queries...
Processed 10000/9975 queries...
Processed 11000/9975 queries...
Running query argument group 2 of 4...
Run 1/1...
Warmup round 1/2...
Processed 1000/9975 queries...
Warmup round 2/2...
Processed 2000/9975 queries...
Processed 3000/9975 queries...
Processed 4000/9975 queries...
Processed 5000/9975 queries...
Processed 6000/9975 queries...
Processed 7000/9975 queries...
Processed 8000/9975 queries...
Processed 9000/9975 queries...
Processed 10000/9975 queries...
Processed 11000/9975 queries...
Running query argument group 3 of 4...
Run 1/1...
Warmup round 1/2...
Processed 1000/9975 queries...
Warmup round 2/2...
Processed 2000/9975 queries...
Processed 3000/9975 queries...
Processed 4000/9975 queries...
Processed 5000/9975 queries...
Processed 6000/9975 queries...
Processed 7000/9975 queries...
Processed 8000/9975 queries...
Processed 9000/9975 queries...
Processed 10000/9975 queries...
Processed 11000/9975 queries...
Running query argument group 4 of 4...
Run 1/1...
Warmup round 1/2...
Processed 1000/9975 queries...
Warmup round 2/2...
Processed 2000/9975 queries...
Processed 3000/9975 queries...
Processed 4000/9975 queries...
Processed 5000/9975 queries...
Processed 6000/9975 queries...
Processed 7000/9975 queries...
Processed 8000/9975 queries...
Processed 9000/9975 queries...
Processed 10000/9975 queries...
Processed 11000/9975 queries...
Processed 0/9975 inserts...
Processed 1000/9975 inserts...
Processed 2000/9975 inserts...
Processed 3000/9975 inserts...
Processed 4000/9975 inserts...
Processed 5000/9975 inserts...
Processed 6000/9975 inserts...
Processed 7000/9975 inserts...
Processed 8000/9975 inserts...
Processed 9000/9975 inserts...
Processed 0/9975 updates...
Processed 1000/9975 updates...
Processed 2000/9975 updates...
Processed 3000/9975 updates...
Processed 4000/9975 updates...
Processed 5000/9975 updates...
Processed 6000/9975 updates...
Processed 7000/9975 updates...
Processed 8000/9975 updates...
Processed 9000/9975 updates...
Processed 0/9975 deletes...
Processed 1000/9975 deletes...
Processed 2000/9975 deletes...
Processed 3000/9975 deletes...
Processed 4000/9975 deletes...
Processed 5000/9975 deletes...
Processed 6000/9975 deletes...
Processed 7000/9975 deletes...
Processed 8000/9975 deletes...
Processed 9000/9975 deletes...
[Vearch] collection deleted successfully!!!
[Vearch] docker compose --profile standalone down successfully!!!
Trying to instantiate bigvectorbench.algorithms.vearch.VearchIvfPQ(['euclidean', 384, {'ncentroids': 512, 'nsubvector': 4}])
[Vearch] docker compose --profile standalone up successfully!!!
[Vearch] client connected successfully!!!
Dataset type: filter-ann
Distance metric: euclidean
Got a train set of size               (620643 * 384) with 1 labels
label names: ['unixtime']
label types: ['int32']
filter expression function: 
def filter_expr(unixtime):
    unixtime_head = unixtime - 3 * 24 * 60 * 60
    unixtime_tail = unixtime
    return f"unixtime >= {unixtime_head} and unixtime <= {unixtime_tail}"

Got 10000 queries
[Vearch] load data with 1 labels!!!
[Vearch] create database: {'code': 0, 'msg': '', 'data': {'id': 1, 'name': 'Vearch_test'}}
[Vearch] create space: {'code': 0, 'msg': '', 'data': {'id': 1, 'name': 'Vearch_test_space', 'resource_name': 'default', 'version': 2, 'db_id': 1, 'enabled': True, 'partitions': [{'id': 1, 'name': '', 'space_id': 1, 'db_id': 1, 'partition_slot': 0, 'replicas': [1], 'resourceExhausted': False}], 'partition_num': 1, 'replica_num': 1, 'fields': [{'name': 'id', 'type': 'integer', 'desc': '', 'index': {'name': 'id_idx', 'type': 'SCALAR'}}, {'name': 'vector', 'type': 'vector', 'desc': '', 'dimension': 384, 'index': {'name': 'vector_idx', 'type': 'IVFPQ', 'params': {'training_threshold': 100000, 'metric_type': 'L2', 'ncentroids': 512, 'nsubvector': 4, 'bucket_init_size': 1000, 'bucket_max_size': 1280000}}}, {'name': 'unixtime', 'type': 'integer', 'desc': '', 'index': {'name': 'unixtime_idx', 'type': 'SCALAR'}}], 'index': {'name': 'vector_idx', 'type': 'IVFPQ', 'params': {'training_threshold': 100000, 'metric_type': 'L2', 'ncentroids': 512, 'nsubvector': 4, 'bucket_init_size': 1000, 'bucket_max_size': 1280000}}, 'space_properties': {'id': {'field_type': 0, 'type': 'integer', 'index': {'name': 'id_idx', 'type': 'SCALAR'}, 'option': 1}, 'unixtime': {'field_type': 0, 'type': 'integer', 'index': {'name': 'unixtime_idx', 'type': 'SCALAR'}, 'option': 1}, 'vector': {'field_type': 5, 'type': 'vector', 'index': {'name': 'vector_idx', 'type': 'IVFPQ', 'params': {'training_threshold': 100000, 'metric_type': 'L2', 'ncentroids': 512, 'nsubvector': 4, 'bucket_init_size': 1000, 'bucket_max_size': 1280000}}, 'dimension': 384, 'option': 1}}}}
[Vearch] database and space created successfully!!!
[Vearch] Start uploading 620643 vectors...
[Vearch] Uploaded 620643 vectors successfully!!!
Inserted data in 384.6313076019287
Memory usage:  4093260.0
[Vearch] Waiting for index finish...
[Vearch] Index finish!!!
Built index in  13.051505327224731
Index size:  2084.0
Running query argument group 1 of 4...
Run 1/1...
Warmup round 1/2...
Processed 1000/9975 queries...
Warmup round 2/2...
Processed 2000/9975 queries...
Processed 3000/9975 queries...
Processed 4000/9975 queries...
Processed 5000/9975 queries...
Processed 6000/9975 queries...
Processed 7000/9975 queries...
Processed 8000/9975 queries...
Processed 9000/9975 queries...
Processed 10000/9975 queries...
Processed 11000/9975 queries...
Running query argument group 2 of 4...
Run 1/1...
Warmup round 1/2...
Processed 1000/9975 queries...
Warmup round 2/2...
Processed 2000/9975 queries...
Processed 3000/9975 queries...
Processed 4000/9975 queries...
Processed 5000/9975 queries...
Processed 6000/9975 queries...
Processed 7000/9975 queries...
Processed 8000/9975 queries...
Processed 9000/9975 queries...
Processed 10000/9975 queries...
Processed 11000/9975 queries...
Running query argument group 3 of 4...
Run 1/1...
Warmup round 1/2...
Processed 1000/9975 queries...
Warmup round 2/2...
Processed 2000/9975 queries...
Processed 3000/9975 queries...
Processed 4000/9975 queries...
Processed 5000/9975 queries...
Processed 6000/9975 queries...
Processed 7000/9975 queries...
Processed 8000/9975 queries...
Processed 9000/9975 queries...
Processed 10000/9975 queries...
Processed 11000/9975 queries...
Running query argument group 4 of 4...
Run 1/1...
Warmup round 1/2...
Processed 1000/9975 queries...
Warmup round 2/2...
Processed 2000/9975 queries...
Processed 3000/9975 queries...
Processed 4000/9975 queries...
Processed 5000/9975 queries...
Processed 6000/9975 queries...
Processed 7000/9975 queries...
Processed 8000/9975 queries...
Processed 9000/9975 queries...
Processed 10000/9975 queries...
Processed 11000/9975 queries...
Processed 0/9975 inserts...
Processed 1000/9975 inserts...
Processed 2000/9975 inserts...
Processed 3000/9975 inserts...
Processed 4000/9975 inserts...
Processed 5000/9975 inserts...
Processed 6000/9975 inserts...
Processed 7000/9975 inserts...
Processed 8000/9975 inserts...
Processed 9000/9975 inserts...
Processed 0/9975 updates...
Processed 1000/9975 updates...
Processed 2000/9975 updates...
Processed 3000/9975 updates...
Processed 4000/9975 updates...
Processed 5000/9975 updates...
Processed 6000/9975 updates...
Processed 7000/9975 updates...
Processed 8000/9975 updates...
Processed 9000/9975 updates...
Processed 0/9975 deletes...
Processed 1000/9975 deletes...
Processed 2000/9975 deletes...
Processed 3000/9975 deletes...
Processed 4000/9975 deletes...
Processed 5000/9975 deletes...
Processed 6000/9975 deletes...
Processed 7000/9975 deletes...
Processed 8000/9975 deletes...
Processed 9000/9975 deletes...
[Vearch] collection deleted successfully!!!
[Vearch] docker compose --profile standalone down successfully!!!
Trying to instantiate bigvectorbench.algorithms.vearch.VearchIvfPQ(['euclidean', 384, {'ncentroids': 128, 'nsubvector': 4}])
[Vearch] docker compose --profile standalone up successfully!!!
[Vearch] client connected successfully!!!
 Container vearch-standalone  Stopping
 Container vearch-standalone  Stopped
 Container vearch-standalone  Removing
 Container vearch-standalone  Removed
 Network vearch_network_cluster  Removing
 Network vearch_network_cluster  Removed
 Network vearch_network_cluster  Creating
 Network vearch_network_cluster  Created
 Container vearch-standalone  Creating
 Container vearch-standalone  Created
 Container vearch-standalone  Starting
 Container vearch-standalone  Started
Dataset type: filter-ann
Distance metric: euclidean
Got a train set of size               (620643 * 384) with 1 labels
label names: ['unixtime']
label types: ['int32']
filter expression function: 
def filter_expr(unixtime):
    unixtime_head = unixtime - 3 * 24 * 60 * 60
    unixtime_tail = unixtime
    return f"unixtime >= {unixtime_head} and unixtime <= {unixtime_tail}"

Got 10000 queries
[Vearch] load data with 1 labels!!!
[Vearch] create database: {'code': 0, 'msg': '', 'data': {'id': 1, 'name': 'Vearch_test'}}
[Vearch] create space: {'code': 0, 'msg': '', 'data': {'id': 1, 'name': 'Vearch_test_space', 'resource_name': 'default', 'version': 2, 'db_id': 1, 'enabled': True, 'partitions': [{'id': 1, 'name': '', 'space_id': 1, 'db_id': 1, 'partition_slot': 0, 'replicas': [1], 'resourceExhausted': False}], 'partition_num': 1, 'replica_num': 1, 'fields': [{'name': 'id', 'type': 'integer', 'desc': '', 'index': {'name': 'id_idx', 'type': 'SCALAR'}}, {'name': 'vector', 'type': 'vector', 'desc': '', 'dimension': 384, 'index': {'name': 'vector_idx', 'type': 'IVFPQ', 'params': {'training_threshold': 100000, 'metric_type': 'L2', 'ncentroids': 128, 'nsubvector': 4, 'bucket_init_size': 1000, 'bucket_max_size': 1280000}}}, {'name': 'unixtime', 'type': 'integer', 'desc': '', 'index': {'name': 'unixtime_idx', 'type': 'SCALAR'}}], 'index': {'name': 'vector_idx', 'type': 'IVFPQ', 'params': {'training_threshold': 100000, 'metric_type': 'L2', 'ncentroids': 128, 'nsubvector': 4, 'bucket_init_size': 1000, 'bucket_max_size': 1280000}}, 'space_properties': {'id': {'field_type': 0, 'type': 'integer', 'index': {'name': 'id_idx', 'type': 'SCALAR'}, 'option': 1}, 'unixtime': {'field_type': 0, 'type': 'integer', 'index': {'name': 'unixtime_idx', 'type': 'SCALAR'}, 'option': 1}, 'vector': {'field_type': 5, 'type': 'vector', 'index': {'name': 'vector_idx', 'type': 'IVFPQ', 'params': {'training_threshold': 100000, 'metric_type': 'L2', 'ncentroids': 128, 'nsubvector': 4, 'bucket_init_size': 1000, 'bucket_max_size': 1280000}}, 'dimension': 384, 'option': 1}}}}
[Vearch] database and space created successfully!!!
[Vearch] Start uploading 620643 vectors...
[Vearch] Uploaded 620643 vectors successfully!!!
Inserted data in 384.9300186634064
Memory usage:  4034296.0
[Vearch] Waiting for index finish...
[Vearch] Index finish!!!
Built index in  13.05331540107727
Index size:  844.0
Running query argument group 1 of 4...
Run 1/1...
Warmup round 1/2...
Processed 1000/9975 queries...
Warmup round 2/2...
Processed 2000/9975 queries...
Processed 3000/9975 queries...
Processed 4000/9975 queries...
Processed 5000/9975 queries...
Processed 6000/9975 queries...
Processed 7000/9975 queries...
Processed 8000/9975 queries...
Processed 9000/9975 queries...
Processed 10000/9975 queries...
Processed 11000/9975 queries...
Running query argument group 2 of 4...
Run 1/1...
Warmup round 1/2...
Processed 1000/9975 queries...
Warmup round 2/2...
Processed 2000/9975 queries...
Processed 3000/9975 queries...
Processed 4000/9975 queries...
Processed 5000/9975 queries...
Processed 6000/9975 queries...
Processed 7000/9975 queries...
Processed 8000/9975 queries...
Processed 9000/9975 queries...
Processed 10000/9975 queries...
Processed 11000/9975 queries...
Running query argument group 3 of 4...
Run 1/1...
Warmup round 1/2...
Processed 1000/9975 queries...
Warmup round 2/2...
Processed 2000/9975 queries...
Processed 3000/9975 queries...
Processed 4000/9975 queries...
Processed 5000/9975 queries...
Processed 6000/9975 queries...
Processed 7000/9975 queries...
Processed 8000/9975 queries...
Processed 9000/9975 queries...
Processed 10000/9975 queries...
Processed 11000/9975 queries...
Running query argument group 4 of 4...
Run 1/1...
Warmup round 1/2...
Processed 1000/9975 queries...
Warmup round 2/2...
Processed 2000/9975 queries...
Processed 3000/9975 queries...
Processed 4000/9975 queries...
Processed 5000/9975 queries...
Processed 6000/9975 queries...
Processed 7000/9975 queries...
Processed 8000/9975 queries...
Processed 9000/9975 queries...
Processed 10000/9975 queries...
Processed 11000/9975 queries...
Processed 0/9975 inserts...
Processed 1000/9975 inserts...
Processed 2000/9975 inserts...
Processed 3000/9975 inserts...
Processed 4000/9975 inserts...
Processed 5000/9975 inserts...
Processed 6000/9975 inserts...
Processed 7000/9975 inserts...
Processed 8000/9975 inserts...
Processed 9000/9975 inserts...
Processed 0/9975 updates...
Processed 1000/9975 updates...
Processed 2000/9975 updates...
Processed 3000/9975 updates...
Processed 4000/9975 updates...
Processed 5000/9975 updates...
Processed 6000/9975 updates...
Processed 7000/9975 updates...
Processed 8000/9975 updates...
Processed 9000/9975 updates...
Processed 0/9975 deletes...
Processed 1000/9975 deletes...
Processed 2000/9975 deletes...
Processed 3000/9975 deletes...
Processed 4000/9975 deletes...
Processed 5000/9975 deletes...
Processed 6000/9975 deletes...
Processed 7000/9975 deletes...
Processed 8000/9975 deletes...
Processed 9000/9975 deletes...
[Vearch] collection deleted successfully!!!
[Vearch] docker compose --profile standalone down successfully!!!
Trying to instantiate bigvectorbench.algorithms.vearch.VearchIvfPQ(['euclidean', 384, {'ncentroids': 512, 'nsubvector': 16}])
[Vearch] docker compose --profile standalone up successfully!!!
[Vearch] client connected successfully!!!
Dataset type: filter-ann
Distance metric: euclidean
Got a train set of size               (620643 * 384) with 1 labels
label names: ['unixtime']
label types: ['int32']
filter expression function: 
def filter_expr(unixtime):
    unixtime_head = unixtime - 3 * 24 * 60 * 60
    unixtime_tail = unixtime
    return f"unixtime >= {unixtime_head} and unixtime <= {unixtime_tail}"

Got 10000 queries
[Vearch] load data with 1 labels!!!
[Vearch] create database: {'code': 0, 'msg': '', 'data': {'id': 1, 'name': 'Vearch_test'}}
[Vearch] create space: {'code': 0, 'msg': '', 'data': {'id': 1, 'name': 'Vearch_test_space', 'resource_name': 'default', 'version': 2, 'db_id': 1, 'enabled': True, 'partitions': [{'id': 1, 'name': '', 'space_id': 1, 'db_id': 1, 'partition_slot': 0, 'replicas': [1], 'resourceExhausted': False}], 'partition_num': 1, 'replica_num': 1, 'fields': [{'name': 'id', 'type': 'integer', 'desc': '', 'index': {'name': 'id_idx', 'type': 'SCALAR'}}, {'name': 'vector', 'type': 'vector', 'desc': '', 'dimension': 384, 'index': {'name': 'vector_idx', 'type': 'IVFPQ', 'params': {'training_threshold': 100000, 'metric_type': 'L2', 'ncentroids': 512, 'nsubvector': 16, 'bucket_init_size': 1000, 'bucket_max_size': 1280000}}}, {'name': 'unixtime', 'type': 'integer', 'desc': '', 'index': {'name': 'unixtime_idx', 'type': 'SCALAR'}}], 'index': {'name': 'vector_idx', 'type': 'IVFPQ', 'params': {'training_threshold': 100000, 'metric_type': 'L2', 'ncentroids': 512, 'nsubvector': 16, 'bucket_init_size': 1000, 'bucket_max_size': 1280000}}, 'space_properties': {'id': {'field_type': 0, 'type': 'integer', 'index': {'name': 'id_idx', 'type': 'SCALAR'}, 'option': 1}, 'unixtime': {'field_type': 0, 'type': 'integer', 'index': {'name': 'unixtime_idx', 'type': 'SCALAR'}, 'option': 1}, 'vector': {'field_type': 5, 'type': 'vector', 'index': {'name': 'vector_idx', 'type': 'IVFPQ', 'params': {'training_threshold': 100000, 'metric_type': 'L2', 'ncentroids': 512, 'nsubvector': 16, 'bucket_init_size': 1000, 'bucket_max_size': 1280000}}, 'dimension': 384, 'option': 1}}}}
[Vearch] database and space created successfully!!!
[Vearch] Start uploading 620643 vectors...
[Vearch] Uploaded 620643 vectors successfully!!!
Inserted data in 382.3763539791107
Memory usage:  4099836.0
[Vearch] Waiting for index finish...
[Vearch] Index finish!!!
Built index in  13.057275295257568
Index size:  -6316.0
Running query argument group 1 of 4...
Run 1/1...
Warmup round 1/2...
Processed 1000/9975 queries...
Warmup round 2/2...
Processed 2000/9975 queries...
Processed 3000/9975 queries...
Processed 4000/9975 queries...
Processed 5000/9975 queries...
Processed 6000/9975 queries...
Processed 7000/9975 queries...
Processed 8000/9975 queries...
Processed 9000/9975 queries...
Processed 10000/9975 queries...
 Container vearch-standalone  Stopping
 Container vearch-standalone  Stopped
 Container vearch-standalone  Removing
 Container vearch-standalone  Removed
 Network vearch_network_cluster  Removing
 Network vearch_network_cluster  Removed
 Network vearch_network_cluster  Creating
 Network vearch_network_cluster  Created
 Container vearch-standalone  Creating
 Container vearch-standalone  Created
 Container vearch-standalone  Starting
 Container vearch-standalone  Started
 Container vearch-standalone  Stopping
 Container vearch-standalone  Stopped
 Container vearch-standalone  Removing
 Container vearch-standalone  Removed
 Network vearch_network_cluster  Removing
 Network vearch_network_cluster  Removed
 Network vearch_network_cluster  Creating
 Network vearch_network_cluster  Created
 Container vearch-standalone  Creating
 Container vearch-standalone  Created
 Container vearch-standalone  Starting
 Container vearch-standalone  Started
Processed 11000/9975 queries...
Running query argument group 2 of 4...
Run 1/1...
Warmup round 1/2...
Processed 1000/9975 queries...
Warmup round 2/2...
Processed 2000/9975 queries...
Processed 3000/9975 queries...
Processed 4000/9975 queries...
Processed 5000/9975 queries...
Processed 6000/9975 queries...
Processed 7000/9975 queries...
Processed 8000/9975 queries...
Processed 9000/9975 queries...
Processed 10000/9975 queries...
Processed 11000/9975 queries...
Running query argument group 3 of 4...
Run 1/1...
Warmup round 1/2...
Processed 1000/9975 queries...
Warmup round 2/2...
Processed 2000/9975 queries...
Processed 3000/9975 queries...
Processed 4000/9975 queries...
Processed 5000/9975 queries...
Processed 6000/9975 queries...
Processed 7000/9975 queries...
Processed 8000/9975 queries...
Processed 9000/9975 queries...
Processed 10000/9975 queries...
Processed 11000/9975 queries...
Running query argument group 4 of 4...
Run 1/1...
Warmup round 1/2...
Processed 1000/9975 queries...
Warmup round 2/2...
Processed 2000/9975 queries...
Processed 3000/9975 queries...
Processed 4000/9975 queries...
Processed 5000/9975 queries...
Processed 6000/9975 queries...
Processed 7000/9975 queries...
Processed 8000/9975 queries...
Processed 9000/9975 queries...
Processed 10000/9975 queries...
Processed 11000/9975 queries...
Processed 0/9975 inserts...
Processed 1000/9975 inserts...
Processed 2000/9975 inserts...
Processed 3000/9975 inserts...
Processed 4000/9975 inserts...
Processed 5000/9975 inserts...
Processed 6000/9975 inserts...
Processed 7000/9975 inserts...
Processed 8000/9975 inserts...
Processed 9000/9975 inserts...
Processed 0/9975 updates...
Processed 1000/9975 updates...
Processed 2000/9975 updates...
Processed 3000/9975 updates...
Processed 4000/9975 updates...
Processed 5000/9975 updates...
Processed 6000/9975 updates...
Processed 7000/9975 updates...
Processed 8000/9975 updates...
Processed 9000/9975 updates...
Processed 0/9975 deletes...
Processed 1000/9975 deletes...
Processed 2000/9975 deletes...
Processed 3000/9975 deletes...
Processed 4000/9975 deletes...
Processed 5000/9975 deletes...
Processed 6000/9975 deletes...
Processed 7000/9975 deletes...
Processed 8000/9975 deletes...
Processed 9000/9975 deletes...
[Vearch] collection deleted successfully!!!
[Vearch] docker compose --profile standalone down successfully!!!
Trying to instantiate bigvectorbench.algorithms.vearch.VearchIvfPQ(['euclidean', 384, {'ncentroids': 1024, 'nsubvector': 8}])
[Vearch] docker compose --profile standalone up successfully!!!
[Vearch] client connected successfully!!!
Dataset type: filter-ann
Distance metric: euclidean
Got a train set of size               (620643 * 384) with 1 labels
label names: ['unixtime']
label types: ['int32']
filter expression function: 
def filter_expr(unixtime):
    unixtime_head = unixtime - 3 * 24 * 60 * 60
    unixtime_tail = unixtime
    return f"unixtime >= {unixtime_head} and unixtime <= {unixtime_tail}"

Got 10000 queries
[Vearch] load data with 1 labels!!!
[Vearch] create database: {'code': 0, 'msg': '', 'data': {'id': 1, 'name': 'Vearch_test'}}
[Vearch] create space: {'code': 0, 'msg': '', 'data': {'id': 1, 'name': 'Vearch_test_space', 'resource_name': 'default', 'version': 2, 'db_id': 1, 'enabled': True, 'partitions': [{'id': 1, 'name': '', 'space_id': 1, 'db_id': 1, 'partition_slot': 0, 'replicas': [1], 'resourceExhausted': False}], 'partition_num': 1, 'replica_num': 1, 'fields': [{'name': 'id', 'type': 'integer', 'desc': '', 'index': {'name': 'id_idx', 'type': 'SCALAR'}}, {'name': 'vector', 'type': 'vector', 'desc': '', 'dimension': 384, 'index': {'name': 'vector_idx', 'type': 'IVFPQ', 'params': {'training_threshold': 100000, 'metric_type': 'L2', 'ncentroids': 1024, 'nsubvector': 8, 'bucket_init_size': 1000, 'bucket_max_size': 1280000}}}, {'name': 'unixtime', 'type': 'integer', 'desc': '', 'index': {'name': 'unixtime_idx', 'type': 'SCALAR'}}], 'index': {'name': 'vector_idx', 'type': 'IVFPQ', 'params': {'training_threshold': 100000, 'metric_type': 'L2', 'ncentroids': 1024, 'nsubvector': 8, 'bucket_init_size': 1000, 'bucket_max_size': 1280000}}, 'space_properties': {'id': {'field_type': 0, 'type': 'integer', 'index': {'name': 'id_idx', 'type': 'SCALAR'}, 'option': 1}, 'unixtime': {'field_type': 0, 'type': 'integer', 'index': {'name': 'unixtime_idx', 'type': 'SCALAR'}, 'option': 1}, 'vector': {'field_type': 5, 'type': 'vector', 'index': {'name': 'vector_idx', 'type': 'IVFPQ', 'params': {'training_threshold': 100000, 'metric_type': 'L2', 'ncentroids': 1024, 'nsubvector': 8, 'bucket_init_size': 1000, 'bucket_max_size': 1280000}}, 'dimension': 384, 'option': 1}}}}
[Vearch] database and space created successfully!!!
[Vearch] Start uploading 620643 vectors...
[Vearch] Uploaded 620643 vectors successfully!!!
Inserted data in 384.0268204212189
Memory usage:  4147860.0
[Vearch] Waiting for index finish...
[Vearch] Index finish!!!
Built index in  13.050132036209106
Index size:  2448.0
Running query argument group 1 of 4...
Run 1/1...
Warmup round 1/2...
Processed 1000/9975 queries...
Warmup round 2/2...
Processed 2000/9975 queries...
Processed 3000/9975 queries...
Processed 4000/9975 queries...
Processed 5000/9975 queries...
Processed 6000/9975 queries...
Processed 7000/9975 queries...
Processed 8000/9975 queries...
Processed 9000/9975 queries...
Processed 10000/9975 queries...
Processed 11000/9975 queries...
Running query argument group 2 of 4...
Run 1/1...
Warmup round 1/2...
Processed 1000/9975 queries...
Warmup round 2/2...
Processed 2000/9975 queries...
Processed 3000/9975 queries...
Processed 4000/9975 queries...
Processed 5000/9975 queries...
Processed 6000/9975 queries...
Processed 7000/9975 queries...
Processed 8000/9975 queries...
Processed 9000/9975 queries...
Processed 10000/9975 queries...
Processed 11000/9975 queries...
Running query argument group 3 of 4...
Run 1/1...
Warmup round 1/2...
Processed 1000/9975 queries...
Warmup round 2/2...
Processed 2000/9975 queries...
Processed 3000/9975 queries...
Processed 4000/9975 queries...
Processed 5000/9975 queries...
Processed 6000/9975 queries...
Processed 7000/9975 queries...
Processed 8000/9975 queries...
Processed 9000/9975 queries...
Processed 10000/9975 queries...
Processed 11000/9975 queries...
Running query argument group 4 of 4...
Run 1/1...
Warmup round 1/2...
Processed 1000/9975 queries...
Warmup round 2/2...
Processed 2000/9975 queries...
Processed 3000/9975 queries...
Processed 4000/9975 queries...
Processed 5000/9975 queries...
Processed 6000/9975 queries...
Processed 7000/9975 queries...
Processed 8000/9975 queries...
Processed 9000/9975 queries...
Processed 10000/9975 queries...
Processed 11000/9975 queries...
Processed 0/9975 inserts...
Processed 1000/9975 inserts...
Processed 2000/9975 inserts...
Processed 3000/9975 inserts...
Processed 4000/9975 inserts...
Processed 5000/9975 inserts...
Processed 6000/9975 inserts...
Processed 7000/9975 inserts...
Processed 8000/9975 inserts...
Processed 9000/9975 inserts...
Processed 0/9975 updates...
Processed 1000/9975 updates...
Processed 2000/9975 updates...
Processed 3000/9975 updates...
Processed 4000/9975 updates...
Processed 5000/9975 updates...
Processed 6000/9975 updates...
Processed 7000/9975 updates...
Processed 8000/9975 updates...
Processed 9000/9975 updates...
Processed 0/9975 deletes...
Processed 1000/9975 deletes...
Processed 2000/9975 deletes...
Processed 3000/9975 deletes...
Processed 4000/9975 deletes...
Processed 5000/9975 deletes...
Processed 6000/9975 deletes...
Processed 7000/9975 deletes...
Processed 8000/9975 deletes...
Processed 9000/9975 deletes...
[Vearch] collection deleted successfully!!!
[Vearch] docker compose --profile standalone down successfully!!!
Trying to instantiate bigvectorbench.algorithms.vearch.VearchIvfPQ(['euclidean', 384, {'ncentroids': 512, 'nsubvector': 8}])
[Vearch] docker compose --profile standalone up successfully!!!
[Vearch] client connected successfully!!!
Dataset type: filter-ann
Distance metric: euclidean
Got a train set of size               (620643 * 384) with 1 labels
label names: ['unixtime']
label types: ['int32']
 Container vearch-standalone  Stopping
 Container vearch-standalone  Stopped
 Container vearch-standalone  Removing
 Container vearch-standalone  Removed
 Network vearch_network_cluster  Removing
 Network vearch_network_cluster  Removed
 Network vearch_network_cluster  Creating
 Network vearch_network_cluster  Created
 Container vearch-standalone  Creating
 Container vearch-standalone  Created
 Container vearch-standalone  Starting
 Container vearch-standalone  Started
filter expression function: 
def filter_expr(unixtime):
    unixtime_head = unixtime - 3 * 24 * 60 * 60
    unixtime_tail = unixtime
    return f"unixtime >= {unixtime_head} and unixtime <= {unixtime_tail}"

Got 10000 queries
[Vearch] load data with 1 labels!!!
[Vearch] create database: {'code': 0, 'msg': '', 'data': {'id': 1, 'name': 'Vearch_test'}}
[Vearch] create space: {'code': 0, 'msg': '', 'data': {'id': 1, 'name': 'Vearch_test_space', 'resource_name': 'default', 'version': 2, 'db_id': 1, 'enabled': True, 'partitions': [{'id': 1, 'name': '', 'space_id': 1, 'db_id': 1, 'partition_slot': 0, 'replicas': [1], 'resourceExhausted': False}], 'partition_num': 1, 'replica_num': 1, 'fields': [{'name': 'id', 'type': 'integer', 'desc': '', 'index': {'name': 'id_idx', 'type': 'SCALAR'}}, {'name': 'vector', 'type': 'vector', 'desc': '', 'dimension': 384, 'index': {'name': 'vector_idx', 'type': 'IVFPQ', 'params': {'training_threshold': 100000, 'metric_type': 'L2', 'ncentroids': 512, 'nsubvector': 8, 'bucket_init_size': 1000, 'bucket_max_size': 1280000}}}, {'name': 'unixtime', 'type': 'integer', 'desc': '', 'index': {'name': 'unixtime_idx', 'type': 'SCALAR'}}], 'index': {'name': 'vector_idx', 'type': 'IVFPQ', 'params': {'training_threshold': 100000, 'metric_type': 'L2', 'ncentroids': 512, 'nsubvector': 8, 'bucket_init_size': 1000, 'bucket_max_size': 1280000}}, 'space_properties': {'id': {'field_type': 0, 'type': 'integer', 'index': {'name': 'id_idx', 'type': 'SCALAR'}, 'option': 1}, 'unixtime': {'field_type': 0, 'type': 'integer', 'index': {'name': 'unixtime_idx', 'type': 'SCALAR'}, 'option': 1}, 'vector': {'field_type': 5, 'type': 'vector', 'index': {'name': 'vector_idx', 'type': 'IVFPQ', 'params': {'training_threshold': 100000, 'metric_type': 'L2', 'ncentroids': 512, 'nsubvector': 8, 'bucket_init_size': 1000, 'bucket_max_size': 1280000}}, 'dimension': 384, 'option': 1}}}}
[Vearch] database and space created successfully!!!
[Vearch] Start uploading 620643 vectors...
[Vearch] Uploaded 620643 vectors successfully!!!
Inserted data in 383.67136573791504
Memory usage:  4116492.0
[Vearch] Waiting for index finish...
[Vearch] Index finish!!!
Built index in  13.050841569900513
Index size:  540.0
Running query argument group 1 of 4...
Run 1/1...
Warmup round 1/2...
Processed 1000/9975 queries...
Warmup round 2/2...
Processed 2000/9975 queries...
Processed 3000/9975 queries...
Processed 4000/9975 queries...
Processed 5000/9975 queries...
Processed 6000/9975 queries...
Processed 7000/9975 queries...
Processed 8000/9975 queries...
Processed 9000/9975 queries...
Processed 10000/9975 queries...
Processed 11000/9975 queries...
Running query argument group 2 of 4...
Run 1/1...
Warmup round 1/2...
Processed 1000/9975 queries...
Warmup round 2/2...
Processed 2000/9975 queries...
Processed 3000/9975 queries...
Processed 4000/9975 queries...
Processed 5000/9975 queries...
Processed 6000/9975 queries...
Processed 7000/9975 queries...
Processed 8000/9975 queries...
Processed 9000/9975 queries...
Processed 10000/9975 queries...
Processed 11000/9975 queries...
Running query argument group 3 of 4...
Run 1/1...
Warmup round 1/2...
Processed 1000/9975 queries...
Warmup round 2/2...
Processed 2000/9975 queries...
Processed 3000/9975 queries...
Processed 4000/9975 queries...
Processed 5000/9975 queries...
Processed 6000/9975 queries...
Processed 7000/9975 queries...
Processed 8000/9975 queries...
Processed 9000/9975 queries...
Processed 10000/9975 queries...
Processed 11000/9975 queries...
Running query argument group 4 of 4...
Run 1/1...
Warmup round 1/2...
Processed 1000/9975 queries...
Warmup round 2/2...
Processed 2000/9975 queries...
Processed 3000/9975 queries...
Processed 4000/9975 queries...
Processed 5000/9975 queries...
Processed 6000/9975 queries...
Processed 7000/9975 queries...
Processed 8000/9975 queries...
Processed 9000/9975 queries...
Processed 10000/9975 queries...
Processed 11000/9975 queries...
Processed 0/9975 inserts...
Processed 1000/9975 inserts...
Processed 2000/9975 inserts...
Processed 3000/9975 inserts...
Processed 4000/9975 inserts...
Processed 5000/9975 inserts...
Processed 6000/9975 inserts...
Processed 7000/9975 inserts...
Processed 8000/9975 inserts...
Processed 9000/9975 inserts...
Processed 0/9975 updates...
Processed 1000/9975 updates...
Processed 2000/9975 updates...
Processed 3000/9975 updates...
Processed 4000/9975 updates...
Processed 5000/9975 updates...
Processed 6000/9975 updates...
Processed 7000/9975 updates...
Processed 8000/9975 updates...
Processed 9000/9975 updates...
Processed 0/9975 deletes...
Processed 1000/9975 deletes...
Processed 2000/9975 deletes...
Processed 3000/9975 deletes...
Processed 4000/9975 deletes...
Processed 5000/9975 deletes...
Processed 6000/9975 deletes...
Processed 7000/9975 deletes...
Processed 8000/9975 deletes...
Processed 9000/9975 deletes...
[Vearch] collection deleted successfully!!!
[Vearch] docker compose --profile standalone down successfully!!!
Trying to instantiate bigvectorbench.algorithms.vearch.VearchIvfPQ(['euclidean', 384, {'ncentroids': 128, 'nsubvector': 16}])
[Vearch] docker compose --profile standalone up successfully!!!
[Vearch] client connected successfully!!!
Dataset type: filter-ann
Distance metric: euclidean
Got a train set of size               (620643 * 384) with 1 labels
label names: ['unixtime']
label types: ['int32']
filter expression function: 
def filter_expr(unixtime):
    unixtime_head = unixtime - 3 * 24 * 60 * 60
    unixtime_tail = unixtime
    return f"unixtime >= {unixtime_head} and unixtime <= {unixtime_tail}"

Got 10000 queries
[Vearch] load data with 1 labels!!!
[Vearch] create database: {'code': 0, 'msg': '', 'data': {'id': 1, 'name': 'Vearch_test'}}
[Vearch] create space: {'code': 0, 'msg': '', 'data': {'id': 1, 'name': 'Vearch_test_space', 'resource_name': 'default', 'version': 2, 'db_id': 1, 'enabled': True, 'partitions': [{'id': 1, 'name': '', 'space_id': 1, 'db_id': 1, 'partition_slot': 0, 'replicas': [1], 'resourceExhausted': False}], 'partition_num': 1, 'replica_num': 1, 'fields': [{'name': 'id', 'type': 'integer', 'desc': '', 'index': {'name': 'id_idx', 'type': 'SCALAR'}}, {'name': 'vector', 'type': 'vector', 'desc': '', 'dimension': 384, 'index': {'name': 'vector_idx', 'type': 'IVFPQ', 'params': {'training_threshold': 100000, 'metric_type': 'L2', 'ncentroids': 128, 'nsubvector': 16, 'bucket_init_size': 1000, 'bucket_max_size': 1280000}}}, {'name': 'unixtime', 'type': 'integer', 'desc': '', 'index': {'name': 'unixtime_idx', 'type': 'SCALAR'}}], 'index': {'name': 'vector_idx', 'type': 'IVFPQ', 'params': {'training_threshold': 100000, 'metric_type': 'L2', 'ncentroids': 128, 'nsubvector': 16, 'bucket_init_size': 1000, 'bucket_max_size': 1280000}}, 'space_properties': {'id': {'field_type': 0, 'type': 'integer', 'index': {'name': 'id_idx', 'type': 'SCALAR'}, 'option': 1}, 'unixtime': {'field_type': 0, 'type': 'integer', 'index': {'name': 'unixtime_idx', 'type': 'SCALAR'}, 'option': 1}, 'vector': {'field_type': 5, 'type': 'vector', 'index': {'name': 'vector_idx', 'type': 'IVFPQ', 'params': {'training_threshold': 100000, 'metric_type': 'L2', 'ncentroids': 128, 'nsubvector': 16, 'bucket_init_size': 1000, 'bucket_max_size': 1280000}}, 'dimension': 384, 'option': 1}}}}
[Vearch] database and space created successfully!!!
[Vearch] Start uploading 620643 vectors...
[Vearch] Uploaded 620643 vectors successfully!!!
Inserted data in 382.73187160491943
Memory usage:  4126416.0
[Vearch] Waiting for index finish...
[Vearch] Index finish!!!
Built index in  13.054190397262573
Index size:  2672.0
Running query argument group 1 of 4...
Run 1/1...
Warmup round 1/2...
Processed 1000/9975 queries...
Warmup round 2/2...
Processed 2000/9975 queries...
Processed 3000/9975 queries...
Processed 4000/9975 queries...
Processed 5000/9975 queries...
Processed 6000/9975 queries...
Processed 7000/9975 queries...
Processed 8000/9975 queries...
Processed 9000/9975 queries...
Processed 10000/9975 queries...
Processed 11000/9975 queries...
Running query argument group 2 of 4...
Run 1/1...
Warmup round 1/2...
Processed 1000/9975 queries...
Warmup round 2/2...
Processed 2000/9975 queries...
 Container vearch-standalone  Stopping
 Container vearch-standalone  Stopped
 Container vearch-standalone  Removing
 Container vearch-standalone  Removed
 Network vearch_network_cluster  Removing
 Network vearch_network_cluster  Removed
 Network vearch_network_cluster  Creating
 Network vearch_network_cluster  Created
 Container vearch-standalone  Creating
 Container vearch-standalone  Created
 Container vearch-standalone  Starting
 Container vearch-standalone  Started
 Container vearch-standalone  Stopping
 Container vearch-standalone  Stopped
 Container vearch-standalone  Removing
 Container vearch-standalone  Removed
 Network vearch_network_cluster  Removing
 Network vearch_network_cluster  Removed
Processed 3000/9975 queries...
Processed 4000/9975 queries...
Processed 5000/9975 queries...
Processed 6000/9975 queries...
Processed 7000/9975 queries...
Processed 8000/9975 queries...
Processed 9000/9975 queries...
Processed 10000/9975 queries...
Processed 11000/9975 queries...
Running query argument group 3 of 4...
Run 1/1...
Warmup round 1/2...
Processed 1000/9975 queries...
Warmup round 2/2...
Processed 2000/9975 queries...
Processed 3000/9975 queries...
Processed 4000/9975 queries...
Processed 5000/9975 queries...
Processed 6000/9975 queries...
Processed 7000/9975 queries...
Processed 8000/9975 queries...
Processed 9000/9975 queries...
Processed 10000/9975 queries...
Processed 11000/9975 queries...
Running query argument group 4 of 4...
Run 1/1...
Warmup round 1/2...
Processed 1000/9975 queries...
Warmup round 2/2...
Processed 2000/9975 queries...
Processed 3000/9975 queries...
Processed 4000/9975 queries...
Processed 5000/9975 queries...
Processed 6000/9975 queries...
Processed 7000/9975 queries...
Processed 8000/9975 queries...
Processed 9000/9975 queries...
Processed 10000/9975 queries...
Processed 11000/9975 queries...
Processed 0/9975 inserts...
Processed 1000/9975 inserts...
Processed 2000/9975 inserts...
Processed 3000/9975 inserts...
Processed 4000/9975 inserts...
Processed 5000/9975 inserts...
Processed 6000/9975 inserts...
Processed 7000/9975 inserts...
Processed 8000/9975 inserts...
Processed 9000/9975 inserts...
Processed 0/9975 updates...
Processed 1000/9975 updates...
Processed 2000/9975 updates...
Processed 3000/9975 updates...
Processed 4000/9975 updates...
Processed 5000/9975 updates...
Processed 6000/9975 updates...
Processed 7000/9975 updates...
Processed 8000/9975 updates...
Processed 9000/9975 updates...
Processed 0/9975 deletes...
Processed 1000/9975 deletes...
Processed 2000/9975 deletes...
Processed 3000/9975 deletes...
Processed 4000/9975 deletes...
Processed 5000/9975 deletes...
Processed 6000/9975 deletes...
Processed 7000/9975 deletes...
Processed 8000/9975 deletes...
Processed 9000/9975 deletes...
[Vearch] collection deleted successfully!!!
[Vearch] docker compose --profile standalone down successfully!!!
Trying to instantiate bigvectorbench.algorithms.vearch.VearchIvfPQ(['euclidean', 384, {'ncentroids': 128, 'nsubvector': 8}])
[Vearch] docker compose --profile standalone up successfully!!!
[Vearch] client connected successfully!!!
Dataset type: filter-ann
Distance metric: euclidean
Got a train set of size               (620643 * 384) with 1 labels
label names: ['unixtime']
label types: ['int32']
filter expression function: 
def filter_expr(unixtime):
    unixtime_head = unixtime - 3 * 24 * 60 * 60
    unixtime_tail = unixtime
    return f"unixtime >= {unixtime_head} and unixtime <= {unixtime_tail}"

Got 10000 queries
[Vearch] load data with 1 labels!!!
[Vearch] create database: {'code': 0, 'msg': '', 'data': {'id': 1, 'name': 'Vearch_test'}}
[Vearch] create space: {'code': 0, 'msg': '', 'data': {'id': 1, 'name': 'Vearch_test_space', 'resource_name': 'default', 'version': 2, 'db_id': 1, 'enabled': True, 'partitions': [{'id': 1, 'name': '', 'space_id': 1, 'db_id': 1, 'partition_slot': 0, 'replicas': [1], 'resourceExhausted': False}], 'partition_num': 1, 'replica_num': 1, 'fields': [{'name': 'id', 'type': 'integer', 'desc': '', 'index': {'name': 'id_idx', 'type': 'SCALAR'}}, {'name': 'vector', 'type': 'vector', 'desc': '', 'dimension': 384, 'index': {'name': 'vector_idx', 'type': 'IVFPQ', 'params': {'training_threshold': 100000, 'metric_type': 'L2', 'ncentroids': 128, 'nsubvector': 8, 'bucket_init_size': 1000, 'bucket_max_size': 1280000}}}, {'name': 'unixtime', 'type': 'integer', 'desc': '', 'index': {'name': 'unixtime_idx', 'type': 'SCALAR'}}], 'index': {'name': 'vector_idx', 'type': 'IVFPQ', 'params': {'training_threshold': 100000, 'metric_type': 'L2', 'ncentroids': 128, 'nsubvector': 8, 'bucket_init_size': 1000, 'bucket_max_size': 1280000}}, 'space_properties': {'id': {'field_type': 0, 'type': 'integer', 'index': {'name': 'id_idx', 'type': 'SCALAR'}, 'option': 1}, 'unixtime': {'field_type': 0, 'type': 'integer', 'index': {'name': 'unixtime_idx', 'type': 'SCALAR'}, 'option': 1}, 'vector': {'field_type': 5, 'type': 'vector', 'index': {'name': 'vector_idx', 'type': 'IVFPQ', 'params': {'training_threshold': 100000, 'metric_type': 'L2', 'ncentroids': 128, 'nsubvector': 8, 'bucket_init_size': 1000, 'bucket_max_size': 1280000}}, 'dimension': 384, 'option': 1}}}}
[Vearch] database and space created successfully!!!
[Vearch] Start uploading 620643 vectors...
[Vearch] Uploaded 620643 vectors successfully!!!
Inserted data in 386.1662759780884
Memory usage:  4102144.0
[Vearch] Waiting for index finish...
[Vearch] Index finish!!!
Built index in  13.056595087051392
Index size:  1328.0
Running query argument group 1 of 4...
Run 1/1...
Warmup round 1/2...
Processed 1000/9975 queries...
Warmup round 2/2...
Processed 2000/9975 queries...
Processed 3000/9975 queries...
Processed 4000/9975 queries...
Processed 5000/9975 queries...
Processed 6000/9975 queries...
Processed 7000/9975 queries...
Processed 8000/9975 queries...
Processed 9000/9975 queries...
Processed 10000/9975 queries...
Processed 11000/9975 queries...
Running query argument group 2 of 4...
Run 1/1...
Warmup round 1/2...
Processed 1000/9975 queries...
Warmup round 2/2...
Processed 2000/9975 queries...
Processed 3000/9975 queries...
Processed 4000/9975 queries...
Processed 5000/9975 queries...
Processed 6000/9975 queries...
Processed 7000/9975 queries...
Processed 8000/9975 queries...
Processed 9000/9975 queries...
Processed 10000/9975 queries...
Processed 11000/9975 queries...
Running query argument group 3 of 4...
Run 1/1...
Warmup round 1/2...
Processed 1000/9975 queries...
Warmup round 2/2...
Processed 2000/9975 queries...
Processed 3000/9975 queries...
Processed 4000/9975 queries...
Processed 5000/9975 queries...
Processed 6000/9975 queries...
Processed 7000/9975 queries...
Processed 8000/9975 queries...
Processed 9000/9975 queries...
Processed 10000/9975 queries...
Processed 11000/9975 queries...
Running query argument group 4 of 4...
Run 1/1...
Warmup round 1/2...
Processed 1000/9975 queries...
Warmup round 2/2...
Processed 2000/9975 queries...
Processed 3000/9975 queries...
Processed 4000/9975 queries...
Processed 5000/9975 queries...
Processed 6000/9975 queries...
Processed 7000/9975 queries...
Processed 8000/9975 queries...
Processed 9000/9975 queries...
Processed 10000/9975 queries...
Processed 11000/9975 queries...
Processed 0/9975 inserts...
Processed 1000/9975 inserts...
Processed 2000/9975 inserts...
Processed 3000/9975 inserts...
Processed 4000/9975 inserts...
Processed 5000/9975 inserts...
Processed 6000/9975 inserts...
Processed 7000/9975 inserts...
Processed 8000/9975 inserts...
Processed 9000/9975 inserts...
Processed 0/9975 updates...
Processed 1000/9975 updates...
Processed 2000/9975 updates...
Processed 3000/9975 updates...
Processed 4000/9975 updates...
Processed 5000/9975 updates...
Processed 6000/9975 updates...
Processed 7000/9975 updates...
Processed 8000/9975 updates...
Processed 9000/9975 updates...
Processed 0/9975 deletes...
Processed 1000/9975 deletes...
Processed 2000/9975 deletes...
Processed 3000/9975 deletes...
Processed 4000/9975 deletes...
Processed 5000/9975 deletes...
Processed 6000/9975 deletes...
Processed 7000/9975 deletes...
Processed 8000/9975 deletes...
Processed 9000/9975 deletes...
[Vearch] collection deleted successfully!!!
[Vearch] docker compose --profile standalone down successfully!!!
2026-08-19 07:19:48,081 - bvb - INFO - Terminating 1 workers
