START 2026-08-24T10:30:47+08:00 slot=0 cpuset=0-27
2026-08-24 10:30:49,477 - bvb - INFO - running only weaviate-hnsw
2026-08-24 10:30:49,912 - bvb - INFO - Order: [Definition(algorithm='weaviate-hnsw', constructor='WeaviateHNSW', module='bigvectorbench.algorithms.weaviate', docker_tag='bigvectorbench-weaviate', arguments=['euclidean', {'M': 64, 'efConstruction': 400}], query_argument_groups=[[100], [200], [400], [800], [1600]], disabled=False), Definition(algorithm='weaviate-hnsw', constructor='WeaviateHNSW', module='bigvectorbench.algorithms.weaviate', docker_tag='bigvectorbench-weaviate', arguments=['euclidean', {'M': 32, 'efConstruction': 400}], query_argument_groups=[[100], [200], [400], [800], [1600]], disabled=False), Definition(algorithm='weaviate-hnsw', constructor='WeaviateHNSW', module='bigvectorbench.algorithms.weaviate', docker_tag='bigvectorbench-weaviate', arguments=['euclidean', {'M': 64, 'efConstruction': 100}], query_argument_groups=[[100], [200], [400], [800], [1600]], disabled=False), Definition(algorithm='weaviate-hnsw', constructor='WeaviateHNSW', module='bigvectorbench.algorithms.weaviate', docker_tag='bigvectorbench-weaviate', arguments=['euclidean', {'M': 32, 'efConstruction': 100}], query_argument_groups=[[100], [200], [400], [800], [1600]], disabled=False), Definition(algorithm='weaviate-hnsw', constructor='WeaviateHNSW', module='bigvectorbench.algorithms.weaviate', docker_tag='bigvectorbench-weaviate', arguments=['euclidean', {'M': 128, 'efConstruction': 400}], query_argument_groups=[[100], [200], [400], [800], [1600]], disabled=False)]
 Network weaviate_default  Creating
 Network weaviate_default  Created
 Container weaviate-weaviate-1  Creating
 Container weaviate-weaviate-1  Created
 Container weaviate-weaviate-1  Starting
 Container weaviate-weaviate-1  Started
<remote_artifact> DeprecationWarning: Dep005: You are using weaviate-client version 4.7.1. The latest version is 4.23.0.
            Consider upgrading to the latest version. See https://weaviate.io/developers/weaviate/client-libraries/python for details.
  warnings.warn(
<remote_artifact> DeprecationWarning: __array__ implementation doesn't accept a copy keyword, so passing copy=False failed. __array__ must implement 'dtype' and 'copy' keyword arguments. To learn more, see the migration guide https://numpy.org/devdocs/numpy_2_0_migration_guide.html#adapting-to-changes-in-the-copy-keyword
  X_train = np.array(D["train_vec"])
<remote_artifact> DeprecationWarning: __array__ implementation doesn't accept a copy keyword, so passing copy=False failed. __array__ must implement 'dtype' and 'copy' keyword arguments. To learn more, see the migration guide https://numpy.org/devdocs/numpy_2_0_migration_guide.html#adapting-to-changes-in-the-copy-keyword
  X_train_label = np.array(D["train_label"])
<remote_artifact> DeprecationWarning: __array__ implementation doesn't accept a copy keyword, so passing copy=False failed. __array__ must implement 'dtype' and 'copy' keyword arguments. To learn more, see the migration guide https://numpy.org/devdocs/numpy_2_0_migration_guide.html#adapting-to-changes-in-the-copy-keyword
  X_test = np.array(D["test_vec"])
<remote_artifact> DeprecationWarning: __array__ implementation doesn't accept a copy keyword, so passing copy=False failed. __array__ must implement 'dtype' and 'copy' keyword arguments. To learn more, see the migration guide https://numpy.org/devdocs/numpy_2_0_migration_guide.html#adapting-to-changes-in-the-copy-keyword
  X_test_label = np.array(D["test_label"])
<remote_artifact> PydanticDeprecatedSince211: Accessing the 'model_fields' attribute on the instance is deprecated. Instead, you should access this attribute from the model class. Deprecated in Pydantic V2.11 to be removed in V3.0.
  for cls_field in self.model_fields:
<remote_artifact> PydanticDeprecatedSince211: Accessing the 'model_fields' attribute on the instance is deprecated. Instead, you should access this attribute from the model class. Deprecated in Pydantic V2.11 to be removed in V3.0.
  for cls_field in self.model_fields:
Trying to instantiate bigvectorbench.algorithms.weaviate.WeaviateHNSW(['euclidean', {'M': 64, 'efConstruction': 400}])
[weaviate] docker compose up successfully!!!
Dataset type: filter-ann
Distance metric: euclidean
Got a train set of size               (620643 * 384) with 1 labels
label names: ['unixtime']
label types: ['int32']
filter expression function: 
def filter_expr(unixtime):
    unixtime_head = unixtime - 3 * 24 * 60 * 60
    unixtime_tail = unixtime
    return f"unixtime >= {unixtime_head} and unixtime <= {unixtime_tail}"

Got 10000 queries
[weaviate] num_labels: 1
[weaviate] Start loading data with 620643 data...
[weaviate] load data with batch size: 1000
[weaviate] load AggregateReturn(properties={}, total_count=620643) data successfully!!!
[weaviate] client.collections.list_all(simple=False): {'Test_weaviate': _CollectionConfig(name='Test_weaviate', description=None, generative_config=None, inverted_index_config=_InvertedIndexConfig(bm25=_BM25Config(b=0.75, k1=1.2), cleanup_interval_seconds=60, index_null_state=False, index_property_length=False, index_timestamps=False, stopwords=_StopwordsConfig(preset=<StopwordsPreset.EN: 'en'>, additions=None, removals=None)), multi_tenancy_config=_MultiTenancyConfig(enabled=False, auto_tenant_creation=False, auto_tenant_activation=False), properties=[_Property(name='unixtime', description=None, data_type=<DataType.INT: 'int'>, index_filterable=True, index_range_filters=False, index_searchable=False, nested_properties=None, tokenization=None, vectorizer_config=None, vectorizer='none')], references=[], replication_config=_ReplicationConfig(factor=1, async_enabled=False), reranker_config=None, sharding_config=_ShardingConfig(virtual_per_physical=128, desired_count=1, actual_count=1, desired_virtual_count=128, actual_virtual_count=128, key='_id', strategy='hash', function='murmur3'), vector_index_config=_VectorIndexConfigHNSW(quantizer=None, cleanup_interval_seconds=300, distance_metric=<VectorDistances.L2_SQUARED: 'l2-squared'>, dynamic_ef_min=100, dynamic_ef_max=500, dynamic_ef_factor=8, ef=-1, ef_construction=400, flat_search_cutoff=40000, max_connections=64, skip=False, vector_cache_max_objects=1000000000000), vector_index_type=<VectorIndexType.HNSW: 'hnsw'>, vectorizer_config=None, vectorizer=<Vectorizers.NONE: 'none'>, vector_config=None)}
Inserted data in 191.5046103000641
Memory usage:  5616336.0
Built index in  16.061256647109985
Index size:  41380.0
Running query argument group 1 of 5...
[weaviate] set_query_arguments: 100
[weaviate] Collection Config: _CollectionConfig(name='Test_weaviate', description=None, generative_config=None, inverted_index_config=_InvertedIndexConfig(bm25=_BM25Config(b=0.75, k1=1.2), cleanup_interval_seconds=60, index_null_state=False, index_property_length=False, index_timestamps=False, stopwords=_StopwordsConfig(preset=<StopwordsPreset.EN: 'en'>, additions=None, removals=None)), multi_tenancy_config=_MultiTenancyConfig(enabled=False, auto_tenant_creation=False, auto_tenant_activation=False), properties=[_Property(name='unixtime', description=None, data_type=<DataType.INT: 'int'>, index_filterable=True, index_range_filters=False, index_searchable=False, nested_properties=None, tokenization=None, vectorizer_config=None, vectorizer='none')], references=[], replication_config=_ReplicationConfig(factor=1, async_enabled=False), reranker_config=None, sharding_config=_ShardingConfig(virtual_per_physical=128, desired_count=1, actual_count=1, desired_virtual_count=128, actual_virtual_count=128, key='_id', strategy='hash', function='murmur3'), vector_index_config=_VectorIndexConfigHNSW(quantizer=None, cleanup_interval_seconds=300, distance_metric=<VectorDistances.L2_SQUARED: 'l2-squared'>, dynamic_ef_min=100, dynamic_ef_max=500, dynamic_ef_factor=8, ef=100, ef_construction=400, flat_search_cutoff=40000, max_connections=64, skip=False, vector_cache_max_objects=1000000000000), vector_index_type=<VectorIndexType.HNSW: 'hnsw'>, vectorizer_config=None, vectorizer=<Vectorizers.NONE: 'none'>, vector_config=None)
Run 1/1...
Warmup round 1/2...
Processed 1000/9975 queries...
Warmup round 2/2...
Processed 2000/9975 queries...
Processed 3000/9975 queries...
Processed 4000/9975 queries...
Processed 5000/9975 queries...
Processed 6000/9975 queries...
Processed 7000/9975 queries...
Processed 8000/9975 queries...
Processed 9000/9975 queries...
Processed 10000/9975 queries...
Processed 11000/9975 queries...
Running query argument group 2 of 5...
[weaviate] set_query_arguments: 200
[weaviate] Collection Config: _CollectionConfig(name='Test_weaviate', description=None, generative_config=None, inverted_index_config=_InvertedIndexConfig(bm25=_BM25Config(b=0.75, k1=1.2), cleanup_interval_seconds=60, index_null_state=False, index_property_length=False, index_timestamps=False, stopwords=_StopwordsConfig(preset=<StopwordsPreset.EN: 'en'>, additions=None, removals=None)), multi_tenancy_config=_MultiTenancyConfig(enabled=False, auto_tenant_creation=False, auto_tenant_activation=False), properties=[_Property(name='unixtime', description=None, data_type=<DataType.INT: 'int'>, index_filterable=True, index_range_filters=False, index_searchable=False, nested_properties=None, tokenization=None, vectorizer_config=None, vectorizer='none')], references=[], replication_config=_ReplicationConfig(factor=1, async_enabled=False), reranker_config=None, sharding_config=_ShardingConfig(virtual_per_physical=128, desired_count=1, actual_count=1, desired_virtual_count=128, actual_virtual_count=128, key='_id', strategy='hash', function='murmur3'), vector_index_config=_VectorIndexConfigHNSW(quantizer=None, cleanup_interval_seconds=300, distance_metric=<VectorDistances.L2_SQUARED: 'l2-squared'>, dynamic_ef_min=100, dynamic_ef_max=500, dynamic_ef_factor=8, ef=200, ef_construction=400, flat_search_cutoff=40000, max_connections=64, skip=False, vector_cache_max_objects=1000000000000), vector_index_type=<VectorIndexType.HNSW: 'hnsw'>, vectorizer_config=None, vectorizer=<Vectorizers.NONE: 'none'>, vector_config=None)
Run 1/1...
Warmup round 1/2...
Processed 1000/9975 queries...
Warmup round 2/2...
Processed 2000/9975 queries...
Processed 3000/9975 queries...
Processed 4000/9975 queries...
Processed 5000/9975 queries...
Processed 6000/9975 queries...
Processed 7000/9975 queries...
Processed 8000/9975 queries...
Processed 9000/9975 queries...
Processed 10000/9975 queries...
Processed 11000/9975 queries...
Running query argument group 3 of 5...
[weaviate] set_query_arguments: 400
[weaviate] Collection Config: _CollectionConfig(name='Test_weaviate', description=None, generative_config=None, inverted_index_config=_InvertedIndexConfig(bm25=_BM25Config(b=0.75, k1=1.2), cleanup_interval_seconds=60, index_null_state=False, index_property_length=False, index_timestamps=False, stopwords=_StopwordsConfig(preset=<StopwordsPreset.EN: 'en'>, additions=None, removals=None)), multi_tenancy_config=_MultiTenancyConfig(enabled=False, auto_tenant_creation=False, auto_tenant_activation=False), properties=[_Property(name='unixtime', description=None, data_type=<DataType.INT: 'int'>, index_filterable=True, index_range_filters=False, index_searchable=False, nested_properties=None, tokenization=None, vectorizer_config=None, vectorizer='none')], references=[], replication_config=_ReplicationConfig(factor=1, async_enabled=False), reranker_config=None, sharding_config=_ShardingConfig(virtual_per_physical=128, desired_count=1, actual_count=1, desired_virtual_count=128, actual_virtual_count=128, key='_id', strategy='hash', function='murmur3'), vector_index_config=_VectorIndexConfigHNSW(quantizer=None, cleanup_interval_seconds=300, distance_metric=<VectorDistances.L2_SQUARED: 'l2-squared'>, dynamic_ef_min=100, dynamic_ef_max=500, dynamic_ef_factor=8, ef=400, ef_construction=400, flat_search_cutoff=40000, max_connections=64, skip=False, vector_cache_max_objects=1000000000000), vector_index_type=<VectorIndexType.HNSW: 'hnsw'>, vectorizer_config=None, vectorizer=<Vectorizers.NONE: 'none'>, vector_config=None)
Run 1/1...
Warmup round 1/2...
Processed 1000/9975 queries...
Warmup round 2/2...
Processed 2000/9975 queries...
Processed 3000/9975 queries...
 Container weaviate-weaviate-1  Stopping
 Container weaviate-weaviate-1  Stopped
 Container weaviate-weaviate-1  Removing
 Container weaviate-weaviate-1  Removed
 Network weaviate_default  Removing
 Network weaviate_default  Removed
 Network weaviate_default  Creating
 Network weaviate_default  Created
 Container weaviate-weaviate-1  Creating
 Container weaviate-weaviate-1  Created
 Container weaviate-weaviate-1  Starting
 Container weaviate-weaviate-1  Started
<remote_artifact> DeprecationWarning: Dep005: You are using weaviate-client version 4.7.1. The latest version is 4.23.0.
            Consider upgrading to the latest version. See https://weaviate.io/developers/weaviate/client-libraries/python for details.
  warnings.warn(
<remote_artifact> DeprecationWarning: __array__ implementation doesn't accept a copy keyword, so passing copy=False failed. __array__ must implement 'dtype' and 'copy' keyword arguments. To learn more, see the migration guide https://numpy.org/devdocs/numpy_2_0_migration_guide.html#adapting-to-changes-in-the-copy-keyword
  X_train = np.array(D["train_vec"])
<remote_artifact> DeprecationWarning: __array__ implementation doesn't accept a copy keyword, so passing copy=False failed. __array__ must implement 'dtype' and 'copy' keyword arguments. To learn more, see the migration guide https://numpy.org/devdocs/numpy_2_0_migration_guide.html#adapting-to-changes-in-the-copy-keyword
  X_train_label = np.array(D["train_label"])
<remote_artifact> DeprecationWarning: __array__ implementation doesn't accept a copy keyword, so passing copy=False failed. __array__ must implement 'dtype' and 'copy' keyword arguments. To learn more, see the migration guide https://numpy.org/devdocs/numpy_2_0_migration_guide.html#adapting-to-changes-in-the-copy-keyword
  X_test = np.array(D["test_vec"])
<remote_artifact> DeprecationWarning: __array__ implementation doesn't accept a copy keyword, so passing copy=False failed. __array__ must implement 'dtype' and 'copy' keyword arguments. To learn more, see the migration guide https://numpy.org/devdocs/numpy_2_0_migration_guide.html#adapting-to-changes-in-the-copy-keyword
  X_test_label = np.array(D["test_label"])
<remote_artifact> PydanticDeprecatedSince211: Accessing the 'model_fields' attribute on the instance is deprecated. Instead, you should access this attribute from the model class. Deprecated in Pydantic V2.11 to be removed in V3.0.
  for cls_field in self.model_fields:
<remote_artifact> PydanticDeprecatedSince211: Accessing the 'model_fields' attribute on the instance is deprecated. Instead, you should access this attribute from the model class. Deprecated in Pydantic V2.11 to be removed in V3.0.
  for cls_field in self.model_fields:
Processed 4000/9975 queries...
Processed 5000/9975 queries...
Processed 6000/9975 queries...
Processed 7000/9975 queries...
Processed 8000/9975 queries...
Processed 9000/9975 queries...
Processed 10000/9975 queries...
Processed 11000/9975 queries...
Running query argument group 4 of 5...
[weaviate] set_query_arguments: 800
[weaviate] Collection Config: _CollectionConfig(name='Test_weaviate', description=None, generative_config=None, inverted_index_config=_InvertedIndexConfig(bm25=_BM25Config(b=0.75, k1=1.2), cleanup_interval_seconds=60, index_null_state=False, index_property_length=False, index_timestamps=False, stopwords=_StopwordsConfig(preset=<StopwordsPreset.EN: 'en'>, additions=None, removals=None)), multi_tenancy_config=_MultiTenancyConfig(enabled=False, auto_tenant_creation=False, auto_tenant_activation=False), properties=[_Property(name='unixtime', description=None, data_type=<DataType.INT: 'int'>, index_filterable=True, index_range_filters=False, index_searchable=False, nested_properties=None, tokenization=None, vectorizer_config=None, vectorizer='none')], references=[], replication_config=_ReplicationConfig(factor=1, async_enabled=False), reranker_config=None, sharding_config=_ShardingConfig(virtual_per_physical=128, desired_count=1, actual_count=1, desired_virtual_count=128, actual_virtual_count=128, key='_id', strategy='hash', function='murmur3'), vector_index_config=_VectorIndexConfigHNSW(quantizer=None, cleanup_interval_seconds=300, distance_metric=<VectorDistances.L2_SQUARED: 'l2-squared'>, dynamic_ef_min=100, dynamic_ef_max=500, dynamic_ef_factor=8, ef=800, ef_construction=400, flat_search_cutoff=40000, max_connections=64, skip=False, vector_cache_max_objects=1000000000000), vector_index_type=<VectorIndexType.HNSW: 'hnsw'>, vectorizer_config=None, vectorizer=<Vectorizers.NONE: 'none'>, vector_config=None)
Run 1/1...
Warmup round 1/2...
Processed 1000/9975 queries...
Warmup round 2/2...
Processed 2000/9975 queries...
Processed 3000/9975 queries...
Processed 4000/9975 queries...
Processed 5000/9975 queries...
Processed 6000/9975 queries...
Processed 7000/9975 queries...
Processed 8000/9975 queries...
Processed 9000/9975 queries...
Processed 10000/9975 queries...
Processed 11000/9975 queries...
Running query argument group 5 of 5...
[weaviate] set_query_arguments: 1600
[weaviate] Collection Config: _CollectionConfig(name='Test_weaviate', description=None, generative_config=None, inverted_index_config=_InvertedIndexConfig(bm25=_BM25Config(b=0.75, k1=1.2), cleanup_interval_seconds=60, index_null_state=False, index_property_length=False, index_timestamps=False, stopwords=_StopwordsConfig(preset=<StopwordsPreset.EN: 'en'>, additions=None, removals=None)), multi_tenancy_config=_MultiTenancyConfig(enabled=False, auto_tenant_creation=False, auto_tenant_activation=False), properties=[_Property(name='unixtime', description=None, data_type=<DataType.INT: 'int'>, index_filterable=True, index_range_filters=False, index_searchable=False, nested_properties=None, tokenization=None, vectorizer_config=None, vectorizer='none')], references=[], replication_config=_ReplicationConfig(factor=1, async_enabled=False), reranker_config=None, sharding_config=_ShardingConfig(virtual_per_physical=128, desired_count=1, actual_count=1, desired_virtual_count=128, actual_virtual_count=128, key='_id', strategy='hash', function='murmur3'), vector_index_config=_VectorIndexConfigHNSW(quantizer=None, cleanup_interval_seconds=300, distance_metric=<VectorDistances.L2_SQUARED: 'l2-squared'>, dynamic_ef_min=100, dynamic_ef_max=500, dynamic_ef_factor=8, ef=1600, ef_construction=400, flat_search_cutoff=40000, max_connections=64, skip=False, vector_cache_max_objects=1000000000000), vector_index_type=<VectorIndexType.HNSW: 'hnsw'>, vectorizer_config=None, vectorizer=<Vectorizers.NONE: 'none'>, vector_config=None)
Run 1/1...
Warmup round 1/2...
Processed 1000/9975 queries...
Warmup round 2/2...
Processed 2000/9975 queries...
Processed 3000/9975 queries...
Processed 4000/9975 queries...
Processed 5000/9975 queries...
Processed 6000/9975 queries...
Processed 7000/9975 queries...
Processed 8000/9975 queries...
Processed 9000/9975 queries...
Processed 10000/9975 queries...
Processed 11000/9975 queries...
Processed 0/9975 inserts...
Processed 1000/9975 inserts...
Processed 2000/9975 inserts...
Processed 3000/9975 inserts...
Processed 4000/9975 inserts...
Processed 5000/9975 inserts...
Processed 6000/9975 inserts...
Processed 7000/9975 inserts...
Processed 8000/9975 inserts...
Processed 9000/9975 inserts...
Processed 0/9975 updates...
Processed 1000/9975 updates...
Processed 2000/9975 updates...
Processed 3000/9975 updates...
Processed 4000/9975 updates...
Processed 5000/9975 updates...
Processed 6000/9975 updates...
Processed 7000/9975 updates...
Processed 8000/9975 updates...
Processed 9000/9975 updates...
Processed 0/9975 deletes...
Processed 1000/9975 deletes...
Processed 2000/9975 deletes...
Processed 3000/9975 deletes...
Processed 4000/9975 deletes...
Processed 5000/9975 deletes...
Processed 6000/9975 deletes...
Processed 7000/9975 deletes...
Processed 8000/9975 deletes...
Processed 9000/9975 deletes...
[weaviate] docker compose down successfully!!!
Trying to instantiate bigvectorbench.algorithms.weaviate.WeaviateHNSW(['euclidean', {'M': 32, 'efConstruction': 400}])
[weaviate] docker compose up successfully!!!
Dataset type: filter-ann
Distance metric: euclidean
Got a train set of size               (620643 * 384) with 1 labels
label names: ['unixtime']
label types: ['int32']
filter expression function: 
def filter_expr(unixtime):
    unixtime_head = unixtime - 3 * 24 * 60 * 60
    unixtime_tail = unixtime
    return f"unixtime >= {unixtime_head} and unixtime <= {unixtime_tail}"

Got 10000 queries
[weaviate] num_labels: 1
[weaviate] Start loading data with 620643 data...
[weaviate] load data with batch size: 1000
[weaviate] load AggregateReturn(properties={}, total_count=620643) data successfully!!!
[weaviate] client.collections.list_all(simple=False): {'Test_weaviate': _CollectionConfig(name='Test_weaviate', description=None, generative_config=None, inverted_index_config=_InvertedIndexConfig(bm25=_BM25Config(b=0.75, k1=1.2), cleanup_interval_seconds=60, index_null_state=False, index_property_length=False, index_timestamps=False, stopwords=_StopwordsConfig(preset=<StopwordsPreset.EN: 'en'>, additions=None, removals=None)), multi_tenancy_config=_MultiTenancyConfig(enabled=False, auto_tenant_creation=False, auto_tenant_activation=False), properties=[_Property(name='unixtime', description=None, data_type=<DataType.INT: 'int'>, index_filterable=True, index_range_filters=False, index_searchable=False, nested_properties=None, tokenization=None, vectorizer_config=None, vectorizer='none')], references=[], replication_config=_ReplicationConfig(factor=1, async_enabled=False), reranker_config=None, sharding_config=_ShardingConfig(virtual_per_physical=128, desired_count=1, actual_count=1, desired_virtual_count=128, actual_virtual_count=128, key='_id', strategy='hash', function='murmur3'), vector_index_config=_VectorIndexConfigHNSW(quantizer=None, cleanup_interval_seconds=300, distance_metric=<VectorDistances.L2_SQUARED: 'l2-squared'>, dynamic_ef_min=100, dynamic_ef_max=500, dynamic_ef_factor=8, ef=-1, ef_construction=400, flat_search_cutoff=40000, max_connections=32, skip=False, vector_cache_max_objects=1000000000000), vector_index_type=<VectorIndexType.HNSW: 'hnsw'>, vectorizer_config=None, vectorizer=<Vectorizers.NONE: 'none'>, vector_config=None)}
Inserted data in 173.6092598438263
Memory usage:  4769276.0
Built index in  16.06825089454651
Index size:  28520.0
Running query argument group 1 of 5...
[weaviate] set_query_arguments: 100
[weaviate] Collection Config: _CollectionConfig(name='Test_weaviate', description=None, generative_config=None, inverted_index_config=_InvertedIndexConfig(bm25=_BM25Config(b=0.75, k1=1.2), cleanup_interval_seconds=60, index_null_state=False, index_property_length=False, index_timestamps=False, stopwords=_StopwordsConfig(preset=<StopwordsPreset.EN: 'en'>, additions=None, removals=None)), multi_tenancy_config=_MultiTenancyConfig(enabled=False, auto_tenant_creation=False, auto_tenant_activation=False), properties=[_Property(name='unixtime', description=None, data_type=<DataType.INT: 'int'>, index_filterable=True, index_range_filters=False, index_searchable=False, nested_properties=None, tokenization=None, vectorizer_config=None, vectorizer='none')], references=[], replication_config=_ReplicationConfig(factor=1, async_enabled=False), reranker_config=None, sharding_config=_ShardingConfig(virtual_per_physical=128, desired_count=1, actual_count=1, desired_virtual_count=128, actual_virtual_count=128, key='_id', strategy='hash', function='murmur3'), vector_index_config=_VectorIndexConfigHNSW(quantizer=None, cleanup_interval_seconds=300, distance_metric=<VectorDistances.L2_SQUARED: 'l2-squared'>, dynamic_ef_min=100, dynamic_ef_max=500, dynamic_ef_factor=8, ef=100, ef_construction=400, flat_search_cutoff=40000, max_connections=32, skip=False, vector_cache_max_objects=1000000000000), vector_index_type=<VectorIndexType.HNSW: 'hnsw'>, vectorizer_config=None, vectorizer=<Vectorizers.NONE: 'none'>, vector_config=None)
Run 1/1...
Warmup round 1/2...
Processed 1000/9975 queries...
Warmup round 2/2...
Processed 2000/9975 queries...
Processed 3000/9975 queries...
Processed 4000/9975 queries...
Processed 5000/9975 queries...
Processed 6000/9975 queries...
Processed 7000/9975 queries...
Processed 8000/9975 queries...
Processed 9000/9975 queries...
Processed 10000/9975 queries...
Processed 11000/9975 queries...
Running query argument group 2 of 5...
[weaviate] set_query_arguments: 200
[weaviate] Collection Config: _CollectionConfig(name='Test_weaviate', description=None, generative_config=None, inverted_index_config=_InvertedIndexConfig(bm25=_BM25Config(b=0.75, k1=1.2), cleanup_interval_seconds=60, index_null_state=False, index_property_length=False, index_timestamps=False, stopwords=_StopwordsConfig(preset=<StopwordsPreset.EN: 'en'>, additions=None, removals=None)), multi_tenancy_config=_MultiTenancyConfig(enabled=False, auto_tenant_creation=False, auto_tenant_activation=False), properties=[_Property(name='unixtime', description=None, data_type=<DataType.INT: 'int'>, index_filterable=True, index_range_filters=False, index_searchable=False, nested_properties=None, tokenization=None, vectorizer_config=None, vectorizer='none')], references=[], replication_config=_ReplicationConfig(factor=1, async_enabled=False), reranker_config=None, sharding_config=_ShardingConfig(virtual_per_physical=128, desired_count=1, actual_count=1, desired_virtual_count=128, actual_virtual_count=128, key='_id', strategy='hash', function='murmur3'), vector_index_config=_VectorIndexConfigHNSW(quantizer=None, cleanup_interval_seconds=300, distance_metric=<VectorDistances.L2_SQUARED: 'l2-squared'>, dynamic_ef_min=100, dynamic_ef_max=500, dynamic_ef_factor=8, ef=200, ef_construction=400, flat_search_cutoff=40000, max_connections=32, skip=False, vector_cache_max_objects=1000000000000), vector_index_type=<VectorIndexType.HNSW: 'hnsw'>, vectorizer_config=None, vectorizer=<Vectorizers.NONE: 'none'>, vector_config=None)
Run 1/1...
Warmup round 1/2...
Processed 1000/9975 queries...
Warmup round 2/2...
Processed 2000/9975 queries...
Processed 3000/9975 queries...
Processed 4000/9975 queries...
Processed 5000/9975 queries...
Processed 6000/9975 queries...
Processed 7000/9975 queries...
Processed 8000/9975 queries...
Processed 9000/9975 queries...
Processed 10000/9975 queries...
Processed 11000/9975 queries...
Running query argument group 3 of 5...
[weaviate] set_query_arguments: 400
[weaviate] Collection Config: _CollectionConfig(name='Test_weaviate', description=None, generative_config=None, inverted_index_config=_InvertedIndexConfig(bm25=_BM25Config(b=0.75, k1=1.2), cleanup_interval_seconds=60, index_null_state=False, index_property_length=False, index_timestamps=False, stopwords=_StopwordsConfig(preset=<StopwordsPreset.EN: 'en'>, additions=None, removals=None)), multi_tenancy_config=_MultiTenancyConfig(enabled=False, auto_tenant_creation=False, auto_tenant_activation=False), properties=[_Property(name='unixtime', description=None, data_type=<DataType.INT: 'int'>, index_filterable=True, index_range_filters=False, index_searchable=False, nested_properties=None, tokenization=None, vectorizer_config=None, vectorizer='none')], references=[], replication_config=_ReplicationConfig(factor=1, async_enabled=False), reranker_config=None, sharding_config=_ShardingConfig(virtual_per_physical=128, desired_count=1, actual_count=1, desired_virtual_count=128, actual_virtual_count=128, key='_id', strategy='hash', function='murmur3'), vector_index_config=_VectorIndexConfigHNSW(quantizer=None, cleanup_interval_seconds=300, distance_metric=<VectorDistances.L2_SQUARED: 'l2-squared'>, dynamic_ef_min=100, dynamic_ef_max=500, dynamic_ef_factor=8, ef=400, ef_construction=400, flat_search_cutoff=40000, max_connections=32, skip=False, vector_cache_max_objects=1000000000000), vector_index_type=<VectorIndexType.HNSW: 'hnsw'>, vectorizer_config=None, vectorizer=<Vectorizers.NONE: 'none'>, vector_config=None)
Run 1/1...
Warmup round 1/2...
Processed 1000/9975 queries...
Warmup round 2/2...
Processed 2000/9975 queries...
Processed 3000/9975 queries...
Processed 4000/9975 queries...
Processed 5000/9975 queries...
Processed 6000/9975 queries...
Processed 7000/9975 queries...
Processed 8000/9975 queries...
Processed 9000/9975 queries...
Processed 10000/9975 queries...
Processed 11000/9975 queries...
Running query argument group 4 of 5...
[weaviate] set_query_arguments: 800
[weaviate] Collection Config: _CollectionConfig(name='Test_weaviate', description=None, generative_config=None, inverted_index_config=_InvertedIndexConfig(bm25=_BM25Config(b=0.75, k1=1.2), cleanup_interval_seconds=60, index_null_state=False, index_property_length=False, index_timestamps=False, stopwords=_StopwordsConfig(preset=<StopwordsPreset.EN: 'en'>, additions=None, removals=None)), multi_tenancy_config=_MultiTenancyConfig(enabled=False, auto_tenant_creation=False, auto_tenant_activation=False), properties=[_Property(name='unixtime', description=None, data_type=<DataType.INT: 'int'>, index_filterable=True, index_range_filters=False, index_searchable=False, nested_properties=None, tokenization=None, vectorizer_config=None, vectorizer='none')], references=[], replication_config=_ReplicationConfig(factor=1, async_enabled=False), reranker_config=None, sharding_config=_ShardingConfig(virtual_per_physical=128, desired_count=1, actual_count=1, desired_virtual_count=128, actual_virtual_count=128, key='_id', strategy='hash', function='murmur3'), vector_index_config=_VectorIndexConfigHNSW(quantizer=None, cleanup_interval_seconds=300, distance_metric=<VectorDistances.L2_SQUARED: 'l2-squared'>, dynamic_ef_min=100, dynamic_ef_max=500, dynamic_ef_factor=8, ef=800, ef_construction=400, flat_search_cutoff=40000, max_connections=32, skip=False, vector_cache_max_objects=1000000000000), vector_index_type=<VectorIndexType.HNSW: 'hnsw'>, vectorizer_config=None, vectorizer=<Vectorizers.NONE: 'none'>, vector_config=None)
Run 1/1...
Warmup round 1/2...
Processed 1000/9975 queries...
Warmup round 2/2...
Processed 2000/9975 queries...
Processed 3000/9975 queries...
Processed 4000/9975 queries...
Processed 5000/9975 queries...
Processed 6000/9975 queries...
Processed 7000/9975 queries...
Processed 8000/9975 queries...
Processed 9000/9975 queries...
Processed 10000/9975 queries...
Processed 11000/9975 queries...
Running query argument group 5 of 5...
[weaviate] set_query_arguments: 1600
2026-08-24 17:44:58,333 - bvb - INFO - Terminating 1 workers
incomplete result grid for weaviate-hnsw cc_news-original: got 9 expected 25
