START 2026-08-14T14:37:32+08:00 slot=3 cpuset=84-111
2026-08-14 14:37:34,138 - bvb - INFO - running only faiss-hnsw
2026-08-14 14:37:34,139 - bvb - INFO - Order: [Definition(algorithm='faiss-hnsw', constructor='FaissHNSW', module='bigvectorbench.algorithms.faiss', docker_tag='bigvectorbench-faiss', arguments=['euclidean', 384, {'M': 32, 'efConstruction': 100}], query_argument_groups=[[100], [200], [400], [800], [1600]], disabled=False), Definition(algorithm='faiss-hnsw', constructor='FaissHNSW', module='bigvectorbench.algorithms.faiss', docker_tag='bigvectorbench-faiss', arguments=['euclidean', 384, {'M': 64, 'efConstruction': 400}], query_argument_groups=[[100], [200], [400], [800], [1600]], disabled=False), Definition(algorithm='faiss-hnsw', constructor='FaissHNSW', module='bigvectorbench.algorithms.faiss', docker_tag='bigvectorbench-faiss', arguments=['euclidean', 384, {'M': 128, 'efConstruction': 400}], query_argument_groups=[[100], [200], [400], [800], [1600]], disabled=False), Definition(algorithm='faiss-hnsw', constructor='FaissHNSW', module='bigvectorbench.algorithms.faiss', docker_tag='bigvectorbench-faiss', arguments=['euclidean', 384, {'M': 32, 'efConstruction': 400}], query_argument_groups=[[100], [200], [400], [800], [1600]], disabled=False), Definition(algorithm='faiss-hnsw', constructor='FaissHNSW', module='bigvectorbench.algorithms.faiss', docker_tag='bigvectorbench-faiss', arguments=['euclidean', 384, {'M': 64, 'efConstruction': 100}], query_argument_groups=[[100], [200], [400], [800], [1600]], disabled=False)]
Trying to instantiate bigvectorbench.algorithms.faiss.FaissHNSW(['euclidean', 384, {'M': 32, 'efConstruction': 100}])
Dataset type: filter-ann
Distance metric: euclidean
Got a train set of size               (620643 * 384) with 1 labels
label names: ['unixtime']
label types: ['int32']
filter expression function: 
def filter_expr(unixtime):
    unixtime_head = unixtime - 3 * 24 * 60 * 60
    unixtime_tail = unixtime
    return f"unixtime >= {unixtime_head} and unixtime <= {unixtime_tail}"

Got 10000 queries
Inserted data in 5.024614572525024
Memory usage:  -1360.0
Built index in  27.50215744972229
Index size:  -70696.0
Running query argument group 1 of 5...
Run 1/1...
Warmup round 1/2...
Processed 1000/9975 queries...
Warmup round 2/2...
Processed 2000/9975 queries...
Processed 3000/9975 queries...
Processed 4000/9975 queries...
Processed 5000/9975 queries...
Processed 6000/9975 queries...
Processed 7000/9975 queries...
Processed 8000/9975 queries...
Processed 9000/9975 queries...
Processed 10000/9975 queries...
Processed 11000/9975 queries...
Running query argument group 2 of 5...
Run 1/1...
Warmup round 1/2...
Processed 1000/9975 queries...
Warmup round 2/2...
Processed 2000/9975 queries...
Processed 3000/9975 queries...
Processed 4000/9975 queries...
Processed 5000/9975 queries...
Processed 6000/9975 queries...
Processed 7000/9975 queries...
Processed 8000/9975 queries...
Processed 9000/9975 queries...
Processed 10000/9975 queries...
Processed 11000/9975 queries...
Running query argument group 3 of 5...
Run 1/1...
Warmup round 1/2...
Processed 1000/9975 queries...
Warmup round 2/2...
Processed 2000/9975 queries...
Processed 3000/9975 queries...
Processed 4000/9975 queries...
Processed 5000/9975 queries...
Processed 6000/9975 queries...
Processed 7000/9975 queries...
Processed 8000/9975 queries...
Processed 9000/9975 queries...
Processed 10000/9975 queries...
Processed 11000/9975 queries...
Running query argument group 4 of 5...
Run 1/1...
Warmup round 1/2...
Processed 1000/9975 queries...
Warmup round 2/2...
Processed 2000/9975 queries...
Processed 3000/9975 queries...
Processed 4000/9975 queries...
Processed 5000/9975 queries...
Processed 6000/9975 queries...
Processed 7000/9975 queries...
Processed 8000/9975 queries...
Processed 9000/9975 queries...
Processed 10000/9975 queries...
Processed 11000/9975 queries...
Running query argument group 5 of 5...
Run 1/1...
Warmup round 1/2...
Processed 1000/9975 queries...
Warmup round 2/2...
Processed 2000/9975 queries...
Processed 3000/9975 queries...
Processed 4000/9975 queries...
Processed 5000/9975 queries...
Processed 6000/9975 queries...
Processed 7000/9975 queries...
Processed 8000/9975 queries...
Processed 9000/9975 queries...
Processed 10000/9975 queries...
Processed 11000/9975 queries...
Processed 0/9975 inserts...
Processed 1000/9975 inserts...
Processed 2000/9975 inserts...
Processed 3000/9975 inserts...
Processed 4000/9975 inserts...
Processed 5000/9975 inserts...
Processed 6000/9975 inserts...
Processed 7000/9975 inserts...
Processed 8000/9975 inserts...
Processed 9000/9975 inserts...
Processed 0/9975 updates...
Processed 1000/9975 updates...
Processed 2000/9975 updates...
Processed 3000/9975 updates...
Processed 4000/9975 updates...
Processed 5000/9975 updates...
Processed 6000/9975 updates...
Processed 7000/9975 updates...
Processed 8000/9975 updates...
Processed 9000/9975 updates...
Processed 0/9975 deletes...
Processed 1000/9975 deletes...
Processed 2000/9975 deletes...
Processed 3000/9975 deletes...
Processed 4000/9975 deletes...
Processed 5000/9975 deletes...
Processed 6000/9975 deletes...
Processed 7000/9975 deletes...
Processed 8000/9975 deletes...
Processed 9000/9975 deletes...
Trying to instantiate bigvectorbench.algorithms.faiss.FaissHNSW(['euclidean', 384, {'M': 64, 'efConstruction': 400}])
Dataset type: filter-ann
Distance metric: euclidean
Got a train set of size               (620643 * 384) with 1 labels
label names: ['unixtime']
label types: ['int32']
filter expression function: 
def filter_expr(unixtime):
    unixtime_head = unixtime - 3 * 24 * 60 * 60
    unixtime_tail = unixtime
    return f"unixtime >= {unixtime_head} and unixtime <= {unixtime_tail}"

Got 10000 queries
Inserted data in 11.593116760253906
Memory usage:  -1379384.0
Built index in  103.74355387687683
Index size:  -1616788.0
Running query argument group 1 of 5...
Run 1/1...
Warmup round 1/2...
Processed 1000/9975 queries...
Warmup round 2/2...
Processed 2000/9975 queries...
Processed 3000/9975 queries...
Processed 4000/9975 queries...
Processed 5000/9975 queries...
Processed 6000/9975 queries...
Processed 7000/9975 queries...
Processed 8000/9975 queries...
Processed 9000/9975 queries...
Processed 10000/9975 queries...
Processed 11000/9975 queries...
Running query argument group 2 of 5...
Run 1/1...
Warmup round 1/2...
Processed 1000/9975 queries...
Warmup round 2/2...
Processed 2000/9975 queries...
Processed 3000/9975 queries...
Processed 4000/9975 queries...
Processed 5000/9975 queries...
Processed 6000/9975 queries...
Processed 7000/9975 queries...
Processed 8000/9975 queries...
Processed 9000/9975 queries...
Processed 10000/9975 queries...
Processed 11000/9975 queries...
Running query argument group 3 of 5...
Run 1/1...
Warmup round 1/2...
Processed 1000/9975 queries...
Warmup round 2/2...
Processed 2000/9975 queries...
Processed 3000/9975 queries...
Processed 4000/9975 queries...
Processed 5000/9975 queries...
Processed 6000/9975 queries...
Processed 7000/9975 queries...
Processed 8000/9975 queries...
Processed 9000/9975 queries...
Processed 10000/9975 queries...
Processed 11000/9975 queries...
Running query argument group 4 of 5...
Run 1/1...
Warmup round 1/2...
Processed 1000/9975 queries...
Warmup round 2/2...
Processed 2000/9975 queries...
Processed 3000/9975 queries...
Processed 4000/9975 queries...
Processed 5000/9975 queries...
Processed 6000/9975 queries...
Processed 7000/9975 queries...
Processed 8000/9975 queries...
Processed 9000/9975 queries...
Processed 10000/9975 queries...
Processed 11000/9975 queries...
Running query argument group 5 of 5...
Run 1/1...
Warmup round 1/2...
Processed 1000/9975 queries...
Warmup round 2/2...
Processed 2000/9975 queries...
Processed 3000/9975 queries...
Processed 4000/9975 queries...
Processed 5000/9975 queries...
Processed 6000/9975 queries...
Processed 7000/9975 queries...
Processed 8000/9975 queries...
Processed 9000/9975 queries...
Processed 10000/9975 queries...
Processed 11000/9975 queries...
Processed 0/9975 inserts...
Processed 1000/9975 inserts...
Processed 2000/9975 inserts...
Processed 3000/9975 inserts...
Processed 4000/9975 inserts...
Processed 5000/9975 inserts...
Processed 6000/9975 inserts...
Processed 7000/9975 inserts...
Processed 8000/9975 inserts...
Processed 9000/9975 inserts...
Processed 0/9975 updates...
Processed 1000/9975 updates...
Processed 2000/9975 updates...
Processed 3000/9975 updates...
Processed 4000/9975 updates...
Processed 5000/9975 updates...
Processed 6000/9975 updates...
Processed 7000/9975 updates...
Processed 8000/9975 updates...
Processed 9000/9975 updates...
Processed 0/9975 deletes...
Processed 1000/9975 deletes...
Processed 2000/9975 deletes...
Processed 3000/9975 deletes...
Processed 4000/9975 deletes...
Processed 5000/9975 deletes...
Processed 6000/9975 deletes...
Processed 7000/9975 deletes...
Processed 8000/9975 deletes...
Processed 9000/9975 deletes...
Trying to instantiate bigvectorbench.algorithms.faiss.FaissHNSW(['euclidean', 384, {'M': 128, 'efConstruction': 400}])
Dataset type: filter-ann
Distance metric: euclidean
Got a train set of size               (620643 * 384) with 1 labels
label names: ['unixtime']
label types: ['int32']
filter expression function: 
def filter_expr(unixtime):
    unixtime_head = unixtime - 3 * 24 * 60 * 60
    unixtime_tail = unixtime
    return f"unixtime >= {unixtime_head} and unixtime <= {unixtime_tail}"

Got 10000 queries
Inserted data in 11.050976514816284
Memory usage:  312.0
Built index in  251.2513177394867
Index size:  -6320.0
Running query argument group 1 of 5...
Run 1/1...
Warmup round 1/2...
Processed 1000/9975 queries...
Warmup round 2/2...
Processed 2000/9975 queries...
Processed 3000/9975 queries...
Processed 4000/9975 queries...
Processed 5000/9975 queries...
Processed 6000/9975 queries...
Processed 7000/9975 queries...
Processed 8000/9975 queries...
Processed 9000/9975 queries...
Processed 10000/9975 queries...
Processed 11000/9975 queries...
Running query argument group 2 of 5...
Run 1/1...
Warmup round 1/2...
Processed 1000/9975 queries...
Warmup round 2/2...
Processed 2000/9975 queries...
Processed 3000/9975 queries...
Processed 4000/9975 queries...
Processed 5000/9975 queries...
Processed 6000/9975 queries...
Processed 7000/9975 queries...
Processed 8000/9975 queries...
Processed 9000/9975 queries...
Processed 10000/9975 queries...
Processed 11000/9975 queries...
Running query argument group 3 of 5...
Run 1/1...
Warmup round 1/2...
Processed 1000/9975 queries...
Warmup round 2/2...
Processed 2000/9975 queries...
Processed 3000/9975 queries...
Processed 4000/9975 queries...
Processed 5000/9975 queries...
Processed 6000/9975 queries...
Processed 7000/9975 queries...
Processed 8000/9975 queries...
Processed 9000/9975 queries...
Processed 10000/9975 queries...
Processed 11000/9975 queries...
Running query argument group 4 of 5...
Run 1/1...
Warmup round 1/2...
Processed 1000/9975 queries...
Warmup round 2/2...
Processed 2000/9975 queries...
Processed 3000/9975 queries...
Processed 4000/9975 queries...
Processed 5000/9975 queries...
Processed 6000/9975 queries...
Processed 7000/9975 queries...
Processed 8000/9975 queries...
Processed 9000/9975 queries...
Processed 10000/9975 queries...
Processed 11000/9975 queries...
Running query argument group 5 of 5...
Run 1/1...
Warmup round 1/2...
Processed 1000/9975 queries...
Warmup round 2/2...
Processed 2000/9975 queries...
Processed 3000/9975 queries...
Processed 4000/9975 queries...
Processed 5000/9975 queries...
Processed 6000/9975 queries...
Processed 7000/9975 queries...
Processed 8000/9975 queries...
Processed 9000/9975 queries...
Processed 10000/9975 queries...
Processed 11000/9975 queries...
Processed 0/9975 inserts...
Processed 1000/9975 inserts...
Processed 2000/9975 inserts...
Processed 3000/9975 inserts...
Processed 4000/9975 inserts...
Processed 5000/9975 inserts...
Processed 6000/9975 inserts...
Processed 7000/9975 inserts...
Processed 8000/9975 inserts...
Processed 9000/9975 inserts...
Processed 0/9975 updates...
Processed 1000/9975 updates...
Processed 2000/9975 updates...
Processed 3000/9975 updates...
Processed 4000/9975 updates...
Processed 5000/9975 updates...
Processed 6000/9975 updates...
Processed 7000/9975 updates...
Processed 8000/9975 updates...
Processed 9000/9975 updates...
Processed 0/9975 deletes...
Processed 1000/9975 deletes...
Processed 2000/9975 deletes...
Processed 3000/9975 deletes...
Processed 4000/9975 deletes...
Processed 5000/9975 deletes...
Processed 6000/9975 deletes...
Processed 7000/9975 deletes...
Processed 8000/9975 deletes...
Processed 9000/9975 deletes...
Trying to instantiate bigvectorbench.algorithms.faiss.FaissHNSW(['euclidean', 384, {'M': 32, 'efConstruction': 400}])
Dataset type: filter-ann
Distance metric: euclidean
Got a train set of size               (620643 * 384) with 1 labels
label names: ['unixtime']
label types: ['int32']
filter expression function: 
def filter_expr(unixtime):
    unixtime_head = unixtime - 3 * 24 * 60 * 60
    unixtime_tail = unixtime
    return f"unixtime >= {unixtime_head} and unixtime <= {unixtime_tail}"

Got 10000 queries
Inserted data in 11.052048683166504
Memory usage:  592.0
Built index in  89.22298240661621
Index size:  -1380.0
Running query argument group 1 of 5...
Run 1/1...
Warmup round 1/2...
Processed 1000/9975 queries...
Warmup round 2/2...
Processed 2000/9975 queries...
Processed 3000/9975 queries...
Processed 4000/9975 queries...
Processed 5000/9975 queries...
Processed 6000/9975 queries...
Processed 7000/9975 queries...
Processed 8000/9975 queries...
Processed 9000/9975 queries...
Processed 10000/9975 queries...
Processed 11000/9975 queries...
Running query argument group 2 of 5...
Run 1/1...
Warmup round 1/2...
Processed 1000/9975 queries...
Warmup round 2/2...
Processed 2000/9975 queries...
Processed 3000/9975 queries...
Processed 4000/9975 queries...
Processed 5000/9975 queries...
Processed 6000/9975 queries...
Processed 7000/9975 queries...
Processed 8000/9975 queries...
Processed 9000/9975 queries...
Processed 10000/9975 queries...
Processed 11000/9975 queries...
Running query argument group 3 of 5...
Run 1/1...
Warmup round 1/2...
Processed 1000/9975 queries...
Warmup round 2/2...
Processed 2000/9975 queries...
Processed 3000/9975 queries...
Processed 4000/9975 queries...
Processed 5000/9975 queries...
Processed 6000/9975 queries...
Processed 7000/9975 queries...
Processed 8000/9975 queries...
Processed 9000/9975 queries...
Processed 10000/9975 queries...
Processed 11000/9975 queries...
Running query argument group 4 of 5...
Run 1/1...
Warmup round 1/2...
Processed 1000/9975 queries...
Warmup round 2/2...
Processed 2000/9975 queries...
Processed 3000/9975 queries...
Processed 4000/9975 queries...
Processed 5000/9975 queries...
Processed 6000/9975 queries...
Processed 7000/9975 queries...
Processed 8000/9975 queries...
Processed 9000/9975 queries...
Processed 10000/9975 queries...
Processed 11000/9975 queries...
Running query argument group 5 of 5...
Run 1/1...
Warmup round 1/2...
Processed 1000/9975 queries...
Warmup round 2/2...
Processed 2000/9975 queries...
Processed 3000/9975 queries...
Processed 4000/9975 queries...
Processed 5000/9975 queries...
Processed 6000/9975 queries...
Processed 7000/9975 queries...
Processed 8000/9975 queries...
Processed 9000/9975 queries...
Processed 10000/9975 queries...
Processed 11000/9975 queries...
Processed 0/9975 inserts...
Processed 1000/9975 inserts...
Processed 2000/9975 inserts...
Processed 3000/9975 inserts...
Processed 4000/9975 inserts...
Processed 5000/9975 inserts...
Processed 6000/9975 inserts...
Processed 7000/9975 inserts...
Processed 8000/9975 inserts...
Processed 9000/9975 inserts...
Processed 0/9975 updates...
Processed 1000/9975 updates...
Processed 2000/9975 updates...
Processed 3000/9975 updates...
Processed 4000/9975 updates...
Processed 5000/9975 updates...
Processed 6000/9975 updates...
Processed 7000/9975 updates...
Processed 8000/9975 updates...
Processed 9000/9975 updates...
Processed 0/9975 deletes...
Processed 1000/9975 deletes...
Processed 2000/9975 deletes...
Processed 3000/9975 deletes...
Processed 4000/9975 deletes...
Processed 5000/9975 deletes...
Processed 6000/9975 deletes...
Processed 7000/9975 deletes...
Processed 8000/9975 deletes...
Processed 9000/9975 deletes...
Trying to instantiate bigvectorbench.algorithms.faiss.FaissHNSW(['euclidean', 384, {'M': 64, 'efConstruction': 100}])
Dataset type: filter-ann
Distance metric: euclidean
Got a train set of size               (620643 * 384) with 1 labels
label names: ['unixtime']
label types: ['int32']
filter expression function: 
def filter_expr(unixtime):
    unixtime_head = unixtime - 3 * 24 * 60 * 60
    unixtime_tail = unixtime
    return f"unixtime >= {unixtime_head} and unixtime <= {unixtime_tail}"

Got 10000 queries
Inserted data in 11.048668146133423
Memory usage:  1097752.0
Built index in  59.67451786994934
Index size:  254712.0
Running query argument group 1 of 5...
Run 1/1...
Warmup round 1/2...
Processed 1000/9975 queries...
Warmup round 2/2...
Processed 2000/9975 queries...
Processed 3000/9975 queries...
Processed 4000/9975 queries...
Processed 5000/9975 queries...
Processed 6000/9975 queries...
Processed 7000/9975 queries...
Processed 8000/9975 queries...
Processed 9000/9975 queries...
Processed 10000/9975 queries...
Processed 11000/9975 queries...
Running query argument group 2 of 5...
Run 1/1...
Warmup round 1/2...
Processed 1000/9975 queries...
Warmup round 2/2...
Processed 2000/9975 queries...
Processed 3000/9975 queries...
Processed 4000/9975 queries...
Processed 5000/9975 queries...
Processed 6000/9975 queries...
Processed 7000/9975 queries...
Processed 8000/9975 queries...
Processed 9000/9975 queries...
Processed 10000/9975 queries...
Processed 11000/9975 queries...
Running query argument group 3 of 5...
Run 1/1...
Warmup round 1/2...
Processed 1000/9975 queries...
Warmup round 2/2...
Processed 2000/9975 queries...
Processed 3000/9975 queries...
Processed 4000/9975 queries...
Processed 5000/9975 queries...
Processed 6000/9975 queries...
Processed 7000/9975 queries...
Processed 8000/9975 queries...
Processed 9000/9975 queries...
Processed 10000/9975 queries...
Processed 11000/9975 queries...
Running query argument group 4 of 5...
Run 1/1...
Warmup round 1/2...
Processed 1000/9975 queries...
Warmup round 2/2...
Processed 2000/9975 queries...
Processed 3000/9975 queries...
Processed 4000/9975 queries...
Processed 5000/9975 queries...
Processed 6000/9975 queries...
Processed 7000/9975 queries...
Processed 8000/9975 queries...
Processed 9000/9975 queries...
Processed 10000/9975 queries...
Processed 11000/9975 queries...
Running query argument group 5 of 5...
Run 1/1...
Warmup round 1/2...
Processed 1000/9975 queries...
Warmup round 2/2...
Processed 2000/9975 queries...
Processed 3000/9975 queries...
Processed 4000/9975 queries...
Processed 5000/9975 queries...
Processed 6000/9975 queries...
Processed 7000/9975 queries...
Processed 8000/9975 queries...
Processed 9000/9975 queries...
Processed 10000/9975 queries...
Processed 11000/9975 queries...
Processed 0/9975 inserts...
Processed 1000/9975 inserts...
Processed 2000/9975 inserts...
Processed 3000/9975 inserts...
Processed 4000/9975 inserts...
Processed 5000/9975 inserts...
Processed 6000/9975 inserts...
Processed 7000/9975 inserts...
Processed 8000/9975 inserts...
Processed 9000/9975 inserts...
Processed 0/9975 updates...
Processed 1000/9975 updates...
Processed 2000/9975 updates...
Processed 3000/9975 updates...
Processed 4000/9975 updates...
Processed 5000/9975 updates...
Processed 6000/9975 updates...
Processed 7000/9975 updates...
Processed 8000/9975 updates...
Processed 9000/9975 updates...
Processed 0/9975 deletes...
Processed 1000/9975 deletes...
Processed 2000/9975 deletes...
Processed 3000/9975 deletes...
Processed 4000/9975 deletes...
Processed 5000/9975 deletes...
Processed 6000/9975 deletes...
Processed 7000/9975 deletes...
Processed 8000/9975 deletes...
Processed 9000/9975 deletes...
2026-08-15 02:02:30,090 - bvb - INFO - Terminating 1 workers
