START 2026-08-14T15:35:25+08:00 slot=0 cpuset=0-27
2026-08-14 15:35:27,439 - bvb - INFO - running only milvus-hnsw
2026-08-14 15:35:27,615 - bvb - INFO - Order: [Definition(algorithm='milvus-hnsw', constructor='MilvusHNSW', module='bigvectorbench.algorithms.milvus', docker_tag='bigvectorbench-milvus', arguments=['euclidean', 384, {'M': 64, 'efConstruction': 100}], query_argument_groups=[[100], [200], [400], [800], [1600]], disabled=False), Definition(algorithm='milvus-hnsw', constructor='MilvusHNSW', module='bigvectorbench.algorithms.milvus', docker_tag='bigvectorbench-milvus', arguments=['euclidean', 384, {'M': 128, 'efConstruction': 400}], query_argument_groups=[[100], [200], [400], [800], [1600]], disabled=False), Definition(algorithm='milvus-hnsw', constructor='MilvusHNSW', module='bigvectorbench.algorithms.milvus', docker_tag='bigvectorbench-milvus', arguments=['euclidean', 384, {'M': 32, 'efConstruction': 100}], query_argument_groups=[[100], [200], [400], [800], [1600]], disabled=False), Definition(algorithm='milvus-hnsw', constructor='MilvusHNSW', module='bigvectorbench.algorithms.milvus', docker_tag='bigvectorbench-milvus', arguments=['euclidean', 384, {'M': 32, 'efConstruction': 400}], query_argument_groups=[[100], [200], [400], [800], [1600]], disabled=False), Definition(algorithm='milvus-hnsw', constructor='MilvusHNSW', module='bigvectorbench.algorithms.milvus', docker_tag='bigvectorbench-milvus', arguments=['euclidean', 384, {'M': 64, 'efConstruction': 400}], query_argument_groups=[[100], [200], [400], [800], [1600]], disabled=False)]
 Network milvus  Creating
 Network milvus  Created
 Container milvus-etcd  Creating
 Container milvus-minio  Creating
 Container milvus-etcd  Created
 Container milvus-minio  Created
 Container milvus-standalone  Creating
 Container milvus-standalone  Created
 Container milvus-minio  Starting
 Container milvus-etcd  Starting
 Container milvus-etcd  Started
 Container milvus-minio  Started
 Container milvus-standalone  Starting
 Container milvus-standalone  Started
 Container milvus-standalone  Stopping
 Container milvus-standalone  Stopped
 Container milvus-standalone  Removing
 Container milvus-standalone  Removed
 Container milvus-minio  Stopping
 Container milvus-etcd  Stopping
 Container milvus-etcd  Stopped
 Container milvus-etcd  Removing
 Container milvus-etcd  Removed
 Container milvus-minio  Stopped
 Container milvus-minio  Removing
 Container milvus-minio  Removed
 Network milvus  Removing
 Network milvus  Removed
 Network milvus  Creating
 Network milvus  Created
 Container milvus-minio  Creating
 Container milvus-etcd  Creating
 Container milvus-etcd  Created
 Container milvus-minio  Created
 Container milvus-standalone  Creating
 Container milvus-standalone  Created
 Container milvus-etcd  Starting
 Container milvus-minio  Starting
 Container milvus-minio  Started
 Container milvus-etcd  Started
 Container milvus-standalone  Starting
 Container milvus-standalone  Started
Trying to instantiate bigvectorbench.algorithms.milvus.MilvusHNSW(['euclidean', 384, {'M': 64, 'efConstruction': 100}])
[Milvus] docker compose up successfully!!!
[Milvus] Milvus version: 2.5.11
Dataset type: filter-ann
Distance metric: euclidean
Got a train set of size               (620643 * 384) with 1 labels
label names: ['unixtime']
label types: ['int32']
filter expression function: 
def filter_expr(unixtime):
    unixtime_head = unixtime - 3 * 24 * 60 * 60
    unixtime_tail = unixtime
    return f"unixtime >= {unixtime_head} and unixtime <= {unixtime_tail}"

Got 10000 queries
[Milvus] Create collection {'collection_name': 'test_milvus', 'auto_id': False, 'num_shards': 1, 'description': 'Test milvus search', 'fields': [{'field_id': 100, 'name': 'id', 'description': '', 'type': <DataType.INT64: 5>, 'params': {}, 'is_primary': True}, {'field_id': 101, 'name': 'vector', 'description': '', 'type': <DataType.FLOAT_VECTOR: 101>, 'params': {'dim': 384}}, {'field_id': 102, 'name': 'unixtime', 'description': '', 'type': <DataType.INT32: 4>, 'params': {}}], 'aliases': [], 'collection_id': 468370831307702349, 'consistency_level': 2, 'properties': {}, 'num_partitions': 1, 'enable_dynamic_field': False} successfully!!!
[Milvus] Insert 620643 data with 1 labels  into collection test_milvus...
[Milvus] 620643 data has been inserted into collection test_milvus!!!
Inserted data in 72.73600172996521
Memory usage:  1620736.0
[Milvus] Create index for collection test_milvus...
[Milvus] Create index {'collection': 'test_milvus', 'field': 'vector', 'index_name': 'vector_index', 'index_param': {'index_type': 'HNSW', 'params': {'M': 64, 'efConstruction': 100}, 'metric_type': 'L2'}} {'total_rows': 620643, 'indexed_rows': 620643, 'pending_index_rows': 0, 'state': 'Finished'} for collection test_milvus successfully!!!
[Milvus] Load collection test_milvus...
[Milvus] Load collection test_milvus successfully!!!
Built index in  38.32917380332947
Index size:  2769964.0
Running query argument group 1 of 5...
Run 1/1...
Warmup round 1/2...
Processed 1000/9975 queries...
Warmup round 2/2...
Processed 2000/9975 queries...
Processed 3000/9975 queries...
Processed 4000/9975 queries...
Processed 5000/9975 queries...
Processed 6000/9975 queries...
Processed 7000/9975 queries...
Processed 8000/9975 queries...
Processed 9000/9975 queries...
Processed 10000/9975 queries...
Processed 11000/9975 queries...
Running query argument group 2 of 5...
Run 1/1...
Warmup round 1/2...
Processed 1000/9975 queries...
Warmup round 2/2...
Processed 2000/9975 queries...
Processed 3000/9975 queries...
Processed 4000/9975 queries...
Processed 5000/9975 queries...
Processed 6000/9975 queries...
Processed 7000/9975 queries...
Processed 8000/9975 queries...
Processed 9000/9975 queries...
Processed 10000/9975 queries...
Processed 11000/9975 queries...
Running query argument group 3 of 5...
Run 1/1...
Warmup round 1/2...
Processed 1000/9975 queries...
Warmup round 2/2...
Processed 2000/9975 queries...
Processed 3000/9975 queries...
Processed 4000/9975 queries...
Processed 5000/9975 queries...
Processed 6000/9975 queries...
Processed 7000/9975 queries...
Processed 8000/9975 queries...
Processed 9000/9975 queries...
Processed 10000/9975 queries...
Processed 11000/9975 queries...
Running query argument group 4 of 5...
Run 1/1...
Warmup round 1/2...
Processed 1000/9975 queries...
Warmup round 2/2...
Processed 2000/9975 queries...
Processed 3000/9975 queries...
Processed 4000/9975 queries...
Processed 5000/9975 queries...
Processed 6000/9975 queries...
Processed 7000/9975 queries...
Processed 8000/9975 queries...
Processed 9000/9975 queries...
Processed 10000/9975 queries...
Processed 11000/9975 queries...
Running query argument group 5 of 5...
Run 1/1...
Warmup round 1/2...
Processed 1000/9975 queries...
Warmup round 2/2...
Processed 2000/9975 queries...
Processed 3000/9975 queries...
Processed 4000/9975 queries...
Processed 5000/9975 queries...
Processed 6000/9975 queries...
Processed 7000/9975 queries...
Processed 8000/9975 queries...
Processed 9000/9975 queries...
Processed 10000/9975 queries...
Processed 11000/9975 queries...
Processed 0/9975 inserts...
Processed 1000/9975 inserts...
Processed 2000/9975 inserts...
Processed 3000/9975 inserts...
Processed 4000/9975 inserts...
Processed 5000/9975 inserts...
Processed 6000/9975 inserts...
Processed 7000/9975 inserts...
Processed 8000/9975 inserts...
Processed 9000/9975 inserts...
Processed 0/9975 updates...
Processed 1000/9975 updates...
Processed 2000/9975 updates...
Processed 3000/9975 updates...
Processed 4000/9975 updates...
Processed 5000/9975 updates...
Processed 6000/9975 updates...
Processed 7000/9975 updates...
Processed 8000/9975 updates...
Processed 9000/9975 updates...
Processed 0/9975 deletes...
Processed 1000/9975 deletes...
Processed 2000/9975 deletes...
Processed 3000/9975 deletes...
Processed 4000/9975 deletes...
Processed 5000/9975 deletes...
Processed 6000/9975 deletes...
Processed 7000/9975 deletes...
Processed 8000/9975 deletes...
Processed 9000/9975 deletes...
[Milvus] docker compose down successfully!!!
Trying to instantiate bigvectorbench.algorithms.milvus.MilvusHNSW(['euclidean', 384, {'M': 128, 'efConstruction': 400}])
[Milvus] docker compose up successfully!!!
[Milvus] Milvus version: 2.5.11
Dataset type: filter-ann
Distance metric: euclidean
Got a train set of size               (620643 * 384) with 1 labels
label names: ['unixtime']
label types: ['int32']
filter expression function: 
def filter_expr(unixtime):
    unixtime_head = unixtime - 3 * 24 * 60 * 60
    unixtime_tail = unixtime
    return f"unixtime >= {unixtime_head} and unixtime <= {unixtime_tail}"

Got 10000 queries
[Milvus] Create collection {'collection_name': 'test_milvus', 'auto_id': False, 'num_shards': 1, 'description': 'Test milvus search', 'fields': [{'field_id': 100, 'name': 'id', 'description': '', 'type': <DataType.INT64: 5>, 'params': {}, 'is_primary': True}, {'field_id': 101, 'name': 'vector', 'description': '', 'type': <DataType.FLOAT_VECTOR: 101>, 'params': {'dim': 384}}, {'field_id': 102, 'name': 'unixtime', 'description': '', 'type': <DataType.INT32: 4>, 'params': {}}], 'aliases': [], 'collection_id': 468371026398088579, 'consistency_level': 2, 'properties': {}, 'num_partitions': 1, 'enable_dynamic_field': False} successfully!!!
[Milvus] Insert 620643 data with 1 labels  into collection test_milvus...
[Milvus] 620643 data has been inserted into collection test_milvus!!!
Inserted data in 74.23334097862244
Memory usage:  2150704.0
[Milvus] Create index for collection test_milvus...
[Milvus] Create index {'collection': 'test_milvus', 'field': 'vector', 'index_name': 'vector_index', 'index_param': {'index_type': 'HNSW', 'params': {'M': 128, 'efConstruction': 400}, 'metric_type': 'L2'}} {'total_rows': 620643, 'indexed_rows': 620643, 'pending_index_rows': 0, 'state': 'Finished'} for collection test_milvus successfully!!!
[Milvus] Load collection test_milvus...
[Milvus] Load collection test_milvus successfully!!!
Built index in  303.42502093315125
Index size:  1777288.0
Running query argument group 1 of 5...
Run 1/1...
Warmup round 1/2...
Processed 1000/9975 queries...
Warmup round 2/2...
Processed 2000/9975 queries...
Processed 3000/9975 queries...
Processed 4000/9975 queries...
Processed 5000/9975 queries...
Processed 6000/9975 queries...
Processed 7000/9975 queries...
Processed 8000/9975 queries...
Processed 9000/9975 queries...
Processed 10000/9975 queries...
Processed 11000/9975 queries...
Running query argument group 2 of 5...
Run 1/1...
Warmup round 1/2...
Processed 1000/9975 queries...
Warmup round 2/2...
Processed 2000/9975 queries...
Processed 3000/9975 queries...
Processed 4000/9975 queries...
Processed 5000/9975 queries...
Processed 6000/9975 queries...
Processed 7000/9975 queries...
Processed 8000/9975 queries...
Processed 9000/9975 queries...
Processed 10000/9975 queries...
Processed 11000/9975 queries...
Running query argument group 3 of 5...
Run 1/1...
Warmup round 1/2...
Processed 1000/9975 queries...
Warmup round 2/2...
Processed 2000/9975 queries...
Processed 3000/9975 queries...
Processed 4000/9975 queries...
 Container milvus-standalone  Stopping
 Container milvus-standalone  Stopped
 Container milvus-standalone  Removing
 Container milvus-standalone  Removed
 Container milvus-etcd  Stopping
 Container milvus-minio  Stopping
 Container milvus-etcd  Stopped
 Container milvus-etcd  Removing
 Container milvus-etcd  Removed
 Container milvus-minio  Stopped
 Container milvus-minio  Removing
 Container milvus-minio  Removed
 Network milvus  Removing
 Network milvus  Removed
 Network milvus  Creating
 Network milvus  Created
 Container milvus-minio  Creating
 Container milvus-etcd  Creating
 Container milvus-etcd  Created
 Container milvus-minio  Created
 Container milvus-standalone  Creating
 Container milvus-standalone  Created
 Container milvus-minio  Starting
 Container milvus-etcd  Starting
 Container milvus-etcd  Started
 Container milvus-minio  Started
 Container milvus-standalone  Starting
 Container milvus-standalone  Started
Processed 5000/9975 queries...
Processed 6000/9975 queries...
Processed 7000/9975 queries...
Processed 8000/9975 queries...
Processed 9000/9975 queries...
Processed 10000/9975 queries...
Processed 11000/9975 queries...
Running query argument group 4 of 5...
Run 1/1...
Warmup round 1/2...
Processed 1000/9975 queries...
Warmup round 2/2...
Processed 2000/9975 queries...
Processed 3000/9975 queries...
Processed 4000/9975 queries...
Processed 5000/9975 queries...
Processed 6000/9975 queries...
Processed 7000/9975 queries...
Processed 8000/9975 queries...
Processed 9000/9975 queries...
Processed 10000/9975 queries...
Processed 11000/9975 queries...
Running query argument group 5 of 5...
Run 1/1...
Warmup round 1/2...
Processed 1000/9975 queries...
Warmup round 2/2...
Processed 2000/9975 queries...
Processed 3000/9975 queries...
Processed 4000/9975 queries...
Processed 5000/9975 queries...
Processed 6000/9975 queries...
Processed 7000/9975 queries...
Processed 8000/9975 queries...
Processed 9000/9975 queries...
Processed 10000/9975 queries...
Processed 11000/9975 queries...
Processed 0/9975 inserts...
Processed 1000/9975 inserts...
Processed 2000/9975 inserts...
Processed 3000/9975 inserts...
Processed 4000/9975 inserts...
Processed 5000/9975 inserts...
Processed 6000/9975 inserts...
Processed 7000/9975 inserts...
Processed 8000/9975 inserts...
Processed 9000/9975 inserts...
Processed 0/9975 updates...
Processed 1000/9975 updates...
Processed 2000/9975 updates...
Processed 3000/9975 updates...
Processed 4000/9975 updates...
Processed 5000/9975 updates...
Processed 6000/9975 updates...
Processed 7000/9975 updates...
Processed 8000/9975 updates...
Processed 9000/9975 updates...
Processed 0/9975 deletes...
Processed 1000/9975 deletes...
Processed 2000/9975 deletes...
Processed 3000/9975 deletes...
Processed 4000/9975 deletes...
Processed 5000/9975 deletes...
Processed 6000/9975 deletes...
Processed 7000/9975 deletes...
Processed 8000/9975 deletes...
Processed 9000/9975 deletes...
[Milvus] docker compose down successfully!!!
Trying to instantiate bigvectorbench.algorithms.milvus.MilvusHNSW(['euclidean', 384, {'M': 32, 'efConstruction': 100}])
[Milvus] docker compose up successfully!!!
[Milvus] Milvus version: 2.5.11
Dataset type: filter-ann
Distance metric: euclidean
Got a train set of size               (620643 * 384) with 1 labels
label names: ['unixtime']
label types: ['int32']
filter expression function: 
def filter_expr(unixtime):
    unixtime_head = unixtime - 3 * 24 * 60 * 60
    unixtime_tail = unixtime
    return f"unixtime >= {unixtime_head} and unixtime <= {unixtime_tail}"

Got 10000 queries
2026-08-14 16:05:40,413 - pymilvus.decorators - ERROR - RPC error: [create_collection], <MilvusException: (code=65535, message=InvalidateCollectionMetaCache failed, proxyID = 2, err = stack trace: /workspace/source/pkg/tracer/stack_trace.go:51 github.com/milvus-io/milvus/pkg/v2/tracer.StackTrace
/workspace/source/internal/util/grpcclient/client.go:575 github.com/milvus-io/milvus/internal/util/grpcclient.(*ClientBase[...]).Call
/workspace/source/internal/util/grpcclient/client.go:589 github.com/milvus-io/milvus/internal/util/grpcclient.(*ClientBase[...]).ReCall
/workspace/source/internal/distributed/proxy/client/client.go:101 github.com/milvus-io/milvus/internal/distributed/proxy/client.wrapGrpcCall[...]
/workspace/source/internal/distributed/proxy/client/client.go:134 github.com/milvus-io/milvus/internal/distributed/proxy/client.(*Client).InvalidateCollectionMetaCache
/workspace/source/internal/util/proxyutil/proxy_client_manager.go:186 github.com/milvus-io/milvus/internal/util/proxyutil.(*ProxyClientManager).InvalidateCollectionMetaCache.func1.1
/go/pkg/mod/golang.org/x/sync@v0.11.0/errgroup/errgroup.go:78 golang.org/x/sync/errgroup.(*Group).Go.func1
/usr/local/go/src/runtime/asm_amd64.s:1700 runtime.goexit: rpc error: code = Unknown desc = node not match[expectedNodeID=2][actualNodeID=3])>, <Time:{'RPC start': '2026-08-14 16:05:34.190989', 'RPC error': '2026-08-14 16:05:40.413417'}>
Process Process-1:
Traceback (most recent call last):
  File "<remote_artifact>", line 314, in _bootstrap
    self.run()
  File "<remote_artifact>", line 108, in run
    self._target(*self._args, **self._kwargs)
  File "<remote_artifact>", line 152, in run_worker
    run(
  File "<remote_artifact>", line 793, in run
    insert_time, data_size = insert_data(
  File "<remote_artifact>", line 609, in insert_data
    algo.load_data(X_train, X_train_label, label_names, label_types)
  File "<remote_artifact>", line 234, in load_data
    self.create_collection(len(labels[0]), label_names, label_types)
  File "<remote_artifact>", line 165, in create_collection
    self.collection = Collection(
  File "<remote_artifact>", line 151, in __init__
    conn.create_collection(self._name, schema, **kwargs)
  File "<remote_artifact>", line 148, in handler
    raise e from e
  File "<remote_artifact>", line 144, in handler
    return func(*args, **kwargs)
  File "<remote_artifact>", line 183, in handler
    return func(self, *args, **kwargs)
  File "<remote_artifact>", line 123, in handler
    raise e from e
  File "<remote_artifact>", line 87, in handler
    return func(*args, **kwargs)
  File "<remote_artifact>", line 308, in create_collection
    check_status(status)
  File "<remote_artifact>", line 63, in check_status
    raise MilvusException(status.code, status.reason, status.error_code)
pymilvus.exceptions.MilvusException: <MilvusException: (code=65535, message=InvalidateCollectionMetaCache failed, proxyID = 2, err = stack trace: /workspace/source/pkg/tracer/stack_trace.go:51 github.com/milvus-io/milvus/pkg/v2/tracer.StackTrace
/workspace/source/internal/util/grpcclient/client.go:575 github.com/milvus-io/milvus/internal/util/grpcclient.(*ClientBase[...]).Call
/workspace/source/internal/util/grpcclient/client.go:589 github.com/milvus-io/milvus/internal/util/grpcclient.(*ClientBase[...]).ReCall
/workspace/source/internal/distributed/proxy/client/client.go:101 github.com/milvus-io/milvus/internal/distributed/proxy/client.wrapGrpcCall[...]
/workspace/source/internal/distributed/proxy/client/client.go:134 github.com/milvus-io/milvus/internal/distributed/proxy/client.(*Client).InvalidateCollectionMetaCache
/workspace/source/internal/util/proxyutil/proxy_client_manager.go:186 github.com/milvus-io/milvus/internal/util/proxyutil.(*ProxyClientManager).InvalidateCollectionMetaCache.func1.1
/go/pkg/mod/golang.org/x/sync@v0.11.0/errgroup/errgroup.go:78 golang.org/x/sync/errgroup.(*Group).Go.func1
/usr/local/go/src/runtime/asm_amd64.s:1700 runtime.goexit: rpc error: code = Unknown desc = node not match[expectedNodeID=2][actualNodeID=3])>
2026-08-14 16:05:40,443 - bvb - INFO - Terminating 1 workers
