START 2026-08-15T01:50:27+08:00 slot=2 cpuset=56-83
2026-08-15 01:50:29,101 - bvb - INFO - running only qdrant
2026-08-15 01:50:29,642 - bvb - INFO - Order: [Definition(algorithm='qdrant', constructor='Qdrant', module='bigvectorbench.algorithms.qdrant', docker_tag='bigvectorbench-qdrant', arguments=['euclidean', {'M': 64, 'efConstruction': 400}], query_argument_groups=[[100, True], [200, True], [400, True], [800, True], [1600, True]], disabled=False), Definition(algorithm='qdrant', constructor='Qdrant', module='bigvectorbench.algorithms.qdrant', docker_tag='bigvectorbench-qdrant', arguments=['euclidean', {'M': 32, 'efConstruction': 100}], query_argument_groups=[[100, True], [200, True], [400, True], [800, True], [1600, True]], disabled=False), Definition(algorithm='qdrant', constructor='Qdrant', module='bigvectorbench.algorithms.qdrant', docker_tag='bigvectorbench-qdrant', arguments=['euclidean', {'M': 32, 'efConstruction': 400}], query_argument_groups=[[100, True], [200, True], [400, True], [800, True], [1600, True]], disabled=False), Definition(algorithm='qdrant', constructor='Qdrant', module='bigvectorbench.algorithms.qdrant', docker_tag='bigvectorbench-qdrant', arguments=['euclidean', {'M': 128, 'efConstruction': 400}], query_argument_groups=[[100, True], [200, True], [400, True], [800, True], [1600, True]], disabled=False), Definition(algorithm='qdrant', constructor='Qdrant', module='bigvectorbench.algorithms.qdrant', docker_tag='bigvectorbench-qdrant', arguments=['euclidean', {'M': 64, 'efConstruction': 100}], query_argument_groups=[[100, True], [200, True], [400, True], [800, True], [1600, True]], disabled=False)]
 Container qdrant-qdrant-1  Stopping
 Container qdrant-qdrant-1  Stopped
 Container qdrant-qdrant-1  Removing
 Container qdrant-qdrant-1  Removed
 Network qdrant_default  Removing
 Network qdrant_default  Removed
 Network qdrant_default  Creating
 Network qdrant_default  Created
 Container qdrant-qdrant-1  Creating
 Container qdrant-qdrant-1  Created
 Container qdrant-qdrant-1  Starting
 Container qdrant-qdrant-1  Started
 Container qdrant-qdrant-1  Stopping
 Container qdrant-qdrant-1  Stopped
 Container qdrant-qdrant-1  Removing
 Container qdrant-qdrant-1  Removed
 Network qdrant_default  Removing
 Network qdrant_default  Removed
 Network qdrant_default  Creating
 Network qdrant_default  Created
 Container qdrant-qdrant-1  Creating
 Container qdrant-qdrant-1  Created
 Container qdrant-qdrant-1  Starting
 Container qdrant-qdrant-1  Started
Trying to instantiate bigvectorbench.algorithms.qdrant.Qdrant(['euclidean', {'M': 64, 'efConstruction': 400}])
[Qdrant] docker compose up successfully!!!
[Qdrant] client connected successfully!!!
Dataset type: filter-ann
Distance metric: euclidean
Got a train set of size               (620643 * 384) with 1 labels
label names: ['unixtime']
label types: ['int32']
filter expression function: 
def filter_expr(unixtime):
    unixtime_head = unixtime - 3 * 24 * 60 * 60
    unixtime_tail = unixtime
    return f"unixtime >= {unixtime_head} and unixtime <= {unixtime_tail}"

Got 10000 queries
[Qdrant] load data with 1 labels!!!
[Qdrant] collection created successfully!!!
[Qdrant] Start uploading 620643 vectors...
[Qdrant] Uploaded 620643 vectors successfully!!!
[Qdrant] Point count: 620643
[Qdrant] Stored vectors: None
[Qdrant] Indexed vectors: 0
[Qdrant] Collection status: green
Inserted data in 325.8122158050537
Memory usage:  859808.0
Built index in  12.057584762573242
Index size:  1156320.0
Running query argument group 1 of 5...
Run 1/1...
Warmup round 1/2...
Processed 1000/9975 queries...
Warmup round 2/2...
Processed 2000/9975 queries...
Processed 3000/9975 queries...
Processed 4000/9975 queries...
Processed 5000/9975 queries...
Processed 6000/9975 queries...
Processed 7000/9975 queries...
Processed 8000/9975 queries...
Processed 9000/9975 queries...
Processed 10000/9975 queries...
Processed 11000/9975 queries...
Running query argument group 2 of 5...
Run 1/1...
Warmup round 1/2...
Processed 1000/9975 queries...
Warmup round 2/2...
Processed 2000/9975 queries...
Processed 3000/9975 queries...
Processed 4000/9975 queries...
Processed 5000/9975 queries...
Processed 6000/9975 queries...
Processed 7000/9975 queries...
Processed 8000/9975 queries...
Processed 9000/9975 queries...
Processed 10000/9975 queries...
Processed 11000/9975 queries...
Running query argument group 3 of 5...
Run 1/1...
Warmup round 1/2...
Processed 1000/9975 queries...
Warmup round 2/2...
Processed 2000/9975 queries...
Processed 3000/9975 queries...
Processed 4000/9975 queries...
Processed 5000/9975 queries...
Processed 6000/9975 queries...
Processed 7000/9975 queries...
Processed 8000/9975 queries...
Processed 9000/9975 queries...
Processed 10000/9975 queries...
Processed 11000/9975 queries...
Running query argument group 4 of 5...
Run 1/1...
Warmup round 1/2...
Processed 1000/9975 queries...
Warmup round 2/2...
Processed 2000/9975 queries...
Processed 3000/9975 queries...
Processed 4000/9975 queries...
Processed 5000/9975 queries...
Processed 6000/9975 queries...
Processed 7000/9975 queries...
Processed 8000/9975 queries...
Processed 9000/9975 queries...
Processed 10000/9975 queries...
Processed 11000/9975 queries...
Running query argument group 5 of 5...
Run 1/1...
Warmup round 1/2...
Processed 1000/9975 queries...
Warmup round 2/2...
Processed 2000/9975 queries...
Processed 3000/9975 queries...
Processed 4000/9975 queries...
Processed 5000/9975 queries...
Processed 6000/9975 queries...
Processed 7000/9975 queries...
Processed 8000/9975 queries...
Processed 9000/9975 queries...
Processed 10000/9975 queries...
Processed 11000/9975 queries...
Processed 0/9975 inserts...
Processed 1000/9975 inserts...
Processed 2000/9975 inserts...
Processed 3000/9975 inserts...
Processed 4000/9975 inserts...
Processed 5000/9975 inserts...
Processed 6000/9975 inserts...
Processed 7000/9975 inserts...
Processed 8000/9975 inserts...
Processed 9000/9975 inserts...
Processed 0/9975 updates...
Processed 1000/9975 updates...
Processed 2000/9975 updates...
Processed 3000/9975 updates...
Processed 4000/9975 updates...
Processed 5000/9975 updates...
Processed 6000/9975 updates...
Processed 7000/9975 updates...
Processed 8000/9975 updates...
Processed 9000/9975 updates...
Processed 0/9975 deletes...
Processed 1000/9975 deletes...
Processed 2000/9975 deletes...
Processed 3000/9975 deletes...
Processed 4000/9975 deletes...
Processed 5000/9975 deletes...
Processed 6000/9975 deletes...
Processed 7000/9975 deletes...
Processed 8000/9975 deletes...
Processed 9000/9975 deletes...
[Qdrant] collection deleted successfully!!!
[Qdrant] docker compose down successfully!!!
Trying to instantiate bigvectorbench.algorithms.qdrant.Qdrant(['euclidean', {'M': 32, 'efConstruction': 100}])
[Qdrant] docker compose up successfully!!!
[Qdrant] client connected successfully!!!
Dataset type: filter-ann
Distance metric: euclidean
Got a train set of size               (620643 * 384) with 1 labels
label names: ['unixtime']
label types: ['int32']
filter expression function: 
def filter_expr(unixtime):
    unixtime_head = unixtime - 3 * 24 * 60 * 60
    unixtime_tail = unixtime
    return f"unixtime >= {unixtime_head} and unixtime <= {unixtime_tail}"

Got 10000 queries
[Qdrant] load data with 1 labels!!!
[Qdrant] collection created successfully!!!
[Qdrant] Start uploading 620643 vectors...
[Qdrant] Uploaded 620643 vectors successfully!!!
[Qdrant] Point count: 620643
[Qdrant] Stored vectors: None
[Qdrant] Indexed vectors: 0
[Qdrant] Collection status: green
Inserted data in 349.73040652275085
Memory usage:  605284.0
Built index in  12.05502462387085
Index size:  1153636.0
Running query argument group 1 of 5...
Run 1/1...
Warmup round 1/2...
Processed 1000/9975 queries...
Warmup round 2/2...
Processed 2000/9975 queries...
Processed 3000/9975 queries...
Processed 4000/9975 queries...
Processed 5000/9975 queries...
Processed 6000/9975 queries...
Processed 7000/9975 queries...
Processed 8000/9975 queries...
Processed 9000/9975 queries...
Processed 10000/9975 queries...
Processed 11000/9975 queries...
Running query argument group 2 of 5...
Run 1/1...
Warmup round 1/2...
Processed 1000/9975 queries...
Warmup round 2/2...
Processed 2000/9975 queries...
Processed 3000/9975 queries...
Processed 4000/9975 queries...
Processed 5000/9975 queries...
Processed 6000/9975 queries...
Processed 7000/9975 queries...
Processed 8000/9975 queries...
Processed 9000/9975 queries...
Processed 10000/9975 queries...
Processed 11000/9975 queries...
Running query argument group 3 of 5...
Run 1/1...
Warmup round 1/2...
Processed 1000/9975 queries...
Warmup round 2/2...
Processed 2000/9975 queries...
Processed 3000/9975 queries...
Processed 4000/9975 queries...
Processed 5000/9975 queries...
Processed 6000/9975 queries...
Processed 7000/9975 queries...
Processed 8000/9975 queries...
Processed 9000/9975 queries...
Processed 10000/9975 queries...
Processed 11000/9975 queries...
Running query argument group 4 of 5...
Run 1/1...
Warmup round 1/2...
Processed 1000/9975 queries...
Warmup round 2/2...
Processed 2000/9975 queries...
Processed 3000/9975 queries...
Processed 4000/9975 queries...
Processed 5000/9975 queries...
Processed 6000/9975 queries...
Processed 7000/9975 queries...
Processed 8000/9975 queries...
Processed 9000/9975 queries...
Processed 10000/9975 queries...
Processed 11000/9975 queries...
Running query argument group 5 of 5...
Run 1/1...
Warmup round 1/2...
Processed 1000/9975 queries...
Warmup round 2/2...
Processed 2000/9975 queries...
Processed 3000/9975 queries...
Processed 4000/9975 queries...
Processed 5000/9975 queries...
Processed 6000/9975 queries...
Processed 7000/9975 queries...
Processed 8000/9975 queries...
Processed 9000/9975 queries...
Processed 10000/9975 queries...
Processed 11000/9975 queries...
Processed 0/9975 inserts...
Processed 1000/9975 inserts...
Processed 2000/9975 inserts...
Processed 3000/9975 inserts...
Processed 4000/9975 inserts...
Processed 5000/9975 inserts...
Processed 6000/9975 inserts...
Processed 7000/9975 inserts...
Processed 8000/9975 inserts...
Processed 9000/9975 inserts...
Processed 0/9975 updates...
Processed 1000/9975 updates...
Processed 2000/9975 updates...
Processed 3000/9975 updates...
Processed 4000/9975 updates...
Processed 5000/9975 updates...
Processed 6000/9975 updates...
Processed 7000/9975 updates...
Processed 8000/9975 updates...
Processed 9000/9975 updates...
Processed 0/9975 deletes...
Processed 1000/9975 deletes...
Processed 2000/9975 deletes...
Processed 3000/9975 deletes...
Processed 4000/9975 deletes...
Processed 5000/9975 deletes...
Processed 6000/9975 deletes...
 Container qdrant-qdrant-1  Stopping
 Container qdrant-qdrant-1  Stopped
 Container qdrant-qdrant-1  Removing
 Container qdrant-qdrant-1  Removed
 Network qdrant_default  Removing
 Network qdrant_default  Removed
 Network qdrant_default  Creating
 Network qdrant_default  Created
 Container qdrant-qdrant-1  Creating
 Container qdrant-qdrant-1  Created
 Container qdrant-qdrant-1  Starting
 Container qdrant-qdrant-1  Started
 Container qdrant-qdrant-1  Stopping
 Container qdrant-qdrant-1  Stopped
 Container qdrant-qdrant-1  Removing
 Container qdrant-qdrant-1  Removed
 Network qdrant_default  Removing
 Network qdrant_default  Removed
 Network qdrant_default  Creating
 Network qdrant_default  Created
 Container qdrant-qdrant-1  Creating
 Container qdrant-qdrant-1  Created
 Container qdrant-qdrant-1  Starting
 Container qdrant-qdrant-1  Started
Processed 7000/9975 deletes...
Processed 8000/9975 deletes...
Processed 9000/9975 deletes...
[Qdrant] collection deleted successfully!!!
[Qdrant] docker compose down successfully!!!
Trying to instantiate bigvectorbench.algorithms.qdrant.Qdrant(['euclidean', {'M': 32, 'efConstruction': 400}])
[Qdrant] docker compose up successfully!!!
[Qdrant] client connected successfully!!!
Dataset type: filter-ann
Distance metric: euclidean
Got a train set of size               (620643 * 384) with 1 labels
label names: ['unixtime']
label types: ['int32']
filter expression function: 
def filter_expr(unixtime):
    unixtime_head = unixtime - 3 * 24 * 60 * 60
    unixtime_tail = unixtime
    return f"unixtime >= {unixtime_head} and unixtime <= {unixtime_tail}"

Got 10000 queries
[Qdrant] load data with 1 labels!!!
[Qdrant] collection created successfully!!!
[Qdrant] Start uploading 620643 vectors...
[Qdrant] Uploaded 620643 vectors successfully!!!
[Qdrant] Point count: 620643
[Qdrant] Stored vectors: None
[Qdrant] Indexed vectors: 0
[Qdrant] Collection status: green
Inserted data in 348.3134853839874
Memory usage:  1214964.0
Built index in  12.052734136581421
Index size:  1155440.0
Running query argument group 1 of 5...
Run 1/1...
Warmup round 1/2...
Processed 1000/9975 queries...
Warmup round 2/2...
Processed 2000/9975 queries...
Processed 3000/9975 queries...
Processed 4000/9975 queries...
Processed 5000/9975 queries...
Processed 6000/9975 queries...
Processed 7000/9975 queries...
Processed 8000/9975 queries...
Processed 9000/9975 queries...
Processed 10000/9975 queries...
Processed 11000/9975 queries...
Running query argument group 2 of 5...
Run 1/1...
Warmup round 1/2...
Processed 1000/9975 queries...
Warmup round 2/2...
Processed 2000/9975 queries...
Processed 3000/9975 queries...
Processed 4000/9975 queries...
Processed 5000/9975 queries...
Processed 6000/9975 queries...
Processed 7000/9975 queries...
Processed 8000/9975 queries...
Processed 9000/9975 queries...
Processed 10000/9975 queries...
Processed 11000/9975 queries...
Running query argument group 3 of 5...
Run 1/1...
Warmup round 1/2...
Processed 1000/9975 queries...
Warmup round 2/2...
Processed 2000/9975 queries...
Processed 3000/9975 queries...
Processed 4000/9975 queries...
Processed 5000/9975 queries...
Processed 6000/9975 queries...
Processed 7000/9975 queries...
Processed 8000/9975 queries...
Processed 9000/9975 queries...
Processed 10000/9975 queries...
Processed 11000/9975 queries...
Running query argument group 4 of 5...
Run 1/1...
Warmup round 1/2...
Processed 1000/9975 queries...
Warmup round 2/2...
Processed 2000/9975 queries...
Processed 3000/9975 queries...
Processed 4000/9975 queries...
Processed 5000/9975 queries...
Processed 6000/9975 queries...
Processed 7000/9975 queries...
Processed 8000/9975 queries...
Processed 9000/9975 queries...
Processed 10000/9975 queries...
Processed 11000/9975 queries...
Running query argument group 5 of 5...
Run 1/1...
Warmup round 1/2...
Processed 1000/9975 queries...
Warmup round 2/2...
Processed 2000/9975 queries...
Processed 3000/9975 queries...
Processed 4000/9975 queries...
Processed 5000/9975 queries...
Processed 6000/9975 queries...
Processed 7000/9975 queries...
Processed 8000/9975 queries...
Processed 9000/9975 queries...
Processed 10000/9975 queries...
Processed 11000/9975 queries...
Processed 0/9975 inserts...
Processed 1000/9975 inserts...
Processed 2000/9975 inserts...
Processed 3000/9975 inserts...
Processed 4000/9975 inserts...
Processed 5000/9975 inserts...
Processed 6000/9975 inserts...
Processed 7000/9975 inserts...
Processed 8000/9975 inserts...
Processed 9000/9975 inserts...
Processed 0/9975 updates...
Processed 1000/9975 updates...
Processed 2000/9975 updates...
Processed 3000/9975 updates...
Processed 4000/9975 updates...
Processed 5000/9975 updates...
Processed 6000/9975 updates...
Processed 7000/9975 updates...
Processed 8000/9975 updates...
Processed 9000/9975 updates...
Processed 0/9975 deletes...
Processed 1000/9975 deletes...
Processed 2000/9975 deletes...
Processed 3000/9975 deletes...
Processed 4000/9975 deletes...
Processed 5000/9975 deletes...
Processed 6000/9975 deletes...
Processed 7000/9975 deletes...
Processed 8000/9975 deletes...
Processed 9000/9975 deletes...
[Qdrant] collection deleted successfully!!!
[Qdrant] docker compose down successfully!!!
Trying to instantiate bigvectorbench.algorithms.qdrant.Qdrant(['euclidean', {'M': 128, 'efConstruction': 400}])
[Qdrant] docker compose up successfully!!!
[Qdrant] client connected successfully!!!
Dataset type: filter-ann
Distance metric: euclidean
Got a train set of size               (620643 * 384) with 1 labels
label names: ['unixtime']
label types: ['int32']
filter expression function: 
def filter_expr(unixtime):
    unixtime_head = unixtime - 3 * 24 * 60 * 60
    unixtime_tail = unixtime
    return f"unixtime >= {unixtime_head} and unixtime <= {unixtime_tail}"

Got 10000 queries
[Qdrant] load data with 1 labels!!!
[Qdrant] collection created successfully!!!
[Qdrant] Start uploading 620643 vectors...
[Qdrant] Uploaded 620643 vectors successfully!!!
[Qdrant] Point count: 620643
[Qdrant] Stored vectors: None
[Qdrant] Indexed vectors: 0
[Qdrant] Collection status: green
Inserted data in 331.1792314052582
Memory usage:  1213744.0
Built index in  10.041577100753784
Index size:  1137704.0
Running query argument group 1 of 5...
Run 1/1...
Warmup round 1/2...
Processed 1000/9975 queries...
Warmup round 2/2...
Processed 2000/9975 queries...
Processed 3000/9975 queries...
Processed 4000/9975 queries...
Processed 5000/9975 queries...
Processed 6000/9975 queries...
Processed 7000/9975 queries...
Processed 8000/9975 queries...
Processed 9000/9975 queries...
Processed 10000/9975 queries...
Processed 11000/9975 queries...
Running query argument group 2 of 5...
Run 1/1...
Warmup round 1/2...
Processed 1000/9975 queries...
Warmup round 2/2...
Processed 2000/9975 queries...
Processed 3000/9975 queries...
Processed 4000/9975 queries...
Processed 5000/9975 queries...
Processed 6000/9975 queries...
Processed 7000/9975 queries...
Processed 8000/9975 queries...
Processed 9000/9975 queries...
Processed 10000/9975 queries...
Processed 11000/9975 queries...
Running query argument group 3 of 5...
Run 1/1...
Warmup round 1/2...
Processed 1000/9975 queries...
Warmup round 2/2...
Processed 2000/9975 queries...
Processed 3000/9975 queries...
Processed 4000/9975 queries...
Processed 5000/9975 queries...
Processed 6000/9975 queries...
Processed 7000/9975 queries...
Processed 8000/9975 queries...
Processed 9000/9975 queries...
Processed 10000/9975 queries...
Processed 11000/9975 queries...
Running query argument group 4 of 5...
Run 1/1...
Warmup round 1/2...
Processed 1000/9975 queries...
Warmup round 2/2...
Processed 2000/9975 queries...
Processed 3000/9975 queries...
Processed 4000/9975 queries...
Processed 5000/9975 queries...
Processed 6000/9975 queries...
Processed 7000/9975 queries...
Processed 8000/9975 queries...
Processed 9000/9975 queries...
Processed 10000/9975 queries...
Processed 11000/9975 queries...
Running query argument group 5 of 5...
Run 1/1...
Warmup round 1/2...
Processed 1000/9975 queries...
Warmup round 2/2...
Processed 2000/9975 queries...
Processed 3000/9975 queries...
Processed 4000/9975 queries...
Processed 5000/9975 queries...
Processed 6000/9975 queries...
Processed 7000/9975 queries...
Processed 8000/9975 queries...
Processed 9000/9975 queries...
Processed 10000/9975 queries...
Processed 11000/9975 queries...
Processed 0/9975 inserts...
Processed 1000/9975 inserts...
Processed 2000/9975 inserts...
Processed 3000/9975 inserts...
Processed 4000/9975 inserts...
Processed 5000/9975 inserts...
Processed 6000/9975 inserts...
Processed 7000/9975 inserts...
Processed 8000/9975 inserts...
Processed 9000/9975 inserts...
Processed 0/9975 updates...
Processed 1000/9975 updates...
Processed 2000/9975 updates...
Processed 3000/9975 updates...
Processed 4000/9975 updates...
Processed 5000/9975 updates...
Processed 6000/9975 updates...
Processed 7000/9975 updates...
Processed 8000/9975 updates...
Processed 9000/9975 updates...
Processed 0/9975 deletes...
 Container qdrant-qdrant-1  Stopping
 Container qdrant-qdrant-1  Stopped
 Container qdrant-qdrant-1  Removing
 Container qdrant-qdrant-1  Removed
 Network qdrant_default  Removing
 Network qdrant_default  Removed
 Network qdrant_default  Creating
 Network qdrant_default  Created
 Container qdrant-qdrant-1  Creating
 Container qdrant-qdrant-1  Created
 Container qdrant-qdrant-1  Starting
 Container qdrant-qdrant-1  Started
 Container qdrant-qdrant-1  Stopping
 Container qdrant-qdrant-1  Stopped
 Container qdrant-qdrant-1  Removing
 Container qdrant-qdrant-1  Removed
 Network qdrant_default  Removing
 Network qdrant_default  Removed
Processed 1000/9975 deletes...
Processed 2000/9975 deletes...
Processed 3000/9975 deletes...
Processed 4000/9975 deletes...
Processed 5000/9975 deletes...
Processed 6000/9975 deletes...
Processed 7000/9975 deletes...
Processed 8000/9975 deletes...
Processed 9000/9975 deletes...
[Qdrant] collection deleted successfully!!!
[Qdrant] docker compose down successfully!!!
Trying to instantiate bigvectorbench.algorithms.qdrant.Qdrant(['euclidean', {'M': 64, 'efConstruction': 100}])
[Qdrant] docker compose up successfully!!!
[Qdrant] client connected successfully!!!
Dataset type: filter-ann
Distance metric: euclidean
Got a train set of size               (620643 * 384) with 1 labels
label names: ['unixtime']
label types: ['int32']
filter expression function: 
def filter_expr(unixtime):
    unixtime_head = unixtime - 3 * 24 * 60 * 60
    unixtime_tail = unixtime
    return f"unixtime >= {unixtime_head} and unixtime <= {unixtime_tail}"

Got 10000 queries
[Qdrant] load data with 1 labels!!!
[Qdrant] collection created successfully!!!
[Qdrant] Start uploading 620643 vectors...
[Qdrant] Uploaded 620643 vectors successfully!!!
[Qdrant] Point count: 620643
[Qdrant] Stored vectors: None
[Qdrant] Indexed vectors: 0
[Qdrant] Collection status: green
Inserted data in 329.049409866333
Memory usage:  1209520.0
Built index in  10.043245077133179
Index size:  1153480.0
Running query argument group 1 of 5...
Run 1/1...
Warmup round 1/2...
Processed 1000/9975 queries...
Warmup round 2/2...
Processed 2000/9975 queries...
Processed 3000/9975 queries...
Processed 4000/9975 queries...
Processed 5000/9975 queries...
Processed 6000/9975 queries...
Processed 7000/9975 queries...
Processed 8000/9975 queries...
Processed 9000/9975 queries...
Processed 10000/9975 queries...
Processed 11000/9975 queries...
Running query argument group 2 of 5...
Run 1/1...
Warmup round 1/2...
Processed 1000/9975 queries...
Warmup round 2/2...
Processed 2000/9975 queries...
Processed 3000/9975 queries...
Processed 4000/9975 queries...
Processed 5000/9975 queries...
Processed 6000/9975 queries...
Processed 7000/9975 queries...
Processed 8000/9975 queries...
Processed 9000/9975 queries...
Processed 10000/9975 queries...
Processed 11000/9975 queries...
Running query argument group 3 of 5...
Run 1/1...
Warmup round 1/2...
Processed 1000/9975 queries...
Warmup round 2/2...
Processed 2000/9975 queries...
Processed 3000/9975 queries...
Processed 4000/9975 queries...
Processed 5000/9975 queries...
Processed 6000/9975 queries...
Processed 7000/9975 queries...
Processed 8000/9975 queries...
Processed 9000/9975 queries...
Processed 10000/9975 queries...
Processed 11000/9975 queries...
Running query argument group 4 of 5...
Run 1/1...
Warmup round 1/2...
Processed 1000/9975 queries...
Warmup round 2/2...
Processed 2000/9975 queries...
Processed 3000/9975 queries...
Processed 4000/9975 queries...
Processed 5000/9975 queries...
Processed 6000/9975 queries...
Processed 7000/9975 queries...
Processed 8000/9975 queries...
Processed 9000/9975 queries...
Processed 10000/9975 queries...
Processed 11000/9975 queries...
Running query argument group 5 of 5...
Run 1/1...
Warmup round 1/2...
Processed 1000/9975 queries...
Warmup round 2/2...
Processed 2000/9975 queries...
Processed 3000/9975 queries...
Processed 4000/9975 queries...
Processed 5000/9975 queries...
Processed 6000/9975 queries...
Processed 7000/9975 queries...
Processed 8000/9975 queries...
Processed 9000/9975 queries...
Processed 10000/9975 queries...
Processed 11000/9975 queries...
Processed 0/9975 inserts...
Processed 1000/9975 inserts...
Processed 2000/9975 inserts...
Processed 3000/9975 inserts...
Processed 4000/9975 inserts...
Processed 5000/9975 inserts...
Processed 6000/9975 inserts...
Processed 7000/9975 inserts...
Processed 8000/9975 inserts...
Processed 9000/9975 inserts...
Processed 0/9975 updates...
Processed 1000/9975 updates...
Processed 2000/9975 updates...
Processed 3000/9975 updates...
Processed 4000/9975 updates...
Processed 5000/9975 updates...
Processed 6000/9975 updates...
Processed 7000/9975 updates...
Processed 8000/9975 updates...
Processed 9000/9975 updates...
Processed 0/9975 deletes...
Processed 1000/9975 deletes...
Processed 2000/9975 deletes...
Processed 3000/9975 deletes...
Processed 4000/9975 deletes...
Processed 5000/9975 deletes...
Processed 6000/9975 deletes...
Processed 7000/9975 deletes...
Processed 8000/9975 deletes...
Processed 9000/9975 deletes...
[Qdrant] collection deleted successfully!!!
[Qdrant] docker compose down successfully!!!
2026-08-15 11:58:08,992 - bvb - INFO - Terminating 1 workers
