START 2026-08-14T16:02:57+08:00 slot=1 cpuset=28-55
2026-08-14 16:02:59,028 - bvb - INFO - running only qdrant
2026-08-14 16:02:59,566 - bvb - INFO - Order: [Definition(algorithm='qdrant', constructor='Qdrant', module='bigvectorbench.algorithms.qdrant', docker_tag='bigvectorbench-qdrant', arguments=['euclidean', {'M': 32, 'efConstruction': 100}], query_argument_groups=[[100, True], [200, True], [400, True], [800, True], [1600, True]], disabled=False), Definition(algorithm='qdrant', constructor='Qdrant', module='bigvectorbench.algorithms.qdrant', docker_tag='bigvectorbench-qdrant', arguments=['euclidean', {'M': 32, 'efConstruction': 400}], query_argument_groups=[[100, True], [200, True], [400, True], [800, True], [1600, True]], disabled=False), Definition(algorithm='qdrant', constructor='Qdrant', module='bigvectorbench.algorithms.qdrant', docker_tag='bigvectorbench-qdrant', arguments=['euclidean', {'M': 64, 'efConstruction': 100}], query_argument_groups=[[100, True], [200, True], [400, True], [800, True], [1600, True]], disabled=False), Definition(algorithm='qdrant', constructor='Qdrant', module='bigvectorbench.algorithms.qdrant', docker_tag='bigvectorbench-qdrant', arguments=['euclidean', {'M': 64, 'efConstruction': 400}], query_argument_groups=[[100, True], [200, True], [400, True], [800, True], [1600, True]], disabled=False), Definition(algorithm='qdrant', constructor='Qdrant', module='bigvectorbench.algorithms.qdrant', docker_tag='bigvectorbench-qdrant', arguments=['euclidean', {'M': 128, 'efConstruction': 400}], query_argument_groups=[[100, True], [200, True], [400, True], [800, True], [1600, True]], disabled=False)]
 Container qdrant-qdrant-1  Stopping
 Container qdrant-qdrant-1  Stopped
 Container qdrant-qdrant-1  Removing
 Container qdrant-qdrant-1  Removed
 Network qdrant_default  Removing
 Network qdrant_default  Removed
 Network qdrant_default  Creating
 Network qdrant_default  Created
 Container qdrant-qdrant-1  Creating
 Container qdrant-qdrant-1  Created
 Container qdrant-qdrant-1  Starting
 Container qdrant-qdrant-1  Started
Process Process-1:
Traceback (most recent call last):
  File "<remote_artifact>", line 275, in _raise_for_status
    response.raise_for_status()
  File "<remote_artifact>", line 1024, in raise_for_status
    raise HTTPError(http_error_msg, response=self)
requests.exceptions.HTTPError: 404 Client Error: Not Found for url: http+docker://localhost/v1.49/containers/f8102ad101415f72cec2e7ac96d12f1efc7570150ec2089dcf6c3d7024c5d8df/stats?stream=False

The above exception was the direct cause of the following exception:

Traceback (most recent call last):
  File "<remote_artifact>", line 314, in _bootstrap
    self.run()
  File "<remote_artifact>", line 108, in run
    self._target(*self._args, **self._kwargs)
  File "<remote_artifact>", line 152, in run_worker
    run(
  File "<remote_artifact>", line 793, in run
    insert_time, data_size = insert_data(
  File "<remote_artifact>", line 611, in insert_data
    memory_usage_after = algo.get_memory_usage()
  File "<remote_artifact>", line 73, in get_memory_usage
    memory_stats = container.stats(stream=False)["memory_stats"]
  File "<remote_artifact>", line 438, in stats
    return self.client.api.stats(self.id, **kwargs)
  File "<remote_artifact>", line 19, in wrapped
    return f(self, resource_id, *args, **kwargs)
  File "<remote_artifact>", line 1184, in stats
    return self._result(self._get(url, params=params), json=True)
  File "<remote_artifact>", line 281, in _result
    self._raise_for_status(response)
  File "<remote_artifact>", line 277, in _raise_for_status
    raise create_api_error_from_http_exception(e) from e
  File "<remote_artifact>", line 39, in create_api_error_from_http_exception
    raise cls(e, response=response, explanation=explanation) from e
docker.errors.NotFound: 404 Client Error for http+docker://localhost/v1.49/containers/f8102ad101415f72cec2e7ac96d12f1efc7570150ec2089dcf6c3d7024c5d8df/stats?stream=False: Not Found ("No such container: f8102ad101415f72cec2e7ac96d12f1efc7570150ec2089dcf6c3d7024c5d8df")
Trying to instantiate bigvectorbench.algorithms.qdrant.Qdrant(['euclidean', {'M': 32, 'efConstruction': 100}])
[Qdrant] docker compose up successfully!!!
[Qdrant] client connected successfully!!!
Dataset type: filter-ann
Distance metric: euclidean
Got a train set of size               (620643 * 384) with 1 labels
label names: ['unixtime']
label types: ['int32']
filter expression function: 
def filter_expr(unixtime):
    unixtime_head = unixtime - 3 * 24 * 60 * 60
    unixtime_tail = unixtime
    return f"unixtime >= {unixtime_head} and unixtime <= {unixtime_tail}"

Got 10000 queries
[Qdrant] load data with 1 labels!!!
[Qdrant] collection created successfully!!!
[Qdrant] Start uploading 620643 vectors...
[Qdrant] Uploaded 620643 vectors successfully!!!
[Qdrant] Point count: 620643
[Qdrant] Stored vectors: None
[Qdrant] Indexed vectors: 0
[Qdrant] Collection status: green
2026-08-14 16:08:19,893 - bvb - INFO - Terminating 1 workers
START 2026-08-16T11:37:12+08:00 slot=0 cpuset=0-27
2026-08-16 11:37:14,247 - bvb - INFO - running only qdrant
2026-08-16 11:37:14,790 - bvb - INFO - Order: [Definition(algorithm='qdrant', constructor='Qdrant', module='bigvectorbench.algorithms.qdrant', docker_tag='bigvectorbench-qdrant', arguments=['euclidean', {'M': 32, 'efConstruction': 400}], query_argument_groups=[[100, True], [200, True], [400, True], [800, True], [1600, True]], disabled=False), Definition(algorithm='qdrant', constructor='Qdrant', module='bigvectorbench.algorithms.qdrant', docker_tag='bigvectorbench-qdrant', arguments=['euclidean', {'M': 32, 'efConstruction': 100}], query_argument_groups=[[100, True], [200, True], [400, True], [800, True], [1600, True]], disabled=False), Definition(algorithm='qdrant', constructor='Qdrant', module='bigvectorbench.algorithms.qdrant', docker_tag='bigvectorbench-qdrant', arguments=['euclidean', {'M': 64, 'efConstruction': 400}], query_argument_groups=[[100, True], [200, True], [400, True], [800, True], [1600, True]], disabled=False), Definition(algorithm='qdrant', constructor='Qdrant', module='bigvectorbench.algorithms.qdrant', docker_tag='bigvectorbench-qdrant', arguments=['euclidean', {'M': 64, 'efConstruction': 100}], query_argument_groups=[[100, True], [200, True], [400, True], [800, True], [1600, True]], disabled=False), Definition(algorithm='qdrant', constructor='Qdrant', module='bigvectorbench.algorithms.qdrant', docker_tag='bigvectorbench-qdrant', arguments=['euclidean', {'M': 128, 'efConstruction': 400}], query_argument_groups=[[100, True], [200, True], [400, True], [800, True], [1600, True]], disabled=False)]
 Container qdrant-qdrant-1  Stopping
 Container qdrant-qdrant-1  Stopped
 Container qdrant-qdrant-1  Removing
 Container qdrant-qdrant-1  Removed
 Network qdrant_default  Removing
 Network qdrant_default  Removed
 Network qdrant_default  Creating
 Network qdrant_default  Created
 Container qdrant-qdrant-1  Creating
 Container qdrant-qdrant-1  Created
 Container qdrant-qdrant-1  Starting
 Container qdrant-qdrant-1  Started
 Container qdrant-qdrant-1  Stopping
 Container qdrant-qdrant-1  Stopped
 Container qdrant-qdrant-1  Removing
 Container qdrant-qdrant-1  Removed
 Network qdrant_default  Removing
 Network qdrant_default  Removed
 Network qdrant_default  Creating
 Network qdrant_default  Created
 Container qdrant-qdrant-1  Creating
 Container qdrant-qdrant-1  Created
 Container qdrant-qdrant-1  Starting
 Container qdrant-qdrant-1  Started
Trying to instantiate bigvectorbench.algorithms.qdrant.Qdrant(['euclidean', {'M': 32, 'efConstruction': 400}])
[Qdrant] docker compose up successfully!!!
[Qdrant] client connected successfully!!!
[Qdrant] collection already exists!!!
[Qdrant] collection deleted successfully!!!
Dataset type: filter-ann
Distance metric: euclidean
Got a train set of size               (620643 * 384) with 1 labels
label names: ['unixtime']
label types: ['int32']
filter expression function: 
def filter_expr(unixtime):
    unixtime_head = unixtime - 3 * 24 * 60 * 60
    unixtime_tail = unixtime
    return f"unixtime >= {unixtime_head} and unixtime <= {unixtime_tail}"

Got 10000 queries
[Qdrant] load data with 1 labels!!!
[Qdrant] collection created successfully!!!
[Qdrant] Start uploading 620643 vectors...
[Qdrant] Uploaded 620643 vectors successfully!!!
[Qdrant] Point count: 620643
[Qdrant] Stored vectors: None
[Qdrant] Indexed vectors: 0
[Qdrant] Collection status: green
Inserted data in 305.4103009700775
Memory usage:  1180724.0
Built index in  12.056079864501953
Index size:  1155140.0
Running query argument group 1 of 5...
Run 1/1...
Warmup round 1/2...
Processed 1000/9975 queries...
Warmup round 2/2...
Processed 2000/9975 queries...
Processed 3000/9975 queries...
Processed 4000/9975 queries...
Processed 5000/9975 queries...
Processed 6000/9975 queries...
Processed 7000/9975 queries...
Processed 8000/9975 queries...
Processed 9000/9975 queries...
Processed 10000/9975 queries...
Processed 11000/9975 queries...
Running query argument group 2 of 5...
Run 1/1...
Warmup round 1/2...
Processed 1000/9975 queries...
Warmup round 2/2...
Processed 2000/9975 queries...
Processed 3000/9975 queries...
Processed 4000/9975 queries...
Processed 5000/9975 queries...
Processed 6000/9975 queries...
Processed 7000/9975 queries...
Processed 8000/9975 queries...
Processed 9000/9975 queries...
Processed 10000/9975 queries...
Processed 11000/9975 queries...
Running query argument group 3 of 5...
Run 1/1...
Warmup round 1/2...
Processed 1000/9975 queries...
Warmup round 2/2...
Processed 2000/9975 queries...
Processed 3000/9975 queries...
Processed 4000/9975 queries...
Processed 5000/9975 queries...
Processed 6000/9975 queries...
Processed 7000/9975 queries...
Processed 8000/9975 queries...
Processed 9000/9975 queries...
Processed 10000/9975 queries...
Processed 11000/9975 queries...
Running query argument group 4 of 5...
Run 1/1...
Warmup round 1/2...
Processed 1000/9975 queries...
Warmup round 2/2...
Processed 2000/9975 queries...
Processed 3000/9975 queries...
Processed 4000/9975 queries...
Processed 5000/9975 queries...
Processed 6000/9975 queries...
Processed 7000/9975 queries...
Processed 8000/9975 queries...
Processed 9000/9975 queries...
Processed 10000/9975 queries...
Processed 11000/9975 queries...
Running query argument group 5 of 5...
Run 1/1...
Warmup round 1/2...
Processed 1000/9975 queries...
Warmup round 2/2...
Processed 2000/9975 queries...
Processed 3000/9975 queries...
Processed 4000/9975 queries...
Processed 5000/9975 queries...
Processed 6000/9975 queries...
Processed 7000/9975 queries...
Processed 8000/9975 queries...
Processed 9000/9975 queries...
Processed 10000/9975 queries...
Processed 11000/9975 queries...
Processed 0/9975 inserts...
Processed 1000/9975 inserts...
Processed 2000/9975 inserts...
Processed 3000/9975 inserts...
Processed 4000/9975 inserts...
Processed 5000/9975 inserts...
Processed 6000/9975 inserts...
Processed 7000/9975 inserts...
Processed 8000/9975 inserts...
Processed 9000/9975 inserts...
Processed 0/9975 updates...
Processed 1000/9975 updates...
Processed 2000/9975 updates...
Processed 3000/9975 updates...
Processed 4000/9975 updates...
Processed 5000/9975 updates...
Processed 6000/9975 updates...
Processed 7000/9975 updates...
Processed 8000/9975 updates...
Processed 9000/9975 updates...
Processed 0/9975 deletes...
Processed 1000/9975 deletes...
Processed 2000/9975 deletes...
Processed 3000/9975 deletes...
Processed 4000/9975 deletes...
Processed 5000/9975 deletes...
Processed 6000/9975 deletes...
Processed 7000/9975 deletes...
Processed 8000/9975 deletes...
Processed 9000/9975 deletes...
[Qdrant] collection deleted successfully!!!
[Qdrant] docker compose down successfully!!!
Trying to instantiate bigvectorbench.algorithms.qdrant.Qdrant(['euclidean', {'M': 32, 'efConstruction': 100}])
[Qdrant] docker compose up successfully!!!
[Qdrant] client connected successfully!!!
Dataset type: filter-ann
Distance metric: euclidean
Got a train set of size               (620643 * 384) with 1 labels
label names: ['unixtime']
label types: ['int32']
filter expression function: 
def filter_expr(unixtime):
    unixtime_head = unixtime - 3 * 24 * 60 * 60
    unixtime_tail = unixtime
    return f"unixtime >= {unixtime_head} and unixtime <= {unixtime_tail}"

Got 10000 queries
[Qdrant] load data with 1 labels!!!
[Qdrant] collection created successfully!!!
[Qdrant] Start uploading 620643 vectors...
[Qdrant] Uploaded 620643 vectors successfully!!!
[Qdrant] Point count: 620643
[Qdrant] Stored vectors: None
[Qdrant] Indexed vectors: 0
[Qdrant] Collection status: green
Inserted data in 307.7601988315582
Memory usage:  1110624.0
Built index in  10.04278826713562
Index size:  1145872.0
Running query argument group 1 of 5...
Run 1/1...
Warmup round 1/2...
Processed 1000/9975 queries...
Warmup round 2/2...
Processed 2000/9975 queries...
Processed 3000/9975 queries...
Processed 4000/9975 queries...
Processed 5000/9975 queries...
Processed 6000/9975 queries...
Processed 7000/9975 queries...
Processed 8000/9975 queries...
Processed 9000/9975 queries...
Processed 10000/9975 queries...
Processed 11000/9975 queries...
Running query argument group 2 of 5...
Run 1/1...
Warmup round 1/2...
Processed 1000/9975 queries...
Warmup round 2/2...
Processed 2000/9975 queries...
Processed 3000/9975 queries...
Processed 4000/9975 queries...
Processed 5000/9975 queries...
Processed 6000/9975 queries...
Processed 7000/9975 queries...
Processed 8000/9975 queries...
Processed 9000/9975 queries...
Processed 10000/9975 queries...
Processed 11000/9975 queries...
Running query argument group 3 of 5...
Run 1/1...
Warmup round 1/2...
Processed 1000/9975 queries...
Warmup round 2/2...
Processed 2000/9975 queries...
Processed 3000/9975 queries...
Processed 4000/9975 queries...
Processed 5000/9975 queries...
Processed 6000/9975 queries...
Processed 7000/9975 queries...
Processed 8000/9975 queries...
Processed 9000/9975 queries...
Processed 10000/9975 queries...
Processed 11000/9975 queries...
Running query argument group 4 of 5...
Run 1/1...
Warmup round 1/2...
Processed 1000/9975 queries...
Warmup round 2/2...
Processed 2000/9975 queries...
Processed 3000/9975 queries...
Processed 4000/9975 queries...
Processed 5000/9975 queries...
Processed 6000/9975 queries...
Processed 7000/9975 queries...
Processed 8000/9975 queries...
Processed 9000/9975 queries...
Processed 10000/9975 queries...
Processed 11000/9975 queries...
Running query argument group 5 of 5...
Run 1/1...
Warmup round 1/2...
Processed 1000/9975 queries...
Warmup round 2/2...
Processed 2000/9975 queries...
Processed 3000/9975 queries...
Processed 4000/9975 queries...
Processed 5000/9975 queries...
Processed 6000/9975 queries...
Processed 7000/9975 queries...
Processed 8000/9975 queries...
Processed 9000/9975 queries...
Processed 10000/9975 queries...
Processed 11000/9975 queries...
Processed 0/9975 inserts...
Processed 1000/9975 inserts...
Processed 2000/9975 inserts...
Processed 3000/9975 inserts...
Processed 4000/9975 inserts...
Processed 5000/9975 inserts...
Processed 6000/9975 inserts...
Processed 7000/9975 inserts...
Processed 8000/9975 inserts...
Processed 9000/9975 inserts...
Processed 0/9975 updates...
Processed 1000/9975 updates...
Processed 2000/9975 updates...
Processed 3000/9975 updates...
Processed 4000/9975 updates...
Processed 5000/9975 updates...
Processed 6000/9975 updates...
Processed 7000/9975 updates...
Processed 8000/9975 updates...
Processed 9000/9975 updates...
Processed 0/9975 deletes...
Processed 1000/9975 deletes...
Processed 2000/9975 deletes...
Processed 3000/9975 deletes...
Processed 4000/9975 deletes...
 Container qdrant-qdrant-1  Stopping
 Container qdrant-qdrant-1  Stopped
 Container qdrant-qdrant-1  Removing
 Container qdrant-qdrant-1  Removed
 Network qdrant_default  Removing
 Network qdrant_default  Removed
 Network qdrant_default  Creating
 Network qdrant_default  Created
 Container qdrant-qdrant-1  Creating
 Container qdrant-qdrant-1  Created
 Container qdrant-qdrant-1  Starting
 Container qdrant-qdrant-1  Started
 Container qdrant-qdrant-1  Stopping
 Container qdrant-qdrant-1  Stopped
 Container qdrant-qdrant-1  Removing
 Container qdrant-qdrant-1  Removed
 Network qdrant_default  Removing
 Network qdrant_default  Removed
 Network qdrant_default  Creating
 Network qdrant_default  Created
 Container qdrant-qdrant-1  Creating
 Container qdrant-qdrant-1  Created
 Container qdrant-qdrant-1  Starting
 Container qdrant-qdrant-1  Started
Processed 5000/9975 deletes...
Processed 6000/9975 deletes...
Processed 7000/9975 deletes...
Processed 8000/9975 deletes...
Processed 9000/9975 deletes...
[Qdrant] collection deleted successfully!!!
[Qdrant] docker compose down successfully!!!
Trying to instantiate bigvectorbench.algorithms.qdrant.Qdrant(['euclidean', {'M': 64, 'efConstruction': 400}])
[Qdrant] docker compose up successfully!!!
[Qdrant] client connected successfully!!!
Dataset type: filter-ann
Distance metric: euclidean
Got a train set of size               (620643 * 384) with 1 labels
label names: ['unixtime']
label types: ['int32']
filter expression function: 
def filter_expr(unixtime):
    unixtime_head = unixtime - 3 * 24 * 60 * 60
    unixtime_tail = unixtime
    return f"unixtime >= {unixtime_head} and unixtime <= {unixtime_tail}"

Got 10000 queries
[Qdrant] load data with 1 labels!!!
[Qdrant] collection created successfully!!!
[Qdrant] Start uploading 620643 vectors...
[Qdrant] Uploaded 620643 vectors successfully!!!
[Qdrant] Point count: 620643
[Qdrant] Stored vectors: None
[Qdrant] Indexed vectors: 0
[Qdrant] Collection status: green
Inserted data in 306.79394578933716
Memory usage:  1205920.0
Built index in  10.042580604553223
Index size:  1151672.0
Running query argument group 1 of 5...
Run 1/1...
Warmup round 1/2...
Processed 1000/9975 queries...
Warmup round 2/2...
Processed 2000/9975 queries...
Processed 3000/9975 queries...
Processed 4000/9975 queries...
Processed 5000/9975 queries...
Processed 6000/9975 queries...
Processed 7000/9975 queries...
Processed 8000/9975 queries...
Processed 9000/9975 queries...
Processed 10000/9975 queries...
Processed 11000/9975 queries...
Running query argument group 2 of 5...
Run 1/1...
Warmup round 1/2...
Processed 1000/9975 queries...
Warmup round 2/2...
Processed 2000/9975 queries...
Processed 3000/9975 queries...
Processed 4000/9975 queries...
Processed 5000/9975 queries...
Processed 6000/9975 queries...
Processed 7000/9975 queries...
Processed 8000/9975 queries...
Processed 9000/9975 queries...
Processed 10000/9975 queries...
Processed 11000/9975 queries...
Running query argument group 3 of 5...
Run 1/1...
Warmup round 1/2...
Processed 1000/9975 queries...
Warmup round 2/2...
Processed 2000/9975 queries...
Processed 3000/9975 queries...
Processed 4000/9975 queries...
Processed 5000/9975 queries...
Processed 6000/9975 queries...
Processed 7000/9975 queries...
Processed 8000/9975 queries...
Processed 9000/9975 queries...
Processed 10000/9975 queries...
Processed 11000/9975 queries...
Running query argument group 4 of 5...
Run 1/1...
Warmup round 1/2...
Processed 1000/9975 queries...
Warmup round 2/2...
Processed 2000/9975 queries...
Processed 3000/9975 queries...
Processed 4000/9975 queries...
Processed 5000/9975 queries...
Processed 6000/9975 queries...
Processed 7000/9975 queries...
Processed 8000/9975 queries...
Processed 9000/9975 queries...
Processed 10000/9975 queries...
Processed 11000/9975 queries...
Running query argument group 5 of 5...
Run 1/1...
Warmup round 1/2...
Processed 1000/9975 queries...
Warmup round 2/2...
Processed 2000/9975 queries...
Processed 3000/9975 queries...
Processed 4000/9975 queries...
Processed 5000/9975 queries...
Processed 6000/9975 queries...
Processed 7000/9975 queries...
Processed 8000/9975 queries...
Processed 9000/9975 queries...
Processed 10000/9975 queries...
Processed 11000/9975 queries...
Processed 0/9975 inserts...
Processed 1000/9975 inserts...
Processed 2000/9975 inserts...
Processed 3000/9975 inserts...
Processed 4000/9975 inserts...
Processed 5000/9975 inserts...
Processed 6000/9975 inserts...
Processed 7000/9975 inserts...
Processed 8000/9975 inserts...
Processed 9000/9975 inserts...
Processed 0/9975 updates...
Processed 1000/9975 updates...
Processed 2000/9975 updates...
Processed 3000/9975 updates...
Processed 4000/9975 updates...
Processed 5000/9975 updates...
Processed 6000/9975 updates...
Processed 7000/9975 updates...
Processed 8000/9975 updates...
Processed 9000/9975 updates...
Processed 0/9975 deletes...
Processed 1000/9975 deletes...
Processed 2000/9975 deletes...
Processed 3000/9975 deletes...
Processed 4000/9975 deletes...
Processed 5000/9975 deletes...
Processed 6000/9975 deletes...
Processed 7000/9975 deletes...
Processed 8000/9975 deletes...
Processed 9000/9975 deletes...
[Qdrant] collection deleted successfully!!!
[Qdrant] docker compose down successfully!!!
Trying to instantiate bigvectorbench.algorithms.qdrant.Qdrant(['euclidean', {'M': 64, 'efConstruction': 100}])
[Qdrant] docker compose up successfully!!!
[Qdrant] client connected successfully!!!
Dataset type: filter-ann
Distance metric: euclidean
Got a train set of size               (620643 * 384) with 1 labels
label names: ['unixtime']
label types: ['int32']
filter expression function: 
def filter_expr(unixtime):
    unixtime_head = unixtime - 3 * 24 * 60 * 60
    unixtime_tail = unixtime
    return f"unixtime >= {unixtime_head} and unixtime <= {unixtime_tail}"

Got 10000 queries
[Qdrant] load data with 1 labels!!!
[Qdrant] collection created successfully!!!
[Qdrant] Start uploading 620643 vectors...
[Qdrant] Uploaded 620643 vectors successfully!!!
[Qdrant] Point count: 620643
[Qdrant] Stored vectors: None
[Qdrant] Indexed vectors: 0
[Qdrant] Collection status: green
Inserted data in 307.75604152679443
Memory usage:  1206496.0
Built index in  10.044754981994629
Index size:  1150840.0
Running query argument group 1 of 5...
Run 1/1...
Warmup round 1/2...
Processed 1000/9975 queries...
Warmup round 2/2...
Processed 2000/9975 queries...
Processed 3000/9975 queries...
Processed 4000/9975 queries...
Processed 5000/9975 queries...
Processed 6000/9975 queries...
Processed 7000/9975 queries...
Processed 8000/9975 queries...
Processed 9000/9975 queries...
Processed 10000/9975 queries...
Processed 11000/9975 queries...
Running query argument group 2 of 5...
Run 1/1...
Warmup round 1/2...
Processed 1000/9975 queries...
Warmup round 2/2...
Processed 2000/9975 queries...
Processed 3000/9975 queries...
Processed 4000/9975 queries...
Processed 5000/9975 queries...
Processed 6000/9975 queries...
Processed 7000/9975 queries...
Processed 8000/9975 queries...
Processed 9000/9975 queries...
Processed 10000/9975 queries...
Processed 11000/9975 queries...
Running query argument group 3 of 5...
Run 1/1...
Warmup round 1/2...
Processed 1000/9975 queries...
Warmup round 2/2...
Processed 2000/9975 queries...
Processed 3000/9975 queries...
Processed 4000/9975 queries...
Processed 5000/9975 queries...
Processed 6000/9975 queries...
Processed 7000/9975 queries...
Processed 8000/9975 queries...
Processed 9000/9975 queries...
Processed 10000/9975 queries...
Processed 11000/9975 queries...
Running query argument group 4 of 5...
Run 1/1...
Warmup round 1/2...
Processed 1000/9975 queries...
Warmup round 2/2...
Processed 2000/9975 queries...
Processed 3000/9975 queries...
Processed 4000/9975 queries...
Processed 5000/9975 queries...
Processed 6000/9975 queries...
Processed 7000/9975 queries...
Processed 8000/9975 queries...
Processed 9000/9975 queries...
Processed 10000/9975 queries...
Processed 11000/9975 queries...
Running query argument group 5 of 5...
Run 1/1...
Warmup round 1/2...
Processed 1000/9975 queries...
Warmup round 2/2...
Processed 2000/9975 queries...
Processed 3000/9975 queries...
Processed 4000/9975 queries...
Processed 5000/9975 queries...
Processed 6000/9975 queries...
Processed 7000/9975 queries...
Processed 8000/9975 queries...
Processed 9000/9975 queries...
Processed 10000/9975 queries...
Processed 11000/9975 queries...
Processed 0/9975 inserts...
Processed 1000/9975 inserts...
Processed 2000/9975 inserts...
Processed 3000/9975 inserts...
Processed 4000/9975 inserts...
Processed 5000/9975 inserts...
Processed 6000/9975 inserts...
Processed 7000/9975 inserts...
Processed 8000/9975 inserts...
Processed 9000/9975 inserts...
Processed 0/9975 updates...
Processed 1000/9975 updates...
Processed 2000/9975 updates...
Processed 3000/9975 updates...
Processed 4000/9975 updates...
Processed 5000/9975 updates...
Processed 6000/9975 updates...
Processed 7000/9975 updates...
Processed 8000/9975 updates...
 Container qdrant-qdrant-1  Stopping
 Container qdrant-qdrant-1  Stopped
 Container qdrant-qdrant-1  Removing
 Container qdrant-qdrant-1  Removed
 Network qdrant_default  Removing
 Network qdrant_default  Removed
 Network qdrant_default  Creating
 Network qdrant_default  Created
 Container qdrant-qdrant-1  Creating
 Container qdrant-qdrant-1  Created
 Container qdrant-qdrant-1  Starting
 Container qdrant-qdrant-1  Started
 Container qdrant-qdrant-1  Stopping
 Container qdrant-qdrant-1  Stopped
 Container qdrant-qdrant-1  Removing
 Container qdrant-qdrant-1  Removed
 Network qdrant_default  Removing
 Network qdrant_default  Removed
Processed 9000/9975 updates...
Processed 0/9975 deletes...
Processed 1000/9975 deletes...
Processed 2000/9975 deletes...
Processed 3000/9975 deletes...
Processed 4000/9975 deletes...
Processed 5000/9975 deletes...
Processed 6000/9975 deletes...
Processed 7000/9975 deletes...
Processed 8000/9975 deletes...
Processed 9000/9975 deletes...
[Qdrant] collection deleted successfully!!!
[Qdrant] docker compose down successfully!!!
Trying to instantiate bigvectorbench.algorithms.qdrant.Qdrant(['euclidean', {'M': 128, 'efConstruction': 400}])
[Qdrant] docker compose up successfully!!!
[Qdrant] client connected successfully!!!
Dataset type: filter-ann
Distance metric: euclidean
Got a train set of size               (620643 * 384) with 1 labels
label names: ['unixtime']
label types: ['int32']
filter expression function: 
def filter_expr(unixtime):
    unixtime_head = unixtime - 3 * 24 * 60 * 60
    unixtime_tail = unixtime
    return f"unixtime >= {unixtime_head} and unixtime <= {unixtime_tail}"

Got 10000 queries
[Qdrant] load data with 1 labels!!!
[Qdrant] collection created successfully!!!
[Qdrant] Start uploading 620643 vectors...
[Qdrant] Uploaded 620643 vectors successfully!!!
[Qdrant] Point count: 620643
[Qdrant] Stored vectors: None
[Qdrant] Indexed vectors: 0
[Qdrant] Collection status: green
Inserted data in 307.5551128387451
Memory usage:  1203280.0
Built index in  10.047195434570312
Index size:  1150840.0
Running query argument group 1 of 5...
Run 1/1...
Warmup round 1/2...
Processed 1000/9975 queries...
Warmup round 2/2...
Processed 2000/9975 queries...
Processed 3000/9975 queries...
Processed 4000/9975 queries...
Processed 5000/9975 queries...
Processed 6000/9975 queries...
Processed 7000/9975 queries...
Processed 8000/9975 queries...
Processed 9000/9975 queries...
Processed 10000/9975 queries...
Processed 11000/9975 queries...
Running query argument group 2 of 5...
Run 1/1...
Warmup round 1/2...
Processed 1000/9975 queries...
Warmup round 2/2...
Processed 2000/9975 queries...
Processed 3000/9975 queries...
Processed 4000/9975 queries...
Processed 5000/9975 queries...
Processed 6000/9975 queries...
Processed 7000/9975 queries...
Processed 8000/9975 queries...
Processed 9000/9975 queries...
Processed 10000/9975 queries...
Processed 11000/9975 queries...
Running query argument group 3 of 5...
Run 1/1...
Warmup round 1/2...
Processed 1000/9975 queries...
Warmup round 2/2...
Processed 2000/9975 queries...
Processed 3000/9975 queries...
Processed 4000/9975 queries...
Processed 5000/9975 queries...
Processed 6000/9975 queries...
Processed 7000/9975 queries...
Processed 8000/9975 queries...
Processed 9000/9975 queries...
Processed 10000/9975 queries...
Processed 11000/9975 queries...
Running query argument group 4 of 5...
Run 1/1...
Warmup round 1/2...
Processed 1000/9975 queries...
Warmup round 2/2...
Processed 2000/9975 queries...
Processed 3000/9975 queries...
Processed 4000/9975 queries...
Processed 5000/9975 queries...
Processed 6000/9975 queries...
Processed 7000/9975 queries...
Processed 8000/9975 queries...
Processed 9000/9975 queries...
Processed 10000/9975 queries...
Processed 11000/9975 queries...
Running query argument group 5 of 5...
Run 1/1...
Warmup round 1/2...
Processed 1000/9975 queries...
Warmup round 2/2...
Processed 2000/9975 queries...
Processed 3000/9975 queries...
Processed 4000/9975 queries...
Processed 5000/9975 queries...
Processed 6000/9975 queries...
Processed 7000/9975 queries...
Processed 8000/9975 queries...
Processed 9000/9975 queries...
Processed 10000/9975 queries...
Processed 11000/9975 queries...
Processed 0/9975 inserts...
Processed 1000/9975 inserts...
Processed 2000/9975 inserts...
Processed 3000/9975 inserts...
Processed 4000/9975 inserts...
Processed 5000/9975 inserts...
Processed 6000/9975 inserts...
Processed 7000/9975 inserts...
Processed 8000/9975 inserts...
Processed 9000/9975 inserts...
Processed 0/9975 updates...
Processed 1000/9975 updates...
Processed 2000/9975 updates...
Processed 3000/9975 updates...
Processed 4000/9975 updates...
Processed 5000/9975 updates...
Processed 6000/9975 updates...
Processed 7000/9975 updates...
Processed 8000/9975 updates...
Processed 9000/9975 updates...
Processed 0/9975 deletes...
Processed 1000/9975 deletes...
Processed 2000/9975 deletes...
Processed 3000/9975 deletes...
Processed 4000/9975 deletes...
Processed 5000/9975 deletes...
Processed 6000/9975 deletes...
Processed 7000/9975 deletes...
Processed 8000/9975 deletes...
Processed 9000/9975 deletes...
[Qdrant] collection deleted successfully!!!
[Qdrant] docker compose down successfully!!!
2026-08-16 21:15:44,631 - bvb - INFO - Terminating 1 workers
