START 2026-08-15T03:01:00+08:00 slot=1 cpuset=28-55
2026-08-15 03:01:02,165 - bvb - INFO - running only elasticsearch-hnsw
2026-08-15 03:01:02,288 - bvb - INFO - Order: [Definition(algorithm='elasticsearch-hnsw', constructor='ElasticsearchHNSW', module='bigvectorbench.algorithms.elasticsearch', docker_tag='bigvectorbench-elasticsearch', arguments=['euclidean', 384, {'M': 32, 'efConstruction': 100}], query_argument_groups=[[100], [200], [400], [800], [1600]], disabled=False), Definition(algorithm='elasticsearch-hnsw', constructor='ElasticsearchHNSW', module='bigvectorbench.algorithms.elasticsearch', docker_tag='bigvectorbench-elasticsearch', arguments=['euclidean', 384, {'M': 32, 'efConstruction': 400}], query_argument_groups=[[100], [200], [400], [800], [1600]], disabled=False), Definition(algorithm='elasticsearch-hnsw', constructor='ElasticsearchHNSW', module='bigvectorbench.algorithms.elasticsearch', docker_tag='bigvectorbench-elasticsearch', arguments=['euclidean', 384, {'M': 64, 'efConstruction': 100}], query_argument_groups=[[100], [200], [400], [800], [1600]], disabled=False), Definition(algorithm='elasticsearch-hnsw', constructor='ElasticsearchHNSW', module='bigvectorbench.algorithms.elasticsearch', docker_tag='bigvectorbench-elasticsearch', arguments=['euclidean', 384, {'M': 64, 'efConstruction': 400}], query_argument_groups=[[100], [200], [400], [800], [1600]], disabled=False), Definition(algorithm='elasticsearch-hnsw', constructor='ElasticsearchHNSW', module='bigvectorbench.algorithms.elasticsearch', docker_tag='bigvectorbench-elasticsearch', arguments=['euclidean', 384, {'M': 128, 'efConstruction': 400}], query_argument_groups=[[100], [200], [400], [800], [1600]], disabled=False)]
time="2026-08-15T03:01:02+08:00" level=warning msg="<remote_artifact> the attribute `version` is obsolete, it will be ignored, please remove it to avoid potential confusion"
 Container elasticsearch-elasticsearch-1  Stopping
 Container elasticsearch-elasticsearch-1  Stopped
 Container elasticsearch-elasticsearch-1  Removing
 Container elasticsearch-elasticsearch-1  Removed
 Network elasticsearch_default  Removing
 Network elasticsearch_default  Removed
time="2026-08-15T03:01:07+08:00" level=warning msg="<remote_artifact> the attribute `version` is obsolete, it will be ignored, please remove it to avoid potential confusion"
 Network elasticsearch_default  Creating
 Network elasticsearch_default  Created
 Container elasticsearch-elasticsearch-1  Creating
 Container elasticsearch-elasticsearch-1  Created
 Container elasticsearch-elasticsearch-1  Starting
 Container elasticsearch-elasticsearch-1  Started
time="2026-08-15T03:40:12+08:00" level=warning msg="<remote_artifact> the attribute `version` is obsolete, it will be ignored, please remove it to avoid potential confusion"
 Container elasticsearch-elasticsearch-1  Stopping
 Container elasticsearch-elasticsearch-1  Stopped
 Container elasticsearch-elasticsearch-1  Removing
 Container elasticsearch-elasticsearch-1  Removed
 Network elasticsearch_default  Removing
 Network elasticsearch_default  Removed
time="2026-08-15T03:40:17+08:00" level=warning msg="<remote_artifact> the attribute `version` is obsolete, it will be ignored, please remove it to avoid potential confusion"
time="2026-08-15T03:40:17+08:00" level=warning msg="<remote_artifact> the attribute `version` is obsolete, it will be ignored, please remove it to avoid potential confusion"
 Network elasticsearch_default  Creating
 Network elasticsearch_default  Created
 Container elasticsearch-elasticsearch-1  Creating
 Container elasticsearch-elasticsearch-1  Created
 Container elasticsearch-elasticsearch-1  Starting
 Container elasticsearch-elasticsearch-1  Started
Trying to instantiate bigvectorbench.algorithms.elasticsearch.ElasticsearchHNSW(['euclidean', 384, {'M': 32, 'efConstruction': 100}])
[Elasticsearch docker compose up successfully!!!
[Elasticsearch] client connected successfully!!!
Dataset type: filter-ann
Distance metric: euclidean
Got a train set of size               (620643 * 384) with 1 labels
label names: ['unixtime']
label types: ['int32']
filter expression function: 
def filter_expr(unixtime):
    unixtime_head = unixtime - 3 * 24 * 60 * 60
    unixtime_tail = unixtime
    return f"unixtime >= {unixtime_head} and unixtime <= {unixtime_tail}"

Got 10000 queries
[Elasticsearch] load data with 1 labels!!!
[Elasticsearch] create index successfully!!!
[Elasticsearch] Start uploading 620643 vectors...
[Elasticsearch] Uploaded 620643 vectors successfully!!!
Inserted data in 454.29556035995483
Memory usage:  7645792.0
Built index in  12.04673171043396
Index size:  380140.0
Running query argument group 1 of 5...
Run 1/1...
Warmup round 1/2...
Processed 1000/9975 queries...
Warmup round 2/2...
Processed 2000/9975 queries...
Processed 3000/9975 queries...
Processed 4000/9975 queries...
Processed 5000/9975 queries...
Processed 6000/9975 queries...
Processed 7000/9975 queries...
Processed 8000/9975 queries...
Processed 9000/9975 queries...
Processed 10000/9975 queries...
Processed 11000/9975 queries...
Running query argument group 2 of 5...
Run 1/1...
Warmup round 1/2...
Processed 1000/9975 queries...
Warmup round 2/2...
Processed 2000/9975 queries...
Processed 3000/9975 queries...
Processed 4000/9975 queries...
Processed 5000/9975 queries...
Processed 6000/9975 queries...
Processed 7000/9975 queries...
Processed 8000/9975 queries...
Processed 9000/9975 queries...
Processed 10000/9975 queries...
Processed 11000/9975 queries...
Running query argument group 3 of 5...
Run 1/1...
Warmup round 1/2...
Processed 1000/9975 queries...
Warmup round 2/2...
Processed 2000/9975 queries...
Processed 3000/9975 queries...
Processed 4000/9975 queries...
Processed 5000/9975 queries...
Processed 6000/9975 queries...
Processed 7000/9975 queries...
Processed 8000/9975 queries...
Processed 9000/9975 queries...
Processed 10000/9975 queries...
Processed 11000/9975 queries...
Running query argument group 4 of 5...
Run 1/1...
Warmup round 1/2...
Processed 1000/9975 queries...
Warmup round 2/2...
Processed 2000/9975 queries...
Processed 3000/9975 queries...
Processed 4000/9975 queries...
Processed 5000/9975 queries...
Processed 6000/9975 queries...
Processed 7000/9975 queries...
Processed 8000/9975 queries...
Processed 9000/9975 queries...
Processed 10000/9975 queries...
Processed 11000/9975 queries...
Running query argument group 5 of 5...
Run 1/1...
Warmup round 1/2...
Processed 1000/9975 queries...
Warmup round 2/2...
Processed 2000/9975 queries...
Processed 3000/9975 queries...
Processed 4000/9975 queries...
Processed 5000/9975 queries...
Processed 6000/9975 queries...
Processed 7000/9975 queries...
Processed 8000/9975 queries...
Processed 9000/9975 queries...
Processed 10000/9975 queries...
Processed 11000/9975 queries...
Processed 0/9975 inserts...
Processed 1000/9975 inserts...
Processed 2000/9975 inserts...
Processed 3000/9975 inserts...
Processed 4000/9975 inserts...
Processed 5000/9975 inserts...
Processed 6000/9975 inserts...
Processed 7000/9975 inserts...
Processed 8000/9975 inserts...
Processed 9000/9975 inserts...
Processed 0/9975 updates...
Processed 1000/9975 updates...
Processed 2000/9975 updates...
Processed 3000/9975 updates...
Processed 4000/9975 updates...
Processed 5000/9975 updates...
Processed 6000/9975 updates...
Processed 7000/9975 updates...
Processed 8000/9975 updates...
Processed 9000/9975 updates...
Processed 0/9975 deletes...
Processed 1000/9975 deletes...
Processed 2000/9975 deletes...
Processed 3000/9975 deletes...
Processed 4000/9975 deletes...
Processed 5000/9975 deletes...
Processed 6000/9975 deletes...
Processed 7000/9975 deletes...
Processed 8000/9975 deletes...
Processed 9000/9975 deletes...
[Elasticsearch] collection deleted successfully!!!
[Elasticsearch] docker compose down successfully!!!
Trying to instantiate bigvectorbench.algorithms.elasticsearch.ElasticsearchHNSW(['euclidean', 384, {'M': 32, 'efConstruction': 400}])
[Elasticsearch docker compose up successfully!!!
[Elasticsearch] client connected successfully!!!
Dataset type: filter-ann
Distance metric: euclidean
Got a train set of size               (620643 * 384) with 1 labels
label names: ['unixtime']
label types: ['int32']
filter expression function: 
def filter_expr(unixtime):
    unixtime_head = unixtime - 3 * 24 * 60 * 60
    unixtime_tail = unixtime
    return f"unixtime >= {unixtime_head} and unixtime <= {unixtime_tail}"

Got 10000 queries
[Elasticsearch] load data with 1 labels!!!
[Elasticsearch] create index successfully!!!
[Elasticsearch] Start uploading 620643 vectors...
[Elasticsearch] Uploaded 620643 vectors successfully!!!
Inserted data in 571.0767607688904
Memory usage:  8504760.0
Built index in  12.048907279968262
Index size:  -2328.0
Running query argument group 1 of 5...
Run 1/1...
Warmup round 1/2...
Processed 1000/9975 queries...
Warmup round 2/2...
Processed 2000/9975 queries...
Processed 3000/9975 queries...
Processed 4000/9975 queries...
Processed 5000/9975 queries...
Processed 6000/9975 queries...
Processed 7000/9975 queries...
Processed 8000/9975 queries...
Processed 9000/9975 queries...
Processed 10000/9975 queries...
Processed 11000/9975 queries...
Running query argument group 2 of 5...
Run 1/1...
Warmup round 1/2...
Processed 1000/9975 queries...
Warmup round 2/2...
Processed 2000/9975 queries...
Processed 3000/9975 queries...
Processed 4000/9975 queries...
Processed 5000/9975 queries...
Processed 6000/9975 queries...
Processed 7000/9975 queries...
Processed 8000/9975 queries...
Processed 9000/9975 queries...
Processed 10000/9975 queries...
Processed 11000/9975 queries...
Running query argument group 3 of 5...
Run 1/1...
Warmup round 1/2...
Processed 1000/9975 queries...
Warmup round 2/2...
Processed 2000/9975 queries...
Processed 3000/9975 queries...
Processed 4000/9975 queries...
Processed 5000/9975 queries...
Processed 6000/9975 queries...
Processed 7000/9975 queries...
Processed 8000/9975 queries...
Processed 9000/9975 queries...
Processed 10000/9975 queries...
Processed 11000/9975 queries...
Running query argument group 4 of 5...
Run 1/1...
Warmup round 1/2...
Processed 1000/9975 queries...
Warmup round 2/2...
Processed 2000/9975 queries...
Processed 3000/9975 queries...
Processed 4000/9975 queries...
Processed 5000/9975 queries...
Processed 6000/9975 queries...
Processed 7000/9975 queries...
Processed 8000/9975 queries...
Processed 9000/9975 queries...
Processed 10000/9975 queries...
Processed 11000/9975 queries...
Running query argument group 5 of 5...
Run 1/1...
Warmup round 1/2...
Processed 1000/9975 queries...
Warmup round 2/2...
Processed 2000/9975 queries...
Processed 3000/9975 queries...
Processed 4000/9975 queries...
Processed 5000/9975 queries...
Processed 6000/9975 queries...
Processed 7000/9975 queries...
Processed 8000/9975 queries...
Processed 9000/9975 queries...
Processed 10000/9975 queries...
Processed 11000/9975 queries...
Processed 0/9975 inserts...
Processed 1000/9975 inserts...
Processed 2000/9975 inserts...
Processed 3000/9975 inserts...
Processed 4000/9975 inserts...
Processed 5000/9975 inserts...
Processed 6000/9975 inserts...
Processed 7000/9975 inserts...
Processed 8000/9975 inserts...
Processed 9000/9975 inserts...
Processed 0/9975 updates...
Processed 1000/9975 updates...
Processed 2000/9975 updates...
Processed 3000/9975 updates...
Processed 4000/9975 updates...
Processed 5000/9975 updates...
Processed 6000/9975 updates...
Processed 7000/9975 updates...
Processed 8000/9975 updates...
Processed 9000/9975 updates...
Processed 0/9975 deletes...
Processed 1000/9975 deletes...
Processed 2000/9975 deletes...
Processed 3000/9975 deletes...
Processed 4000/9975 deletes...
Processed 5000/9975 deletes...
Processed 6000/9975 deletes...
Processed 7000/9975 deletes...
Processed 8000/9975 deletes...
Processed 9000/9975 deletes...
time="2026-08-15T04:21:19+08:00" level=warning msg="<remote_artifact> the attribute `version` is obsolete, it will be ignored, please remove it to avoid potential confusion"
 Container elasticsearch-elasticsearch-1  Stopping
 Container elasticsearch-elasticsearch-1  Stopped
 Container elasticsearch-elasticsearch-1  Removing
 Container elasticsearch-elasticsearch-1  Removed
 Network elasticsearch_default  Removing
 Network elasticsearch_default  Removed
time="2026-08-15T04:21:24+08:00" level=warning msg="<remote_artifact> the attribute `version` is obsolete, it will be ignored, please remove it to avoid potential confusion"
time="2026-08-15T04:21:24+08:00" level=warning msg="<remote_artifact> the attribute `version` is obsolete, it will be ignored, please remove it to avoid potential confusion"
 Network elasticsearch_default  Creating
 Network elasticsearch_default  Created
 Container elasticsearch-elasticsearch-1  Creating
 Container elasticsearch-elasticsearch-1  Created
 Container elasticsearch-elasticsearch-1  Starting
 Container elasticsearch-elasticsearch-1  Started
time="2026-08-15T05:00:24+08:00" level=warning msg="<remote_artifact> the attribute `version` is obsolete, it will be ignored, please remove it to avoid potential confusion"
 Container elasticsearch-elasticsearch-1  Stopping
 Container elasticsearch-elasticsearch-1  Stopped
 Container elasticsearch-elasticsearch-1  Removing
 Container elasticsearch-elasticsearch-1  Removed
 Network elasticsearch_default  Removing
 Network elasticsearch_default  Removed
time="2026-08-15T05:00:29+08:00" level=warning msg="<remote_artifact> the attribute `version` is obsolete, it will be ignored, please remove it to avoid potential confusion"
time="2026-08-15T05:00:29+08:00" level=warning msg="<remote_artifact> the attribute `version` is obsolete, it will be ignored, please remove it to avoid potential confusion"
 Network elasticsearch_default  Creating
 Network elasticsearch_default  Created
 Container elasticsearch-elasticsearch-1  Creating
 Container elasticsearch-elasticsearch-1  Created
 Container elasticsearch-elasticsearch-1  Starting
 Container elasticsearch-elasticsearch-1  Started
[Elasticsearch] collection deleted successfully!!!
[Elasticsearch] docker compose down successfully!!!
Trying to instantiate bigvectorbench.algorithms.elasticsearch.ElasticsearchHNSW(['euclidean', 384, {'M': 64, 'efConstruction': 100}])
[Elasticsearch docker compose up successfully!!!
[Elasticsearch] client connected successfully!!!
Dataset type: filter-ann
Distance metric: euclidean
Got a train set of size               (620643 * 384) with 1 labels
label names: ['unixtime']
label types: ['int32']
filter expression function: 
def filter_expr(unixtime):
    unixtime_head = unixtime - 3 * 24 * 60 * 60
    unixtime_tail = unixtime
    return f"unixtime >= {unixtime_head} and unixtime <= {unixtime_tail}"

Got 10000 queries
[Elasticsearch] load data with 1 labels!!!
[Elasticsearch] create index successfully!!!
[Elasticsearch] Start uploading 620643 vectors...
[Elasticsearch] Uploaded 620643 vectors successfully!!!
Inserted data in 462.97363328933716
Memory usage:  6163480.0
Built index in  12.04555344581604
Index size:  403032.0
Running query argument group 1 of 5...
Run 1/1...
Warmup round 1/2...
Processed 1000/9975 queries...
Warmup round 2/2...
Processed 2000/9975 queries...
Processed 3000/9975 queries...
Processed 4000/9975 queries...
Processed 5000/9975 queries...
Processed 6000/9975 queries...
Processed 7000/9975 queries...
Processed 8000/9975 queries...
Processed 9000/9975 queries...
Processed 10000/9975 queries...
Processed 11000/9975 queries...
Running query argument group 2 of 5...
Run 1/1...
Warmup round 1/2...
Processed 1000/9975 queries...
Warmup round 2/2...
Processed 2000/9975 queries...
Processed 3000/9975 queries...
Processed 4000/9975 queries...
Processed 5000/9975 queries...
Processed 6000/9975 queries...
Processed 7000/9975 queries...
Processed 8000/9975 queries...
Processed 9000/9975 queries...
Processed 10000/9975 queries...
Processed 11000/9975 queries...
Running query argument group 3 of 5...
Run 1/1...
Warmup round 1/2...
Processed 1000/9975 queries...
Warmup round 2/2...
Processed 2000/9975 queries...
Processed 3000/9975 queries...
Processed 4000/9975 queries...
Processed 5000/9975 queries...
Processed 6000/9975 queries...
Processed 7000/9975 queries...
Processed 8000/9975 queries...
Processed 9000/9975 queries...
Processed 10000/9975 queries...
Processed 11000/9975 queries...
Running query argument group 4 of 5...
Run 1/1...
Warmup round 1/2...
Processed 1000/9975 queries...
Warmup round 2/2...
Processed 2000/9975 queries...
Processed 3000/9975 queries...
Processed 4000/9975 queries...
Processed 5000/9975 queries...
Processed 6000/9975 queries...
Processed 7000/9975 queries...
Processed 8000/9975 queries...
Processed 9000/9975 queries...
Processed 10000/9975 queries...
Processed 11000/9975 queries...
Running query argument group 5 of 5...
Run 1/1...
Warmup round 1/2...
Processed 1000/9975 queries...
Warmup round 2/2...
Processed 2000/9975 queries...
Processed 3000/9975 queries...
Processed 4000/9975 queries...
Processed 5000/9975 queries...
Processed 6000/9975 queries...
Processed 7000/9975 queries...
Processed 8000/9975 queries...
Processed 9000/9975 queries...
Processed 10000/9975 queries...
Processed 11000/9975 queries...
Processed 0/9975 inserts...
Processed 1000/9975 inserts...
Processed 2000/9975 inserts...
Processed 3000/9975 inserts...
Processed 4000/9975 inserts...
Processed 5000/9975 inserts...
Processed 6000/9975 inserts...
Processed 7000/9975 inserts...
Processed 8000/9975 inserts...
Processed 9000/9975 inserts...
Processed 0/9975 updates...
Processed 1000/9975 updates...
Processed 2000/9975 updates...
Processed 3000/9975 updates...
Processed 4000/9975 updates...
Processed 5000/9975 updates...
Processed 6000/9975 updates...
Processed 7000/9975 updates...
Processed 8000/9975 updates...
Processed 9000/9975 updates...
Processed 0/9975 deletes...
Processed 1000/9975 deletes...
Processed 2000/9975 deletes...
Processed 3000/9975 deletes...
Processed 4000/9975 deletes...
Processed 5000/9975 deletes...
Processed 6000/9975 deletes...
Processed 7000/9975 deletes...
Processed 8000/9975 deletes...
Processed 9000/9975 deletes...
[Elasticsearch] collection deleted successfully!!!
[Elasticsearch] docker compose down successfully!!!
Trying to instantiate bigvectorbench.algorithms.elasticsearch.ElasticsearchHNSW(['euclidean', 384, {'M': 64, 'efConstruction': 400}])
[Elasticsearch docker compose up successfully!!!
[Elasticsearch] client connected successfully!!!
Dataset type: filter-ann
Distance metric: euclidean
Got a train set of size               (620643 * 384) with 1 labels
label names: ['unixtime']
label types: ['int32']
filter expression function: 
def filter_expr(unixtime):
    unixtime_head = unixtime - 3 * 24 * 60 * 60
    unixtime_tail = unixtime
    return f"unixtime >= {unixtime_head} and unixtime <= {unixtime_tail}"

Got 10000 queries
[Elasticsearch] load data with 1 labels!!!
[Elasticsearch] create index successfully!!!
[Elasticsearch] Start uploading 620643 vectors...
[Elasticsearch] Uploaded 620643 vectors successfully!!!
Inserted data in 557.0345509052277
Memory usage:  7131288.0
Built index in  12.046182632446289
Index size:  1004.0
Running query argument group 1 of 5...
Run 1/1...
Warmup round 1/2...
Processed 1000/9975 queries...
Warmup round 2/2...
Processed 2000/9975 queries...
Processed 3000/9975 queries...
Processed 4000/9975 queries...
Processed 5000/9975 queries...
Processed 6000/9975 queries...
Processed 7000/9975 queries...
Processed 8000/9975 queries...
Processed 9000/9975 queries...
Processed 10000/9975 queries...
Processed 11000/9975 queries...
Running query argument group 2 of 5...
Run 1/1...
Warmup round 1/2...
Processed 1000/9975 queries...
Warmup round 2/2...
Processed 2000/9975 queries...
Processed 3000/9975 queries...
Processed 4000/9975 queries...
Processed 5000/9975 queries...
Processed 6000/9975 queries...
Processed 7000/9975 queries...
Processed 8000/9975 queries...
Processed 9000/9975 queries...
Processed 10000/9975 queries...
Processed 11000/9975 queries...
Running query argument group 3 of 5...
Run 1/1...
Warmup round 1/2...
Processed 1000/9975 queries...
Warmup round 2/2...
Processed 2000/9975 queries...
Processed 3000/9975 queries...
Processed 4000/9975 queries...
Processed 5000/9975 queries...
Processed 6000/9975 queries...
Processed 7000/9975 queries...
Processed 8000/9975 queries...
Processed 9000/9975 queries...
Processed 10000/9975 queries...
Processed 11000/9975 queries...
Running query argument group 4 of 5...
Run 1/1...
Warmup round 1/2...
Processed 1000/9975 queries...
Warmup round 2/2...
Processed 2000/9975 queries...
Processed 3000/9975 queries...
Processed 4000/9975 queries...
Processed 5000/9975 queries...
Processed 6000/9975 queries...
Processed 7000/9975 queries...
Processed 8000/9975 queries...
Processed 9000/9975 queries...
Processed 10000/9975 queries...
Processed 11000/9975 queries...
Running query argument group 5 of 5...
Run 1/1...
Warmup round 1/2...
Processed 1000/9975 queries...
Warmup round 2/2...
Processed 2000/9975 queries...
Processed 3000/9975 queries...
Processed 4000/9975 queries...
Processed 5000/9975 queries...
Processed 6000/9975 queries...
Processed 7000/9975 queries...
Processed 8000/9975 queries...
Processed 9000/9975 queries...
Processed 10000/9975 queries...
Processed 11000/9975 queries...
Processed 0/9975 inserts...
Processed 1000/9975 inserts...
Processed 2000/9975 inserts...
Processed 3000/9975 inserts...
Processed 4000/9975 inserts...
Processed 5000/9975 inserts...
Processed 6000/9975 inserts...
Processed 7000/9975 inserts...
Processed 8000/9975 inserts...
Processed 9000/9975 inserts...
Processed 0/9975 updates...
Processed 1000/9975 updates...
Processed 2000/9975 updates...
Processed 3000/9975 updates...
Processed 4000/9975 updates...
Processed 5000/9975 updates...
Processed 6000/9975 updates...
Processed 7000/9975 updates...
Processed 8000/9975 updates...
Processed 9000/9975 updates...
Processed 0/9975 deletes...
Processed 1000/9975 deletes...
Processed 2000/9975 deletes...
Processed 3000/9975 deletes...
Processed 4000/9975 deletes...
Processed 5000/9975 deletes...
Processed 6000/9975 deletes...
Processed 7000/9975 deletes...
time="2026-08-15T05:41:22+08:00" level=warning msg="<remote_artifact> the attribute `version` is obsolete, it will be ignored, please remove it to avoid potential confusion"
 Container elasticsearch-elasticsearch-1  Stopping
 Container elasticsearch-elasticsearch-1  Stopped
 Container elasticsearch-elasticsearch-1  Removing
 Container elasticsearch-elasticsearch-1  Removed
 Network elasticsearch_default  Removing
 Network elasticsearch_default  Removed
time="2026-08-15T05:41:27+08:00" level=warning msg="<remote_artifact> the attribute `version` is obsolete, it will be ignored, please remove it to avoid potential confusion"
time="2026-08-15T05:41:27+08:00" level=warning msg="<remote_artifact> the attribute `version` is obsolete, it will be ignored, please remove it to avoid potential confusion"
 Network elasticsearch_default  Creating
 Network elasticsearch_default  Created
 Container elasticsearch-elasticsearch-1  Creating
 Container elasticsearch-elasticsearch-1  Created
 Container elasticsearch-elasticsearch-1  Starting
 Container elasticsearch-elasticsearch-1  Started
time="2026-08-15T06:22:25+08:00" level=warning msg="<remote_artifact> the attribute `version` is obsolete, it will be ignored, please remove it to avoid potential confusion"
 Container elasticsearch-elasticsearch-1  Stopping
 Container elasticsearch-elasticsearch-1  Stopped
 Container elasticsearch-elasticsearch-1  Removing
 Container elasticsearch-elasticsearch-1  Removed
 Network elasticsearch_default  Removing
 Network elasticsearch_default  Removed
Processed 8000/9975 deletes...
Processed 9000/9975 deletes...
[Elasticsearch] collection deleted successfully!!!
[Elasticsearch] docker compose down successfully!!!
Trying to instantiate bigvectorbench.algorithms.elasticsearch.ElasticsearchHNSW(['euclidean', 384, {'M': 128, 'efConstruction': 400}])
[Elasticsearch docker compose up successfully!!!
[Elasticsearch] client connected successfully!!!
Dataset type: filter-ann
Distance metric: euclidean
Got a train set of size               (620643 * 384) with 1 labels
label names: ['unixtime']
label types: ['int32']
filter expression function: 
def filter_expr(unixtime):
    unixtime_head = unixtime - 3 * 24 * 60 * 60
    unixtime_tail = unixtime
    return f"unixtime >= {unixtime_head} and unixtime <= {unixtime_tail}"

Got 10000 queries
[Elasticsearch] load data with 1 labels!!!
[Elasticsearch] create index successfully!!!
[Elasticsearch] Start uploading 620643 vectors...
[Elasticsearch] Uploaded 620643 vectors successfully!!!
Inserted data in 569.417980670929
Memory usage:  8307604.0
Built index in  12.04555869102478
Index size:  -149256.0
Running query argument group 1 of 5...
Run 1/1...
Warmup round 1/2...
Processed 1000/9975 queries...
Warmup round 2/2...
Processed 2000/9975 queries...
Processed 3000/9975 queries...
Processed 4000/9975 queries...
Processed 5000/9975 queries...
Processed 6000/9975 queries...
Processed 7000/9975 queries...
Processed 8000/9975 queries...
Processed 9000/9975 queries...
Processed 10000/9975 queries...
Processed 11000/9975 queries...
Running query argument group 2 of 5...
Run 1/1...
Warmup round 1/2...
Processed 1000/9975 queries...
Warmup round 2/2...
Processed 2000/9975 queries...
Processed 3000/9975 queries...
Processed 4000/9975 queries...
Processed 5000/9975 queries...
Processed 6000/9975 queries...
Processed 7000/9975 queries...
Processed 8000/9975 queries...
Processed 9000/9975 queries...
Processed 10000/9975 queries...
Processed 11000/9975 queries...
Running query argument group 3 of 5...
Run 1/1...
Warmup round 1/2...
Processed 1000/9975 queries...
Warmup round 2/2...
Processed 2000/9975 queries...
Processed 3000/9975 queries...
Processed 4000/9975 queries...
Processed 5000/9975 queries...
Processed 6000/9975 queries...
Processed 7000/9975 queries...
Processed 8000/9975 queries...
Processed 9000/9975 queries...
Processed 10000/9975 queries...
Processed 11000/9975 queries...
Running query argument group 4 of 5...
Run 1/1...
Warmup round 1/2...
Processed 1000/9975 queries...
Warmup round 2/2...
Processed 2000/9975 queries...
Processed 3000/9975 queries...
Processed 4000/9975 queries...
Processed 5000/9975 queries...
Processed 6000/9975 queries...
Processed 7000/9975 queries...
Processed 8000/9975 queries...
Processed 9000/9975 queries...
Processed 10000/9975 queries...
Processed 11000/9975 queries...
Running query argument group 5 of 5...
Run 1/1...
Warmup round 1/2...
Processed 1000/9975 queries...
Warmup round 2/2...
Processed 2000/9975 queries...
Processed 3000/9975 queries...
Processed 4000/9975 queries...
Processed 5000/9975 queries...
Processed 6000/9975 queries...
Processed 7000/9975 queries...
Processed 8000/9975 queries...
Processed 9000/9975 queries...
Processed 10000/9975 queries...
Processed 11000/9975 queries...
Processed 0/9975 inserts...
Processed 1000/9975 inserts...
Processed 2000/9975 inserts...
Processed 3000/9975 inserts...
Processed 4000/9975 inserts...
Processed 5000/9975 inserts...
Processed 6000/9975 inserts...
Processed 7000/9975 inserts...
Processed 8000/9975 inserts...
Processed 9000/9975 inserts...
Processed 0/9975 updates...
Processed 1000/9975 updates...
Processed 2000/9975 updates...
Processed 3000/9975 updates...
Processed 4000/9975 updates...
Processed 5000/9975 updates...
Processed 6000/9975 updates...
Processed 7000/9975 updates...
Processed 8000/9975 updates...
Processed 9000/9975 updates...
Processed 0/9975 deletes...
Processed 1000/9975 deletes...
Processed 2000/9975 deletes...
Processed 3000/9975 deletes...
Processed 4000/9975 deletes...
Processed 5000/9975 deletes...
Processed 6000/9975 deletes...
Processed 7000/9975 deletes...
Processed 8000/9975 deletes...
Processed 9000/9975 deletes...
[Elasticsearch] collection deleted successfully!!!
[Elasticsearch] docker compose down successfully!!!
2026-08-15 06:22:38,952 - bvb - INFO - Terminating 1 workers
