START 2026-08-14T17:04:51+08:00 slot=0 cpuset=0-27
2026-08-14 17:04:52,722 - bvb - INFO - running only milvus-gpu-cagra
2026-08-14 17:04:52,865 - bvb - INFO - Order: [Definition(algorithm='milvus-gpu-cagra', constructor='MilvusGPU_CAGRA', module='bigvectorbench.algorithms.milvus_gpu', docker_tag='bigvectorbench-milvus_gpu', arguments=['euclidean', 384, {'graph_degree': 64, 'intermediate_graph_degree': 128, 'build_algo': 'NN_DESCENT'}], query_argument_groups=[[512, 2, 0, 0, 0], [512, 4, 0, 0, 0], [512, 8, 0, 0, 0], [512, 16, 0, 0, 0], [512, 32, 0, 0, 0]], disabled=False), Definition(algorithm='milvus-gpu-cagra', constructor='MilvusGPU_CAGRA', module='bigvectorbench.algorithms.milvus_gpu', docker_tag='bigvectorbench-milvus_gpu', arguments=['euclidean', 384, {'graph_degree': 32, 'intermediate_graph_degree': 64, 'build_algo': 'NN_DESCENT'}], query_argument_groups=[[512, 2, 0, 0, 0], [512, 4, 0, 0, 0], [512, 8, 0, 0, 0], [512, 16, 0, 0, 0], [512, 32, 0, 0, 0]], disabled=False), Definition(algorithm='milvus-gpu-cagra', constructor='MilvusGPU_CAGRA', module='bigvectorbench.algorithms.milvus_gpu', docker_tag='bigvectorbench-milvus_gpu', arguments=['euclidean', 384, {'graph_degree': 64, 'intermediate_graph_degree': 128, 'build_algo': 'IVF_PQ'}], query_argument_groups=[[512, 2, 0, 0, 0], [512, 4, 0, 0, 0], [512, 8, 0, 0, 0], [512, 16, 0, 0, 0], [512, 32, 0, 0, 0]], disabled=False), Definition(algorithm='milvus-gpu-cagra', constructor='MilvusGPU_CAGRA', module='bigvectorbench.algorithms.milvus_gpu', docker_tag='bigvectorbench-milvus_gpu', arguments=['euclidean', 384, {'graph_degree': 128, 'intermediate_graph_degree': 256, 'build_algo': 'IVF_PQ'}], query_argument_groups=[[512, 2, 0, 0, 0], [512, 4, 0, 0, 0], [512, 8, 0, 0, 0], [512, 16, 0, 0, 0], [512, 32, 0, 0, 0]], disabled=False), Definition(algorithm='milvus-gpu-cagra', constructor='MilvusGPU_CAGRA', module='bigvectorbench.algorithms.milvus_gpu', docker_tag='bigvectorbench-milvus_gpu', arguments=['euclidean', 384, {'graph_degree': 128, 'intermediate_graph_degree': 256, 'build_algo': 'NN_DESCENT'}], query_argument_groups=[[512, 2, 0, 0, 0], [512, 4, 0, 0, 0], [512, 8, 0, 0, 0], [512, 16, 0, 0, 0], [512, 32, 0, 0, 0]], disabled=False), Definition(algorithm='milvus-gpu-cagra', constructor='MilvusGPU_CAGRA', module='bigvectorbench.algorithms.milvus_gpu', docker_tag='bigvectorbench-milvus_gpu', arguments=['euclidean', 384, {'graph_degree': 32, 'intermediate_graph_degree': 64, 'build_algo': 'IVF_PQ'}], query_argument_groups=[[512, 2, 0, 0, 0], [512, 4, 0, 0, 0], [512, 8, 0, 0, 0], [512, 16, 0, 0, 0], [512, 32, 0, 0, 0]], disabled=False)]
time="2026-08-14T17:04:53+08:00" level=warning msg="a network with name milvus exists but was not created for project \"milvus_gpu\".\nSet `external: true` to use an existing network"
 Container milvus-etcd  Creating
 Container milvus-minio  Creating
Error response from daemon: Conflict. The container name "/milvus-etcd" is already in use by container "803139a3ef38946135e082f3d013c00ab144bb8b749205ccb8f656e08955c3c9". You have to remove (or rename) that container to be able to reuse that name.
Process Process-1:
Traceback (most recent call last):
  File "<remote_artifact>", line 314, in _bootstrap
    self.run()
  File "<remote_artifact>", line 108, in run
    self._target(*self._args, **self._kwargs)
  File "<remote_artifact>", line 152, in run_worker
    run(
  File "<remote_artifact>", line 729, in run
    algo = instantiate_algorithm(definition)
  File "<remote_artifact>", line 45, in instantiate_algorithm
    return constructor(*definition.arguments)
  File "<remote_artifact>", line 163, in __init__
    super().__init__(metric, dim)
  File "<remote_artifact>", line 49, in __init__
    self.start_milvus()
  File "<remote_artifact>", line 42, in start_milvus
    subprocess.run([*compose, "up", "-d"], cwd=cwd, check=True)
  File "<remote_artifact>", line 526, in run
    raise CalledProcessError(retcode, process.args,
subprocess.CalledProcessError: Command '['docker', 'compose', '-f', '<remote_artifact>, 'up', '-d']' returned non-zero exit status 1.
Trying to instantiate bigvectorbench.algorithms.milvus_gpu.MilvusGPU_CAGRA(['euclidean', 384, {'graph_degree': 64, 'intermediate_graph_degree': 128, 'build_algo': 'NN_DESCENT'}])
2026-08-14 17:04:53,157 - bvb - INFO - Terminating 1 workers
START 2026-08-16T09:41:35+08:00 slot=3 cpuset=84-111
2026-08-16 09:41:37,274 - bvb - INFO - running only milvus-gpu-cagra
2026-08-16 09:41:37,419 - bvb - INFO - Order: [Definition(algorithm='milvus-gpu-cagra', constructor='MilvusGPU_CAGRA', module='bigvectorbench.algorithms.milvus_gpu', docker_tag='bigvectorbench-milvus_gpu', arguments=['euclidean', 384, {'graph_degree': 64, 'intermediate_graph_degree': 128, 'build_algo': 'NN_DESCENT'}], query_argument_groups=[[512, 2, 0, 0, 0], [512, 4, 0, 0, 0], [512, 8, 0, 0, 0], [512, 16, 0, 0, 0], [512, 32, 0, 0, 0]], disabled=False), Definition(algorithm='milvus-gpu-cagra', constructor='MilvusGPU_CAGRA', module='bigvectorbench.algorithms.milvus_gpu', docker_tag='bigvectorbench-milvus_gpu', arguments=['euclidean', 384, {'graph_degree': 32, 'intermediate_graph_degree': 64, 'build_algo': 'NN_DESCENT'}], query_argument_groups=[[512, 2, 0, 0, 0], [512, 4, 0, 0, 0], [512, 8, 0, 0, 0], [512, 16, 0, 0, 0], [512, 32, 0, 0, 0]], disabled=False), Definition(algorithm='milvus-gpu-cagra', constructor='MilvusGPU_CAGRA', module='bigvectorbench.algorithms.milvus_gpu', docker_tag='bigvectorbench-milvus_gpu', arguments=['euclidean', 384, {'graph_degree': 128, 'intermediate_graph_degree': 256, 'build_algo': 'IVF_PQ'}], query_argument_groups=[[512, 2, 0, 0, 0], [512, 4, 0, 0, 0], [512, 8, 0, 0, 0], [512, 16, 0, 0, 0], [512, 32, 0, 0, 0]], disabled=False), Definition(algorithm='milvus-gpu-cagra', constructor='MilvusGPU_CAGRA', module='bigvectorbench.algorithms.milvus_gpu', docker_tag='bigvectorbench-milvus_gpu', arguments=['euclidean', 384, {'graph_degree': 64, 'intermediate_graph_degree': 128, 'build_algo': 'IVF_PQ'}], query_argument_groups=[[512, 2, 0, 0, 0], [512, 4, 0, 0, 0], [512, 8, 0, 0, 0], [512, 16, 0, 0, 0], [512, 32, 0, 0, 0]], disabled=False), Definition(algorithm='milvus-gpu-cagra', constructor='MilvusGPU_CAGRA', module='bigvectorbench.algorithms.milvus_gpu', docker_tag='bigvectorbench-milvus_gpu', arguments=['euclidean', 384, {'graph_degree': 128, 'intermediate_graph_degree': 256, 'build_algo': 'NN_DESCENT'}], query_argument_groups=[[512, 2, 0, 0, 0], [512, 4, 0, 0, 0], [512, 8, 0, 0, 0], [512, 16, 0, 0, 0], [512, 32, 0, 0, 0]], disabled=False), Definition(algorithm='milvus-gpu-cagra', constructor='MilvusGPU_CAGRA', module='bigvectorbench.algorithms.milvus_gpu', docker_tag='bigvectorbench-milvus_gpu', arguments=['euclidean', 384, {'graph_degree': 32, 'intermediate_graph_degree': 64, 'build_algo': 'IVF_PQ'}], query_argument_groups=[[512, 2, 0, 0, 0], [512, 4, 0, 0, 0], [512, 8, 0, 0, 0], [512, 16, 0, 0, 0], [512, 32, 0, 0, 0]], disabled=False)]
 Network milvus  Creating
 Network milvus  Created
 Container milvus-minio  Creating
 Container milvus-etcd  Creating
 Container milvus-etcd  Created
 Container milvus-minio  Created
 Container milvus-standalone  Creating
 Container milvus-standalone  Created
 Container milvus-minio  Starting
 Container milvus-etcd  Starting
 Container milvus-etcd  Started
 Container milvus-minio  Started
 Container milvus-standalone  Starting
 Container milvus-standalone  Started
 Container milvus-standalone  Stopping
 Container milvus-standalone  Stopped
 Container milvus-standalone  Removing
 Container milvus-standalone  Removed
 Container milvus-minio  Stopping
 Container milvus-etcd  Stopping
 Container milvus-etcd  Stopped
 Container milvus-etcd  Removing
 Container milvus-etcd  Removed
 Container milvus-minio  Stopped
 Container milvus-minio  Removing
 Container milvus-minio  Removed
 Network milvus  Removing
 Network milvus  Removed
 Network milvus  Creating
 Network milvus  Created
 Container milvus-etcd  Creating
 Container milvus-minio  Creating
 Container milvus-etcd  Created
 Container milvus-minio  Created
 Container milvus-standalone  Creating
 Container milvus-standalone  Created
 Container milvus-minio  Starting
 Container milvus-etcd  Starting
 Container milvus-minio  Started
 Container milvus-etcd  Started
 Container milvus-standalone  Starting
 Container milvus-standalone  Started
Trying to instantiate bigvectorbench.algorithms.milvus_gpu.MilvusGPU_CAGRA(['euclidean', 384, {'graph_degree': 64, 'intermediate_graph_degree': 128, 'build_algo': 'NN_DESCENT'}])
[MilvusGPU] started milvusdb/milvus:v2.4.8-gpu with <remote_artifact>
[Milvus] Milvus version: v2.4.8-gpu
Dataset type: filter-ann
Distance metric: euclidean
Got a train set of size               (620643 * 384) with 1 labels
label names: ['unixtime']
label types: ['int32']
filter expression function: 
def filter_expr(unixtime):
    unixtime_head = unixtime - 3 * 24 * 60 * 60
    unixtime_tail = unixtime
    return f"unixtime >= {unixtime_head} and unixtime <= {unixtime_tail}"

Got 10000 queries
[Milvus] Create collection {'collection_name': 'test_milvus', 'auto_id': False, 'num_shards': 1, 'description': 'Test milvus search', 'fields': [{'field_id': 100, 'name': 'id', 'description': '', 'type': <DataType.INT64: 5>, 'params': {}, 'is_primary': True}, {'field_id': 101, 'name': 'vector', 'description': '', 'type': <DataType.FLOAT_VECTOR: 101>, 'params': {'dim': 384}}, {'field_id': 102, 'name': 'unixtime', 'description': '', 'type': <DataType.INT32: 4>, 'params': {}}], 'aliases': [], 'collection_id': 468410564389896268, 'consistency_level': 2, 'properties': {}, 'num_partitions': 1, 'enable_dynamic_field': False} successfully!!!
[Milvus] Insert 620643 data with 1 labels  into collection test_milvus...
[Milvus] 620643 data has been inserted into collection test_milvus!!!
Inserted data in 74.03256392478943
Memory usage:  1734732.0
[Milvus] Create index for collection test_milvus...
[Milvus] Create index {'collection': 'test_milvus', 'field': 'vector', 'index_name': 'vector_index', 'index_param': {'index_type': 'GPU_CAGRA', 'params': {'intermediate_graph_degree': 128, 'graph_degree': 64, 'build_algo': 'NN_DESCENT'}, 'metric_type': 'L2'}} {'total_rows': 620643, 'indexed_rows': 620643, 'pending_index_rows': 0, 'state': 'Finished'} for collection test_milvus successfully!!!
[Milvus] Load collection test_milvus...
[Milvus] Load collection test_milvus successfully!!!
Built index in  80.51016402244568
Index size:  809484.0
Running query argument group 1 of 5...
Run 1/1...
Warmup round 1/2...
Processed 1000/9975 queries...
Warmup round 2/2...
Processed 2000/9975 queries...
Processed 3000/9975 queries...
Processed 4000/9975 queries...
Processed 5000/9975 queries...
Processed 6000/9975 queries...
Processed 7000/9975 queries...
Processed 8000/9975 queries...
Processed 9000/9975 queries...
Processed 10000/9975 queries...
Processed 11000/9975 queries...
Running query argument group 2 of 5...
Run 1/1...
Warmup round 1/2...
Processed 1000/9975 queries...
Warmup round 2/2...
Processed 2000/9975 queries...
Processed 3000/9975 queries...
Processed 4000/9975 queries...
Processed 5000/9975 queries...
Processed 6000/9975 queries...
Processed 7000/9975 queries...
Processed 8000/9975 queries...
Processed 9000/9975 queries...
Processed 10000/9975 queries...
Processed 11000/9975 queries...
Running query argument group 3 of 5...
Run 1/1...
Warmup round 1/2...
Processed 1000/9975 queries...
Warmup round 2/2...
Processed 2000/9975 queries...
Processed 3000/9975 queries...
Processed 4000/9975 queries...
Processed 5000/9975 queries...
Processed 6000/9975 queries...
Processed 7000/9975 queries...
Processed 8000/9975 queries...
Processed 9000/9975 queries...
Processed 10000/9975 queries...
Processed 11000/9975 queries...
Running query argument group 4 of 5...
Run 1/1...
Warmup round 1/2...
Processed 1000/9975 queries...
Warmup round 2/2...
Processed 2000/9975 queries...
Processed 3000/9975 queries...
Processed 4000/9975 queries...
Processed 5000/9975 queries...
Processed 6000/9975 queries...
Processed 7000/9975 queries...
Processed 8000/9975 queries...
Processed 9000/9975 queries...
Processed 10000/9975 queries...
Processed 11000/9975 queries...
Running query argument group 5 of 5...
Run 1/1...
Warmup round 1/2...
Processed 1000/9975 queries...
Warmup round 2/2...
Processed 2000/9975 queries...
Processed 3000/9975 queries...
Processed 4000/9975 queries...
Processed 5000/9975 queries...
Processed 6000/9975 queries...
Processed 7000/9975 queries...
Processed 8000/9975 queries...
Processed 9000/9975 queries...
Processed 10000/9975 queries...
Processed 11000/9975 queries...
Processed 0/9975 inserts...
Processed 1000/9975 inserts...
Processed 2000/9975 inserts...
Processed 3000/9975 inserts...
Processed 4000/9975 inserts...
Processed 5000/9975 inserts...
Processed 6000/9975 inserts...
Processed 7000/9975 inserts...
Processed 8000/9975 inserts...
Processed 9000/9975 inserts...
Processed 0/9975 updates...
Processed 1000/9975 updates...
Processed 2000/9975 updates...
Processed 3000/9975 updates...
Processed 4000/9975 updates...
Processed 5000/9975 updates...
Processed 6000/9975 updates...
Processed 7000/9975 updates...
Processed 8000/9975 updates...
Processed 9000/9975 updates...
Processed 0/9975 deletes...
Processed 1000/9975 deletes...
Processed 2000/9975 deletes...
Processed 3000/9975 deletes...
Processed 4000/9975 deletes...
Processed 5000/9975 deletes...
Processed 6000/9975 deletes...
Processed 7000/9975 deletes...
Processed 8000/9975 deletes...
Processed 9000/9975 deletes...
Trying to instantiate bigvectorbench.algorithms.milvus_gpu.MilvusGPU_CAGRA(['euclidean', 384, {'graph_degree': 32, 'intermediate_graph_degree': 64, 'build_algo': 'NN_DESCENT'}])
[MilvusGPU] started milvusdb/milvus:v2.4.8-gpu with <remote_artifact>
[Milvus] Milvus version: v2.4.8-gpu
Dataset type: filter-ann
Distance metric: euclidean
Got a train set of size               (620643 * 384) with 1 labels
label names: ['unixtime']
label types: ['int32']
filter expression function: 
def filter_expr(unixtime):
    unixtime_head = unixtime - 3 * 24 * 60 * 60
    unixtime_tail = unixtime
    return f"unixtime >= {unixtime_head} and unixtime <= {unixtime_tail}"

Got 10000 queries
[Milvus] Create collection {'collection_name': 'test_milvus', 'auto_id': False, 'num_shards': 1, 'description': 'Test milvus search', 'fields': [{'field_id': 100, 'name': 'id', 'description': '', 'type': <DataType.INT64: 5>, 'params': {}, 'is_primary': True}, {'field_id': 101, 'name': 'vector', 'description': '', 'type': <DataType.FLOAT_VECTOR: 101>, 'params': {'dim': 384}}, {'field_id': 102, 'name': 'unixtime', 'description': '', 'type': <DataType.INT32: 4>, 'params': {}}], 'aliases': [], 'collection_id': 468410709476314511, 'consistency_level': 2, 'properties': {}, 'num_partitions': 1, 'enable_dynamic_field': False} successfully!!!
[Milvus] Insert 620643 data with 1 labels  into collection test_milvus...
[Milvus] 620643 data has been inserted into collection test_milvus!!!
Inserted data in 76.40984845161438
Memory usage:  1673664.0
[Milvus] Create index for collection test_milvus...
[Milvus] Create index {'collection': 'test_milvus', 'field': 'vector', 'index_name': 'vector_index', 'index_param': {'index_type': 'GPU_CAGRA', 'params': {'intermediate_graph_degree': 64, 'graph_degree': 32, 'build_algo': 'NN_DESCENT'}, 'metric_type': 'L2'}} {'total_rows': 620643, 'indexed_rows': 620643, 'pending_index_rows': 0, 'state': 'Finished'} for collection test_milvus successfully!!!
[Milvus] Load collection test_milvus...
[Milvus] Load collection test_milvus successfully!!!
Built index in  67.53864312171936
Index size:  483864.0
Running query argument group 1 of 5...
Run 1/1...
Warmup round 1/2...
Processed 1000/9975 queries...
Warmup round 2/2...
Processed 2000/9975 queries...
Processed 3000/9975 queries...
Processed 4000/9975 queries...
Processed 5000/9975 queries...
Processed 6000/9975 queries...
Processed 7000/9975 queries...
Processed 8000/9975 queries...
Processed 9000/9975 queries...
Processed 10000/9975 queries...
Processed 11000/9975 queries...
Running query argument group 2 of 5...
Run 1/1...
Warmup round 1/2...
Processed 1000/9975 queries...
Warmup round 2/2...
Processed 2000/9975 queries...
Processed 3000/9975 queries...
Processed 4000/9975 queries...
Processed 5000/9975 queries...
 Container milvus-standalone  Stopping
 Container milvus-standalone  Stopped
 Container milvus-standalone  Removing
 Container milvus-standalone  Removed
 Container milvus-etcd  Stopping
 Container milvus-minio  Stopping
 Container milvus-etcd  Stopped
 Container milvus-etcd  Removing
 Container milvus-etcd  Removed
 Container milvus-minio  Stopped
 Container milvus-minio  Removing
 Container milvus-minio  Removed
 Network milvus  Removing
 Network milvus  Removed
 Network milvus  Creating
 Network milvus  Created
 Container milvus-etcd  Creating
 Container milvus-minio  Creating
 Container milvus-etcd  Created
 Container milvus-minio  Created
 Container milvus-standalone  Creating
 Container milvus-standalone  Created
 Container milvus-minio  Starting
 Container milvus-etcd  Starting
 Container milvus-etcd  Started
 Container milvus-minio  Started
 Container milvus-standalone  Starting
 Container milvus-standalone  Started
Process Process-1:
Traceback (most recent call last):
  File "<remote_artifact>", line 275, in _raise_for_status
    response.raise_for_status()
  File "<remote_artifact>", line 1024, in raise_for_status
    raise HTTPError(http_error_msg, response=self)
requests.exceptions.HTTPError: 404 Client Error: Not Found for url: http+docker://localhost/v1.49/containers/6ac069aa3b2972c5892e2d8b4cd4bb138b11c3e63634c10e18f54f7044e077d7/stats?stream=False

The above exception was the direct cause of the following exception:

Traceback (most recent call last):
  File "<remote_artifact>", line 314, in _bootstrap
    self.run()
  File "<remote_artifact>", line 108, in run
    self._target(*self._args, **self._kwargs)
  File "<remote_artifact>", line 152, in run_worker
    run(
  File "<remote_artifact>", line 793, in run
    insert_time, data_size = insert_data(
  File "<remote_artifact>", line 611, in insert_data
    memory_usage_after = algo.get_memory_usage()
  File "<remote_artifact>", line 73, in get_memory_usage
    memory_stats = container.stats(stream=False)["memory_stats"]
  File "<remote_artifact>", line 438, in stats
    return self.client.api.stats(self.id, **kwargs)
  File "<remote_artifact>", line 19, in wrapped
    return f(self, resource_id, *args, **kwargs)
  File "<remote_artifact>", line 1184, in stats
    return self._result(self._get(url, params=params), json=True)
  File "<remote_artifact>", line 281, in _result
    self._raise_for_status(response)
  File "<remote_artifact>", line 277, in _raise_for_status
    raise create_api_error_from_http_exception(e) from e
  File "<remote_artifact>", line 39, in create_api_error_from_http_exception
    raise cls(e, response=response, explanation=explanation) from e
docker.errors.NotFound: 404 Client Error for http+docker://localhost/v1.49/containers/6ac069aa3b2972c5892e2d8b4cd4bb138b11c3e63634c10e18f54f7044e077d7/stats?stream=False: Not Found ("No such container: 6ac069aa3b2972c5892e2d8b4cd4bb138b11c3e63634c10e18f54f7044e077d7")
Processed 6000/9975 queries...
Processed 7000/9975 queries...
Processed 8000/9975 queries...
Processed 9000/9975 queries...
Processed 10000/9975 queries...
Processed 11000/9975 queries...
Running query argument group 3 of 5...
Run 1/1...
Warmup round 1/2...
Processed 1000/9975 queries...
Warmup round 2/2...
Processed 2000/9975 queries...
Processed 3000/9975 queries...
Processed 4000/9975 queries...
Processed 5000/9975 queries...
Processed 6000/9975 queries...
Processed 7000/9975 queries...
Processed 8000/9975 queries...
Processed 9000/9975 queries...
Processed 10000/9975 queries...
Processed 11000/9975 queries...
Running query argument group 4 of 5...
Run 1/1...
Warmup round 1/2...
Processed 1000/9975 queries...
Warmup round 2/2...
Processed 2000/9975 queries...
Processed 3000/9975 queries...
Processed 4000/9975 queries...
Processed 5000/9975 queries...
Processed 6000/9975 queries...
Processed 7000/9975 queries...
Processed 8000/9975 queries...
Processed 9000/9975 queries...
Processed 10000/9975 queries...
Processed 11000/9975 queries...
Running query argument group 5 of 5...
Run 1/1...
Warmup round 1/2...
Processed 1000/9975 queries...
Warmup round 2/2...
Processed 2000/9975 queries...
Processed 3000/9975 queries...
Processed 4000/9975 queries...
Processed 5000/9975 queries...
Processed 6000/9975 queries...
Processed 7000/9975 queries...
Processed 8000/9975 queries...
Processed 9000/9975 queries...
Processed 10000/9975 queries...
Processed 11000/9975 queries...
Processed 0/9975 inserts...
Processed 1000/9975 inserts...
Processed 2000/9975 inserts...
Processed 3000/9975 inserts...
Processed 4000/9975 inserts...
Processed 5000/9975 inserts...
Processed 6000/9975 inserts...
Processed 7000/9975 inserts...
Processed 8000/9975 inserts...
Processed 9000/9975 inserts...
Processed 0/9975 updates...
Processed 1000/9975 updates...
Processed 2000/9975 updates...
Processed 3000/9975 updates...
Processed 4000/9975 updates...
Processed 5000/9975 updates...
Processed 6000/9975 updates...
Processed 7000/9975 updates...
Processed 8000/9975 updates...
Processed 9000/9975 updates...
Processed 0/9975 deletes...
Processed 1000/9975 deletes...
Processed 2000/9975 deletes...
Processed 3000/9975 deletes...
Processed 4000/9975 deletes...
Processed 5000/9975 deletes...
Processed 6000/9975 deletes...
Processed 7000/9975 deletes...
Processed 8000/9975 deletes...
Processed 9000/9975 deletes...
Trying to instantiate bigvectorbench.algorithms.milvus_gpu.MilvusGPU_CAGRA(['euclidean', 384, {'graph_degree': 128, 'intermediate_graph_degree': 256, 'build_algo': 'IVF_PQ'}])
[MilvusGPU] started milvusdb/milvus:v2.4.8-gpu with <remote_artifact>
[Milvus] Milvus version: v2.4.8-gpu
Dataset type: filter-ann
Distance metric: euclidean
Got a train set of size               (620643 * 384) with 1 labels
label names: ['unixtime']
label types: ['int32']
filter expression function: 
def filter_expr(unixtime):
    unixtime_head = unixtime - 3 * 24 * 60 * 60
    unixtime_tail = unixtime
    return f"unixtime >= {unixtime_head} and unixtime <= {unixtime_tail}"

Got 10000 queries
[Milvus] Create collection {'collection_name': 'test_milvus', 'auto_id': False, 'num_shards': 1, 'description': 'Test milvus search', 'fields': [{'field_id': 100, 'name': 'id', 'description': '', 'type': <DataType.INT64: 5>, 'params': {}, 'is_primary': True}, {'field_id': 101, 'name': 'vector', 'description': '', 'type': <DataType.FLOAT_VECTOR: 101>, 'params': {'dim': 384}}, {'field_id': 102, 'name': 'unixtime', 'description': '', 'type': <DataType.INT32: 4>, 'params': {}}], 'aliases': [], 'collection_id': 468410852336668048, 'consistency_level': 2, 'properties': {}, 'num_partitions': 1, 'enable_dynamic_field': False} successfully!!!
[Milvus] Insert 620643 data with 1 labels  into collection test_milvus...
[Milvus] 620643 data has been inserted into collection test_milvus!!!
2026-08-16 10:01:27,825 - bvb - INFO - Terminating 1 workers
