START 2026-08-15T02:02:38+08:00 slot=3 cpuset=84-111
2026-08-15 02:02:39,664 - bvb - INFO - running only redis-hnsw
2026-08-15 02:02:39,810 - bvb - INFO - Order: [Definition(algorithm='redis-hnsw', constructor='RedisHNSW', module='bigvectorbench.algorithms.redis', docker_tag='bigvectorbench-redis', arguments=['euclidean', 384, {'m': 64, 'ef_construction': 400, 'ef_runtime': 100}], query_argument_groups=[], disabled=False), Definition(algorithm='redis-hnsw', constructor='RedisHNSW', module='bigvectorbench.algorithms.redis', docker_tag='bigvectorbench-redis', arguments=['euclidean', 384, {'m': 64, 'ef_construction': 100, 'ef_runtime': 1600}], query_argument_groups=[], disabled=False), Definition(algorithm='redis-hnsw', constructor='RedisHNSW', module='bigvectorbench.algorithms.redis', docker_tag='bigvectorbench-redis', arguments=['euclidean', 384, {'m': 64, 'ef_construction': 400, 'ef_runtime': 200}], query_argument_groups=[], disabled=False), Definition(algorithm='redis-hnsw', constructor='RedisHNSW', module='bigvectorbench.algorithms.redis', docker_tag='bigvectorbench-redis', arguments=['euclidean', 384, {'m': 128, 'ef_construction': 400, 'ef_runtime': 1600}], query_argument_groups=[], disabled=False), Definition(algorithm='redis-hnsw', constructor='RedisHNSW', module='bigvectorbench.algorithms.redis', docker_tag='bigvectorbench-redis', arguments=['euclidean', 384, {'m': 32, 'ef_construction': 100, 'ef_runtime': 400}], query_argument_groups=[], disabled=False), Definition(algorithm='redis-hnsw', constructor='RedisHNSW', module='bigvectorbench.algorithms.redis', docker_tag='bigvectorbench-redis', arguments=['euclidean', 384, {'m': 64, 'ef_construction': 400, 'ef_runtime': 800}], query_argument_groups=[], disabled=False), Definition(algorithm='redis-hnsw', constructor='RedisHNSW', module='bigvectorbench.algorithms.redis', docker_tag='bigvectorbench-redis', arguments=['euclidean', 384, {'m': 32, 'ef_construction': 400, 'ef_runtime': 800}], query_argument_groups=[], disabled=False), Definition(algorithm='redis-hnsw', constructor='RedisHNSW', module='bigvectorbench.algorithms.redis', docker_tag='bigvectorbench-redis', arguments=['euclidean', 384, {'m': 128, 'ef_construction': 400, 'ef_runtime': 400}], query_argument_groups=[], disabled=False), Definition(algorithm='redis-hnsw', constructor='RedisHNSW', module='bigvectorbench.algorithms.redis', docker_tag='bigvectorbench-redis', arguments=['euclidean', 384, {'m': 64, 'ef_construction': 100, 'ef_runtime': 800}], query_argument_groups=[], disabled=False), Definition(algorithm='redis-hnsw', constructor='RedisHNSW', module='bigvectorbench.algorithms.redis', docker_tag='bigvectorbench-redis', arguments=['euclidean', 384, {'m': 64, 'ef_construction': 100, 'ef_runtime': 400}], query_argument_groups=[], disabled=False), Definition(algorithm='redis-hnsw', constructor='RedisHNSW', module='bigvectorbench.algorithms.redis', docker_tag='bigvectorbench-redis', arguments=['euclidean', 384, {'m': 128, 'ef_construction': 400, 'ef_runtime': 800}], query_argument_groups=[], disabled=False), Definition(algorithm='redis-hnsw', constructor='RedisHNSW', module='bigvectorbench.algorithms.redis', docker_tag='bigvectorbench-redis', arguments=['euclidean', 384, {'m': 32, 'ef_construction': 400, 'ef_runtime': 400}], query_argument_groups=[], disabled=False), Definition(algorithm='redis-hnsw', constructor='RedisHNSW', module='bigvectorbench.algorithms.redis', docker_tag='bigvectorbench-redis', arguments=['euclidean', 384, {'m': 128, 'ef_construction': 400, 'ef_runtime': 200}], query_argument_groups=[], disabled=False), Definition(algorithm='redis-hnsw', constructor='RedisHNSW', module='bigvectorbench.algorithms.redis', docker_tag='bigvectorbench-redis', arguments=['euclidean', 384, {'m': 64, 'ef_construction': 100, 'ef_runtime': 100}], query_argument_groups=[], disabled=False), Definition(algorithm='redis-hnsw', constructor='RedisHNSW', module='bigvectorbench.algorithms.redis', docker_tag='bigvectorbench-redis', arguments=['euclidean', 384, {'m': 32, 'ef_construction': 100, 'ef_runtime': 1600}], query_argument_groups=[], disabled=False), Definition(algorithm='redis-hnsw', constructor='RedisHNSW', module='bigvectorbench.algorithms.redis', docker_tag='bigvectorbench-redis', arguments=['euclidean', 384, {'m': 32, 'ef_construction': 100, 'ef_runtime': 200}], query_argument_groups=[], disabled=False), Definition(algorithm='redis-hnsw', constructor='RedisHNSW', module='bigvectorbench.algorithms.redis', docker_tag='bigvectorbench-redis', arguments=['euclidean', 384, {'m': 32, 'ef_construction': 400, 'ef_runtime': 200}], query_argument_groups=[], disabled=False), Definition(algorithm='redis-hnsw', constructor='RedisHNSW', module='bigvectorbench.algorithms.redis', docker_tag='bigvectorbench-redis', arguments=['euclidean', 384, {'m': 128, 'ef_construction': 400, 'ef_runtime': 100}], query_argument_groups=[], disabled=False), Definition(algorithm='redis-hnsw', constructor='RedisHNSW', module='bigvectorbench.algorithms.redis', docker_tag='bigvectorbench-redis', arguments=['euclidean', 384, {'m': 64, 'ef_construction': 100, 'ef_runtime': 200}], query_argument_groups=[], disabled=False), Definition(algorithm='redis-hnsw', constructor='RedisHNSW', module='bigvectorbench.algorithms.redis', docker_tag='bigvectorbench-redis', arguments=['euclidean', 384, {'m': 64, 'ef_construction': 400, 'ef_runtime': 1600}], query_argument_groups=[], disabled=False), Definition(algorithm='redis-hnsw', constructor='RedisHNSW', module='bigvectorbench.algorithms.redis', docker_tag='bigvectorbench-redis', arguments=['euclidean', 384, {'m': 64, 'ef_construction': 400, 'ef_runtime': 400}], query_argument_groups=[], disabled=False), Definition(algorithm='redis-hnsw', constructor='RedisHNSW', module='bigvectorbench.algorithms.redis', docker_tag='bigvectorbench-redis', arguments=['euclidean', 384, {'m': 32, 'ef_construction': 400, 'ef_runtime': 1600}], query_argument_groups=[], disabled=False), Definition(algorithm='redis-hnsw', constructor='RedisHNSW', module='bigvectorbench.algorithms.redis', docker_tag='bigvectorbench-redis', arguments=['euclidean', 384, {'m': 32, 'ef_construction': 100, 'ef_runtime': 100}], query_argument_groups=[], disabled=False), Definition(algorithm='redis-hnsw', constructor='RedisHNSW', module='bigvectorbench.algorithms.redis', docker_tag='bigvectorbench-redis', arguments=['euclidean', 384, {'m': 32, 'ef_construction': 400, 'ef_runtime': 100}], query_argument_groups=[], disabled=False), Definition(algorithm='redis-hnsw', constructor='RedisHNSW', module='bigvectorbench.algorithms.redis', docker_tag='bigvectorbench-redis', arguments=['euclidean', 384, {'m': 32, 'ef_construction': 100, 'ef_runtime': 800}], query_argument_groups=[], disabled=False)]
 Container redis  Stopping
 Container redis  Stopped
 Container redis  Removing
 Container redis  Removed
 Network redis_default  Removing
 Network redis_default  Removed
 Network redis_default  Creating
 Network redis_default  Created
 Container redis  Creating
 Container redis  Created
 Container redis  Starting
 Container redis  Started
 Container redis  Stopping
 Container redis  Stopped
 Container redis  Removing
 Container redis  Removed
 Network redis_default  Removing
 Network redis_default  Removed
 Network redis_default  Creating
 Network redis_default  Created
 Container redis  Creating
 Container redis  Created
 Container redis  Starting
 Container redis  Started
Process Process-1:
Traceback (most recent call last):
  File "<remote_artifact>", line 275, in _raise_for_status
    response.raise_for_status()
  File "<remote_artifact>", line 1024, in raise_for_status
    raise HTTPError(http_error_msg, response=self)
requests.exceptions.HTTPError: 404 Client Error: Not Found for url: http+docker://localhost/v1.49/containers/fdfe96800cd149d8f8194e25cc6095eb58da82703d24dcf111c9eab1e8600c35/stats?stream=False

The above exception was the direct cause of the following exception:

Traceback (most recent call last):
  File "<remote_artifact>", line 314, in _bootstrap
    self.run()
  File "<remote_artifact>", line 108, in run
    self._target(*self._args, **self._kwargs)
  File "<remote_artifact>", line 152, in run_worker
    run(
  File "<remote_artifact>", line 793, in run
    insert_time, data_size = insert_data(
  File "<remote_artifact>", line 611, in insert_data
    memory_usage_after = algo.get_memory_usage()
  File "<remote_artifact>", line 73, in get_memory_usage
    memory_stats = container.stats(stream=False)["memory_stats"]
  File "<remote_artifact>", line 438, in stats
    return self.client.api.stats(self.id, **kwargs)
  File "<remote_artifact>", line 19, in wrapped
    return f(self, resource_id, *args, **kwargs)
  File "<remote_artifact>", line 1184, in stats
    return self._result(self._get(url, params=params), json=True)
  File "<remote_artifact>", line 281, in _result
    self._raise_for_status(response)
  File "<remote_artifact>", line 277, in _raise_for_status
    raise create_api_error_from_http_exception(e) from e
  File "<remote_artifact>", line 39, in create_api_error_from_http_exception
    raise cls(e, response=response, explanation=explanation) from e
docker.errors.NotFound: 404 Client Error for http+docker://localhost/v1.49/containers/fdfe96800cd149d8f8194e25cc6095eb58da82703d24dcf111c9eab1e8600c35/stats?stream=False: Not Found ("No such container: fdfe96800cd149d8f8194e25cc6095eb58da82703d24dcf111c9eab1e8600c35")
Trying to instantiate bigvectorbench.algorithms.redis.RedisHNSW(['euclidean', 384, {'m': 64, 'ef_construction': 400, 'ef_runtime': 100}])
[Redis] docker compose up successfully!!!
[Redis] client connected successfully!!!
Dataset type: filter-ann
Distance metric: euclidean
Got a train set of size               (620643 * 384) with 1 labels
label names: ['unixtime']
label types: ['int32']
filter expression function: 
def filter_expr(unixtime):
    unixtime_head = unixtime - 3 * 24 * 60 * 60
    unixtime_tail = unixtime
    return f"unixtime >= {unixtime_head} and unixtime <= {unixtime_tail}"

Got 10000 queries
[Redis] load data with 1 labels!!!
[Redis] create schema successfully!!!
[Redis] Start uploading 620643 vectors...
[Redis] Uploaded 620643 vectors successfully!!!
Inserted data in 1230.4670977592468
Memory usage:  2880660.0
Built index in  12.048852920532227
Index size:  360.0
Running query argument group 1 of 1...
Run 1/1...
Warmup round 1/2...
Processed 1000/9975 queries...
Warmup round 2/2...
Processed 2000/9975 queries...
Processed 3000/9975 queries...
Processed 4000/9975 queries...
Processed 5000/9975 queries...
Processed 6000/9975 queries...
Processed 7000/9975 queries...
Processed 8000/9975 queries...
Processed 9000/9975 queries...
Processed 10000/9975 queries...
Processed 11000/9975 queries...
Processed 0/9975 inserts...
Processed 1000/9975 inserts...
Processed 2000/9975 inserts...
Processed 3000/9975 inserts...
Processed 4000/9975 inserts...
Processed 5000/9975 inserts...
Processed 6000/9975 inserts...
Processed 7000/9975 inserts...
Processed 8000/9975 inserts...
Processed 9000/9975 inserts...
Processed 0/9975 updates...
Processed 1000/9975 updates...
Processed 2000/9975 updates...
Processed 3000/9975 updates...
Processed 4000/9975 updates...
Processed 5000/9975 updates...
Processed 6000/9975 updates...
Processed 7000/9975 updates...
Processed 8000/9975 updates...
Processed 9000/9975 updates...
Processed 0/9975 deletes...
Processed 1000/9975 deletes...
Processed 2000/9975 deletes...
Processed 3000/9975 deletes...
Processed 4000/9975 deletes...
Processed 5000/9975 deletes...
Processed 6000/9975 deletes...
Processed 7000/9975 deletes...
Processed 8000/9975 deletes...
Processed 9000/9975 deletes...
[Redis] docker compose down successfully!!!
Trying to instantiate bigvectorbench.algorithms.redis.RedisHNSW(['euclidean', 384, {'m': 64, 'ef_construction': 100, 'ef_runtime': 1600}])
[Redis] docker compose up successfully!!!
[Redis] client connected successfully!!!
Dataset type: filter-ann
Distance metric: euclidean
Got a train set of size               (620643 * 384) with 1 labels
label names: ['unixtime']
label types: ['int32']
filter expression function: 
def filter_expr(unixtime):
    unixtime_head = unixtime - 3 * 24 * 60 * 60
    unixtime_tail = unixtime
    return f"unixtime >= {unixtime_head} and unixtime <= {unixtime_tail}"

Got 10000 queries
[Redis] load data with 1 labels!!!
[Redis] create schema successfully!!!
[Redis] Start uploading 620643 vectors...
[Redis] Uploaded 620643 vectors successfully!!!
2026-08-15 03:05:39,080 - bvb - INFO - Terminating 1 workers
