START 2026-08-14T14:32:22+08:00 slot=3 cpuset=84-111
2026-08-14 14:32:23,935 - bvb - INFO - running only hnswlib-hnsw
2026-08-14 14:32:23,936 - bvb - INFO - Order: [Definition(algorithm='hnswlib-hnsw', constructor='HNSWlibHNSW', module='bigvectorbench.algorithms.hnswlib', docker_tag='bigvectorbench-hnswlib', arguments=['euclidean', 384, {'M': 64, 'efConstruction': 400}], query_argument_groups=[[100], [200], [400], [800], [1600]], disabled=False), Definition(algorithm='hnswlib-hnsw', constructor='HNSWlibHNSW', module='bigvectorbench.algorithms.hnswlib', docker_tag='bigvectorbench-hnswlib', arguments=['euclidean', 384, {'M': 64, 'efConstruction': 100}], query_argument_groups=[[100], [200], [400], [800], [1600]], disabled=False), Definition(algorithm='hnswlib-hnsw', constructor='HNSWlibHNSW', module='bigvectorbench.algorithms.hnswlib', docker_tag='bigvectorbench-hnswlib', arguments=['euclidean', 384, {'M': 128, 'efConstruction': 400}], query_argument_groups=[[100], [200], [400], [800], [1600]], disabled=False), Definition(algorithm='hnswlib-hnsw', constructor='HNSWlibHNSW', module='bigvectorbench.algorithms.hnswlib', docker_tag='bigvectorbench-hnswlib', arguments=['euclidean', 384, {'M': 32, 'efConstruction': 100}], query_argument_groups=[[100], [200], [400], [800], [1600]], disabled=False), Definition(algorithm='hnswlib-hnsw', constructor='HNSWlibHNSW', module='bigvectorbench.algorithms.hnswlib', docker_tag='bigvectorbench-hnswlib', arguments=['euclidean', 384, {'M': 32, 'efConstruction': 400}], query_argument_groups=[[100], [200], [400], [800], [1600]], disabled=False)]
Process Process-1:
Traceback (most recent call last):
  File "<remote_artifact>", line 314, in _bootstrap
    self.run()
  File "<remote_artifact>", line 108, in run
    self._target(*self._args, **self._kwargs)
  File "<remote_artifact>", line 152, in run_worker
    run(
  File "<remote_artifact>", line 834, in run
    descriptor, results = run_individual_query(
  File "<remote_artifact>", line 303, in run_individual_query
    execute_queries(warmup_X, warmup_labels)
  File "<remote_artifact>", line 275, in execute_queries
    return list(
  File "<remote_artifact>", line 621, in result_iterator
    yield _result_or_cancel(fs.pop())
  File "<remote_artifact>", line 319, in _result_or_cancel
    return fut.result(timeout)
  File "<remote_artifact>", line 458, in result
    return self.__get_result()
  File "<remote_artifact>", line 403, in __get_result
    raise self._exception
  File "<remote_artifact>", line 58, in run
    result = self.fn(*self.args, **self.kwargs)
  File "<remote_artifact>", line 277, in <lambda>
    lambda pair: single_query(pair[0], pair[1].flatten()),
  File "<remote_artifact>", line 143, in single_query
    candidates = algo.query(v, count, expr)
  File "<remote_artifact>", line 177, in query
    ids, _ = self.index.knn_query(np.asarray(v, dtype=np.float32), k=pool)
RuntimeError: Cannot return the results in a contiguous 2D array. Probably ef or M is too small
Trying to instantiate bigvectorbench.algorithms.hnswlib.HNSWlibHNSW(['euclidean', 384, {'M': 64, 'efConstruction': 400}])
Dataset type: filter-ann
Distance metric: euclidean
Got a train set of size               (620643 * 384) with 1 labels
label names: ['unixtime']
label types: ['int32']
filter expression function: 
def filter_expr(unixtime):
    unixtime_head = unixtime - 3 * 24 * 60 * 60
    unixtime_tail = unixtime
    return f"unixtime >= {unixtime_head} and unixtime <= {unixtime_tail}"

Got 10000 queries
Inserted data in 5.027764320373535
Memory usage:  118628.0
Built index in  76.67124605178833
Index size:  -484912.0
Running query argument group 1 of 5...
Run 1/1...
Warmup round 1/2...
2026-08-14 14:37:26,657 - bvb - INFO - Terminating 1 workers
START 2026-08-16T08:30:01+08:00 slot=3 cpuset=84-111
2026-08-16 08:30:03,273 - bvb - INFO - running only hnswlib-hnsw
2026-08-16 08:30:03,274 - bvb - INFO - Order: [Definition(algorithm='hnswlib-hnsw', constructor='HNSWlibHNSW', module='bigvectorbench.algorithms.hnswlib', docker_tag='bigvectorbench-hnswlib', arguments=['euclidean', 384, {'M': 128, 'efConstruction': 400}], query_argument_groups=[[100], [200], [400], [800], [1600]], disabled=False), Definition(algorithm='hnswlib-hnsw', constructor='HNSWlibHNSW', module='bigvectorbench.algorithms.hnswlib', docker_tag='bigvectorbench-hnswlib', arguments=['euclidean', 384, {'M': 64, 'efConstruction': 400}], query_argument_groups=[[100], [200], [400], [800], [1600]], disabled=False), Definition(algorithm='hnswlib-hnsw', constructor='HNSWlibHNSW', module='bigvectorbench.algorithms.hnswlib', docker_tag='bigvectorbench-hnswlib', arguments=['euclidean', 384, {'M': 32, 'efConstruction': 100}], query_argument_groups=[[100], [200], [400], [800], [1600]], disabled=False), Definition(algorithm='hnswlib-hnsw', constructor='HNSWlibHNSW', module='bigvectorbench.algorithms.hnswlib', docker_tag='bigvectorbench-hnswlib', arguments=['euclidean', 384, {'M': 64, 'efConstruction': 100}], query_argument_groups=[[100], [200], [400], [800], [1600]], disabled=False), Definition(algorithm='hnswlib-hnsw', constructor='HNSWlibHNSW', module='bigvectorbench.algorithms.hnswlib', docker_tag='bigvectorbench-hnswlib', arguments=['euclidean', 384, {'M': 32, 'efConstruction': 400}], query_argument_groups=[[100], [200], [400], [800], [1600]], disabled=False)]
Process Process-1:
Traceback (most recent call last):
  File "<remote_artifact>", line 314, in _bootstrap
    self.run()
  File "<remote_artifact>", line 108, in run
    self._target(*self._args, **self._kwargs)
  File "<remote_artifact>", line 152, in run_worker
    run(
  File "<remote_artifact>", line 834, in run
    descriptor, results = run_individual_query(
  File "<remote_artifact>", line 303, in run_individual_query
    execute_queries(warmup_X, warmup_labels)
  File "<remote_artifact>", line 275, in execute_queries
    return list(
  File "<remote_artifact>", line 621, in result_iterator
    yield _result_or_cancel(fs.pop())
  File "<remote_artifact>", line 319, in _result_or_cancel
    return fut.result(timeout)
  File "<remote_artifact>", line 458, in result
    return self.__get_result()
  File "<remote_artifact>", line 403, in __get_result
    raise self._exception
  File "<remote_artifact>", line 58, in run
    result = self.fn(*self.args, **self.kwargs)
  File "<remote_artifact>", line 277, in <lambda>
    lambda pair: single_query(pair[0], pair[1].flatten()),
  File "<remote_artifact>", line 143, in single_query
    candidates = algo.query(v, count, expr)
  File "<remote_artifact>", line 177, in query
    ids, _ = self.index.knn_query(np.asarray(v, dtype=np.float32), k=pool)
RuntimeError: Cannot return the results in a contiguous 2D array. Probably ef or M is too small
Trying to instantiate bigvectorbench.algorithms.hnswlib.HNSWlibHNSW(['euclidean', 384, {'M': 128, 'efConstruction': 400}])
Dataset type: filter-ann
Distance metric: euclidean
Got a train set of size               (620643 * 384) with 1 labels
label names: ['unixtime']
label types: ['int32']
filter expression function: 
def filter_expr(unixtime):
    unixtime_head = unixtime - 3 * 24 * 60 * 60
    unixtime_tail = unixtime
    return f"unixtime >= {unixtime_head} and unixtime <= {unixtime_tail}"

Got 10000 queries
Inserted data in 11.050600290298462
Memory usage:  228.0
Built index in  126.0377094745636
Index size:  1888.0
Running query argument group 1 of 5...
Run 1/1...
Warmup round 1/2...
2026-08-16 08:36:20,950 - bvb - INFO - Terminating 1 workers
START 2026-08-17T10:56:46+08:00 slot=3 cpuset=84-111
2026-08-17 10:56:48,374 - bvb - INFO - running only hnswlib-hnsw
2026-08-17 10:56:48,375 - bvb - INFO - Order: [Definition(algorithm='hnswlib-hnsw', constructor='HNSWlibHNSW', module='bigvectorbench.algorithms.hnswlib', docker_tag='bigvectorbench-hnswlib', arguments=['euclidean', 384, {'M': 32, 'efConstruction': 100}], query_argument_groups=[[100], [200], [400], [800], [1600]], disabled=False), Definition(algorithm='hnswlib-hnsw', constructor='HNSWlibHNSW', module='bigvectorbench.algorithms.hnswlib', docker_tag='bigvectorbench-hnswlib', arguments=['euclidean', 384, {'M': 32, 'efConstruction': 400}], query_argument_groups=[[100], [200], [400], [800], [1600]], disabled=False), Definition(algorithm='hnswlib-hnsw', constructor='HNSWlibHNSW', module='bigvectorbench.algorithms.hnswlib', docker_tag='bigvectorbench-hnswlib', arguments=['euclidean', 384, {'M': 128, 'efConstruction': 400}], query_argument_groups=[[100], [200], [400], [800], [1600]], disabled=False), Definition(algorithm='hnswlib-hnsw', constructor='HNSWlibHNSW', module='bigvectorbench.algorithms.hnswlib', docker_tag='bigvectorbench-hnswlib', arguments=['euclidean', 384, {'M': 64, 'efConstruction': 400}], query_argument_groups=[[100], [200], [400], [800], [1600]], disabled=False), Definition(algorithm='hnswlib-hnsw', constructor='HNSWlibHNSW', module='bigvectorbench.algorithms.hnswlib', docker_tag='bigvectorbench-hnswlib', arguments=['euclidean', 384, {'M': 64, 'efConstruction': 100}], query_argument_groups=[[100], [200], [400], [800], [1600]], disabled=False)]
Process Process-1:
Traceback (most recent call last):
  File "<remote_artifact>", line 314, in _bootstrap
    self.run()
  File "<remote_artifact>", line 108, in run
    self._target(*self._args, **self._kwargs)
  File "<remote_artifact>", line 152, in run_worker
    run(
  File "<remote_artifact>", line 834, in run
    descriptor, results = run_individual_query(
  File "<remote_artifact>", line 303, in run_individual_query
    execute_queries(warmup_X, warmup_labels)
  File "<remote_artifact>", line 275, in execute_queries
    return list(
  File "<remote_artifact>", line 621, in result_iterator
    yield _result_or_cancel(fs.pop())
  File "<remote_artifact>", line 319, in _result_or_cancel
    return fut.result(timeout)
  File "<remote_artifact>", line 458, in result
    return self.__get_result()
  File "<remote_artifact>", line 403, in __get_result
    raise self._exception
  File "<remote_artifact>", line 58, in run
    result = self.fn(*self.args, **self.kwargs)
  File "<remote_artifact>", line 277, in <lambda>
    lambda pair: single_query(pair[0], pair[1].flatten()),
  File "<remote_artifact>", line 143, in single_query
    candidates = algo.query(v, count, expr)
  File "<remote_artifact>", line 191, in query
    ids, _ = self.index.knn_query(np.asarray(v, dtype=np.float32), k=pool)
RuntimeError: Cannot return the results in a contiguous 2D array. Probably ef or M is too small
Trying to instantiate bigvectorbench.algorithms.hnswlib.HNSWlibHNSW(['euclidean', 384, {'M': 32, 'efConstruction': 100}])
Dataset type: filter-ann
Distance metric: euclidean
Got a train set of size               (620643 * 384) with 1 labels
label names: ['unixtime']
label types: ['int32']
filter expression function: 
def filter_expr(unixtime):
    unixtime_head = unixtime - 3 * 24 * 60 * 60
    unixtime_tail = unixtime
    return f"unixtime >= {unixtime_head} and unixtime <= {unixtime_tail}"

Got 10000 queries
Inserted data in 7.033236742019653
Memory usage:  -396.0
Built index in  22.992461681365967
Index size:  -3760.0
Running query argument group 1 of 5...
Run 1/1...
Warmup round 1/2...
2026-08-17 11:01:04,140 - bvb - INFO - Terminating 1 workers
START 2026-08-17T19:54:23+08:00 slot=0 cpuset=0-27
2026-08-17 19:54:24,974 - bvb - INFO - running only hnswlib-hnsw
2026-08-17 19:54:24,975 - bvb - INFO - Order: [Definition(algorithm='hnswlib-hnsw', constructor='HNSWlibHNSW', module='bigvectorbench.algorithms.hnswlib', docker_tag='bigvectorbench-hnswlib', arguments=['euclidean', 384, {'M': 64, 'efConstruction': 400}], query_argument_groups=[[100], [200], [400], [800], [1600]], disabled=False), Definition(algorithm='hnswlib-hnsw', constructor='HNSWlibHNSW', module='bigvectorbench.algorithms.hnswlib', docker_tag='bigvectorbench-hnswlib', arguments=['euclidean', 384, {'M': 32, 'efConstruction': 100}], query_argument_groups=[[100], [200], [400], [800], [1600]], disabled=False), Definition(algorithm='hnswlib-hnsw', constructor='HNSWlibHNSW', module='bigvectorbench.algorithms.hnswlib', docker_tag='bigvectorbench-hnswlib', arguments=['euclidean', 384, {'M': 128, 'efConstruction': 400}], query_argument_groups=[[100], [200], [400], [800], [1600]], disabled=False), Definition(algorithm='hnswlib-hnsw', constructor='HNSWlibHNSW', module='bigvectorbench.algorithms.hnswlib', docker_tag='bigvectorbench-hnswlib', arguments=['euclidean', 384, {'M': 64, 'efConstruction': 100}], query_argument_groups=[[100], [200], [400], [800], [1600]], disabled=False), Definition(algorithm='hnswlib-hnsw', constructor='HNSWlibHNSW', module='bigvectorbench.algorithms.hnswlib', docker_tag='bigvectorbench-hnswlib', arguments=['euclidean', 384, {'M': 32, 'efConstruction': 400}], query_argument_groups=[[100], [200], [400], [800], [1600]], disabled=False)]
Process Process-1:
Traceback (most recent call last):
  File "<remote_artifact>", line 314, in _bootstrap
    self.run()
  File "<remote_artifact>", line 108, in run
    self._target(*self._args, **self._kwargs)
  File "<remote_artifact>", line 152, in run_worker
    run(
  File "<remote_artifact>", line 834, in run
    descriptor, results = run_individual_query(
  File "<remote_artifact>", line 303, in run_individual_query
    execute_queries(warmup_X, warmup_labels)
  File "<remote_artifact>", line 275, in execute_queries
    return list(
  File "<remote_artifact>", line 621, in result_iterator
    yield _result_or_cancel(fs.pop())
  File "<remote_artifact>", line 319, in _result_or_cancel
    return fut.result(timeout)
  File "<remote_artifact>", line 451, in result
    return self.__get_result()
  File "<remote_artifact>", line 403, in __get_result
    raise self._exception
  File "<remote_artifact>", line 58, in run
    result = self.fn(*self.args, **self.kwargs)
  File "<remote_artifact>", line 277, in <lambda>
    lambda pair: single_query(pair[0], pair[1].flatten()),
  File "<remote_artifact>", line 143, in single_query
    candidates = algo.query(v, count, expr)
  File "<remote_artifact>", line 194, in query
    ids, _ = self.index.knn_query(np.asarray(v, dtype=np.float32), k=pool)
RuntimeError: Cannot return the results in a contiguous 2D array. Probably ef or M is too small
Trying to instantiate bigvectorbench.algorithms.hnswlib.HNSWlibHNSW(['euclidean', 384, {'M': 64, 'efConstruction': 400}])
Dataset type: filter-ann
Distance metric: euclidean
Got a train set of size               (620643 * 384) with 1 labels
label names: ['unixtime']
label types: ['int32']
filter expression function: 
def filter_expr(unixtime):
    unixtime_head = unixtime - 3 * 24 * 60 * 60
    unixtime_tail = unixtime
    return f"unixtime >= {unixtime_head} and unixtime <= {unixtime_tail}"

Got 10000 queries
Inserted data in 5.026601314544678
Memory usage:  248.0
Built index in  75.59883403778076
Index size:  440.0
Running query argument group 1 of 5...
Run 1/1...
Warmup round 1/2...
Processed 1000/9975 queries...
Warmup round 2/2...
Processed 2000/9975 queries...
Processed 3000/9975 queries...
Processed 4000/9975 queries...
Processed 5000/9975 queries...
Processed 6000/9975 queries...
Processed 7000/9975 queries...
Processed 8000/9975 queries...
Processed 9000/9975 queries...
Processed 10000/9975 queries...
Processed 11000/9975 queries...
Running query argument group 2 of 5...
Run 1/1...
Warmup round 1/2...
Processed 1000/9975 queries...
Warmup round 2/2...
Processed 2000/9975 queries...
Processed 3000/9975 queries...
Processed 4000/9975 queries...
Processed 5000/9975 queries...
Processed 6000/9975 queries...
Processed 7000/9975 queries...
Processed 8000/9975 queries...
Processed 9000/9975 queries...
Processed 10000/9975 queries...
Processed 11000/9975 queries...
Running query argument group 3 of 5...
Run 1/1...
Warmup round 1/2...
Processed 1000/9975 queries...
Warmup round 2/2...
Processed 2000/9975 queries...
Processed 3000/9975 queries...
Processed 4000/9975 queries...
Processed 5000/9975 queries...
Processed 6000/9975 queries...
Processed 7000/9975 queries...
Processed 8000/9975 queries...
Processed 9000/9975 queries...
Processed 10000/9975 queries...
Processed 11000/9975 queries...
Running query argument group 4 of 5...
Run 1/1...
Warmup round 1/2...
Processed 1000/9975 queries...
Warmup round 2/2...
Processed 2000/9975 queries...
Processed 3000/9975 queries...
Processed 4000/9975 queries...
Processed 5000/9975 queries...
Processed 6000/9975 queries...
Processed 7000/9975 queries...
Processed 8000/9975 queries...
Processed 9000/9975 queries...
Processed 10000/9975 queries...
Processed 11000/9975 queries...
Running query argument group 5 of 5...
Run 1/1...
Warmup round 1/2...
Processed 1000/9975 queries...
Warmup round 2/2...
Processed 2000/9975 queries...
Processed 3000/9975 queries...
Processed 4000/9975 queries...
Processed 5000/9975 queries...
Processed 6000/9975 queries...
Processed 7000/9975 queries...
Processed 8000/9975 queries...
Processed 9000/9975 queries...
Processed 10000/9975 queries...
Processed 11000/9975 queries...
Processed 0/9975 inserts...
Processed 1000/9975 inserts...
Processed 2000/9975 inserts...
Processed 3000/9975 inserts...
Processed 4000/9975 inserts...
Processed 5000/9975 inserts...
Processed 6000/9975 inserts...
Processed 7000/9975 inserts...
Processed 8000/9975 inserts...
Processed 9000/9975 inserts...
Processed 0/9975 updates...
Processed 1000/9975 updates...
Processed 2000/9975 updates...
Processed 3000/9975 updates...
Processed 4000/9975 updates...
Processed 5000/9975 updates...
Processed 6000/9975 updates...
Processed 7000/9975 updates...
Processed 8000/9975 updates...
Processed 9000/9975 updates...
Processed 0/9975 deletes...
Processed 1000/9975 deletes...
Processed 2000/9975 deletes...
Processed 3000/9975 deletes...
Processed 4000/9975 deletes...
Processed 5000/9975 deletes...
Processed 6000/9975 deletes...
Processed 7000/9975 deletes...
Processed 8000/9975 deletes...
Processed 9000/9975 deletes...
Trying to instantiate bigvectorbench.algorithms.hnswlib.HNSWlibHNSW(['euclidean', 384, {'M': 32, 'efConstruction': 100}])
Dataset type: filter-ann
Distance metric: euclidean
Got a train set of size               (620643 * 384) with 1 labels
label names: ['unixtime']
label types: ['int32']
filter expression function: 
def filter_expr(unixtime):
    unixtime_head = unixtime - 3 * 24 * 60 * 60
    unixtime_tail = unixtime
    return f"unixtime >= {unixtime_head} and unixtime <= {unixtime_tail}"

Got 10000 queries
Inserted data in 5.0277204513549805
Memory usage:  -1252.0
Built index in  20.106375217437744
Index size:  332.0
Running query argument group 1 of 5...
Run 1/1...
Warmup round 1/2...
Processed 1000/9975 queries...
Warmup round 2/2...
Processed 2000/9975 queries...
Processed 3000/9975 queries...
Processed 4000/9975 queries...
Processed 5000/9975 queries...
Processed 6000/9975 queries...
Processed 7000/9975 queries...
Processed 8000/9975 queries...
Processed 9000/9975 queries...
Processed 10000/9975 queries...
Processed 11000/9975 queries...
Running query argument group 2 of 5...
Run 1/1...
Warmup round 1/2...
Processed 1000/9975 queries...
Warmup round 2/2...
Processed 2000/9975 queries...
Processed 3000/9975 queries...
Processed 4000/9975 queries...
Processed 5000/9975 queries...
Processed 6000/9975 queries...
Processed 7000/9975 queries...
Processed 8000/9975 queries...
Processed 9000/9975 queries...
Processed 10000/9975 queries...
Processed 11000/9975 queries...
Running query argument group 3 of 5...
Run 1/1...
Warmup round 1/2...
Processed 1000/9975 queries...
Warmup round 2/2...
Processed 2000/9975 queries...
Processed 3000/9975 queries...
Processed 4000/9975 queries...
Processed 5000/9975 queries...
Processed 6000/9975 queries...
Processed 7000/9975 queries...
Processed 8000/9975 queries...
Processed 9000/9975 queries...
Processed 10000/9975 queries...
Processed 11000/9975 queries...
Running query argument group 4 of 5...
Run 1/1...
Warmup round 1/2...
2026-08-18 04:51:10,719 - bvb - INFO - Terminating 1 workers
