START 2026-08-18T11:29:03+08:00 slot=2 cpuset=56-83
2026-08-18 11:29:05,875 - bvb - INFO - running only pgvector-hnsw
2026-08-18 11:29:05,876 - bvb - INFO - Order: [Definition(algorithm='pgvector-hnsw', constructor='PGVectorHNSW', module='bigvectorbench.algorithms.pgvector', docker_tag='bigvectorbench-pgvector', arguments=['euclidean', {'M': 64, 'efConstruction': 400}], query_argument_groups=[[100], [200], [400], [800], [1000]], disabled=False), Definition(algorithm='pgvector-hnsw', constructor='PGVectorHNSW', module='bigvectorbench.algorithms.pgvector', docker_tag='bigvectorbench-pgvector', arguments=['euclidean', {'M': 32, 'efConstruction': 400}], query_argument_groups=[[100], [200], [400], [800], [1000]], disabled=False), Definition(algorithm='pgvector-hnsw', constructor='PGVectorHNSW', module='bigvectorbench.algorithms.pgvector', docker_tag='bigvectorbench-pgvector', arguments=['euclidean', {'M': 32, 'efConstruction': 100}], query_argument_groups=[[100], [200], [400], [800], [1000]], disabled=False), Definition(algorithm='pgvector-hnsw', constructor='PGVectorHNSW', module='bigvectorbench.algorithms.pgvector', docker_tag='bigvectorbench-pgvector', arguments=['euclidean', {'M': 100, 'efConstruction': 100}], query_argument_groups=[[100], [200], [400], [800], [1000]], disabled=False), Definition(algorithm='pgvector-hnsw', constructor='PGVectorHNSW', module='bigvectorbench.algorithms.pgvector', docker_tag='bigvectorbench-pgvector', arguments=['euclidean', {'M': 64, 'efConstruction': 100}], query_argument_groups=[[100], [200], [400], [800], [1000]], disabled=False), Definition(algorithm='pgvector-hnsw', constructor='PGVectorHNSW', module='bigvectorbench.algorithms.pgvector', docker_tag='bigvectorbench-pgvector', arguments=['euclidean', {'M': 100, 'efConstruction': 400}], query_argument_groups=[[100], [200], [400], [800], [1000]], disabled=False)]
Process Process-1:
Traceback (most recent call last):
  File "<remote_artifact>", line 80, in _connect
    import psycopg
ModuleNotFoundError: No module named 'psycopg'

The above exception was the direct cause of the following exception:

Traceback (most recent call last):
  File "<remote_artifact>", line 314, in _bootstrap
    self.run()
  File "<remote_artifact>", line 108, in run
    self._target(*self._args, **self._kwargs)
  File "<remote_artifact>", line 152, in run_worker
    run(
  File "<remote_artifact>", line 793, in run
    insert_time, data_size = insert_data(
  File "<remote_artifact>", line 609, in insert_data
    algo.load_data(X_train, X_train_label, label_names, label_types)
  File "<remote_artifact>", line 117, in load_data
    self.conn = self._connect()
  File "<remote_artifact>", line 83, in _connect
    raise RuntimeError(
RuntimeError: pgvector adapter requires psycopg and pgvector packages
Trying to instantiate bigvectorbench.algorithms.pgvector.PGVectorHNSW(['euclidean', {'M': 64, 'efConstruction': 400}])
Dataset type: filter-ann
Distance metric: euclidean
Got a train set of size               (620643 * 384) with 1 labels
label names: ['unixtime']
label types: ['int32']
filter expression function: 
def filter_expr(unixtime):
    unixtime_head = unixtime - 3 * 24 * 60 * 60
    unixtime_tail = unixtime
    return f"unixtime >= {unixtime_head} and unixtime <= {unixtime_tail}"

Got 10000 queries
2026-08-18 11:29:06,697 - bvb - INFO - Terminating 1 workers
START 2026-08-23T19:45:15+08:00 slot=1 cpuset=28-55
2026-08-23 19:45:16,709 - bvb - INFO - running only pgvector-hnsw
2026-08-23 19:45:16,710 - bvb - INFO - Order: [Definition(algorithm='pgvector-hnsw', constructor='PGVectorHNSW', module='bigvectorbench.algorithms.pgvector', docker_tag='bigvectorbench-pgvector', arguments=['euclidean', {'M': 32, 'efConstruction': 100}], query_argument_groups=[[100], [200], [400], [800], [1000]], disabled=False), Definition(algorithm='pgvector-hnsw', constructor='PGVectorHNSW', module='bigvectorbench.algorithms.pgvector', docker_tag='bigvectorbench-pgvector', arguments=['euclidean', {'M': 64, 'efConstruction': 400}], query_argument_groups=[[100], [200], [400], [800], [1000]], disabled=False), Definition(algorithm='pgvector-hnsw', constructor='PGVectorHNSW', module='bigvectorbench.algorithms.pgvector', docker_tag='bigvectorbench-pgvector', arguments=['euclidean', {'M': 100, 'efConstruction': 100}], query_argument_groups=[[100], [200], [400], [800], [1000]], disabled=False), Definition(algorithm='pgvector-hnsw', constructor='PGVectorHNSW', module='bigvectorbench.algorithms.pgvector', docker_tag='bigvectorbench-pgvector', arguments=['euclidean', {'M': 100, 'efConstruction': 400}], query_argument_groups=[[100], [200], [400], [800], [1000]], disabled=False), Definition(algorithm='pgvector-hnsw', constructor='PGVectorHNSW', module='bigvectorbench.algorithms.pgvector', docker_tag='bigvectorbench-pgvector', arguments=['euclidean', {'M': 64, 'efConstruction': 100}], query_argument_groups=[[100], [200], [400], [800], [1000]], disabled=False), Definition(algorithm='pgvector-hnsw', constructor='PGVectorHNSW', module='bigvectorbench.algorithms.pgvector', docker_tag='bigvectorbench-pgvector', arguments=['euclidean', {'M': 32, 'efConstruction': 400}], query_argument_groups=[[100], [200], [400], [800], [1000]], disabled=False)]
Trying to instantiate bigvectorbench.algorithms.pgvector.PGVectorHNSW(['euclidean', {'M': 32, 'efConstruction': 100}])
Dataset type: filter-ann
Distance metric: euclidean
Got a train set of size               (620643 * 384) with 1 labels
label names: ['unixtime']
label types: ['int32']
filter expression function: 
def filter_expr(unixtime):
    unixtime_head = unixtime - 3 * 24 * 60 * 60
    unixtime_tail = unixtime
    return f"unixtime >= {unixtime_head} and unixtime <= {unixtime_tail}"

Got 10000 queries
Inserted data in 1971.2569234371185
Memory usage:  1043016.0
Built index in  0.0003101825714111328
Index size:  0.0
Running query argument group 1 of 5...
Run 1/1...
Warmup round 1/2...
Processed 1000/9975 queries...
Warmup round 2/2...
Processed 2000/9975 queries...
Processed 3000/9975 queries...
Processed 4000/9975 queries...
Processed 5000/9975 queries...
Processed 6000/9975 queries...
Processed 7000/9975 queries...
Processed 8000/9975 queries...
Processed 9000/9975 queries...
Processed 10000/9975 queries...
Processed 11000/9975 queries...
Running query argument group 2 of 5...
Run 1/1...
Warmup round 1/2...
Processed 1000/9975 queries...
Warmup round 2/2...
Processed 2000/9975 queries...
Processed 3000/9975 queries...
Processed 4000/9975 queries...
Processed 5000/9975 queries...
Processed 6000/9975 queries...
Processed 7000/9975 queries...
Processed 8000/9975 queries...
Processed 9000/9975 queries...
Processed 10000/9975 queries...
Processed 11000/9975 queries...
Running query argument group 3 of 5...
Run 1/1...
Warmup round 1/2...
Processed 1000/9975 queries...
Warmup round 2/2...
Processed 2000/9975 queries...
Processed 3000/9975 queries...
Processed 4000/9975 queries...
Processed 5000/9975 queries...
Processed 6000/9975 queries...
Processed 7000/9975 queries...
Processed 8000/9975 queries...
Processed 9000/9975 queries...
Processed 10000/9975 queries...
Processed 11000/9975 queries...
Running query argument group 4 of 5...
Run 1/1...
Warmup round 1/2...
Processed 1000/9975 queries...
Warmup round 2/2...
Processed 2000/9975 queries...
Processed 3000/9975 queries...
Processed 4000/9975 queries...
Processed 5000/9975 queries...
Processed 6000/9975 queries...
Processed 7000/9975 queries...
Processed 8000/9975 queries...
Processed 9000/9975 queries...
Processed 10000/9975 queries...
Processed 11000/9975 queries...
Running query argument group 5 of 5...
Run 1/1...
Warmup round 1/2...
Processed 1000/9975 queries...
Warmup round 2/2...
Processed 2000/9975 queries...
Processed 3000/9975 queries...
Processed 4000/9975 queries...
Processed 5000/9975 queries...
Processed 6000/9975 queries...
Processed 7000/9975 queries...
Processed 8000/9975 queries...
Processed 9000/9975 queries...
Processed 10000/9975 queries...
Processed 11000/9975 queries...
Processed 0/9975 inserts...
Processed 1000/9975 inserts...
Processed 2000/9975 inserts...
Processed 3000/9975 inserts...
Processed 4000/9975 inserts...
Processed 5000/9975 inserts...
Processed 6000/9975 inserts...
Processed 7000/9975 inserts...
Processed 8000/9975 inserts...
Processed 9000/9975 inserts...
Processed 0/9975 updates...
Processed 1000/9975 updates...
Processed 2000/9975 updates...
Processed 3000/9975 updates...
Processed 4000/9975 updates...
Processed 5000/9975 updates...
Processed 6000/9975 updates...
Processed 7000/9975 updates...
Processed 8000/9975 updates...
Processed 9000/9975 updates...
Processed 0/9975 deletes...
Processed 1000/9975 deletes...
Processed 2000/9975 deletes...
Processed 3000/9975 deletes...
Processed 4000/9975 deletes...
Processed 5000/9975 deletes...
Processed 6000/9975 deletes...
Processed 7000/9975 deletes...
Processed 8000/9975 deletes...
Processed 9000/9975 deletes...
Trying to instantiate bigvectorbench.algorithms.pgvector.PGVectorHNSW(['euclidean', {'M': 64, 'efConstruction': 400}])
Dataset type: filter-ann
Distance metric: euclidean
Got a train set of size               (620643 * 384) with 1 labels
label names: ['unixtime']
label types: ['int32']
filter expression function: 
def filter_expr(unixtime):
    unixtime_head = unixtime - 3 * 24 * 60 * 60
    unixtime_tail = unixtime
    return f"unixtime >= {unixtime_head} and unixtime <= {unixtime_tail}"

Got 10000 queries
Inserted data in 11597.882668733597
Memory usage:  1348544.0
Built index in  0.00035190582275390625
Index size:  0.0
Running query argument group 1 of 5...
Run 1/1...
Warmup round 1/2...
Processed 1000/9975 queries...
Warmup round 2/2...
Processed 2000/9975 queries...
Processed 3000/9975 queries...
Processed 4000/9975 queries...
Processed 5000/9975 queries...
Processed 6000/9975 queries...
Processed 7000/9975 queries...
Processed 8000/9975 queries...
Processed 9000/9975 queries...
Processed 10000/9975 queries...
Processed 11000/9975 queries...
Running query argument group 2 of 5...
Run 1/1...
Warmup round 1/2...
Processed 1000/9975 queries...
Warmup round 2/2...
Processed 2000/9975 queries...
Processed 3000/9975 queries...
Processed 4000/9975 queries...
Processed 5000/9975 queries...
Processed 6000/9975 queries...
Processed 7000/9975 queries...
Processed 8000/9975 queries...
Processed 9000/9975 queries...
Processed 10000/9975 queries...
Processed 11000/9975 queries...
Running query argument group 3 of 5...
Run 1/1...
Warmup round 1/2...
Processed 1000/9975 queries...
Warmup round 2/2...
Processed 2000/9975 queries...
Processed 3000/9975 queries...
Processed 4000/9975 queries...
Processed 5000/9975 queries...
Processed 6000/9975 queries...
Processed 7000/9975 queries...
Processed 8000/9975 queries...
Processed 9000/9975 queries...
Processed 10000/9975 queries...
Processed 11000/9975 queries...
Running query argument group 4 of 5...
Run 1/1...
Warmup round 1/2...
Processed 1000/9975 queries...
Warmup round 2/2...
Processed 2000/9975 queries...
Processed 3000/9975 queries...
Processed 4000/9975 queries...
Processed 5000/9975 queries...
Processed 6000/9975 queries...
Processed 7000/9975 queries...
Processed 8000/9975 queries...
Processed 9000/9975 queries...
Processed 10000/9975 queries...
Processed 11000/9975 queries...
Running query argument group 5 of 5...
Run 1/1...
Warmup round 1/2...
Processed 1000/9975 queries...
Warmup round 2/2...
Processed 2000/9975 queries...
Processed 3000/9975 queries...
Processed 4000/9975 queries...
Processed 5000/9975 queries...
Processed 6000/9975 queries...
Processed 7000/9975 queries...
Processed 8000/9975 queries...
Processed 9000/9975 queries...
Processed 10000/9975 queries...
Processed 11000/9975 queries...
Processed 0/9975 inserts...
Processed 1000/9975 inserts...
Processed 2000/9975 inserts...
Processed 3000/9975 inserts...
Processed 4000/9975 inserts...
Processed 5000/9975 inserts...
Processed 6000/9975 inserts...
Processed 7000/9975 inserts...
Processed 8000/9975 inserts...
Processed 9000/9975 inserts...
Processed 0/9975 updates...
Processed 1000/9975 updates...
Processed 2000/9975 updates...
Processed 3000/9975 updates...
Processed 4000/9975 updates...
Processed 5000/9975 updates...
Processed 6000/9975 updates...
Processed 7000/9975 updates...
Processed 8000/9975 updates...
Processed 9000/9975 updates...
Processed 0/9975 deletes...
Processed 1000/9975 deletes...
Processed 2000/9975 deletes...
Processed 3000/9975 deletes...
Processed 4000/9975 deletes...
Processed 5000/9975 deletes...
Processed 6000/9975 deletes...
Processed 7000/9975 deletes...
Processed 8000/9975 deletes...
Processed 9000/9975 deletes...
Trying to instantiate bigvectorbench.algorithms.pgvector.PGVectorHNSW(['euclidean', {'M': 100, 'efConstruction': 100}])
Dataset type: filter-ann
Distance metric: euclidean
Got a train set of size               (620643 * 384) with 1 labels
label names: ['unixtime']
label types: ['int32']
filter expression function: 
def filter_expr(unixtime):
    unixtime_head = unixtime - 3 * 24 * 60 * 60
    unixtime_tail = unixtime
    return f"unixtime >= {unixtime_head} and unixtime <= {unixtime_tail}"

Got 10000 queries
Inserted data in 14936.398061037064
Memory usage:  2453184.0
Built index in  0.0006673336029052734
Index size:  0.0
Running query argument group 1 of 5...
Run 1/1...
Warmup round 1/2...
Processed 1000/9975 queries...
Warmup round 2/2...
2026-08-24 17:44:58,260 - bvb - INFO - Terminating 1 workers
incomplete result grid for pgvector-hnsw cc_news-shuffled: got 20 expected 30
