START 2026-08-14T16:08:27+08:00 slot=1 cpuset=28-55
2026-08-14 16:08:29,413 - bvb - INFO - running only redis-hnsw
2026-08-14 16:08:29,547 - bvb - INFO - Order: [Definition(algorithm='redis-hnsw', constructor='RedisHNSW', module='bigvectorbench.algorithms.redis', docker_tag='bigvectorbench-redis', arguments=['euclidean', 384, {'m': 128, 'ef_construction': 400, 'ef_runtime': 200}], query_argument_groups=[], disabled=False), Definition(algorithm='redis-hnsw', constructor='RedisHNSW', module='bigvectorbench.algorithms.redis', docker_tag='bigvectorbench-redis', arguments=['euclidean', 384, {'m': 64, 'ef_construction': 400, 'ef_runtime': 200}], query_argument_groups=[], disabled=False), Definition(algorithm='redis-hnsw', constructor='RedisHNSW', module='bigvectorbench.algorithms.redis', docker_tag='bigvectorbench-redis', arguments=['euclidean', 384, {'m': 128, 'ef_construction': 400, 'ef_runtime': 1600}], query_argument_groups=[], disabled=False), Definition(algorithm='redis-hnsw', constructor='RedisHNSW', module='bigvectorbench.algorithms.redis', docker_tag='bigvectorbench-redis', arguments=['euclidean', 384, {'m': 64, 'ef_construction': 400, 'ef_runtime': 100}], query_argument_groups=[], disabled=False), Definition(algorithm='redis-hnsw', constructor='RedisHNSW', module='bigvectorbench.algorithms.redis', docker_tag='bigvectorbench-redis', arguments=['euclidean', 384, {'m': 32, 'ef_construction': 400, 'ef_runtime': 200}], query_argument_groups=[], disabled=False), Definition(algorithm='redis-hnsw', constructor='RedisHNSW', module='bigvectorbench.algorithms.redis', docker_tag='bigvectorbench-redis', arguments=['euclidean', 384, {'m': 128, 'ef_construction': 400, 'ef_runtime': 800}], query_argument_groups=[], disabled=False), Definition(algorithm='redis-hnsw', constructor='RedisHNSW', module='bigvectorbench.algorithms.redis', docker_tag='bigvectorbench-redis', arguments=['euclidean', 384, {'m': 64, 'ef_construction': 400, 'ef_runtime': 1600}], query_argument_groups=[], disabled=False), Definition(algorithm='redis-hnsw', constructor='RedisHNSW', module='bigvectorbench.algorithms.redis', docker_tag='bigvectorbench-redis', arguments=['euclidean', 384, {'m': 32, 'ef_construction': 100, 'ef_runtime': 400}], query_argument_groups=[], disabled=False), Definition(algorithm='redis-hnsw', constructor='RedisHNSW', module='bigvectorbench.algorithms.redis', docker_tag='bigvectorbench-redis', arguments=['euclidean', 384, {'m': 64, 'ef_construction': 100, 'ef_runtime': 1600}], query_argument_groups=[], disabled=False), Definition(algorithm='redis-hnsw', constructor='RedisHNSW', module='bigvectorbench.algorithms.redis', docker_tag='bigvectorbench-redis', arguments=['euclidean', 384, {'m': 32, 'ef_construction': 100, 'ef_runtime': 1600}], query_argument_groups=[], disabled=False), Definition(algorithm='redis-hnsw', constructor='RedisHNSW', module='bigvectorbench.algorithms.redis', docker_tag='bigvectorbench-redis', arguments=['euclidean', 384, {'m': 64, 'ef_construction': 400, 'ef_runtime': 800}], query_argument_groups=[], disabled=False), Definition(algorithm='redis-hnsw', constructor='RedisHNSW', module='bigvectorbench.algorithms.redis', docker_tag='bigvectorbench-redis', arguments=['euclidean', 384, {'m': 64, 'ef_construction': 400, 'ef_runtime': 400}], query_argument_groups=[], disabled=False), Definition(algorithm='redis-hnsw', constructor='RedisHNSW', module='bigvectorbench.algorithms.redis', docker_tag='bigvectorbench-redis', arguments=['euclidean', 384, {'m': 32, 'ef_construction': 400, 'ef_runtime': 400}], query_argument_groups=[], disabled=False), Definition(algorithm='redis-hnsw', constructor='RedisHNSW', module='bigvectorbench.algorithms.redis', docker_tag='bigvectorbench-redis', arguments=['euclidean', 384, {'m': 32, 'ef_construction': 400, 'ef_runtime': 800}], query_argument_groups=[], disabled=False), Definition(algorithm='redis-hnsw', constructor='RedisHNSW', module='bigvectorbench.algorithms.redis', docker_tag='bigvectorbench-redis', arguments=['euclidean', 384, {'m': 32, 'ef_construction': 400, 'ef_runtime': 100}], query_argument_groups=[], disabled=False), Definition(algorithm='redis-hnsw', constructor='RedisHNSW', module='bigvectorbench.algorithms.redis', docker_tag='bigvectorbench-redis', arguments=['euclidean', 384, {'m': 32, 'ef_construction': 400, 'ef_runtime': 1600}], query_argument_groups=[], disabled=False), Definition(algorithm='redis-hnsw', constructor='RedisHNSW', module='bigvectorbench.algorithms.redis', docker_tag='bigvectorbench-redis', arguments=['euclidean', 384, {'m': 32, 'ef_construction': 100, 'ef_runtime': 800}], query_argument_groups=[], disabled=False), Definition(algorithm='redis-hnsw', constructor='RedisHNSW', module='bigvectorbench.algorithms.redis', docker_tag='bigvectorbench-redis', arguments=['euclidean', 384, {'m': 128, 'ef_construction': 400, 'ef_runtime': 400}], query_argument_groups=[], disabled=False), Definition(algorithm='redis-hnsw', constructor='RedisHNSW', module='bigvectorbench.algorithms.redis', docker_tag='bigvectorbench-redis', arguments=['euclidean', 384, {'m': 32, 'ef_construction': 100, 'ef_runtime': 100}], query_argument_groups=[], disabled=False), Definition(algorithm='redis-hnsw', constructor='RedisHNSW', module='bigvectorbench.algorithms.redis', docker_tag='bigvectorbench-redis', arguments=['euclidean', 384, {'m': 64, 'ef_construction': 100, 'ef_runtime': 100}], query_argument_groups=[], disabled=False), Definition(algorithm='redis-hnsw', constructor='RedisHNSW', module='bigvectorbench.algorithms.redis', docker_tag='bigvectorbench-redis', arguments=['euclidean', 384, {'m': 64, 'ef_construction': 100, 'ef_runtime': 200}], query_argument_groups=[], disabled=False), Definition(algorithm='redis-hnsw', constructor='RedisHNSW', module='bigvectorbench.algorithms.redis', docker_tag='bigvectorbench-redis', arguments=['euclidean', 384, {'m': 128, 'ef_construction': 400, 'ef_runtime': 100}], query_argument_groups=[], disabled=False), Definition(algorithm='redis-hnsw', constructor='RedisHNSW', module='bigvectorbench.algorithms.redis', docker_tag='bigvectorbench-redis', arguments=['euclidean', 384, {'m': 64, 'ef_construction': 100, 'ef_runtime': 800}], query_argument_groups=[], disabled=False), Definition(algorithm='redis-hnsw', constructor='RedisHNSW', module='bigvectorbench.algorithms.redis', docker_tag='bigvectorbench-redis', arguments=['euclidean', 384, {'m': 32, 'ef_construction': 100, 'ef_runtime': 200}], query_argument_groups=[], disabled=False), Definition(algorithm='redis-hnsw', constructor='RedisHNSW', module='bigvectorbench.algorithms.redis', docker_tag='bigvectorbench-redis', arguments=['euclidean', 384, {'m': 64, 'ef_construction': 100, 'ef_runtime': 400}], query_argument_groups=[], disabled=False)]
 Container redis  Stopping
 Container redis  Stopped
 Container redis  Removing
 Container redis  Removed
 Network redis_default  Removing
 Network redis_default  Removed
 Network redis_default  Creating
 Network redis_default  Created
 Container redis  Creating
 Container redis  Created
 Container redis  Starting
 Container redis  Started
Process Process-1:
Traceback (most recent call last):
  File "<remote_artifact>", line 275, in _raise_for_status
    response.raise_for_status()
  File "<remote_artifact>", line 1024, in raise_for_status
    raise HTTPError(http_error_msg, response=self)
requests.exceptions.HTTPError: 404 Client Error: Not Found for url: http+docker://localhost/v1.49/containers/03800b5d2a55dbf942adcd54016104a123db0c5ff11c9932fe6042d99aa3641d/stats?stream=False

The above exception was the direct cause of the following exception:

Traceback (most recent call last):
  File "<remote_artifact>", line 314, in _bootstrap
    self.run()
  File "<remote_artifact>", line 108, in run
    self._target(*self._args, **self._kwargs)
  File "<remote_artifact>", line 152, in run_worker
    run(
  File "<remote_artifact>", line 793, in run
    insert_time, data_size = insert_data(
  File "<remote_artifact>", line 611, in insert_data
    memory_usage_after = algo.get_memory_usage()
  File "<remote_artifact>", line 73, in get_memory_usage
    memory_stats = container.stats(stream=False)["memory_stats"]
  File "<remote_artifact>", line 438, in stats
    return self.client.api.stats(self.id, **kwargs)
  File "<remote_artifact>", line 19, in wrapped
    return f(self, resource_id, *args, **kwargs)
  File "<remote_artifact>", line 1184, in stats
    return self._result(self._get(url, params=params), json=True)
  File "<remote_artifact>", line 281, in _result
    self._raise_for_status(response)
  File "<remote_artifact>", line 277, in _raise_for_status
    raise create_api_error_from_http_exception(e) from e
  File "<remote_artifact>", line 39, in create_api_error_from_http_exception
    raise cls(e, response=response, explanation=explanation) from e
docker.errors.NotFound: 404 Client Error for http+docker://localhost/v1.49/containers/03800b5d2a55dbf942adcd54016104a123db0c5ff11c9932fe6042d99aa3641d/stats?stream=False: Not Found ("No such container: 03800b5d2a55dbf942adcd54016104a123db0c5ff11c9932fe6042d99aa3641d")
Trying to instantiate bigvectorbench.algorithms.redis.RedisHNSW(['euclidean', 384, {'m': 128, 'ef_construction': 400, 'ef_runtime': 200}])
[Redis] docker compose up successfully!!!
[Redis] client connected successfully!!!
Dataset type: filter-ann
Distance metric: euclidean
Got a train set of size               (620643 * 384) with 1 labels
label names: ['unixtime']
label types: ['int32']
filter expression function: 
def filter_expr(unixtime):
    unixtime_head = unixtime - 3 * 24 * 60 * 60
    unixtime_tail = unixtime
    return f"unixtime >= {unixtime_head} and unixtime <= {unixtime_tail}"

Got 10000 queries
[Redis] load data with 1 labels!!!
[Redis] create schema successfully!!!
[Redis] Start uploading 620643 vectors...
[Redis] Uploaded 620643 vectors successfully!!!
2026-08-14 16:38:06,139 - bvb - INFO - Terminating 1 workers
START 2026-08-16T09:41:05+08:00 slot=2 cpuset=56-83
2026-08-16 09:41:07,267 - bvb - INFO - running only redis-hnsw
2026-08-16 09:41:07,397 - bvb - INFO - Order: [Definition(algorithm='redis-hnsw', constructor='RedisHNSW', module='bigvectorbench.algorithms.redis', docker_tag='bigvectorbench-redis', arguments=['euclidean', 384, {'m': 64, 'ef_construction': 400, 'ef_runtime': 100}], query_argument_groups=[], disabled=False), Definition(algorithm='redis-hnsw', constructor='RedisHNSW', module='bigvectorbench.algorithms.redis', docker_tag='bigvectorbench-redis', arguments=['euclidean', 384, {'m': 32, 'ef_construction': 100, 'ef_runtime': 400}], query_argument_groups=[], disabled=False), Definition(algorithm='redis-hnsw', constructor='RedisHNSW', module='bigvectorbench.algorithms.redis', docker_tag='bigvectorbench-redis', arguments=['euclidean', 384, {'m': 128, 'ef_construction': 400, 'ef_runtime': 400}], query_argument_groups=[], disabled=False), Definition(algorithm='redis-hnsw', constructor='RedisHNSW', module='bigvectorbench.algorithms.redis', docker_tag='bigvectorbench-redis', arguments=['euclidean', 384, {'m': 32, 'ef_construction': 100, 'ef_runtime': 200}], query_argument_groups=[], disabled=False), Definition(algorithm='redis-hnsw', constructor='RedisHNSW', module='bigvectorbench.algorithms.redis', docker_tag='bigvectorbench-redis', arguments=['euclidean', 384, {'m': 128, 'ef_construction': 400, 'ef_runtime': 100}], query_argument_groups=[], disabled=False), Definition(algorithm='redis-hnsw', constructor='RedisHNSW', module='bigvectorbench.algorithms.redis', docker_tag='bigvectorbench-redis', arguments=['euclidean', 384, {'m': 64, 'ef_construction': 100, 'ef_runtime': 100}], query_argument_groups=[], disabled=False), Definition(algorithm='redis-hnsw', constructor='RedisHNSW', module='bigvectorbench.algorithms.redis', docker_tag='bigvectorbench-redis', arguments=['euclidean', 384, {'m': 128, 'ef_construction': 400, 'ef_runtime': 1600}], query_argument_groups=[], disabled=False), Definition(algorithm='redis-hnsw', constructor='RedisHNSW', module='bigvectorbench.algorithms.redis', docker_tag='bigvectorbench-redis', arguments=['euclidean', 384, {'m': 32, 'ef_construction': 100, 'ef_runtime': 100}], query_argument_groups=[], disabled=False), Definition(algorithm='redis-hnsw', constructor='RedisHNSW', module='bigvectorbench.algorithms.redis', docker_tag='bigvectorbench-redis', arguments=['euclidean', 384, {'m': 32, 'ef_construction': 400, 'ef_runtime': 800}], query_argument_groups=[], disabled=False), Definition(algorithm='redis-hnsw', constructor='RedisHNSW', module='bigvectorbench.algorithms.redis', docker_tag='bigvectorbench-redis', arguments=['euclidean', 384, {'m': 64, 'ef_construction': 400, 'ef_runtime': 1600}], query_argument_groups=[], disabled=False), Definition(algorithm='redis-hnsw', constructor='RedisHNSW', module='bigvectorbench.algorithms.redis', docker_tag='bigvectorbench-redis', arguments=['euclidean', 384, {'m': 64, 'ef_construction': 100, 'ef_runtime': 200}], query_argument_groups=[], disabled=False), Definition(algorithm='redis-hnsw', constructor='RedisHNSW', module='bigvectorbench.algorithms.redis', docker_tag='bigvectorbench-redis', arguments=['euclidean', 384, {'m': 32, 'ef_construction': 400, 'ef_runtime': 100}], query_argument_groups=[], disabled=False), Definition(algorithm='redis-hnsw', constructor='RedisHNSW', module='bigvectorbench.algorithms.redis', docker_tag='bigvectorbench-redis', arguments=['euclidean', 384, {'m': 64, 'ef_construction': 100, 'ef_runtime': 1600}], query_argument_groups=[], disabled=False), Definition(algorithm='redis-hnsw', constructor='RedisHNSW', module='bigvectorbench.algorithms.redis', docker_tag='bigvectorbench-redis', arguments=['euclidean', 384, {'m': 32, 'ef_construction': 400, 'ef_runtime': 400}], query_argument_groups=[], disabled=False), Definition(algorithm='redis-hnsw', constructor='RedisHNSW', module='bigvectorbench.algorithms.redis', docker_tag='bigvectorbench-redis', arguments=['euclidean', 384, {'m': 128, 'ef_construction': 400, 'ef_runtime': 200}], query_argument_groups=[], disabled=False), Definition(algorithm='redis-hnsw', constructor='RedisHNSW', module='bigvectorbench.algorithms.redis', docker_tag='bigvectorbench-redis', arguments=['euclidean', 384, {'m': 32, 'ef_construction': 100, 'ef_runtime': 1600}], query_argument_groups=[], disabled=False), Definition(algorithm='redis-hnsw', constructor='RedisHNSW', module='bigvectorbench.algorithms.redis', docker_tag='bigvectorbench-redis', arguments=['euclidean', 384, {'m': 64, 'ef_construction': 100, 'ef_runtime': 800}], query_argument_groups=[], disabled=False), Definition(algorithm='redis-hnsw', constructor='RedisHNSW', module='bigvectorbench.algorithms.redis', docker_tag='bigvectorbench-redis', arguments=['euclidean', 384, {'m': 64, 'ef_construction': 400, 'ef_runtime': 200}], query_argument_groups=[], disabled=False), Definition(algorithm='redis-hnsw', constructor='RedisHNSW', module='bigvectorbench.algorithms.redis', docker_tag='bigvectorbench-redis', arguments=['euclidean', 384, {'m': 128, 'ef_construction': 400, 'ef_runtime': 800}], query_argument_groups=[], disabled=False), Definition(algorithm='redis-hnsw', constructor='RedisHNSW', module='bigvectorbench.algorithms.redis', docker_tag='bigvectorbench-redis', arguments=['euclidean', 384, {'m': 32, 'ef_construction': 100, 'ef_runtime': 800}], query_argument_groups=[], disabled=False), Definition(algorithm='redis-hnsw', constructor='RedisHNSW', module='bigvectorbench.algorithms.redis', docker_tag='bigvectorbench-redis', arguments=['euclidean', 384, {'m': 64, 'ef_construction': 400, 'ef_runtime': 400}], query_argument_groups=[], disabled=False), Definition(algorithm='redis-hnsw', constructor='RedisHNSW', module='bigvectorbench.algorithms.redis', docker_tag='bigvectorbench-redis', arguments=['euclidean', 384, {'m': 32, 'ef_construction': 400, 'ef_runtime': 200}], query_argument_groups=[], disabled=False), Definition(algorithm='redis-hnsw', constructor='RedisHNSW', module='bigvectorbench.algorithms.redis', docker_tag='bigvectorbench-redis', arguments=['euclidean', 384, {'m': 64, 'ef_construction': 100, 'ef_runtime': 400}], query_argument_groups=[], disabled=False), Definition(algorithm='redis-hnsw', constructor='RedisHNSW', module='bigvectorbench.algorithms.redis', docker_tag='bigvectorbench-redis', arguments=['euclidean', 384, {'m': 64, 'ef_construction': 400, 'ef_runtime': 800}], query_argument_groups=[], disabled=False), Definition(algorithm='redis-hnsw', constructor='RedisHNSW', module='bigvectorbench.algorithms.redis', docker_tag='bigvectorbench-redis', arguments=['euclidean', 384, {'m': 32, 'ef_construction': 400, 'ef_runtime': 1600}], query_argument_groups=[], disabled=False)]
 Container redis  Stopping
 Container redis  Stopped
 Container redis  Removing
 Container redis  Removed
 Network redis_default  Removing
 Network redis_default  Removed
 Network redis_default  Creating
 Network redis_default  Created
 Container redis  Creating
 Container redis  Created
 Container redis  Starting
 Container redis  Started
Process Process-1:
Traceback (most recent call last):
  File "<remote_artifact>", line 275, in _raise_for_status
    response.raise_for_status()
  File "<remote_artifact>", line 1024, in raise_for_status
    raise HTTPError(http_error_msg, response=self)
requests.exceptions.HTTPError: 404 Client Error: Not Found for url: http+docker://localhost/v1.49/containers/6be0dda8f6e60fb797bc18f25e3df388b8ec0a82e1c6130ed709b8cab4a3f8ad/stats?stream=False

The above exception was the direct cause of the following exception:

Traceback (most recent call last):
  File "<remote_artifact>", line 314, in _bootstrap
    self.run()
  File "<remote_artifact>", line 108, in run
    self._target(*self._args, **self._kwargs)
  File "<remote_artifact>", line 152, in run_worker
    run(
  File "<remote_artifact>", line 793, in run
    insert_time, data_size = insert_data(
  File "<remote_artifact>", line 611, in insert_data
    memory_usage_after = algo.get_memory_usage()
  File "<remote_artifact>", line 73, in get_memory_usage
    memory_stats = container.stats(stream=False)["memory_stats"]
  File "<remote_artifact>", line 438, in stats
    return self.client.api.stats(self.id, **kwargs)
  File "<remote_artifact>", line 19, in wrapped
    return f(self, resource_id, *args, **kwargs)
  File "<remote_artifact>", line 1184, in stats
    return self._result(self._get(url, params=params), json=True)
  File "<remote_artifact>", line 281, in _result
    self._raise_for_status(response)
  File "<remote_artifact>", line 277, in _raise_for_status
    raise create_api_error_from_http_exception(e) from e
  File "<remote_artifact>", line 39, in create_api_error_from_http_exception
    raise cls(e, response=response, explanation=explanation) from e
docker.errors.NotFound: 404 Client Error for http+docker://localhost/v1.49/containers/6be0dda8f6e60fb797bc18f25e3df388b8ec0a82e1c6130ed709b8cab4a3f8ad/stats?stream=False: Not Found ("No such container: 6be0dda8f6e60fb797bc18f25e3df388b8ec0a82e1c6130ed709b8cab4a3f8ad")
Trying to instantiate bigvectorbench.algorithms.redis.RedisHNSW(['euclidean', 384, {'m': 64, 'ef_construction': 400, 'ef_runtime': 100}])
[Redis] docker compose up successfully!!!
[Redis] client connected successfully!!!
Dataset type: filter-ann
Distance metric: euclidean
Got a train set of size               (620643 * 384) with 1 labels
label names: ['unixtime']
label types: ['int32']
filter expression function: 
def filter_expr(unixtime):
    unixtime_head = unixtime - 3 * 24 * 60 * 60
    unixtime_tail = unixtime
    return f"unixtime >= {unixtime_head} and unixtime <= {unixtime_tail}"

Got 10000 queries
[Redis] load data with 1 labels!!!
[Redis] create schema successfully!!!
[Redis] Start uploading 620643 vectors...
[Redis] Uploaded 620643 vectors successfully!!!
2026-08-16 10:00:30,584 - bvb - INFO - Terminating 1 workers
START 2026-08-17T11:00:26+08:00 slot=2 cpuset=56-83
2026-08-17 11:00:28,450 - bvb - INFO - running only redis-hnsw
2026-08-17 11:00:28,588 - bvb - INFO - Order: [Definition(algorithm='redis-hnsw', constructor='RedisHNSW', module='bigvectorbench.algorithms.redis', docker_tag='bigvectorbench-redis', arguments=['euclidean', 384, {'m': 64, 'ef_construction': 400, 'ef_runtime': 200}], query_argument_groups=[], disabled=False), Definition(algorithm='redis-hnsw', constructor='RedisHNSW', module='bigvectorbench.algorithms.redis', docker_tag='bigvectorbench-redis', arguments=['euclidean', 384, {'m': 128, 'ef_construction': 400, 'ef_runtime': 1600}], query_argument_groups=[], disabled=False), Definition(algorithm='redis-hnsw', constructor='RedisHNSW', module='bigvectorbench.algorithms.redis', docker_tag='bigvectorbench-redis', arguments=['euclidean', 384, {'m': 64, 'ef_construction': 100, 'ef_runtime': 200}], query_argument_groups=[], disabled=False), Definition(algorithm='redis-hnsw', constructor='RedisHNSW', module='bigvectorbench.algorithms.redis', docker_tag='bigvectorbench-redis', arguments=['euclidean', 384, {'m': 32, 'ef_construction': 100, 'ef_runtime': 400}], query_argument_groups=[], disabled=False), Definition(algorithm='redis-hnsw', constructor='RedisHNSW', module='bigvectorbench.algorithms.redis', docker_tag='bigvectorbench-redis', arguments=['euclidean', 384, {'m': 32, 'ef_construction': 100, 'ef_runtime': 200}], query_argument_groups=[], disabled=False), Definition(algorithm='redis-hnsw', constructor='RedisHNSW', module='bigvectorbench.algorithms.redis', docker_tag='bigvectorbench-redis', arguments=['euclidean', 384, {'m': 32, 'ef_construction': 100, 'ef_runtime': 800}], query_argument_groups=[], disabled=False), Definition(algorithm='redis-hnsw', constructor='RedisHNSW', module='bigvectorbench.algorithms.redis', docker_tag='bigvectorbench-redis', arguments=['euclidean', 384, {'m': 128, 'ef_construction': 400, 'ef_runtime': 800}], query_argument_groups=[], disabled=False), Definition(algorithm='redis-hnsw', constructor='RedisHNSW', module='bigvectorbench.algorithms.redis', docker_tag='bigvectorbench-redis', arguments=['euclidean', 384, {'m': 64, 'ef_construction': 100, 'ef_runtime': 1600}], query_argument_groups=[], disabled=False), Definition(algorithm='redis-hnsw', constructor='RedisHNSW', module='bigvectorbench.algorithms.redis', docker_tag='bigvectorbench-redis', arguments=['euclidean', 384, {'m': 64, 'ef_construction': 400, 'ef_runtime': 800}], query_argument_groups=[], disabled=False), Definition(algorithm='redis-hnsw', constructor='RedisHNSW', module='bigvectorbench.algorithms.redis', docker_tag='bigvectorbench-redis', arguments=['euclidean', 384, {'m': 128, 'ef_construction': 400, 'ef_runtime': 400}], query_argument_groups=[], disabled=False), Definition(algorithm='redis-hnsw', constructor='RedisHNSW', module='bigvectorbench.algorithms.redis', docker_tag='bigvectorbench-redis', arguments=['euclidean', 384, {'m': 32, 'ef_construction': 100, 'ef_runtime': 100}], query_argument_groups=[], disabled=False), Definition(algorithm='redis-hnsw', constructor='RedisHNSW', module='bigvectorbench.algorithms.redis', docker_tag='bigvectorbench-redis', arguments=['euclidean', 384, {'m': 64, 'ef_construction': 400, 'ef_runtime': 400}], query_argument_groups=[], disabled=False), Definition(algorithm='redis-hnsw', constructor='RedisHNSW', module='bigvectorbench.algorithms.redis', docker_tag='bigvectorbench-redis', arguments=['euclidean', 384, {'m': 64, 'ef_construction': 100, 'ef_runtime': 400}], query_argument_groups=[], disabled=False), Definition(algorithm='redis-hnsw', constructor='RedisHNSW', module='bigvectorbench.algorithms.redis', docker_tag='bigvectorbench-redis', arguments=['euclidean', 384, {'m': 32, 'ef_construction': 400, 'ef_runtime': 100}], query_argument_groups=[], disabled=False), Definition(algorithm='redis-hnsw', constructor='RedisHNSW', module='bigvectorbench.algorithms.redis', docker_tag='bigvectorbench-redis', arguments=['euclidean', 384, {'m': 64, 'ef_construction': 100, 'ef_runtime': 100}], query_argument_groups=[], disabled=False), Definition(algorithm='redis-hnsw', constructor='RedisHNSW', module='bigvectorbench.algorithms.redis', docker_tag='bigvectorbench-redis', arguments=['euclidean', 384, {'m': 128, 'ef_construction': 400, 'ef_runtime': 200}], query_argument_groups=[], disabled=False), Definition(algorithm='redis-hnsw', constructor='RedisHNSW', module='bigvectorbench.algorithms.redis', docker_tag='bigvectorbench-redis', arguments=['euclidean', 384, {'m': 64, 'ef_construction': 100, 'ef_runtime': 800}], query_argument_groups=[], disabled=False), Definition(algorithm='redis-hnsw', constructor='RedisHNSW', module='bigvectorbench.algorithms.redis', docker_tag='bigvectorbench-redis', arguments=['euclidean', 384, {'m': 128, 'ef_construction': 400, 'ef_runtime': 100}], query_argument_groups=[], disabled=False), Definition(algorithm='redis-hnsw', constructor='RedisHNSW', module='bigvectorbench.algorithms.redis', docker_tag='bigvectorbench-redis', arguments=['euclidean', 384, {'m': 32, 'ef_construction': 400, 'ef_runtime': 800}], query_argument_groups=[], disabled=False), Definition(algorithm='redis-hnsw', constructor='RedisHNSW', module='bigvectorbench.algorithms.redis', docker_tag='bigvectorbench-redis', arguments=['euclidean', 384, {'m': 64, 'ef_construction': 400, 'ef_runtime': 100}], query_argument_groups=[], disabled=False), Definition(algorithm='redis-hnsw', constructor='RedisHNSW', module='bigvectorbench.algorithms.redis', docker_tag='bigvectorbench-redis', arguments=['euclidean', 384, {'m': 32, 'ef_construction': 400, 'ef_runtime': 400}], query_argument_groups=[], disabled=False), Definition(algorithm='redis-hnsw', constructor='RedisHNSW', module='bigvectorbench.algorithms.redis', docker_tag='bigvectorbench-redis', arguments=['euclidean', 384, {'m': 32, 'ef_construction': 400, 'ef_runtime': 200}], query_argument_groups=[], disabled=False), Definition(algorithm='redis-hnsw', constructor='RedisHNSW', module='bigvectorbench.algorithms.redis', docker_tag='bigvectorbench-redis', arguments=['euclidean', 384, {'m': 32, 'ef_construction': 100, 'ef_runtime': 1600}], query_argument_groups=[], disabled=False), Definition(algorithm='redis-hnsw', constructor='RedisHNSW', module='bigvectorbench.algorithms.redis', docker_tag='bigvectorbench-redis', arguments=['euclidean', 384, {'m': 64, 'ef_construction': 400, 'ef_runtime': 1600}], query_argument_groups=[], disabled=False), Definition(algorithm='redis-hnsw', constructor='RedisHNSW', module='bigvectorbench.algorithms.redis', docker_tag='bigvectorbench-redis', arguments=['euclidean', 384, {'m': 32, 'ef_construction': 400, 'ef_runtime': 1600}], query_argument_groups=[], disabled=False)]
 Container redis  Stopping
 Container redis  Stopped
 Container redis  Removing
 Container redis  Removed
 Network redis_default  Removing
 Network redis_default  Removed
 Network redis_default  Creating
 Network redis_default  Created
 Container redis  Creating
 Container redis  Created
 Container redis  Starting
 Container redis  Started
 Container redis  Stopping
 Container redis  Stopped
 Container redis  Removing
 Container redis  Removed
 Network redis_default  Removing
 Network redis_default  Removed
 Network redis_default  Creating
 Network redis_default  Created
 Container redis  Creating
 Container redis  Created
 Container redis  Starting
 Container redis  Started
 Container redis  Stopping
 Container redis  Stopped
 Container redis  Removing
 Container redis  Removed
 Network redis_default  Removing
 Network redis_default  Removed
 Network redis_default  Creating
 Network redis_default  Created
 Container redis  Creating
 Container redis  Created
 Container redis  Starting
 Container redis  Started
 Container redis  Stopping
 Container redis  Stopped
 Container redis  Removing
 Container redis  Removed
 Network redis_default  Removing
 Network redis_default  Removed
 Network redis_default  Creating
 Network redis_default  Created
 Container redis  Creating
 Container redis  Created
 Container redis  Starting
 Container redis  Started
Trying to instantiate bigvectorbench.algorithms.redis.RedisHNSW(['euclidean', 384, {'m': 64, 'ef_construction': 400, 'ef_runtime': 200}])
[Redis] docker compose up successfully!!!
[Redis] client connected successfully!!!
Dataset type: filter-ann
Distance metric: euclidean
Got a train set of size               (620643 * 384) with 1 labels
label names: ['unixtime']
label types: ['int32']
filter expression function: 
def filter_expr(unixtime):
    unixtime_head = unixtime - 3 * 24 * 60 * 60
    unixtime_tail = unixtime
    return f"unixtime >= {unixtime_head} and unixtime <= {unixtime_tail}"

Got 10000 queries
[Redis] load data with 1 labels!!!
[Redis] create schema successfully!!!
[Redis] Start uploading 620643 vectors...
[Redis] Uploaded 620643 vectors successfully!!!
Inserted data in 1167.7429819107056
Memory usage:  2878148.0
Built index in  8.033483505249023
Index size:  -1496.0
Running query argument group 1 of 1...
Run 1/1...
Warmup round 1/2...
Processed 1000/9975 queries...
Warmup round 2/2...
Processed 2000/9975 queries...
Processed 3000/9975 queries...
Processed 4000/9975 queries...
Processed 5000/9975 queries...
Processed 6000/9975 queries...
Processed 7000/9975 queries...
Processed 8000/9975 queries...
Processed 9000/9975 queries...
Processed 10000/9975 queries...
Processed 11000/9975 queries...
Processed 0/9975 inserts...
Processed 1000/9975 inserts...
Processed 2000/9975 inserts...
Processed 3000/9975 inserts...
Processed 4000/9975 inserts...
Processed 5000/9975 inserts...
Processed 6000/9975 inserts...
Processed 7000/9975 inserts...
Processed 8000/9975 inserts...
Processed 9000/9975 inserts...
Processed 0/9975 updates...
Processed 1000/9975 updates...
Processed 2000/9975 updates...
Processed 3000/9975 updates...
Processed 4000/9975 updates...
Processed 5000/9975 updates...
Processed 6000/9975 updates...
Processed 7000/9975 updates...
Processed 8000/9975 updates...
Processed 9000/9975 updates...
Processed 0/9975 deletes...
Processed 1000/9975 deletes...
Processed 2000/9975 deletes...
Processed 3000/9975 deletes...
Processed 4000/9975 deletes...
Processed 5000/9975 deletes...
Processed 6000/9975 deletes...
Processed 7000/9975 deletes...
Processed 8000/9975 deletes...
Processed 9000/9975 deletes...
[Redis] docker compose down successfully!!!
Trying to instantiate bigvectorbench.algorithms.redis.RedisHNSW(['euclidean', 384, {'m': 128, 'ef_construction': 400, 'ef_runtime': 1600}])
[Redis] docker compose up successfully!!!
[Redis] client connected successfully!!!
Dataset type: filter-ann
Distance metric: euclidean
Got a train set of size               (620643 * 384) with 1 labels
label names: ['unixtime']
label types: ['int32']
filter expression function: 
def filter_expr(unixtime):
    unixtime_head = unixtime - 3 * 24 * 60 * 60
    unixtime_tail = unixtime
    return f"unixtime >= {unixtime_head} and unixtime <= {unixtime_tail}"

Got 10000 queries
[Redis] load data with 1 labels!!!
[Redis] create schema successfully!!!
[Redis] Start uploading 620643 vectors...
[Redis] Uploaded 620643 vectors successfully!!!
Inserted data in 1746.694465637207
Memory usage:  3186436.0
Built index in  8.029953718185425
Index size:  -1428.0
Running query argument group 1 of 1...
Run 1/1...
Warmup round 1/2...
Processed 1000/9975 queries...
Warmup round 2/2...
Processed 2000/9975 queries...
Processed 3000/9975 queries...
Processed 4000/9975 queries...
Processed 5000/9975 queries...
Processed 6000/9975 queries...
Processed 7000/9975 queries...
Processed 8000/9975 queries...
Processed 9000/9975 queries...
Processed 10000/9975 queries...
Processed 11000/9975 queries...
Processed 0/9975 inserts...
Processed 1000/9975 inserts...
Processed 2000/9975 inserts...
Processed 3000/9975 inserts...
Processed 4000/9975 inserts...
Processed 5000/9975 inserts...
Processed 6000/9975 inserts...
Processed 7000/9975 inserts...
Processed 8000/9975 inserts...
Processed 9000/9975 inserts...
Processed 0/9975 updates...
Processed 1000/9975 updates...
Processed 2000/9975 updates...
Processed 3000/9975 updates...
Processed 4000/9975 updates...
Processed 5000/9975 updates...
Processed 6000/9975 updates...
Processed 7000/9975 updates...
Processed 8000/9975 updates...
Processed 9000/9975 updates...
Processed 0/9975 deletes...
Processed 1000/9975 deletes...
Processed 2000/9975 deletes...
Processed 3000/9975 deletes...
Processed 4000/9975 deletes...
Processed 5000/9975 deletes...
Processed 6000/9975 deletes...
Processed 7000/9975 deletes...
Processed 8000/9975 deletes...
Processed 9000/9975 deletes...
[Redis] docker compose down successfully!!!
Trying to instantiate bigvectorbench.algorithms.redis.RedisHNSW(['euclidean', 384, {'m': 64, 'ef_construction': 100, 'ef_runtime': 200}])
[Redis] docker compose up successfully!!!
[Redis] client connected successfully!!!
Dataset type: filter-ann
Distance metric: euclidean
Got a train set of size               (620643 * 384) with 1 labels
label names: ['unixtime']
label types: ['int32']
filter expression function: 
def filter_expr(unixtime):
    unixtime_head = unixtime - 3 * 24 * 60 * 60
    unixtime_tail = unixtime
    return f"unixtime >= {unixtime_head} and unixtime <= {unixtime_tail}"

Got 10000 queries
[Redis] load data with 1 labels!!!
[Redis] create schema successfully!!!
[Redis] Start uploading 620643 vectors...
[Redis] Uploaded 620643 vectors successfully!!!
Inserted data in 357.8123540878296
Memory usage:  2875240.0
Built index in  8.032955646514893
Index size:  180.0
Running query argument group 1 of 1...
Run 1/1...
Warmup round 1/2...
Processed 1000/9975 queries...
Warmup round 2/2...
Processed 2000/9975 queries...
Processed 3000/9975 queries...
Processed 4000/9975 queries...
Processed 5000/9975 queries...
Processed 6000/9975 queries...
Processed 7000/9975 queries...
Processed 8000/9975 queries...
Processed 9000/9975 queries...
Processed 10000/9975 queries...
Processed 11000/9975 queries...
Processed 0/9975 inserts...
Processed 1000/9975 inserts...
Processed 2000/9975 inserts...
Processed 3000/9975 inserts...
Processed 4000/9975 inserts...
Processed 5000/9975 inserts...
Processed 6000/9975 inserts...
Processed 7000/9975 inserts...
Processed 8000/9975 inserts...
Processed 9000/9975 inserts...
Processed 0/9975 updates...
Processed 1000/9975 updates...
Processed 2000/9975 updates...
Processed 3000/9975 updates...
Processed 4000/9975 updates...
Processed 5000/9975 updates...
Processed 6000/9975 updates...
Processed 7000/9975 updates...
Processed 8000/9975 updates...
Processed 9000/9975 updates...
Processed 0/9975 deletes...
Processed 1000/9975 deletes...
Processed 2000/9975 deletes...
Processed 3000/9975 deletes...
Processed 4000/9975 deletes...
Processed 5000/9975 deletes...
Processed 6000/9975 deletes...
Processed 7000/9975 deletes...
Processed 8000/9975 deletes...
Processed 9000/9975 deletes...
[Redis] docker compose down successfully!!!
Trying to instantiate bigvectorbench.algorithms.redis.RedisHNSW(['euclidean', 384, {'m': 32, 'ef_construction': 100, 'ef_runtime': 400}])
[Redis] docker compose up successfully!!!
[Redis] client connected successfully!!!
Dataset type: filter-ann
Distance metric: euclidean
Got a train set of size               (620643 * 384) with 1 labels
label names: ['unixtime']
label types: ['int32']
filter expression function: 
def filter_expr(unixtime):
    unixtime_head = unixtime - 3 * 24 * 60 * 60
    unixtime_tail = unixtime
    return f"unixtime >= {unixtime_head} and unixtime <= {unixtime_tail}"

Got 10000 queries
[Redis] load data with 1 labels!!!
[Redis] create schema successfully!!!
[Redis] Start uploading 620643 vectors...
[Redis] Uploaded 620643 vectors successfully!!!
Inserted data in 265.18907833099365
Memory usage:  2727944.0
Built index in  8.030346393585205
Index size:  1560.0
Running query argument group 1 of 1...
Run 1/1...
Warmup round 1/2...
Processed 1000/9975 queries...
Warmup round 2/2...
Processed 2000/9975 queries...
Processed 3000/9975 queries...
Processed 4000/9975 queries...
Processed 5000/9975 queries...
Processed 6000/9975 queries...
Processed 7000/9975 queries...
Processed 8000/9975 queries...
Processed 9000/9975 queries...
Processed 10000/9975 queries...
 Container redis  Stopping
 Container redis  Stopped
 Container redis  Removing
 Container redis  Removed
 Network redis_default  Removing
 Network redis_default  Removed
 Network redis_default  Creating
 Network redis_default  Created
 Container redis  Creating
 Container redis  Created
 Container redis  Starting
 Container redis  Started
 Container redis  Stopping
 Container redis  Stopped
 Container redis  Removing
 Container redis  Removed
 Network redis_default  Removing
 Network redis_default  Removed
 Network redis_default  Creating
 Network redis_default  Created
 Container redis  Creating
 Container redis  Created
 Container redis  Starting
 Container redis  Started
 Container redis  Stopping
 Container redis  Stopped
 Container redis  Removing
 Container redis  Removed
 Network redis_default  Removing
 Network redis_default  Removed
 Network redis_default  Creating
 Network redis_default  Created
 Container redis  Creating
 Container redis  Created
 Container redis  Starting
 Container redis  Started
 Container redis  Stopping
 Container redis  Stopped
 Container redis  Removing
 Container redis  Removed
 Network redis_default  Removing
 Network redis_default  Removed
 Network redis_default  Creating
 Network redis_default  Created
 Container redis  Creating
 Container redis  Created
 Container redis  Starting
 Container redis  Started
Processed 11000/9975 queries...
Processed 0/9975 inserts...
Processed 1000/9975 inserts...
Processed 2000/9975 inserts...
Processed 3000/9975 inserts...
Processed 4000/9975 inserts...
Processed 5000/9975 inserts...
Processed 6000/9975 inserts...
Processed 7000/9975 inserts...
Processed 8000/9975 inserts...
Processed 9000/9975 inserts...
Processed 0/9975 updates...
Processed 1000/9975 updates...
Processed 2000/9975 updates...
Processed 3000/9975 updates...
Processed 4000/9975 updates...
Processed 5000/9975 updates...
Processed 6000/9975 updates...
Processed 7000/9975 updates...
Processed 8000/9975 updates...
Processed 9000/9975 updates...
Processed 0/9975 deletes...
Processed 1000/9975 deletes...
Processed 2000/9975 deletes...
Processed 3000/9975 deletes...
Processed 4000/9975 deletes...
Processed 5000/9975 deletes...
Processed 6000/9975 deletes...
Processed 7000/9975 deletes...
Processed 8000/9975 deletes...
Processed 9000/9975 deletes...
[Redis] docker compose down successfully!!!
Trying to instantiate bigvectorbench.algorithms.redis.RedisHNSW(['euclidean', 384, {'m': 32, 'ef_construction': 100, 'ef_runtime': 200}])
[Redis] docker compose up successfully!!!
[Redis] client connected successfully!!!
Dataset type: filter-ann
Distance metric: euclidean
Got a train set of size               (620643 * 384) with 1 labels
label names: ['unixtime']
label types: ['int32']
filter expression function: 
def filter_expr(unixtime):
    unixtime_head = unixtime - 3 * 24 * 60 * 60
    unixtime_tail = unixtime
    return f"unixtime >= {unixtime_head} and unixtime <= {unixtime_tail}"

Got 10000 queries
[Redis] load data with 1 labels!!!
[Redis] create schema successfully!!!
[Redis] Start uploading 620643 vectors...
[Redis] Uploaded 620643 vectors successfully!!!
Inserted data in 264.30074405670166
Memory usage:  2729016.0
Built index in  8.028019666671753
Index size:  168.0
Running query argument group 1 of 1...
Run 1/1...
Warmup round 1/2...
Processed 1000/9975 queries...
Warmup round 2/2...
Processed 2000/9975 queries...
Processed 3000/9975 queries...
Processed 4000/9975 queries...
Processed 5000/9975 queries...
Processed 6000/9975 queries...
Processed 7000/9975 queries...
Processed 8000/9975 queries...
Processed 9000/9975 queries...
Processed 10000/9975 queries...
Processed 11000/9975 queries...
Processed 0/9975 inserts...
Processed 1000/9975 inserts...
Processed 2000/9975 inserts...
Processed 3000/9975 inserts...
Processed 4000/9975 inserts...
Processed 5000/9975 inserts...
Processed 6000/9975 inserts...
Processed 7000/9975 inserts...
Processed 8000/9975 inserts...
Processed 9000/9975 inserts...
Processed 0/9975 updates...
Processed 1000/9975 updates...
Processed 2000/9975 updates...
Processed 3000/9975 updates...
Processed 4000/9975 updates...
Processed 5000/9975 updates...
Processed 6000/9975 updates...
Processed 7000/9975 updates...
Processed 8000/9975 updates...
Processed 9000/9975 updates...
Processed 0/9975 deletes...
Processed 1000/9975 deletes...
Processed 2000/9975 deletes...
Processed 3000/9975 deletes...
Processed 4000/9975 deletes...
Processed 5000/9975 deletes...
Processed 6000/9975 deletes...
Processed 7000/9975 deletes...
Processed 8000/9975 deletes...
Processed 9000/9975 deletes...
[Redis] docker compose down successfully!!!
Trying to instantiate bigvectorbench.algorithms.redis.RedisHNSW(['euclidean', 384, {'m': 32, 'ef_construction': 100, 'ef_runtime': 800}])
[Redis] docker compose up successfully!!!
[Redis] client connected successfully!!!
Dataset type: filter-ann
Distance metric: euclidean
Got a train set of size               (620643 * 384) with 1 labels
label names: ['unixtime']
label types: ['int32']
filter expression function: 
def filter_expr(unixtime):
    unixtime_head = unixtime - 3 * 24 * 60 * 60
    unixtime_tail = unixtime
    return f"unixtime >= {unixtime_head} and unixtime <= {unixtime_tail}"

Got 10000 queries
[Redis] load data with 1 labels!!!
[Redis] create schema successfully!!!
[Redis] Start uploading 620643 vectors...
[Redis] Uploaded 620643 vectors successfully!!!
Inserted data in 263.8559408187866
Memory usage:  2728840.0
Built index in  8.030949592590332
Index size:  820.0
Running query argument group 1 of 1...
Run 1/1...
Warmup round 1/2...
Processed 1000/9975 queries...
Warmup round 2/2...
Processed 2000/9975 queries...
Processed 3000/9975 queries...
Processed 4000/9975 queries...
Processed 5000/9975 queries...
Processed 6000/9975 queries...
Processed 7000/9975 queries...
Processed 8000/9975 queries...
Processed 9000/9975 queries...
Processed 10000/9975 queries...
Processed 11000/9975 queries...
Processed 0/9975 inserts...
Processed 1000/9975 inserts...
Processed 2000/9975 inserts...
Processed 3000/9975 inserts...
Processed 4000/9975 inserts...
Processed 5000/9975 inserts...
Processed 6000/9975 inserts...
Processed 7000/9975 inserts...
Processed 8000/9975 inserts...
Processed 9000/9975 inserts...
Processed 0/9975 updates...
Processed 1000/9975 updates...
Processed 2000/9975 updates...
Processed 3000/9975 updates...
Processed 4000/9975 updates...
Processed 5000/9975 updates...
Processed 6000/9975 updates...
Processed 7000/9975 updates...
Processed 8000/9975 updates...
Processed 9000/9975 updates...
Processed 0/9975 deletes...
Processed 1000/9975 deletes...
Processed 2000/9975 deletes...
Processed 3000/9975 deletes...
Processed 4000/9975 deletes...
Processed 5000/9975 deletes...
Processed 6000/9975 deletes...
Processed 7000/9975 deletes...
Processed 8000/9975 deletes...
Processed 9000/9975 deletes...
[Redis] docker compose down successfully!!!
Trying to instantiate bigvectorbench.algorithms.redis.RedisHNSW(['euclidean', 384, {'m': 128, 'ef_construction': 400, 'ef_runtime': 800}])
[Redis] docker compose up successfully!!!
[Redis] client connected successfully!!!
Dataset type: filter-ann
Distance metric: euclidean
Got a train set of size               (620643 * 384) with 1 labels
label names: ['unixtime']
label types: ['int32']
filter expression function: 
def filter_expr(unixtime):
    unixtime_head = unixtime - 3 * 24 * 60 * 60
    unixtime_tail = unixtime
    return f"unixtime >= {unixtime_head} and unixtime <= {unixtime_tail}"

Got 10000 queries
[Redis] load data with 1 labels!!!
[Redis] create schema successfully!!!
[Redis] Start uploading 620643 vectors...
[Redis] Uploaded 620643 vectors successfully!!!
Inserted data in 1743.9981107711792
Memory usage:  3190364.0
Built index in  8.029516220092773
Index size:  680.0
Running query argument group 1 of 1...
Run 1/1...
Warmup round 1/2...
Processed 1000/9975 queries...
Warmup round 2/2...
Processed 2000/9975 queries...
Processed 3000/9975 queries...
Processed 4000/9975 queries...
Processed 5000/9975 queries...
Processed 6000/9975 queries...
Processed 7000/9975 queries...
Processed 8000/9975 queries...
Processed 9000/9975 queries...
Processed 10000/9975 queries...
Processed 11000/9975 queries...
Processed 0/9975 inserts...
Processed 1000/9975 inserts...
Processed 2000/9975 inserts...
Processed 3000/9975 inserts...
Processed 4000/9975 inserts...
Processed 5000/9975 inserts...
Processed 6000/9975 inserts...
Processed 7000/9975 inserts...
Processed 8000/9975 inserts...
Processed 9000/9975 inserts...
Processed 0/9975 updates...
Processed 1000/9975 updates...
Processed 2000/9975 updates...
Processed 3000/9975 updates...
Processed 4000/9975 updates...
Processed 5000/9975 updates...
Processed 6000/9975 updates...
Processed 7000/9975 updates...
Processed 8000/9975 updates...
Processed 9000/9975 updates...
Processed 0/9975 deletes...
Processed 1000/9975 deletes...
Processed 2000/9975 deletes...
Processed 3000/9975 deletes...
Processed 4000/9975 deletes...
Processed 5000/9975 deletes...
Processed 6000/9975 deletes...
Processed 7000/9975 deletes...
Processed 8000/9975 deletes...
Processed 9000/9975 deletes...
[Redis] docker compose down successfully!!!
Trying to instantiate bigvectorbench.algorithms.redis.RedisHNSW(['euclidean', 384, {'m': 64, 'ef_construction': 100, 'ef_runtime': 1600}])
[Redis] docker compose up successfully!!!
[Redis] client connected successfully!!!
Dataset type: filter-ann
Distance metric: euclidean
 Container redis  Stopping
 Container redis  Stopped
 Container redis  Removing
 Container redis  Removed
 Network redis_default  Removing
 Network redis_default  Removed
 Network redis_default  Creating
 Network redis_default  Created
 Container redis  Creating
 Container redis  Created
 Container redis  Starting
 Container redis  Started
 Container redis  Stopping
 Container redis  Stopped
 Container redis  Removing
 Container redis  Removed
 Network redis_default  Removing
 Network redis_default  Removed
 Network redis_default  Creating
 Network redis_default  Created
 Container redis  Creating
 Container redis  Created
 Container redis  Starting
 Container redis  Started
 Container redis  Stopping
 Container redis  Stopped
 Container redis  Removing
 Container redis  Removed
 Network redis_default  Removing
 Network redis_default  Removed
 Network redis_default  Creating
 Network redis_default  Created
 Container redis  Creating
 Container redis  Created
 Container redis  Starting
 Container redis  Started
Got a train set of size               (620643 * 384) with 1 labels
label names: ['unixtime']
label types: ['int32']
filter expression function: 
def filter_expr(unixtime):
    unixtime_head = unixtime - 3 * 24 * 60 * 60
    unixtime_tail = unixtime
    return f"unixtime >= {unixtime_head} and unixtime <= {unixtime_tail}"

Got 10000 queries
[Redis] load data with 1 labels!!!
[Redis] create schema successfully!!!
[Redis] Start uploading 620643 vectors...
[Redis] Uploaded 620643 vectors successfully!!!
Inserted data in 356.4971148967743
Memory usage:  2878212.0
Built index in  8.031086206436157
Index size:  -412.0
Running query argument group 1 of 1...
Run 1/1...
Warmup round 1/2...
Processed 1000/9975 queries...
Warmup round 2/2...
Processed 2000/9975 queries...
Processed 3000/9975 queries...
Processed 4000/9975 queries...
Processed 5000/9975 queries...
Processed 6000/9975 queries...
Processed 7000/9975 queries...
Processed 8000/9975 queries...
Processed 9000/9975 queries...
Processed 10000/9975 queries...
Processed 11000/9975 queries...
Processed 0/9975 inserts...
Processed 1000/9975 inserts...
Processed 2000/9975 inserts...
Processed 3000/9975 inserts...
Processed 4000/9975 inserts...
Processed 5000/9975 inserts...
Processed 6000/9975 inserts...
Processed 7000/9975 inserts...
Processed 8000/9975 inserts...
Processed 9000/9975 inserts...
Processed 0/9975 updates...
Processed 1000/9975 updates...
Processed 2000/9975 updates...
Processed 3000/9975 updates...
Processed 4000/9975 updates...
Processed 5000/9975 updates...
Processed 6000/9975 updates...
Processed 7000/9975 updates...
Processed 8000/9975 updates...
Processed 9000/9975 updates...
Processed 0/9975 deletes...
Processed 1000/9975 deletes...
Processed 2000/9975 deletes...
Processed 3000/9975 deletes...
Processed 4000/9975 deletes...
Processed 5000/9975 deletes...
Processed 6000/9975 deletes...
Processed 7000/9975 deletes...
Processed 8000/9975 deletes...
Processed 9000/9975 deletes...
[Redis] docker compose down successfully!!!
Trying to instantiate bigvectorbench.algorithms.redis.RedisHNSW(['euclidean', 384, {'m': 64, 'ef_construction': 400, 'ef_runtime': 800}])
[Redis] docker compose up successfully!!!
[Redis] client connected successfully!!!
Dataset type: filter-ann
Distance metric: euclidean
Got a train set of size               (620643 * 384) with 1 labels
label names: ['unixtime']
label types: ['int32']
filter expression function: 
def filter_expr(unixtime):
    unixtime_head = unixtime - 3 * 24 * 60 * 60
    unixtime_tail = unixtime
    return f"unixtime >= {unixtime_head} and unixtime <= {unixtime_tail}"

Got 10000 queries
[Redis] load data with 1 labels!!!
[Redis] create schema successfully!!!
[Redis] Start uploading 620643 vectors...
[Redis] Uploaded 620643 vectors successfully!!!
Inserted data in 1133.0115110874176
Memory usage:  2882652.0
Built index in  8.029744863510132
Index size:  -244.0
Running query argument group 1 of 1...
Run 1/1...
Warmup round 1/2...
Processed 1000/9975 queries...
Warmup round 2/2...
Processed 2000/9975 queries...
Processed 3000/9975 queries...
Processed 4000/9975 queries...
Processed 5000/9975 queries...
Processed 6000/9975 queries...
Processed 7000/9975 queries...
Processed 8000/9975 queries...
Processed 9000/9975 queries...
Processed 10000/9975 queries...
Processed 11000/9975 queries...
Processed 0/9975 inserts...
Processed 1000/9975 inserts...
Processed 2000/9975 inserts...
Processed 3000/9975 inserts...
Processed 4000/9975 inserts...
Processed 5000/9975 inserts...
Processed 6000/9975 inserts...
Processed 7000/9975 inserts...
Processed 8000/9975 inserts...
Processed 9000/9975 inserts...
Processed 0/9975 updates...
Processed 1000/9975 updates...
Processed 2000/9975 updates...
Processed 3000/9975 updates...
Processed 4000/9975 updates...
Processed 5000/9975 updates...
Processed 6000/9975 updates...
Processed 7000/9975 updates...
Processed 8000/9975 updates...
Processed 9000/9975 updates...
Processed 0/9975 deletes...
Processed 1000/9975 deletes...
Processed 2000/9975 deletes...
Processed 3000/9975 deletes...
Processed 4000/9975 deletes...
Processed 5000/9975 deletes...
Processed 6000/9975 deletes...
Processed 7000/9975 deletes...
Processed 8000/9975 deletes...
Processed 9000/9975 deletes...
[Redis] docker compose down successfully!!!
Trying to instantiate bigvectorbench.algorithms.redis.RedisHNSW(['euclidean', 384, {'m': 128, 'ef_construction': 400, 'ef_runtime': 400}])
[Redis] docker compose up successfully!!!
[Redis] client connected successfully!!!
Dataset type: filter-ann
Distance metric: euclidean
Got a train set of size               (620643 * 384) with 1 labels
label names: ['unixtime']
label types: ['int32']
filter expression function: 
def filter_expr(unixtime):
    unixtime_head = unixtime - 3 * 24 * 60 * 60
    unixtime_tail = unixtime
    return f"unixtime >= {unixtime_head} and unixtime <= {unixtime_tail}"

Got 10000 queries
[Redis] load data with 1 labels!!!
[Redis] create schema successfully!!!
[Redis] Start uploading 620643 vectors...
[Redis] Uploaded 620643 vectors successfully!!!
Inserted data in 1742.0404217243195
Memory usage:  3185824.0
Built index in  8.0243558883667
Index size:  1192.0
Running query argument group 1 of 1...
Run 1/1...
Warmup round 1/2...
Processed 1000/9975 queries...
Warmup round 2/2...
Processed 2000/9975 queries...
Processed 3000/9975 queries...
Processed 4000/9975 queries...
Processed 5000/9975 queries...
Processed 6000/9975 queries...
Processed 7000/9975 queries...
Processed 8000/9975 queries...
Processed 9000/9975 queries...
Processed 10000/9975 queries...
Processed 11000/9975 queries...
Processed 0/9975 inserts...
Processed 1000/9975 inserts...
Processed 2000/9975 inserts...
Processed 3000/9975 inserts...
Processed 4000/9975 inserts...
Processed 5000/9975 inserts...
Processed 6000/9975 inserts...
Processed 7000/9975 inserts...
Processed 8000/9975 inserts...
Processed 9000/9975 inserts...
Processed 0/9975 updates...
Processed 1000/9975 updates...
Processed 2000/9975 updates...
Processed 3000/9975 updates...
Processed 4000/9975 updates...
Processed 5000/9975 updates...
Processed 6000/9975 updates...
Processed 7000/9975 updates...
Processed 8000/9975 updates...
Processed 9000/9975 updates...
Processed 0/9975 deletes...
Processed 1000/9975 deletes...
Processed 2000/9975 deletes...
Processed 3000/9975 deletes...
Processed 4000/9975 deletes...
Processed 5000/9975 deletes...
Processed 6000/9975 deletes...
Processed 7000/9975 deletes...
Processed 8000/9975 deletes...
Processed 9000/9975 deletes...
[Redis] docker compose down successfully!!!
Trying to instantiate bigvectorbench.algorithms.redis.RedisHNSW(['euclidean', 384, {'m': 32, 'ef_construction': 100, 'ef_runtime': 100}])
[Redis] docker compose up successfully!!!
[Redis] client connected successfully!!!
Dataset type: filter-ann
Distance metric: euclidean
Got a train set of size               (620643 * 384) with 1 labels
label names: ['unixtime']
label types: ['int32']
filter expression function: 
def filter_expr(unixtime):
    unixtime_head = unixtime - 3 * 24 * 60 * 60
    unixtime_tail = unixtime
    return f"unixtime >= {unixtime_head} and unixtime <= {unixtime_tail}"

Got 10000 queries
[Redis] load data with 1 labels!!!
[Redis] create schema successfully!!!
[Redis] Start uploading 620643 vectors...
[Redis] Uploaded 620643 vectors successfully!!!
Inserted data in 264.1143102645874
Memory usage:  2730444.0
Built index in  8.03078007698059
Index size:  -1144.0
Running query argument group 1 of 1...
Run 1/1...
Warmup round 1/2...
Processed 1000/9975 queries...
Warmup round 2/2...
Processed 2000/9975 queries...
Processed 3000/9975 queries...
Processed 4000/9975 queries...
Processed 5000/9975 queries...
Processed 6000/9975 queries...
Processed 7000/9975 queries...
Processed 8000/9975 queries...
Processed 9000/9975 queries...
Processed 10000/9975 queries...
Processed 11000/9975 queries...
Processed 0/9975 inserts...
Processed 1000/9975 inserts...
Processed 2000/9975 inserts...
Processed 3000/9975 inserts...
Processed 4000/9975 inserts...
Processed 5000/9975 inserts...
Processed 6000/9975 inserts...
Processed 7000/9975 inserts...
 Container redis  Stopping
 Container redis  Stopped
 Container redis  Removing
 Container redis  Removed
 Network redis_default  Removing
 Network redis_default  Removed
 Network redis_default  Creating
 Network redis_default  Created
 Container redis  Creating
 Container redis  Created
 Container redis  Starting
 Container redis  Started
 Container redis  Stopping
 Container redis  Stopped
 Container redis  Removing
 Container redis  Removed
 Network redis_default  Removing
 Network redis_default  Removed
 Network redis_default  Creating
 Network redis_default  Created
 Container redis  Creating
 Container redis  Created
 Container redis  Starting
 Container redis  Started
 Container redis  Stopping
 Container redis  Stopped
 Container redis  Removing
 Container redis  Removed
 Network redis_default  Removing
 Network redis_default  Removed
 Network redis_default  Creating
 Network redis_default  Created
 Container redis  Creating
 Container redis  Created
 Container redis  Starting
 Container redis  Started
 Container redis  Stopping
 Container redis  Stopped
 Container redis  Removing
 Container redis  Removed
 Network redis_default  Removing
 Network redis_default  Removed
 Network redis_default  Creating
 Network redis_default  Created
 Container redis  Creating
 Container redis  Created
 Container redis  Starting
 Container redis  Started
Processed 8000/9975 inserts...
Processed 9000/9975 inserts...
Processed 0/9975 updates...
Processed 1000/9975 updates...
Processed 2000/9975 updates...
Processed 3000/9975 updates...
Processed 4000/9975 updates...
Processed 5000/9975 updates...
Processed 6000/9975 updates...
Processed 7000/9975 updates...
Processed 8000/9975 updates...
Processed 9000/9975 updates...
Processed 0/9975 deletes...
Processed 1000/9975 deletes...
Processed 2000/9975 deletes...
Processed 3000/9975 deletes...
Processed 4000/9975 deletes...
Processed 5000/9975 deletes...
Processed 6000/9975 deletes...
Processed 7000/9975 deletes...
Processed 8000/9975 deletes...
Processed 9000/9975 deletes...
[Redis] docker compose down successfully!!!
Trying to instantiate bigvectorbench.algorithms.redis.RedisHNSW(['euclidean', 384, {'m': 64, 'ef_construction': 400, 'ef_runtime': 400}])
[Redis] docker compose up successfully!!!
[Redis] client connected successfully!!!
Dataset type: filter-ann
Distance metric: euclidean
Got a train set of size               (620643 * 384) with 1 labels
label names: ['unixtime']
label types: ['int32']
filter expression function: 
def filter_expr(unixtime):
    unixtime_head = unixtime - 3 * 24 * 60 * 60
    unixtime_tail = unixtime
    return f"unixtime >= {unixtime_head} and unixtime <= {unixtime_tail}"

Got 10000 queries
[Redis] load data with 1 labels!!!
[Redis] create schema successfully!!!
[Redis] Start uploading 620643 vectors...
[Redis] Uploaded 620643 vectors successfully!!!
Inserted data in 1131.4542107582092
Memory usage:  2878392.0
Built index in  8.033001184463501
Index size:  24.0
Running query argument group 1 of 1...
Run 1/1...
Warmup round 1/2...
Processed 1000/9975 queries...
Warmup round 2/2...
Processed 2000/9975 queries...
Processed 3000/9975 queries...
Processed 4000/9975 queries...
Processed 5000/9975 queries...
Processed 6000/9975 queries...
Processed 7000/9975 queries...
Processed 8000/9975 queries...
Processed 9000/9975 queries...
Processed 10000/9975 queries...
Processed 11000/9975 queries...
Processed 0/9975 inserts...
Processed 1000/9975 inserts...
Processed 2000/9975 inserts...
Processed 3000/9975 inserts...
Processed 4000/9975 inserts...
Processed 5000/9975 inserts...
Processed 6000/9975 inserts...
Processed 7000/9975 inserts...
Processed 8000/9975 inserts...
Processed 9000/9975 inserts...
Processed 0/9975 updates...
Processed 1000/9975 updates...
Processed 2000/9975 updates...
Processed 3000/9975 updates...
Processed 4000/9975 updates...
Processed 5000/9975 updates...
Processed 6000/9975 updates...
Processed 7000/9975 updates...
Processed 8000/9975 updates...
Processed 9000/9975 updates...
Processed 0/9975 deletes...
Processed 1000/9975 deletes...
Processed 2000/9975 deletes...
Processed 3000/9975 deletes...
Processed 4000/9975 deletes...
Processed 5000/9975 deletes...
Processed 6000/9975 deletes...
Processed 7000/9975 deletes...
Processed 8000/9975 deletes...
Processed 9000/9975 deletes...
[Redis] docker compose down successfully!!!
Trying to instantiate bigvectorbench.algorithms.redis.RedisHNSW(['euclidean', 384, {'m': 64, 'ef_construction': 100, 'ef_runtime': 400}])
[Redis] docker compose up successfully!!!
[Redis] client connected successfully!!!
Dataset type: filter-ann
Distance metric: euclidean
Got a train set of size               (620643 * 384) with 1 labels
label names: ['unixtime']
label types: ['int32']
filter expression function: 
def filter_expr(unixtime):
    unixtime_head = unixtime - 3 * 24 * 60 * 60
    unixtime_tail = unixtime
    return f"unixtime >= {unixtime_head} and unixtime <= {unixtime_tail}"

Got 10000 queries
[Redis] load data with 1 labels!!!
[Redis] create schema successfully!!!
[Redis] Start uploading 620643 vectors...
[Redis] Uploaded 620643 vectors successfully!!!
Inserted data in 357.2109091281891
Memory usage:  2875856.0
Built index in  8.032471418380737
Index size:  -1828.0
Running query argument group 1 of 1...
Run 1/1...
Warmup round 1/2...
Processed 1000/9975 queries...
Warmup round 2/2...
Processed 2000/9975 queries...
Processed 3000/9975 queries...
Processed 4000/9975 queries...
Processed 5000/9975 queries...
Processed 6000/9975 queries...
Processed 7000/9975 queries...
Processed 8000/9975 queries...
Processed 9000/9975 queries...
Processed 10000/9975 queries...
Processed 11000/9975 queries...
Processed 0/9975 inserts...
Processed 1000/9975 inserts...
Processed 2000/9975 inserts...
Processed 3000/9975 inserts...
Processed 4000/9975 inserts...
Processed 5000/9975 inserts...
Processed 6000/9975 inserts...
Processed 7000/9975 inserts...
Processed 8000/9975 inserts...
Processed 9000/9975 inserts...
Processed 0/9975 updates...
Processed 1000/9975 updates...
Processed 2000/9975 updates...
Processed 3000/9975 updates...
Processed 4000/9975 updates...
Processed 5000/9975 updates...
Processed 6000/9975 updates...
Processed 7000/9975 updates...
Processed 8000/9975 updates...
Processed 9000/9975 updates...
Processed 0/9975 deletes...
Processed 1000/9975 deletes...
Processed 2000/9975 deletes...
Processed 3000/9975 deletes...
Processed 4000/9975 deletes...
Processed 5000/9975 deletes...
Processed 6000/9975 deletes...
Processed 7000/9975 deletes...
Processed 8000/9975 deletes...
Processed 9000/9975 deletes...
[Redis] docker compose down successfully!!!
Trying to instantiate bigvectorbench.algorithms.redis.RedisHNSW(['euclidean', 384, {'m': 32, 'ef_construction': 400, 'ef_runtime': 100}])
[Redis] docker compose up successfully!!!
[Redis] client connected successfully!!!
Dataset type: filter-ann
Distance metric: euclidean
Got a train set of size               (620643 * 384) with 1 labels
label names: ['unixtime']
label types: ['int32']
filter expression function: 
def filter_expr(unixtime):
    unixtime_head = unixtime - 3 * 24 * 60 * 60
    unixtime_tail = unixtime
    return f"unixtime >= {unixtime_head} and unixtime <= {unixtime_tail}"

Got 10000 queries
[Redis] load data with 1 labels!!!
[Redis] create schema successfully!!!
[Redis] Start uploading 620643 vectors...
[Redis] Uploaded 620643 vectors successfully!!!
Inserted data in 923.75759100914
Memory usage:  2740944.0
Built index in  8.03112268447876
Index size:  8.0
Running query argument group 1 of 1...
Run 1/1...
Warmup round 1/2...
Processed 1000/9975 queries...
Warmup round 2/2...
Processed 2000/9975 queries...
Processed 3000/9975 queries...
Processed 4000/9975 queries...
Processed 5000/9975 queries...
Processed 6000/9975 queries...
Processed 7000/9975 queries...
Processed 8000/9975 queries...
Processed 9000/9975 queries...
Processed 10000/9975 queries...
Processed 11000/9975 queries...
Processed 0/9975 inserts...
Processed 1000/9975 inserts...
Processed 2000/9975 inserts...
Processed 3000/9975 inserts...
Processed 4000/9975 inserts...
Processed 5000/9975 inserts...
Processed 6000/9975 inserts...
Processed 7000/9975 inserts...
Processed 8000/9975 inserts...
Processed 9000/9975 inserts...
Processed 0/9975 updates...
Processed 1000/9975 updates...
Processed 2000/9975 updates...
Processed 3000/9975 updates...
Processed 4000/9975 updates...
Processed 5000/9975 updates...
Processed 6000/9975 updates...
Processed 7000/9975 updates...
Processed 8000/9975 updates...
Processed 9000/9975 updates...
Processed 0/9975 deletes...
Processed 1000/9975 deletes...
Processed 2000/9975 deletes...
Processed 3000/9975 deletes...
Processed 4000/9975 deletes...
Processed 5000/9975 deletes...
Processed 6000/9975 deletes...
Processed 7000/9975 deletes...
Processed 8000/9975 deletes...
Processed 9000/9975 deletes...
[Redis] docker compose down successfully!!!
Trying to instantiate bigvectorbench.algorithms.redis.RedisHNSW(['euclidean', 384, {'m': 64, 'ef_construction': 100, 'ef_runtime': 100}])
[Redis] docker compose up successfully!!!
[Redis] client connected successfully!!!
Dataset type: filter-ann
Distance metric: euclidean
Got a train set of size               (620643 * 384) with 1 labels
label names: ['unixtime']
label types: ['int32']
filter expression function: 
def filter_expr(unixtime):
    unixtime_head = unixtime - 3 * 24 * 60 * 60
    unixtime_tail = unixtime
    return f"unixtime >= {unixtime_head} and unixtime <= {unixtime_tail}"

 Container redis  Stopping
 Container redis  Stopped
 Container redis  Removing
 Container redis  Removed
 Network redis_default  Removing
 Network redis_default  Removed
 Network redis_default  Creating
 Network redis_default  Created
 Container redis  Creating
 Container redis  Created
 Container redis  Starting
 Container redis  Started
 Container redis  Stopping
 Container redis  Stopped
 Container redis  Removing
 Container redis  Removed
 Network redis_default  Removing
 Network redis_default  Removed
 Network redis_default  Creating
 Network redis_default  Created
 Container redis  Creating
 Container redis  Created
 Container redis  Starting
 Container redis  Started
 Container redis  Stopping
 Container redis  Stopped
 Container redis  Removing
 Container redis  Removed
 Network redis_default  Removing
 Network redis_default  Removed
 Network redis_default  Creating
 Network redis_default  Created
 Container redis  Creating
 Container redis  Created
 Container redis  Starting
 Container redis  Started
Got 10000 queries
[Redis] load data with 1 labels!!!
[Redis] create schema successfully!!!
[Redis] Start uploading 620643 vectors...
[Redis] Uploaded 620643 vectors successfully!!!
Inserted data in 358.7125241756439
Memory usage:  2881364.0
Built index in  8.030364036560059
Index size:  -1744.0
Running query argument group 1 of 1...
Run 1/1...
Warmup round 1/2...
Processed 1000/9975 queries...
Warmup round 2/2...
Processed 2000/9975 queries...
Processed 3000/9975 queries...
Processed 4000/9975 queries...
Processed 5000/9975 queries...
Processed 6000/9975 queries...
Processed 7000/9975 queries...
Processed 8000/9975 queries...
Processed 9000/9975 queries...
Processed 10000/9975 queries...
Processed 11000/9975 queries...
Processed 0/9975 inserts...
Processed 1000/9975 inserts...
Processed 2000/9975 inserts...
Processed 3000/9975 inserts...
Processed 4000/9975 inserts...
Processed 5000/9975 inserts...
Processed 6000/9975 inserts...
Processed 7000/9975 inserts...
Processed 8000/9975 inserts...
Processed 9000/9975 inserts...
Processed 0/9975 updates...
Processed 1000/9975 updates...
Processed 2000/9975 updates...
Processed 3000/9975 updates...
Processed 4000/9975 updates...
Processed 5000/9975 updates...
Processed 6000/9975 updates...
Processed 7000/9975 updates...
Processed 8000/9975 updates...
Processed 9000/9975 updates...
Processed 0/9975 deletes...
Processed 1000/9975 deletes...
Processed 2000/9975 deletes...
Processed 3000/9975 deletes...
Processed 4000/9975 deletes...
Processed 5000/9975 deletes...
Processed 6000/9975 deletes...
Processed 7000/9975 deletes...
Processed 8000/9975 deletes...
Processed 9000/9975 deletes...
[Redis] docker compose down successfully!!!
Trying to instantiate bigvectorbench.algorithms.redis.RedisHNSW(['euclidean', 384, {'m': 128, 'ef_construction': 400, 'ef_runtime': 200}])
[Redis] docker compose up successfully!!!
[Redis] client connected successfully!!!
Dataset type: filter-ann
Distance metric: euclidean
Got a train set of size               (620643 * 384) with 1 labels
label names: ['unixtime']
label types: ['int32']
filter expression function: 
def filter_expr(unixtime):
    unixtime_head = unixtime - 3 * 24 * 60 * 60
    unixtime_tail = unixtime
    return f"unixtime >= {unixtime_head} and unixtime <= {unixtime_tail}"

Got 10000 queries
[Redis] load data with 1 labels!!!
[Redis] create schema successfully!!!
[Redis] Start uploading 620643 vectors...
[Redis] Uploaded 620643 vectors successfully!!!
Inserted data in 1739.7399141788483
Memory usage:  3190056.0
Built index in  8.031594514846802
Index size:  28.0
Running query argument group 1 of 1...
Run 1/1...
Warmup round 1/2...
Processed 1000/9975 queries...
Warmup round 2/2...
Processed 2000/9975 queries...
Processed 3000/9975 queries...
Processed 4000/9975 queries...
Processed 5000/9975 queries...
Processed 6000/9975 queries...
Processed 7000/9975 queries...
Processed 8000/9975 queries...
Processed 9000/9975 queries...
Processed 10000/9975 queries...
Processed 11000/9975 queries...
Processed 0/9975 inserts...
Processed 1000/9975 inserts...
Processed 2000/9975 inserts...
Processed 3000/9975 inserts...
Processed 4000/9975 inserts...
Processed 5000/9975 inserts...
Processed 6000/9975 inserts...
Processed 7000/9975 inserts...
Processed 8000/9975 inserts...
Processed 9000/9975 inserts...
Processed 0/9975 updates...
Processed 1000/9975 updates...
Processed 2000/9975 updates...
Processed 3000/9975 updates...
Processed 4000/9975 updates...
Processed 5000/9975 updates...
Processed 6000/9975 updates...
Processed 7000/9975 updates...
Processed 8000/9975 updates...
Processed 9000/9975 updates...
Processed 0/9975 deletes...
Processed 1000/9975 deletes...
Processed 2000/9975 deletes...
Processed 3000/9975 deletes...
Processed 4000/9975 deletes...
Processed 5000/9975 deletes...
Processed 6000/9975 deletes...
Processed 7000/9975 deletes...
Processed 8000/9975 deletes...
Processed 9000/9975 deletes...
[Redis] docker compose down successfully!!!
Trying to instantiate bigvectorbench.algorithms.redis.RedisHNSW(['euclidean', 384, {'m': 64, 'ef_construction': 100, 'ef_runtime': 800}])
[Redis] docker compose up successfully!!!
[Redis] client connected successfully!!!
Dataset type: filter-ann
Distance metric: euclidean
Got a train set of size               (620643 * 384) with 1 labels
label names: ['unixtime']
label types: ['int32']
filter expression function: 
def filter_expr(unixtime):
    unixtime_head = unixtime - 3 * 24 * 60 * 60
    unixtime_tail = unixtime
    return f"unixtime >= {unixtime_head} and unixtime <= {unixtime_tail}"

Got 10000 queries
[Redis] load data with 1 labels!!!
[Redis] create schema successfully!!!
[Redis] Start uploading 620643 vectors...
[Redis] Uploaded 620643 vectors successfully!!!
Inserted data in 358.76887345314026
Memory usage:  2879696.0
Built index in  8.035266160964966
Index size:  1032.0
Running query argument group 1 of 1...
Run 1/1...
Warmup round 1/2...
Processed 1000/9975 queries...
Warmup round 2/2...
Processed 2000/9975 queries...
Processed 3000/9975 queries...
Processed 4000/9975 queries...
Processed 5000/9975 queries...
Processed 6000/9975 queries...
Processed 7000/9975 queries...
Processed 8000/9975 queries...
Processed 9000/9975 queries...
Processed 10000/9975 queries...
Processed 11000/9975 queries...
Processed 0/9975 inserts...
Processed 1000/9975 inserts...
Processed 2000/9975 inserts...
Processed 3000/9975 inserts...
Processed 4000/9975 inserts...
Processed 5000/9975 inserts...
Processed 6000/9975 inserts...
Processed 7000/9975 inserts...
Processed 8000/9975 inserts...
Processed 9000/9975 inserts...
Processed 0/9975 updates...
Processed 1000/9975 updates...
Processed 2000/9975 updates...
Processed 3000/9975 updates...
Processed 4000/9975 updates...
Processed 5000/9975 updates...
Processed 6000/9975 updates...
Processed 7000/9975 updates...
Processed 8000/9975 updates...
Processed 9000/9975 updates...
Processed 0/9975 deletes...
Processed 1000/9975 deletes...
Processed 2000/9975 deletes...
Processed 3000/9975 deletes...
Processed 4000/9975 deletes...
Processed 5000/9975 deletes...
Processed 6000/9975 deletes...
Processed 7000/9975 deletes...
Processed 8000/9975 deletes...
Processed 9000/9975 deletes...
[Redis] docker compose down successfully!!!
Trying to instantiate bigvectorbench.algorithms.redis.RedisHNSW(['euclidean', 384, {'m': 128, 'ef_construction': 400, 'ef_runtime': 100}])
[Redis] docker compose up successfully!!!
[Redis] client connected successfully!!!
Dataset type: filter-ann
Distance metric: euclidean
Got a train set of size               (620643 * 384) with 1 labels
label names: ['unixtime']
label types: ['int32']
filter expression function: 
def filter_expr(unixtime):
    unixtime_head = unixtime - 3 * 24 * 60 * 60
    unixtime_tail = unixtime
    return f"unixtime >= {unixtime_head} and unixtime <= {unixtime_tail}"

Got 10000 queries
[Redis] load data with 1 labels!!!
[Redis] create schema successfully!!!
[Redis] Start uploading 620643 vectors...
[Redis] Uploaded 620643 vectors successfully!!!
Inserted data in 1772.3139691352844
Memory usage:  3192368.0
Built index in  8.031310081481934
Index size:  1036.0
Running query argument group 1 of 1...
Run 1/1...
Warmup round 1/2...
Processed 1000/9975 queries...
Warmup round 2/2...
Processed 2000/9975 queries...
Processed 3000/9975 queries...
Processed 4000/9975 queries...
Processed 5000/9975 queries...
Processed 6000/9975 queries...
Processed 7000/9975 queries...
Processed 8000/9975 queries...
Processed 9000/9975 queries...
Processed 10000/9975 queries...
Processed 11000/9975 queries...
Processed 0/9975 inserts...
Processed 1000/9975 inserts...
Processed 2000/9975 inserts...
Processed 3000/9975 inserts...
Processed 4000/9975 inserts...
Processed 5000/9975 inserts...
Processed 6000/9975 inserts...
Processed 7000/9975 inserts...
Processed 8000/9975 inserts...
Processed 9000/9975 inserts...
Processed 0/9975 updates...
Processed 1000/9975 updates...
Processed 2000/9975 updates...
Processed 3000/9975 updates...
Processed 4000/9975 updates...
Processed 5000/9975 updates...
Processed 6000/9975 updates...
Processed 7000/9975 updates...
Processed 8000/9975 updates...
 Container redis  Stopping
 Container redis  Stopped
 Container redis  Removing
 Container redis  Removed
 Network redis_default  Removing
 Network redis_default  Removed
 Network redis_default  Creating
 Network redis_default  Created
 Container redis  Creating
 Container redis  Created
 Container redis  Starting
 Container redis  Started
 Container redis  Stopping
 Container redis  Stopped
 Container redis  Removing
 Container redis  Removed
 Network redis_default  Removing
 Network redis_default  Removed
 Network redis_default  Creating
 Network redis_default  Created
 Container redis  Creating
 Container redis  Created
 Container redis  Starting
 Container redis  Started
 Container redis  Stopping
 Container redis  Stopped
 Container redis  Removing
 Container redis  Removed
 Network redis_default  Removing
 Network redis_default  Removed
 Network redis_default  Creating
 Network redis_default  Created
 Container redis  Creating
 Container redis  Created
 Container redis  Starting
 Container redis  Started
 Container redis  Stopping
 Container redis  Stopped
 Container redis  Removing
 Container redis  Removed
 Network redis_default  Removing
 Network redis_default  Removed
 Network redis_default  Creating
 Network redis_default  Created
 Container redis  Creating
 Container redis  Created
 Container redis  Starting
 Container redis  Started
Processed 9000/9975 updates...
Processed 0/9975 deletes...
Processed 1000/9975 deletes...
Processed 2000/9975 deletes...
Processed 3000/9975 deletes...
Processed 4000/9975 deletes...
Processed 5000/9975 deletes...
Processed 6000/9975 deletes...
Processed 7000/9975 deletes...
Processed 8000/9975 deletes...
Processed 9000/9975 deletes...
[Redis] docker compose down successfully!!!
Trying to instantiate bigvectorbench.algorithms.redis.RedisHNSW(['euclidean', 384, {'m': 32, 'ef_construction': 400, 'ef_runtime': 800}])
[Redis] docker compose up successfully!!!
[Redis] client connected successfully!!!
Dataset type: filter-ann
Distance metric: euclidean
Got a train set of size               (620643 * 384) with 1 labels
label names: ['unixtime']
label types: ['int32']
filter expression function: 
def filter_expr(unixtime):
    unixtime_head = unixtime - 3 * 24 * 60 * 60
    unixtime_tail = unixtime
    return f"unixtime >= {unixtime_head} and unixtime <= {unixtime_tail}"

Got 10000 queries
[Redis] load data with 1 labels!!!
[Redis] create schema successfully!!!
[Redis] Start uploading 620643 vectors...
[Redis] Uploaded 620643 vectors successfully!!!
Inserted data in 921.3643465042114
Memory usage:  2737824.0
Built index in  8.029346942901611
Index size:  -56.0
Running query argument group 1 of 1...
Run 1/1...
Warmup round 1/2...
Processed 1000/9975 queries...
Warmup round 2/2...
Processed 2000/9975 queries...
Processed 3000/9975 queries...
Processed 4000/9975 queries...
Processed 5000/9975 queries...
Processed 6000/9975 queries...
Processed 7000/9975 queries...
Processed 8000/9975 queries...
Processed 9000/9975 queries...
Processed 10000/9975 queries...
Processed 11000/9975 queries...
Processed 0/9975 inserts...
Processed 1000/9975 inserts...
Processed 2000/9975 inserts...
Processed 3000/9975 inserts...
Processed 4000/9975 inserts...
Processed 5000/9975 inserts...
Processed 6000/9975 inserts...
Processed 7000/9975 inserts...
Processed 8000/9975 inserts...
Processed 9000/9975 inserts...
Processed 0/9975 updates...
Processed 1000/9975 updates...
Processed 2000/9975 updates...
Processed 3000/9975 updates...
Processed 4000/9975 updates...
Processed 5000/9975 updates...
Processed 6000/9975 updates...
Processed 7000/9975 updates...
Processed 8000/9975 updates...
Processed 9000/9975 updates...
Processed 0/9975 deletes...
Processed 1000/9975 deletes...
Processed 2000/9975 deletes...
Processed 3000/9975 deletes...
Processed 4000/9975 deletes...
Processed 5000/9975 deletes...
Processed 6000/9975 deletes...
Processed 7000/9975 deletes...
Processed 8000/9975 deletes...
Processed 9000/9975 deletes...
[Redis] docker compose down successfully!!!
Trying to instantiate bigvectorbench.algorithms.redis.RedisHNSW(['euclidean', 384, {'m': 64, 'ef_construction': 400, 'ef_runtime': 100}])
[Redis] docker compose up successfully!!!
[Redis] client connected successfully!!!
Dataset type: filter-ann
Distance metric: euclidean
Got a train set of size               (620643 * 384) with 1 labels
label names: ['unixtime']
label types: ['int32']
filter expression function: 
def filter_expr(unixtime):
    unixtime_head = unixtime - 3 * 24 * 60 * 60
    unixtime_tail = unixtime
    return f"unixtime >= {unixtime_head} and unixtime <= {unixtime_tail}"

Got 10000 queries
[Redis] load data with 1 labels!!!
[Redis] create schema successfully!!!
[Redis] Start uploading 620643 vectors...
[Redis] Uploaded 620643 vectors successfully!!!
Inserted data in 1149.372887134552
Memory usage:  2878400.0
Built index in  8.02770733833313
Index size:  -80.0
Running query argument group 1 of 1...
Run 1/1...
Warmup round 1/2...
Processed 1000/9975 queries...
Warmup round 2/2...
Processed 2000/9975 queries...
Processed 3000/9975 queries...
Processed 4000/9975 queries...
Processed 5000/9975 queries...
Processed 6000/9975 queries...
Processed 7000/9975 queries...
Processed 8000/9975 queries...
Processed 9000/9975 queries...
Processed 10000/9975 queries...
Processed 11000/9975 queries...
Processed 0/9975 inserts...
Processed 1000/9975 inserts...
Processed 2000/9975 inserts...
Processed 3000/9975 inserts...
Processed 4000/9975 inserts...
Processed 5000/9975 inserts...
Processed 6000/9975 inserts...
Processed 7000/9975 inserts...
Processed 8000/9975 inserts...
Processed 9000/9975 inserts...
Processed 0/9975 updates...
Processed 1000/9975 updates...
Processed 2000/9975 updates...
Processed 3000/9975 updates...
Processed 4000/9975 updates...
Processed 5000/9975 updates...
Processed 6000/9975 updates...
Processed 7000/9975 updates...
Processed 8000/9975 updates...
Processed 9000/9975 updates...
Processed 0/9975 deletes...
Processed 1000/9975 deletes...
Processed 2000/9975 deletes...
Processed 3000/9975 deletes...
Processed 4000/9975 deletes...
Processed 5000/9975 deletes...
Processed 6000/9975 deletes...
Processed 7000/9975 deletes...
Processed 8000/9975 deletes...
Processed 9000/9975 deletes...
[Redis] docker compose down successfully!!!
Trying to instantiate bigvectorbench.algorithms.redis.RedisHNSW(['euclidean', 384, {'m': 32, 'ef_construction': 400, 'ef_runtime': 400}])
[Redis] docker compose up successfully!!!
[Redis] client connected successfully!!!
Dataset type: filter-ann
Distance metric: euclidean
Got a train set of size               (620643 * 384) with 1 labels
label names: ['unixtime']
label types: ['int32']
filter expression function: 
def filter_expr(unixtime):
    unixtime_head = unixtime - 3 * 24 * 60 * 60
    unixtime_tail = unixtime
    return f"unixtime >= {unixtime_head} and unixtime <= {unixtime_tail}"

Got 10000 queries
[Redis] load data with 1 labels!!!
[Redis] create schema successfully!!!
[Redis] Start uploading 620643 vectors...
[Redis] Uploaded 620643 vectors successfully!!!
Inserted data in 924.6038281917572
Memory usage:  2736884.0
Built index in  8.030388832092285
Index size:  -1032.0
Running query argument group 1 of 1...
Run 1/1...
Warmup round 1/2...
Processed 1000/9975 queries...
Warmup round 2/2...
Processed 2000/9975 queries...
Processed 3000/9975 queries...
Processed 4000/9975 queries...
Processed 5000/9975 queries...
Processed 6000/9975 queries...
Processed 7000/9975 queries...
Processed 8000/9975 queries...
Processed 9000/9975 queries...
Processed 10000/9975 queries...
Processed 11000/9975 queries...
Processed 0/9975 inserts...
Processed 1000/9975 inserts...
Processed 2000/9975 inserts...
Processed 3000/9975 inserts...
Processed 4000/9975 inserts...
Processed 5000/9975 inserts...
Processed 6000/9975 inserts...
Processed 7000/9975 inserts...
Processed 8000/9975 inserts...
Processed 9000/9975 inserts...
Processed 0/9975 updates...
Processed 1000/9975 updates...
Processed 2000/9975 updates...
Processed 3000/9975 updates...
Processed 4000/9975 updates...
Processed 5000/9975 updates...
Processed 6000/9975 updates...
Processed 7000/9975 updates...
Processed 8000/9975 updates...
Processed 9000/9975 updates...
Processed 0/9975 deletes...
Processed 1000/9975 deletes...
Processed 2000/9975 deletes...
Processed 3000/9975 deletes...
Processed 4000/9975 deletes...
Processed 5000/9975 deletes...
Processed 6000/9975 deletes...
Processed 7000/9975 deletes...
Processed 8000/9975 deletes...
Processed 9000/9975 deletes...
[Redis] docker compose down successfully!!!
Trying to instantiate bigvectorbench.algorithms.redis.RedisHNSW(['euclidean', 384, {'m': 32, 'ef_construction': 400, 'ef_runtime': 200}])
[Redis] docker compose up successfully!!!
[Redis] client connected successfully!!!
Dataset type: filter-ann
Distance metric: euclidean
Got a train set of size               (620643 * 384) with 1 labels
label names: ['unixtime']
label types: ['int32']
filter expression function: 
def filter_expr(unixtime):
    unixtime_head = unixtime - 3 * 24 * 60 * 60
    unixtime_tail = unixtime
    return f"unixtime >= {unixtime_head} and unixtime <= {unixtime_tail}"

Got 10000 queries
[Redis] load data with 1 labels!!!
[Redis] create schema successfully!!!
[Redis] Start uploading 620643 vectors...
[Redis] Uploaded 620643 vectors successfully!!!
Inserted data in 923.5589895248413
Memory usage:  2742144.0
Built index in  8.029509544372559
Index size:  -356.0
Running query argument group 1 of 1...
Run 1/1...
 Container redis  Stopping
 Container redis  Stopped
 Container redis  Removing
 Container redis  Removed
 Network redis_default  Removing
 Network redis_default  Removed
 Network redis_default  Creating
 Network redis_default  Created
 Container redis  Creating
 Container redis  Created
 Container redis  Starting
 Container redis  Started
 Container redis  Stopping
 Container redis  Stopped
 Container redis  Removing
 Container redis  Removed
 Network redis_default  Removing
 Network redis_default  Removed
 Network redis_default  Creating
 Network redis_default  Created
 Container redis  Creating
 Container redis  Created
 Container redis  Starting
 Container redis  Started
 Container redis  Stopping
 Container redis  Stopped
 Container redis  Removing
 Container redis  Removed
 Network redis_default  Removing
 Network redis_default  Removed
 Network redis_default  Creating
 Network redis_default  Created
 Container redis  Creating
 Container redis  Created
 Container redis  Starting
 Container redis  Started
 Container redis  Stopping
 Container redis  Stopped
 Container redis  Removing
 Container redis  Removed
 Network redis_default  Removing
 Network redis_default  Removed
Warmup round 1/2...
Processed 1000/9975 queries...
Warmup round 2/2...
Processed 2000/9975 queries...
Processed 3000/9975 queries...
Processed 4000/9975 queries...
Processed 5000/9975 queries...
Processed 6000/9975 queries...
Processed 7000/9975 queries...
Processed 8000/9975 queries...
Processed 9000/9975 queries...
Processed 10000/9975 queries...
Processed 11000/9975 queries...
Processed 0/9975 inserts...
Processed 1000/9975 inserts...
Processed 2000/9975 inserts...
Processed 3000/9975 inserts...
Processed 4000/9975 inserts...
Processed 5000/9975 inserts...
Processed 6000/9975 inserts...
Processed 7000/9975 inserts...
Processed 8000/9975 inserts...
Processed 9000/9975 inserts...
Processed 0/9975 updates...
Processed 1000/9975 updates...
Processed 2000/9975 updates...
Processed 3000/9975 updates...
Processed 4000/9975 updates...
Processed 5000/9975 updates...
Processed 6000/9975 updates...
Processed 7000/9975 updates...
Processed 8000/9975 updates...
Processed 9000/9975 updates...
Processed 0/9975 deletes...
Processed 1000/9975 deletes...
Processed 2000/9975 deletes...
Processed 3000/9975 deletes...
Processed 4000/9975 deletes...
Processed 5000/9975 deletes...
Processed 6000/9975 deletes...
Processed 7000/9975 deletes...
Processed 8000/9975 deletes...
Processed 9000/9975 deletes...
[Redis] docker compose down successfully!!!
Trying to instantiate bigvectorbench.algorithms.redis.RedisHNSW(['euclidean', 384, {'m': 32, 'ef_construction': 100, 'ef_runtime': 1600}])
[Redis] docker compose up successfully!!!
[Redis] client connected successfully!!!
Dataset type: filter-ann
Distance metric: euclidean
Got a train set of size               (620643 * 384) with 1 labels
label names: ['unixtime']
label types: ['int32']
filter expression function: 
def filter_expr(unixtime):
    unixtime_head = unixtime - 3 * 24 * 60 * 60
    unixtime_tail = unixtime
    return f"unixtime >= {unixtime_head} and unixtime <= {unixtime_tail}"

Got 10000 queries
[Redis] load data with 1 labels!!!
[Redis] create schema successfully!!!
[Redis] Start uploading 620643 vectors...
[Redis] Uploaded 620643 vectors successfully!!!
Inserted data in 264.604389667511
Memory usage:  2725608.0
Built index in  8.029688358306885
Index size:  176.0
Running query argument group 1 of 1...
Run 1/1...
Warmup round 1/2...
Processed 1000/9975 queries...
Warmup round 2/2...
Processed 2000/9975 queries...
Processed 3000/9975 queries...
Processed 4000/9975 queries...
Processed 5000/9975 queries...
Processed 6000/9975 queries...
Processed 7000/9975 queries...
Processed 8000/9975 queries...
Processed 9000/9975 queries...
Processed 10000/9975 queries...
Processed 11000/9975 queries...
Processed 0/9975 inserts...
Processed 1000/9975 inserts...
Processed 2000/9975 inserts...
Processed 3000/9975 inserts...
Processed 4000/9975 inserts...
Processed 5000/9975 inserts...
Processed 6000/9975 inserts...
Processed 7000/9975 inserts...
Processed 8000/9975 inserts...
Processed 9000/9975 inserts...
Processed 0/9975 updates...
Processed 1000/9975 updates...
Processed 2000/9975 updates...
Processed 3000/9975 updates...
Processed 4000/9975 updates...
Processed 5000/9975 updates...
Processed 6000/9975 updates...
Processed 7000/9975 updates...
Processed 8000/9975 updates...
Processed 9000/9975 updates...
Processed 0/9975 deletes...
Processed 1000/9975 deletes...
Processed 2000/9975 deletes...
Processed 3000/9975 deletes...
Processed 4000/9975 deletes...
Processed 5000/9975 deletes...
Processed 6000/9975 deletes...
Processed 7000/9975 deletes...
Processed 8000/9975 deletes...
Processed 9000/9975 deletes...
[Redis] docker compose down successfully!!!
Trying to instantiate bigvectorbench.algorithms.redis.RedisHNSW(['euclidean', 384, {'m': 64, 'ef_construction': 400, 'ef_runtime': 1600}])
[Redis] docker compose up successfully!!!
[Redis] client connected successfully!!!
Dataset type: filter-ann
Distance metric: euclidean
Got a train set of size               (620643 * 384) with 1 labels
label names: ['unixtime']
label types: ['int32']
filter expression function: 
def filter_expr(unixtime):
    unixtime_head = unixtime - 3 * 24 * 60 * 60
    unixtime_tail = unixtime
    return f"unixtime >= {unixtime_head} and unixtime <= {unixtime_tail}"

Got 10000 queries
[Redis] load data with 1 labels!!!
[Redis] create schema successfully!!!
[Redis] Start uploading 620643 vectors...
[Redis] Uploaded 620643 vectors successfully!!!
Inserted data in 1132.6457035541534
Memory usage:  2882340.0
Built index in  8.033714771270752
Index size:  -484.0
Running query argument group 1 of 1...
Run 1/1...
Warmup round 1/2...
Processed 1000/9975 queries...
Warmup round 2/2...
Processed 2000/9975 queries...
Processed 3000/9975 queries...
Processed 4000/9975 queries...
Processed 5000/9975 queries...
Processed 6000/9975 queries...
Processed 7000/9975 queries...
Processed 8000/9975 queries...
Processed 9000/9975 queries...
Processed 10000/9975 queries...
Processed 11000/9975 queries...
Processed 0/9975 inserts...
Processed 1000/9975 inserts...
Processed 2000/9975 inserts...
Processed 3000/9975 inserts...
Processed 4000/9975 inserts...
Processed 5000/9975 inserts...
Processed 6000/9975 inserts...
Processed 7000/9975 inserts...
Processed 8000/9975 inserts...
Processed 9000/9975 inserts...
Processed 0/9975 updates...
Processed 1000/9975 updates...
Processed 2000/9975 updates...
Processed 3000/9975 updates...
Processed 4000/9975 updates...
Processed 5000/9975 updates...
Processed 6000/9975 updates...
Processed 7000/9975 updates...
Processed 8000/9975 updates...
Processed 9000/9975 updates...
Processed 0/9975 deletes...
Processed 1000/9975 deletes...
Processed 2000/9975 deletes...
Processed 3000/9975 deletes...
Processed 4000/9975 deletes...
Processed 5000/9975 deletes...
Processed 6000/9975 deletes...
Processed 7000/9975 deletes...
Processed 8000/9975 deletes...
Processed 9000/9975 deletes...
[Redis] docker compose down successfully!!!
Trying to instantiate bigvectorbench.algorithms.redis.RedisHNSW(['euclidean', 384, {'m': 32, 'ef_construction': 400, 'ef_runtime': 1600}])
[Redis] docker compose up successfully!!!
[Redis] client connected successfully!!!
Dataset type: filter-ann
Distance metric: euclidean
Got a train set of size               (620643 * 384) with 1 labels
label names: ['unixtime']
label types: ['int32']
filter expression function: 
def filter_expr(unixtime):
    unixtime_head = unixtime - 3 * 24 * 60 * 60
    unixtime_tail = unixtime
    return f"unixtime >= {unixtime_head} and unixtime <= {unixtime_tail}"

Got 10000 queries
[Redis] load data with 1 labels!!!
[Redis] create schema successfully!!!
[Redis] Start uploading 620643 vectors...
[Redis] Uploaded 620643 vectors successfully!!!
Inserted data in 920.9168667793274
Memory usage:  2739004.0
Built index in  8.031446695327759
Index size:  -96.0
Running query argument group 1 of 1...
Run 1/1...
Warmup round 1/2...
Processed 1000/9975 queries...
Warmup round 2/2...
Processed 2000/9975 queries...
Processed 3000/9975 queries...
Processed 4000/9975 queries...
Processed 5000/9975 queries...
Processed 6000/9975 queries...
Processed 7000/9975 queries...
Processed 8000/9975 queries...
Processed 9000/9975 queries...
Processed 10000/9975 queries...
Processed 11000/9975 queries...
Processed 0/9975 inserts...
Processed 1000/9975 inserts...
Processed 2000/9975 inserts...
Processed 3000/9975 inserts...
Processed 4000/9975 inserts...
Processed 5000/9975 inserts...
Processed 6000/9975 inserts...
Processed 7000/9975 inserts...
Processed 8000/9975 inserts...
Processed 9000/9975 inserts...
Processed 0/9975 updates...
Processed 1000/9975 updates...
Processed 2000/9975 updates...
Processed 3000/9975 updates...
Processed 4000/9975 updates...
Processed 5000/9975 updates...
Processed 6000/9975 updates...
Processed 7000/9975 updates...
Processed 8000/9975 updates...
Processed 9000/9975 updates...
Processed 0/9975 deletes...
Processed 1000/9975 deletes...
Processed 2000/9975 deletes...
Processed 3000/9975 deletes...
Processed 4000/9975 deletes...
Processed 5000/9975 deletes...
Processed 6000/9975 deletes...
Processed 7000/9975 deletes...
Processed 8000/9975 deletes...
Processed 9000/9975 deletes...
[Redis] docker compose down successfully!!!
2026-08-17 18:38:36,213 - bvb - INFO - Terminating 1 workers
