generating for 17
load index finished ...
[Warning] Cannot open ID mapping file: bins/01_maxcorr/id_mapping.bin. Using raw IDs.

>>> Saving paths to 01_zero.txt (converting IDs)...
   [iRG Debug] Avg EntryPoint Distance to Query: 1.4945
   [iRG Debug] Avg EntryPoint Distance to Query: 1.4024
   [iRG Debug] Avg EntryPoint Distance to Query: 1.25705
   [iRG Debug] Avg EntryPoint Distance to Query: 1.38063
   [iRG Debug] Avg EntryPoint Distance to Query: 1.37308
   [iRG Debug] Avg EntryPoint Distance to Query: 1.39909
   [iRG Debug] Avg EntryPoint Distance to Query: 1.51899
   [iRG Debug] Avg EntryPoint Distance to Query: 1.36638
   [iRG Debug] Avg EntryPoint Distance to Query: 1.48123
   [iRG Debug] Avg EntryPoint Distance to Query: 1.50655
>>> Saved 10 paths to 01_zero.txt.

suffix = 17
ef:100 latency_p50_s:0.000459 latency_p95_s:0.000512 latency_p99_s:0.00053701 warmup_runs:2 warmup_queries:1000
ef:200 latency_p50_s:0.000847 latency_p95_s:0.000955 latency_p99_s:0.000994 warmup_runs:2 warmup_queries:1000
ef:400 latency_p50_s:0.001565 latency_p95_s:0.001829 latency_p99_s:0.00192301 warmup_runs:2 warmup_queries:1000
ef:800 latency_p50_s:0.00278 latency_p95_s:0.003369 latency_p99_s:0.003558 warmup_runs:2 warmup_queries:1000
ef:1600 latency_p50_s:0.004929 latency_p95_s:0.00610705 latency_p99_s:0.00651701 warmup_runs:2 warmup_queries:1000
