====================
START: running TEST_ACORN for hnsw, sift data --112cores

N: 620643
gamma: 12
dataset: cc_news-original
M: 64
M_beta: 64
efc (efConstruction): 100
efSearch sweep: 5 values (first=100 last=1600)
[LABEL/FILTER IO] labels: path=Datasets/cc_news-original/cc_news-original_labels.fvecs, d_label=1, n_labels=620643
[LABEL/FILTER IO] filters: path=Datasets/cc_news-original/cc_news-original_filters.fvecs, d_filter=2, n_filters=9975
[0.012 s] Loaded metadata from labels first dim, count=620643
dataset cc_news-original: with label dim 1, filter_cnt 2
[0.012 s] Loading query vectors and attributes
get_file_name
query vecs data loaded, with dim: 384, nb=9975
[0.022 s] Loaded query vectors from ./Datasets/cc_news-original/cc_news-original_query.fvecs
[0.022 s] Loaded 9975 cc_news-original queries
load_gt: loaded GT from ./Datasets/cc_news-original/cc_news-original_neighbors.ivecs (ivecs n=9975 d=100, using first 100 ids)
[0.033 s] Loaded ground truth, gt_size: 100, entries: 997500
[0.033 s] Index Params -- d: 384, M: 64, N: 620643, gamma: 12
====================Write Index====================

====================Vectors====================

[0.033 s] Loading database
get_file_name
[0.672 s] Loaded base vectors from file: ./Datasets/cc_news-original/cc_news-original_base.fvecs
data loaded, with dim: 384, nb=620643
[0.672 s] Indexing database, size 620643*384 from max 620643
[0.672 s] Adding the vectors to the index
[OMP] Using 28 threads for INDEX BUILD
build base index for dataset cc_news-original
[0.672 s] Wrote base index to file: ./tmp/cc_news-original/base_M=64_efc=100.json
---- MEM[BASE_BUILD] ----
begin_RSS : 954.60 MB (0.93 GB)
peak_RSS  : 954.86 MB (0.93 GB)
peak_HWM  : 954.86 MB (0.93 GB)
end_RSS   : 955.00 MB (0.93 GB)
delta_RSS : 0.26 MB
ru_maxrss : 955.00 MB
build hybrid index for dataset cc_news-original
[192.435 s] Wrote hybrid index to file: ./tmp/cc_news-original/hybrid_M=64_efc100_Mb=64_gamma=12.json
---- MEM[HYBRID_BUILD] ----
begin_RSS : 955.00 MB (0.93 GB)
peak_RSS  : 2503.06 MB (2.44 GB)
peak_HWM  : 2507.70 MB (2.45 GB)
end_RSS   : 2304.87 MB (2.25 GB)
delta_RSS : 1548.06 MB
ru_maxrss : 2507.70 MB
index_build_s: 191.757564
serialized_index_bytes: 1390711990
build hybrid gamma1 index for dataset cc_news-original
---- MEM[HYBRID_G1_BUILD] ----
begin_RSS : 2304.87 MB (2.25 GB)
peak_RSS  : 2304.87 MB (2.25 GB)
peak_HWM  : 2507.70 MB (2.45 GB)
end_RSS   : 2304.87 MB (2.25 GB)
delta_RSS : 0.00 MB
ru_maxrss : 2507.70 MB
[192.531 s] Vectors added to base index 
Base index vectors added: 620643
[192.531 s] Vectors added to hybrid index 
Hybrid index vectors added620643
[192.531 s] Vectors added to hybrid index with gamma=1 
Hybrid index with gamma=1 vectors added620643
[OMP] Using 28 threads for SEARCH
====================================
============ BASE INDEX =============
====================================
====================================
============ ACORN INDEX =============
====================================
==================== ACORN INDEX ====================
[192.599 s] Searching the 100 nearest neighbors of 9975 vectors in the index, efsearch 16
[FILTER MAP] Using 28 threads outside search timing

========================================
=== FILTER DEBUG (First Batch) ===
========================================

Overall statistics:
  Total elements: 248257200
  Valid candidates: 6146444 (2.4758%)

--- Query 0 ---
Filter bounds:
  Interval 0: [0.00, 0.00]
Valid candidates for this query: 763 / 620643 (0.1229%)
Direct-scan valid (label_dim=1,l=1): 763 / 620643 (0.1229%)
First 5 base vectors passing filter:
  Base     0: labels=[0]
  Base     1: labels=[0]
  Base     2: labels=[0]
  Base     3: labels=[0]
  Base     4: labels=[0]

--- Query 1 ---
Filter bounds:
  Interval 0: [0.00, 0.00]
Valid candidates for this query: 763 / 620643 (0.1229%)
Direct-scan valid (label_dim=1,l=1): 763 / 620643 (0.1229%)
First 5 base vectors passing filter:
  Base     0: labels=[0]
  Base     1: labels=[0]
  Base     2: labels=[0]
  Base     3: labels=[0]
  Base     4: labels=[0]

--- Query 2 ---
Filter bounds:
  Interval 0: [0.00, 0.00]
Valid candidates for this query: 763 / 620643 (0.1229%)
Direct-scan valid (label_dim=1,l=1): 763 / 620643 (0.1229%)
First 5 base vectors passing filter:
  Base     0: labels=[0]
  Base     1: labels=[0]
  Base     2: labels=[0]
  Base     3: labels=[0]
  Base     4: labels=[0]
========================================

[efs=100][timed_k=100] search_time=1.198 s, avg=0.120 ms/query, QPS=8327.6
[efs=100] latency_p50_s=0.000118175 latency_p95_s=0.000145825 latency_p99_s=0.000172613 warmup_runs=2 warmup_queries=1000
[efs=100] R@1=0.7574 (same run as timed_k=100)
[efs=100] R@5=0.8393 (same run as timed_k=100)
[efs=100] R@10=0.8583 (same run as timed_k=100)
[efs=100] R@100=0.8449 (same run as timed_k=100)
[efs=100] R@1=0.7574 | R@5=0.8393 | R@10=0.8583 | R@100=0.8449 | QPS@100=8327.6
[efs=200][timed_k=100] search_time=2.036 s, avg=0.204 ms/query, QPS=4899.3
[efs=200] latency_p50_s=0.000201113 latency_p95_s=0.000243950 latency_p99_s=0.000246825 warmup_runs=2 warmup_queries=1000
[efs=200] R@1=0.7664 (same run as timed_k=100)
[efs=200] R@5=0.8501 (same run as timed_k=100)
[efs=200] R@10=0.8704 (same run as timed_k=100)
[efs=200] R@100=0.8824 (same run as timed_k=100)
[efs=200] R@1=0.7664 | R@5=0.8501 | R@10=0.8704 | R@100=0.8824 | QPS@100=4899.3
[efs=400][timed_k=100] search_time=3.749 s, avg=0.376 ms/query, QPS=2660.8
[efs=400] latency_p50_s=0.000379642 latency_p95_s=0.000433623 latency_p99_s=0.000457683 warmup_runs=2 warmup_queries=1000
[efs=400] R@1=0.7704 (same run as timed_k=100)
[efs=400] R@5=0.8546 (same run as timed_k=100)
[efs=400] R@10=0.8756 (same run as timed_k=100)
[efs=400] R@100=0.8995 (same run as timed_k=100)
[efs=400] R@1=0.7704 | R@5=0.8546 | R@10=0.8756 | R@100=0.8995 | QPS@100=2660.8
[efs=800][timed_k=100] search_time=7.000 s, avg=0.702 ms/query, QPS=1425.1
[efs=800] latency_p50_s=0.000708073 latency_p95_s=0.000850868 latency_p99_s=0.000895438 warmup_runs=2 warmup_queries=1000
[efs=800] R@1=0.7717 (same run as timed_k=100)
[efs=800] R@5=0.8566 (same run as timed_k=100)
[efs=800] R@10=0.8778 (same run as timed_k=100)
[efs=800] R@100=0.9068 (same run as timed_k=100)
[efs=800] R@1=0.7717 | R@5=0.8566 | R@10=0.8778 | R@100=0.9068 | QPS@100=1425.1
[efs=1600][timed_k=100] search_time=13.023 s, avg=1.306 ms/query, QPS=766.0
[efs=1600] latency_p50_s=0.001304908 latency_p95_s=0.001566490 latency_p99_s=0.001618287 warmup_runs=2 warmup_queries=1000
[efs=1600] R@1=0.7724 (same run as timed_k=100)
[efs=1600] R@5=0.8574 (same run as timed_k=100)
[efs=1600] R@10=0.8787 (same run as timed_k=100)
[efs=1600] R@100=0.9097 (same run as timed_k=100)
[efs=1600] R@1=0.7724 | R@5=0.8574 | R@10=0.8787 | R@100=0.9097 | QPS@100=766.0
finished hybrid index examples
============= ACORN QUERY PROFILING STATS =============
[249.563 s] Timing results for search of k=100 nearest neighbors of nq=9975 vectors in the index
n1: 59875
n2: 59875
n3 (number distance comps at level 0): 243664405
ndis: 0
nreorder: 0
average distance computations per query: 4069.551514
[249.563 s] -----DONE-----
