generating for 17
load index finished ...
[Warning] Cannot open ID mapping file: bins/01_maxcorr/id_mapping.bin. Using raw IDs.

>>> Saving paths to 01_zero.txt (converting IDs)...
   [iRG Debug] Avg EntryPoint Distance to Query: 1.72721
   [iRG Debug] Avg EntryPoint Distance to Query: 1.88387
   [iRG Debug] Avg EntryPoint Distance to Query: 1.77546
   [iRG Debug] Avg EntryPoint Distance to Query: 1.94193
   [iRG Debug] Avg EntryPoint Distance to Query: 1.88508
   [iRG Debug] Avg EntryPoint Distance to Query: 1.93188
   [iRG Debug] Avg EntryPoint Distance to Query: 1.62356
   [iRG Debug] Avg EntryPoint Distance to Query: 1.78022
   [iRG Debug] Avg EntryPoint Distance to Query: 1.8787
   [iRG Debug] Avg EntryPoint Distance to Query: 1.86699
>>> Saved 10 paths to 01_zero.txt.

suffix = 17
ef:100 latency_p50_s:0.000592 latency_p95_s:0.000905 latency_p99_s:0.00102352 warmup_runs:2 warmup_queries:1000
ef:200 latency_p50_s:0.001027 latency_p95_s:0.001595 latency_p99_s:0.00179952 warmup_runs:2 warmup_queries:1000
ef:400 latency_p50_s:0.001791 latency_p95_s:0.00277 latency_p99_s:0.0031403 warmup_runs:2 warmup_queries:1000
ef:800 latency_p50_s:0.003089 latency_p95_s:0.004708 latency_p99_s:0.00539904 warmup_runs:2 warmup_queries:1000
ef:1600 latency_p50_s:0.005093 latency_p95_s:0.007645 latency_p99_s:0.00908568 warmup_runs:2 warmup_queries:1000
