generating for 17
load index finished ...
[Warning] Cannot open ID mapping file: bins/01_maxcorr/id_mapping.bin. Using raw IDs.

>>> Saving paths to 01_zero.txt (converting IDs)...
   [iRG Debug] Avg EntryPoint Distance to Query: 1.78491
   [iRG Debug] Avg EntryPoint Distance to Query: 1.97378
   [iRG Debug] Avg EntryPoint Distance to Query: 1.52544
   [iRG Debug] Avg EntryPoint Distance to Query: 1.83023
   [iRG Debug] Avg EntryPoint Distance to Query: 1.74484
   [iRG Debug] Avg EntryPoint Distance to Query: 1.99614
   [iRG Debug] Avg EntryPoint Distance to Query: 1.69972
   [iRG Debug] Avg EntryPoint Distance to Query: 1.37659
   [iRG Debug] Avg EntryPoint Distance to Query: 1.88446
   [iRG Debug] Avg EntryPoint Distance to Query: 1.7979
>>> Saved 10 paths to 01_zero.txt.

suffix = 17
ef:100 latency_p50_s:0.000381 latency_p95_s:0.000562 latency_p99_s:0.00062826 warmup_runs:2 warmup_queries:1000
ef:200 latency_p50_s:0.000682 latency_p95_s:0.001011 latency_p99_s:0.00112626 warmup_runs:2 warmup_queries:1000
ef:400 latency_p50_s:0.001225 latency_p95_s:0.001817 latency_p99_s:0.00202326 warmup_runs:2 warmup_queries:1000
ef:800 latency_p50_s:0.002178 latency_p95_s:0.0032213 latency_p99_s:0.00356404 warmup_runs:2 warmup_queries:1000
ef:1600 latency_p50_s:0.003884 latency_p95_s:0.005555 latency_p99_s:0.00613926 warmup_runs:2 warmup_queries:1000
