====================
START: running TEST_ACORN for hnsw, sift data --112cores

N: 620643
gamma: 12
dataset: cc_news-shuffled
M: 128
M_beta: 128
efc (efConstruction): 400
efSearch sweep: 5 values (first=100 last=1600)
[LABEL/FILTER IO] labels: path=Datasets/cc_news-shuffled/cc_news-shuffled_labels.fvecs, d_label=1, n_labels=620643
[LABEL/FILTER IO] filters: path=Datasets/cc_news-shuffled/cc_news-shuffled_filters.fvecs, d_filter=2, n_filters=9975
[0.011 s] Loaded metadata from labels first dim, count=620643
dataset cc_news-shuffled: with label dim 1, filter_cnt 2
[0.011 s] Loading query vectors and attributes
get_file_name
query vecs data loaded, with dim: 384, nb=9975
[0.019 s] Loaded query vectors from ./Datasets/cc_news-shuffled/cc_news-shuffled_query.fvecs
[0.019 s] Loaded 9975 cc_news-shuffled queries
load_gt: loaded GT from ./Datasets/cc_news-shuffled/cc_news-shuffled_neighbors.ivecs (ivecs n=9975 d=100, using first 100 ids)
[0.054 s] Loaded ground truth, gt_size: 100, entries: 997500
[0.054 s] Index Params -- d: 384, M: 128, N: 620643, gamma: 12
====================Write Index====================

====================Vectors====================

[0.054 s] Loading database
get_file_name
[0.636 s] Loaded base vectors from file: ./Datasets/cc_news-shuffled/cc_news-shuffled_base.fvecs
data loaded, with dim: 384, nb=620643
[0.636 s] Indexing database, size 620643*384 from max 620643
[0.636 s] Adding the vectors to the index
[OMP] Using 28 threads for INDEX BUILD
build base index for dataset cc_news-shuffled
[0.637 s] Wrote base index to file: ./tmp/cc_news-shuffled/base_M=128_efc=400.json
---- MEM[BASE_BUILD] ----
begin_RSS : 954.80 MB (0.93 GB)
peak_RSS  : 955.06 MB (0.93 GB)
peak_HWM  : 955.06 MB (0.93 GB)
end_RSS   : 955.20 MB (0.93 GB)
delta_RSS : 0.26 MB
ru_maxrss : 955.20 MB
build hybrid index for dataset cc_news-shuffled
[502.673 s] Wrote hybrid index to file: ./tmp/cc_news-shuffled/hybrid_M=128_efc400_Mb=128_gamma=12.json
---- MEM[HYBRID_BUILD] ----
begin_RSS : 955.20 MB (0.93 GB)
peak_RSS  : 3082.68 MB (3.01 GB)
peak_HWM  : 3140.69 MB (3.07 GB)
end_RSS   : 2684.73 MB (2.62 GB)
delta_RSS : 2127.48 MB
ru_maxrss : 3140.69 MB
index_build_s: 502.023737
serialized_index_bytes: 1787521078
build hybrid gamma1 index for dataset cc_news-shuffled
---- MEM[HYBRID_G1_BUILD] ----
begin_RSS : 2684.73 MB (2.62 GB)
peak_RSS  : 2684.73 MB (2.62 GB)
peak_HWM  : 3140.69 MB (3.07 GB)
end_RSS   : 2684.73 MB (2.62 GB)
delta_RSS : 0.00 MB
ru_maxrss : 3140.69 MB
[502.761 s] Vectors added to base index 
Base index vectors added: 620643
[502.761 s] Vectors added to hybrid index 
Hybrid index vectors added620643
[502.761 s] Vectors added to hybrid index with gamma=1 
Hybrid index with gamma=1 vectors added620643
[OMP] Using 28 threads for SEARCH
====================================
============ BASE INDEX =============
====================================
====================================
============ ACORN INDEX =============
====================================
==================== ACORN INDEX ====================
[502.819 s] Searching the 100 nearest neighbors of 9975 vectors in the index, efsearch 16
[FILTER MAP] Using 28 threads outside search timing

========================================
=== FILTER DEBUG (First Batch) ===
========================================

Overall statistics:
  Total elements: 248257200
  Valid candidates: 6146444 (2.4758%)

--- Query 0 ---
Filter bounds:
  Interval 0: [0.00, 0.00]
Valid candidates for this query: 763 / 620643 (0.1229%)
Direct-scan valid (label_dim=1,l=1): 763 / 620643 (0.1229%)
First 5 base vectors passing filter:
  Base   337: labels=[0]
  Base   446: labels=[0]
  Base  1035: labels=[0]
  Base  2648: labels=[0]
  Base  2908: labels=[0]

--- Query 1 ---
Filter bounds:
  Interval 0: [0.00, 0.00]
Valid candidates for this query: 763 / 620643 (0.1229%)
Direct-scan valid (label_dim=1,l=1): 763 / 620643 (0.1229%)
First 5 base vectors passing filter:
  Base   337: labels=[0]
  Base   446: labels=[0]
  Base  1035: labels=[0]
  Base  2648: labels=[0]
  Base  2908: labels=[0]

--- Query 2 ---
Filter bounds:
  Interval 0: [0.00, 0.00]
Valid candidates for this query: 763 / 620643 (0.1229%)
Direct-scan valid (label_dim=1,l=1): 763 / 620643 (0.1229%)
First 5 base vectors passing filter:
  Base   337: labels=[0]
  Base   446: labels=[0]
  Base  1035: labels=[0]
  Base  2648: labels=[0]
  Base  2908: labels=[0]
========================================

[efs=100][timed_k=100] search_time=2.780 s, avg=0.279 ms/query, QPS=3588.1
[efs=100] latency_p50_s=0.000278363 latency_p95_s=0.000321615 latency_p99_s=0.000352155 warmup_runs=2 warmup_queries=1000
[efs=100] R@1=0.9545 (same run as timed_k=100)
[efs=100] R@5=0.9550 (same run as timed_k=100)
[efs=100] R@10=0.9552 (same run as timed_k=100)
[efs=100] R@100=0.9308 (same run as timed_k=100)
[efs=100] R@1=0.9545 | R@5=0.9550 | R@10=0.9552 | R@100=0.9308 | QPS@100=3588.1
[efs=200][timed_k=100] search_time=5.018 s, avg=0.503 ms/query, QPS=1987.7
[efs=200] latency_p50_s=0.000482067 latency_p95_s=0.000623875 latency_p99_s=0.000648473 warmup_runs=2 warmup_queries=1000
[efs=200] R@1=0.9573 (same run as timed_k=100)
[efs=200] R@5=0.9593 (same run as timed_k=100)
[efs=200] R@10=0.9609 (same run as timed_k=100)
[efs=200] R@100=0.9535 (same run as timed_k=100)
[efs=200] R@1=0.9573 | R@5=0.9593 | R@10=0.9609 | R@100=0.9535 | QPS@100=1987.7
[efs=400][timed_k=100] search_time=8.691 s, avg=0.871 ms/query, QPS=1147.7
[efs=400] latency_p50_s=0.000878822 latency_p95_s=0.001061645 latency_p99_s=0.001128112 warmup_runs=2 warmup_queries=1000
[efs=400] R@1=0.9585 (same run as timed_k=100)
[efs=400] R@5=0.9607 (same run as timed_k=100)
[efs=400] R@10=0.9627 (same run as timed_k=100)
[efs=400] R@100=0.9623 (same run as timed_k=100)
[efs=400] R@1=0.9585 | R@5=0.9607 | R@10=0.9627 | R@100=0.9623 | QPS@100=1147.7
[efs=800][timed_k=100] search_time=16.310 s, avg=1.635 ms/query, QPS=611.6
[efs=800] latency_p50_s=0.001599270 latency_p95_s=0.001981190 latency_p99_s=0.001999312 warmup_runs=2 warmup_queries=1000
[efs=800] R@1=0.9588 (same run as timed_k=100)
[efs=800] R@5=0.9613 (same run as timed_k=100)
[efs=800] R@10=0.9634 (same run as timed_k=100)
[efs=800] R@100=0.9648 (same run as timed_k=100)
[efs=800] R@1=0.9588 | R@5=0.9613 | R@10=0.9634 | R@100=0.9648 | QPS@100=611.6
[efs=1600][timed_k=100] search_time=29.813 s, avg=2.989 ms/query, QPS=334.6
[efs=1600] latency_p50_s=0.003024907 latency_p95_s=0.003432550 latency_p99_s=0.003558968 warmup_runs=2 warmup_queries=1000
[efs=1600] R@1=0.9588 (same run as timed_k=100)
[efs=1600] R@5=0.9614 (same run as timed_k=100)
[efs=1600] R@10=0.9635 (same run as timed_k=100)
[efs=1600] R@100=0.9653 (same run as timed_k=100)
[efs=1600] R@1=0.9588 | R@5=0.9614 | R@10=0.9635 | R@100=0.9653 | QPS@100=334.6
finished hybrid index examples
============= ACORN QUERY PROFILING STATS =============
[610.189 s] Timing results for search of k=100 nearest neighbors of nq=9975 vectors in the index
n1: 59875
n2: 59875
n3 (number distance comps at level 0): 424026566
ndis: 0
nreorder: 0
average distance computations per query: 7081.863281
[610.189 s] -----DONE-----
