====================
START: running TEST_ACORN for hnsw, sift data --112cores

N: 620643
gamma: 12
dataset: cc_news-shuffled
M: 32
M_beta: 32
efc (efConstruction): 100
efSearch sweep: 5 values (first=100 last=1600)
[LABEL/FILTER IO] labels: path=Datasets/cc_news-shuffled/cc_news-shuffled_labels.fvecs, d_label=1, n_labels=620643
[LABEL/FILTER IO] filters: path=Datasets/cc_news-shuffled/cc_news-shuffled_filters.fvecs, d_filter=2, n_filters=9975
[0.011 s] Loaded metadata from labels first dim, count=620643
dataset cc_news-shuffled: with label dim 1, filter_cnt 2
[0.011 s] Loading query vectors and attributes
get_file_name
query vecs data loaded, with dim: 384, nb=9975
[0.019 s] Loaded query vectors from ./Datasets/cc_news-shuffled/cc_news-shuffled_query.fvecs
[0.019 s] Loaded 9975 cc_news-shuffled queries
load_gt: loaded GT from ./Datasets/cc_news-shuffled/cc_news-shuffled_neighbors.ivecs (ivecs n=9975 d=100, using first 100 ids)
[0.032 s] Loaded ground truth, gt_size: 100, entries: 997500
[0.032 s] Index Params -- d: 384, M: 32, N: 620643, gamma: 12
====================Write Index====================

====================Vectors====================

[0.032 s] Loading database
get_file_name
[0.614 s] Loaded base vectors from file: ./Datasets/cc_news-shuffled/cc_news-shuffled_base.fvecs
data loaded, with dim: 384, nb=620643
[0.614 s] Indexing database, size 620643*384 from max 620643
[0.614 s] Adding the vectors to the index
[OMP] Using 28 threads for INDEX BUILD
build base index for dataset cc_news-shuffled
[0.614 s] Wrote base index to file: ./tmp/cc_news-shuffled/base_M=32_efc=100.json
---- MEM[BASE_BUILD] ----
begin_RSS : 954.46 MB (0.93 GB)
peak_RSS  : 954.72 MB (0.93 GB)
peak_HWM  : 954.72 MB (0.93 GB)
end_RSS   : 954.79 MB (0.93 GB)
delta_RSS : 0.26 MB
ru_maxrss : 954.79 MB
build hybrid index for dataset cc_news-shuffled
[80.308 s] Wrote hybrid index to file: ./tmp/cc_news-shuffled/hybrid_M=32_efc100_Mb=32_gamma=12.json
---- MEM[HYBRID_BUILD] ----
begin_RSS : 954.79 MB (0.93 GB)
peak_RSS  : 2155.03 MB (2.10 GB)
peak_HWM  : 2192.84 MB (2.14 GB)
end_RSS   : 2115.45 MB (2.07 GB)
delta_RSS : 1200.24 MB
ru_maxrss : 2192.84 MB
index_build_s: 79.659219
serialized_index_bytes: 1192649990
build hybrid gamma1 index for dataset cc_news-shuffled
---- MEM[HYBRID_G1_BUILD] ----
begin_RSS : 2115.45 MB (2.07 GB)
peak_RSS  : 2115.45 MB (2.07 GB)
peak_HWM  : 2192.84 MB (2.14 GB)
end_RSS   : 2115.45 MB (2.07 GB)
delta_RSS : 0.00 MB
ru_maxrss : 2192.84 MB
[80.374 s] Vectors added to base index 
Base index vectors added: 620643
[80.374 s] Vectors added to hybrid index 
Hybrid index vectors added620643
[80.374 s] Vectors added to hybrid index with gamma=1 
Hybrid index with gamma=1 vectors added620643
[OMP] Using 28 threads for SEARCH
====================================
============ BASE INDEX =============
====================================
====================================
============ ACORN INDEX =============
====================================
==================== ACORN INDEX ====================
[80.430 s] Searching the 100 nearest neighbors of 9975 vectors in the index, efsearch 16
[FILTER MAP] Using 28 threads outside search timing

========================================
=== FILTER DEBUG (First Batch) ===
========================================

Overall statistics:
  Total elements: 248257200
  Valid candidates: 6146444 (2.4758%)

--- Query 0 ---
Filter bounds:
  Interval 0: [0.00, 0.00]
Valid candidates for this query: 763 / 620643 (0.1229%)
Direct-scan valid (label_dim=1,l=1): 763 / 620643 (0.1229%)
First 5 base vectors passing filter:
  Base   337: labels=[0]
  Base   446: labels=[0]
  Base  1035: labels=[0]
  Base  2648: labels=[0]
  Base  2908: labels=[0]

--- Query 1 ---
Filter bounds:
  Interval 0: [0.00, 0.00]
Valid candidates for this query: 763 / 620643 (0.1229%)
Direct-scan valid (label_dim=1,l=1): 763 / 620643 (0.1229%)
First 5 base vectors passing filter:
  Base   337: labels=[0]
  Base   446: labels=[0]
  Base  1035: labels=[0]
  Base  2648: labels=[0]
  Base  2908: labels=[0]

--- Query 2 ---
Filter bounds:
  Interval 0: [0.00, 0.00]
Valid candidates for this query: 763 / 620643 (0.1229%)
Direct-scan valid (label_dim=1,l=1): 763 / 620643 (0.1229%)
First 5 base vectors passing filter:
  Base   337: labels=[0]
  Base   446: labels=[0]
  Base  1035: labels=[0]
  Base  2648: labels=[0]
  Base  2908: labels=[0]
========================================

[efs=100][timed_k=100] search_time=0.730 s, avg=0.073 ms/query, QPS=13671.9
[efs=100] latency_p50_s=0.000069920 latency_p95_s=0.000093370 latency_p99_s=0.000112530 warmup_runs=2 warmup_queries=1000
[efs=100] R@1=0.7682 (same run as timed_k=100)
[efs=100] R@5=0.7682 (same run as timed_k=100)
[efs=100] R@10=0.7604 (same run as timed_k=100)
[efs=100] R@100=0.6537 (same run as timed_k=100)
[efs=100] R@1=0.7682 | R@5=0.7682 | R@10=0.7604 | R@100=0.6537 | QPS@100=13671.9
[efs=200][timed_k=100] search_time=1.248 s, avg=0.125 ms/query, QPS=7992.8
[efs=200] latency_p50_s=0.000119563 latency_p95_s=0.000182690 latency_p99_s=0.000197498 warmup_runs=2 warmup_queries=1000
[efs=200] R@1=0.8022 (same run as timed_k=100)
[efs=200] R@5=0.8022 (same run as timed_k=100)
[efs=200] R@10=0.7974 (same run as timed_k=100)
[efs=200] R@100=0.7349 (same run as timed_k=100)
[efs=200] R@1=0.8022 | R@5=0.8022 | R@10=0.7974 | R@100=0.7349 | QPS@100=7992.8
[efs=400][timed_k=100] search_time=2.139 s, avg=0.214 ms/query, QPS=4663.6
[efs=400] latency_p50_s=0.000212540 latency_p95_s=0.000254638 latency_p99_s=0.000264022 warmup_runs=2 warmup_queries=1000
[efs=400] R@1=0.8164 (same run as timed_k=100)
[efs=400] R@5=0.8186 (same run as timed_k=100)
[efs=400] R@10=0.8171 (same run as timed_k=100)
[efs=400] R@100=0.7842 (same run as timed_k=100)
[efs=400] R@1=0.8164 | R@5=0.8186 | R@10=0.8171 | R@100=0.7842 | QPS@100=4663.6
[efs=800][timed_k=100] search_time=4.126 s, avg=0.414 ms/query, QPS=2417.5
[efs=800] latency_p50_s=0.000402027 latency_p95_s=0.000581310 latency_p99_s=0.000614030 warmup_runs=2 warmup_queries=1000
[efs=800] R@1=0.8240 (same run as timed_k=100)
[efs=800] R@5=0.8272 (same run as timed_k=100)
[efs=800] R@10=0.8271 (same run as timed_k=100)
[efs=800] R@100=0.8111 (same run as timed_k=100)
[efs=800] R@1=0.8240 | R@5=0.8272 | R@10=0.8271 | R@100=0.8111 | QPS@100=2417.5
[efs=1600][timed_k=100] search_time=7.930 s, avg=0.795 ms/query, QPS=1257.8
[efs=1600] latency_p50_s=0.000781392 latency_p95_s=0.000970339 latency_p99_s=0.000994422 warmup_runs=2 warmup_queries=1000
[efs=1600] R@1=0.8285 (same run as timed_k=100)
[efs=1600] R@5=0.8315 (same run as timed_k=100)
[efs=1600] R@10=0.8321 (same run as timed_k=100)
[efs=1600] R@100=0.8250 (same run as timed_k=100)
[efs=1600] R@1=0.8285 | R@5=0.8315 | R@10=0.8321 | R@100=0.8250 | QPS@100=1257.8
finished hybrid index examples
============= ACORN QUERY PROFILING STATS =============
[130.560 s] Timing results for search of k=100 nearest neighbors of nq=9975 vectors in the index
n1: 59875
n2: 59875
n3 (number distance comps at level 0): 142501062
ndis: 0
nreorder: 0
average distance computations per query: 2379.975830
[130.560 s] -----DONE-----
