read begin
layer:0
layer:1
layer:2
layer:3
layer:4
layer:5
layer:6
layer:7
layer:8
layer:9
layer:10
layer:11
layer:12
layer:13
layer:14
edge num:721908331
average edges:728.465
build time:18088.2
rss_before_build_mb:992.359
rss_after_build_mb:11924
rss_delta_build_mb:10931.6
peak_rss_build_mb:11923.9
peak_hwm_build_mb:11923.9
peak_rss_ru_maxrss_mb:11924
buildOK
ef:100
recall@100:0.991045
time@100:10.4599  (single timed pass; same run as all recall@K above)
qps@100:956.032
latency_p50_s:0.00103482
latency_p95_s:0.00125047
latency_p99_s:0.00133459
warmup_runs:2 warmup_queries:1000
recall:0.991045
time:10.4599
qps:956.032
ef:200
recall@100:0.998825
time@100:18.2522  (single timed pass; same run as all recall@K above)
qps@100:547.88
latency_p50_s:0.00180558
latency_p95_s:0.00219723
latency_p99_s:0.00234367
warmup_runs:2 warmup_queries:1000
recall:0.998825
time:18.2522
qps:547.88
ef:400
recall@100:0.999904
time@100:31.8286  (single timed pass; same run as all recall@K above)
qps@100:314.183
latency_p50_s:0.00314964
latency_p95_s:0.00384395
latency_p99_s:0.00412205
warmup_runs:2 warmup_queries:1000
recall:0.999904
time:31.8286
qps:314.183
ef:800
recall@100:0.999994
time@100:55.5247  (single timed pass; same run as all recall@K above)
qps@100:180.1
latency_p50_s:0.00550671
latency_p95_s:0.00665305
latency_p99_s:0.00717228
warmup_runs:2 warmup_queries:1000
recall:0.999994
time:55.5247
qps:180.1
ef:1600
recall@100:0.999996
time@100:97.284  (single timed pass; same run as all recall@K above)
qps@100:102.792
latency_p50_s:0.00966271
latency_p95_s:0.011426
latency_p99_s:0.0142606
warmup_runs:2 warmup_queries:1000
recall:0.999996
time:97.284
qps:102.792
