read begin
layer:0
layer:1
layer:2
layer:3
layer:4
layer:5
layer:6
layer:7
layer:8
layer:9
layer:10
layer:11
layer:12
layer:13
layer:14
edge num:409321460
average edges:413.039
build time:13390.1
rss_before_build_mb:992.387
rss_after_build_mb:7085.16
rss_delta_build_mb:6092.77
peak_rss_build_mb:7085.04
peak_hwm_build_mb:7085.04
peak_rss_ru_maxrss_mb:7085.16
buildOK
ef:100
recall@100:0.980346
time@100:7.49934  (single timed pass; same run as all recall@K above)
qps@100:1333.45
latency_p50_s:0.000752174
latency_p95_s:0.000901995
latency_p99_s:0.000950769
warmup_runs:2 warmup_queries:1000
recall:0.980346
time:7.49934
qps:1333.45
ef:200
recall@100:0.996563
time@100:13.2175  (single timed pass; same run as all recall@K above)
qps@100:756.571
latency_p50_s:0.00132585
latency_p95_s:0.00160995
latency_p99_s:0.00170418
warmup_runs:2 warmup_queries:1000
recall:0.996563
time:13.2175
qps:756.571
ef:400
recall@100:0.999617
time@100:23.3376  (single timed pass; same run as all recall@K above)
qps@100:428.492
latency_p50_s:0.0023368
latency_p95_s:0.00285606
latency_p99_s:0.00302862
warmup_runs:2 warmup_queries:1000
recall:0.999617
time:23.3376
qps:428.492
ef:800
recall@100:0.999976
time@100:41.2081  (single timed pass; same run as all recall@K above)
qps@100:242.671
latency_p50_s:0.00412302
latency_p95_s:0.00501646
latency_p99_s:0.00534683
warmup_runs:2 warmup_queries:1000
recall:0.999976
time:41.2081
qps:242.671
ef:1600
recall@100:0.999995
time@100:72.9043  (single timed pass; same run as all recall@K above)
qps@100:137.166
latency_p50_s:0.00729462
latency_p95_s:0.00873992
latency_p99_s:0.00934621
warmup_runs:2 warmup_queries:1000
recall:0.999995
time:72.9043
qps:137.166
