generating for 17
load index finished ...
[Warning] Cannot open ID mapping file: bins/01_maxcorr/id_mapping.bin. Using raw IDs.

>>> Saving paths to 01_zero.txt (converting IDs)...
   [iRG Debug] Avg EntryPoint Distance to Query: 1.81679
   [iRG Debug] Avg EntryPoint Distance to Query: 2.00844
   [iRG Debug] Avg EntryPoint Distance to Query: 1.82157
   [iRG Debug] Avg EntryPoint Distance to Query: 1.81239
   [iRG Debug] Avg EntryPoint Distance to Query: 1.66875
   [iRG Debug] Avg EntryPoint Distance to Query: 1.82204
   [iRG Debug] Avg EntryPoint Distance to Query: 1.78964
   [iRG Debug] Avg EntryPoint Distance to Query: 1.80777
   [iRG Debug] Avg EntryPoint Distance to Query: 1.83508
   [iRG Debug] Avg EntryPoint Distance to Query: 1.80305
>>> Saved 10 paths to 01_zero.txt.

suffix = 17
ef:100 latency_p50_s:0.000529 latency_p95_s:0.000991 latency_p99_s:0.00121978 warmup_runs:2 warmup_queries:1000
ef:200 latency_p50_s:0.000919 latency_p95_s:0.001655 latency_p99_s:0.00202508 warmup_runs:2 warmup_queries:1000
ef:400 latency_p50_s:0.001608 latency_p95_s:0.0027753 latency_p99_s:0.003405 warmup_runs:2 warmup_queries:1000
ef:800 latency_p50_s:0.002777 latency_p95_s:0.0047363 latency_p99_s:0.00569026 warmup_runs:2 warmup_queries:1000
ef:1600 latency_p50_s:0.004807 latency_p95_s:0.0079473 latency_p99_s:0.00959952 warmup_runs:2 warmup_queries:1000
