====================
START: running TEST_ACORN for hnsw, sift data --112cores

N: 991000
gamma: 12
dataset: artificial-corr-12-shuffled
M: 64
M_beta: 64
efc (efConstruction): 100
efSearch sweep: 5 values (first=100 last=1600)
[LABEL/FILTER IO] labels: path=Datasets/artificial-corr-12-shuffled/artificial-corr-12-shuffled_labels.fvecs, d_label=1, n_labels=991000
[LABEL/FILTER IO] filters: path=Datasets/artificial-corr-12-shuffled/artificial-corr-12-shuffled_filters.fvecs, d_filter=2, n_filters=10000
[0.018 s] Loaded metadata from labels first dim, count=991000
dataset artificial-corr-12-shuffled: with label dim 1, filter_cnt 2
[0.018 s] Loading query vectors and attributes
get_file_name
query vecs data loaded, with dim: 256, nb=10000
[0.024 s] Loaded query vectors from ./Datasets/artificial-corr-12-shuffled/artificial-corr-12-shuffled_query.fvecs
[0.024 s] Loaded 10000 artificial-corr-12-shuffled queries
load_gt: loaded GT from ./Datasets/artificial-corr-12-shuffled/artificial-corr-12-shuffled_neighbors.ivecs (ivecs n=10000 d=100, using first 100 ids)
[0.035 s] Loaded ground truth, gt_size: 100, entries: 1000000
[0.035 s] Index Params -- d: 256, M: 64, N: 991000, gamma: 12
====================Write Index====================

====================Vectors====================

[0.035 s] Loading database
get_file_name
[0.716 s] Loaded base vectors from file: ./Datasets/artificial-corr-12-shuffled/artificial-corr-12-shuffled_base.fvecs
data loaded, with dim: 256, nb=991000
[0.716 s] Indexing database, size 991000*256 from max 991000
[0.716 s] Adding the vectors to the index
[OMP] Using 28 threads for INDEX BUILD
build base index for dataset artificial-corr-12-shuffled
[0.717 s] Wrote base index to file: ./tmp/artificial-corr-12-shuffled/base_M=64_efc=100.json
---- MEM[BASE_BUILD] ----
begin_RSS : 1012.52 MB (0.99 GB)
peak_RSS  : 1012.78 MB (0.99 GB)
peak_HWM  : 1012.78 MB (0.99 GB)
end_RSS   : 1012.92 MB (0.99 GB)
delta_RSS : 0.26 MB
ru_maxrss : 1012.92 MB
build hybrid index for dataset artificial-corr-12-shuffled
[237.807 s] Wrote hybrid index to file: ./tmp/artificial-corr-12-shuffled/hybrid_M=64_efc100_Mb=64_gamma=12.json
---- MEM[HYBRID_BUILD] ----
begin_RSS : 1012.92 MB (0.99 GB)
peak_RSS  : 3207.48 MB (3.13 GB)
peak_HWM  : 3262.40 MB (3.19 GB)
end_RSS   : 2679.40 MB (2.62 GB)
delta_RSS : 2194.57 MB
ru_maxrss : 3262.40 MB
index_build_s: 237.082703
serialized_index_bytes: 1713172102
build hybrid gamma1 index for dataset artificial-corr-12-shuffled
---- MEM[HYBRID_G1_BUILD] ----
begin_RSS : 2679.40 MB (2.62 GB)
peak_RSS  : 2679.40 MB (2.62 GB)
peak_HWM  : 3262.40 MB (3.19 GB)
end_RSS   : 2679.40 MB (2.62 GB)
delta_RSS : 0.00 MB
ru_maxrss : 3262.40 MB
[237.900 s] Vectors added to base index 
Base index vectors added: 991000
[237.900 s] Vectors added to hybrid index 
Hybrid index vectors added991000
[237.900 s] Vectors added to hybrid index with gamma=1 
Hybrid index with gamma=1 vectors added991000
[OMP] Using 28 threads for SEARCH
====================================
============ BASE INDEX =============
====================================
====================================
============ ACORN INDEX =============
====================================
==================== ACORN INDEX ====================
[237.973 s] Searching the 100 nearest neighbors of 10000 vectors in the index, efsearch 16
[FILTER MAP] Using 28 threads outside search timing

========================================
=== FILTER DEBUG (First Batch) ===
========================================

Overall statistics:
  Total elements: 396400000
  Valid candidates: 47568000 (12.0000%)

--- Query 0 ---
Filter bounds:
  Interval 0: [3.00, 6379213.00]
Valid candidates for this query: 118920 / 991000 (12.0000%)
Direct-scan valid (label_dim=1,l=1): 118920 / 991000 (12.0000%)
First 5 base vectors passing filter:
  Base    19: labels=[50134]
  Base    33: labels=[1437115]
  Base    37: labels=[4668647]
  Base    68: labels=[6017620]
  Base    69: labels=[6143720]

--- Query 1 ---
Filter bounds:
  Interval 0: [3.00, 6379213.00]
Valid candidates for this query: 118920 / 991000 (12.0000%)
Direct-scan valid (label_dim=1,l=1): 118920 / 991000 (12.0000%)
First 5 base vectors passing filter:
  Base    19: labels=[50134]
  Base    33: labels=[1437115]
  Base    37: labels=[4668647]
  Base    68: labels=[6017620]
  Base    69: labels=[6143720]

--- Query 2 ---
Filter bounds:
  Interval 0: [3.00, 6379213.00]
Valid candidates for this query: 118920 / 991000 (12.0000%)
Direct-scan valid (label_dim=1,l=1): 118920 / 991000 (12.0000%)
First 5 base vectors passing filter:
  Base    19: labels=[50134]
  Base    33: labels=[1437115]
  Base    37: labels=[4668647]
  Base    68: labels=[6017620]
  Base    69: labels=[6143720]
========================================

[efs=100][timed_k=100] search_time=1.651 s, avg=0.165 ms/query, QPS=6057.6
[efs=100] latency_p50_s=0.000160962 latency_p95_s=0.000185732 latency_p99_s=0.000189970 warmup_runs=2 warmup_queries=1000
[efs=100] R@1=0.9932 (same run as timed_k=100)
[efs=100] R@5=0.9896 (same run as timed_k=100)
[efs=100] R@10=0.9869 (same run as timed_k=100)
[efs=100] R@100=0.9607 (same run as timed_k=100)
[efs=100] R@1=0.9932 | R@5=0.9896 | R@10=0.9869 | R@100=0.9607 | QPS@100=6057.6
[efs=200][timed_k=100] search_time=2.802 s, avg=0.280 ms/query, QPS=3568.7
[efs=200] latency_p50_s=0.000267430 latency_p95_s=0.000328373 latency_p99_s=0.000337927 warmup_runs=2 warmup_queries=1000
[efs=200] R@1=0.9983 (same run as timed_k=100)
[efs=200] R@5=0.9966 (same run as timed_k=100)
[efs=200] R@10=0.9959 (same run as timed_k=100)
[efs=200] R@100=0.9852 (same run as timed_k=100)
[efs=200] R@1=0.9983 | R@5=0.9966 | R@10=0.9959 | R@100=0.9852 | QPS@100=3568.7
[efs=400][timed_k=100] search_time=4.672 s, avg=0.467 ms/query, QPS=2140.4
[efs=400] latency_p50_s=0.000458738 latency_p95_s=0.000524260 latency_p99_s=0.000574970 warmup_runs=2 warmup_queries=1000
[efs=400] R@1=0.9998 (same run as timed_k=100)
[efs=400] R@5=0.9989 (same run as timed_k=100)
[efs=400] R@10=0.9987 (same run as timed_k=100)
[efs=400] R@100=0.9951 (same run as timed_k=100)
[efs=400] R@1=0.9998 | R@5=0.9989 | R@10=0.9987 | R@100=0.9951 | QPS@100=2140.4
[efs=800][timed_k=100] search_time=8.060 s, avg=0.806 ms/query, QPS=1240.8
[efs=800] latency_p50_s=0.000787345 latency_p95_s=0.000869035 latency_p99_s=0.000931712 warmup_runs=2 warmup_queries=1000
[efs=800] R@1=1.0000 (same run as timed_k=100)
[efs=800] R@5=0.9997 (same run as timed_k=100)
[efs=800] R@10=0.9997 (same run as timed_k=100)
[efs=800] R@100=0.9987 (same run as timed_k=100)
[efs=800] R@1=1.0000 | R@5=0.9997 | R@10=0.9997 | R@100=0.9987 | QPS@100=1240.8
[efs=1600][timed_k=100] search_time=14.449 s, avg=1.445 ms/query, QPS=692.1
[efs=1600] latency_p50_s=0.001426785 latency_p95_s=0.001583367 latency_p99_s=0.001607717 warmup_runs=2 warmup_queries=1000
[efs=1600] R@1=1.0000 (same run as timed_k=100)
[efs=1600] R@5=0.9999 (same run as timed_k=100)
[efs=1600] R@10=1.0000 (same run as timed_k=100)
[efs=1600] R@100=0.9997 (same run as timed_k=100)
[efs=1600] R@1=1.0000 | R@5=0.9999 | R@10=1.0000 | R@100=0.9997 | QPS@100=692.1
finished hybrid index examples
============= ACORN QUERY PROFILING STATS =============
[317.821 s] Timing results for search of k=100 nearest neighbors of nq=10000 vectors in the index
n1: 60000
n2: 60000
n3 (number distance comps at level 0): 761611248
ndis: 0
nreorder: 0
average distance computations per query: 12693.521484
[317.821 s] -----DONE-----
