generating for 17
load index finished ...
[Warning] Cannot open ID mapping file: bins/01_maxcorr/id_mapping.bin. Using raw IDs.

>>> Saving paths to 01_zero.txt (converting IDs)...
   [iRG Debug] Avg EntryPoint Distance to Query: 1.56092
   [iRG Debug] Avg EntryPoint Distance to Query: 1.24611
   [iRG Debug] Avg EntryPoint Distance to Query: 1.30039
   [iRG Debug] Avg EntryPoint Distance to Query: 1.43696
   [iRG Debug] Avg EntryPoint Distance to Query: 1.31004
   [iRG Debug] Avg EntryPoint Distance to Query: 1.28273
   [iRG Debug] Avg EntryPoint Distance to Query: 1.46618
   [iRG Debug] Avg EntryPoint Distance to Query: 1.18931
   [iRG Debug] Avg EntryPoint Distance to Query: 1.49469
   [iRG Debug] Avg EntryPoint Distance to Query: 1.47672
>>> Saved 10 paths to 01_zero.txt.

suffix = 17
ef:100 latency_p50_s:0.000825 latency_p95_s:0.001098 latency_p99_s:0.00119501 warmup_runs:2 warmup_queries:1000
ef:200 latency_p50_s:0.001425 latency_p95_s:0.00194 latency_p99_s:0.00211 warmup_runs:2 warmup_queries:1000
ef:400 latency_p50_s:0.0024195 latency_p95_s:0.00332205 latency_p99_s:0.00365001 warmup_runs:2 warmup_queries:1000
ef:800 latency_p50_s:0.004016 latency_p95_s:0.005505 latency_p99_s:0.00602101 warmup_runs:2 warmup_queries:1000
ef:1600 latency_p50_s:0.006702 latency_p95_s:0.0089601 latency_p99_s:0.00977602 warmup_runs:2 warmup_queries:1000
