====================
START: running TEST_ACORN for hnsw, sift data --112cores

N: 991000
gamma: 12
dataset: artificial-corr-12-shuffled
M: 128
M_beta: 128
efc (efConstruction): 400
efSearch sweep: 5 values (first=100 last=1600)
[LABEL/FILTER IO] labels: path=Datasets/artificial-corr-12-shuffled/artificial-corr-12-shuffled_labels.fvecs, d_label=1, n_labels=991000
[LABEL/FILTER IO] filters: path=Datasets/artificial-corr-12-shuffled/artificial-corr-12-shuffled_filters.fvecs, d_filter=2, n_filters=10000
[0.019 s] Loaded metadata from labels first dim, count=991000
dataset artificial-corr-12-shuffled: with label dim 1, filter_cnt 2
[0.019 s] Loading query vectors and attributes
get_file_name
query vecs data loaded, with dim: 256, nb=10000
[0.025 s] Loaded query vectors from ./Datasets/artificial-corr-12-shuffled/artificial-corr-12-shuffled_query.fvecs
[0.025 s] Loaded 10000 artificial-corr-12-shuffled queries
load_gt: loaded GT from ./Datasets/artificial-corr-12-shuffled/artificial-corr-12-shuffled_neighbors.ivecs (ivecs n=10000 d=100, using first 100 ids)
[0.038 s] Loaded ground truth, gt_size: 100, entries: 1000000
[0.038 s] Index Params -- d: 256, M: 128, N: 991000, gamma: 12
====================Write Index====================

====================Vectors====================

[0.038 s] Loading database
get_file_name
[0.720 s] Loaded base vectors from file: ./Datasets/artificial-corr-12-shuffled/artificial-corr-12-shuffled_base.fvecs
data loaded, with dim: 256, nb=991000
[0.720 s] Indexing database, size 991000*256 from max 991000
[0.720 s] Adding the vectors to the index
[OMP] Using 28 threads for INDEX BUILD
build base index for dataset artificial-corr-12-shuffled
[0.720 s] Wrote base index to file: ./tmp/artificial-corr-12-shuffled/base_M=128_efc=400.json
---- MEM[BASE_BUILD] ----
begin_RSS : 1012.52 MB (0.99 GB)
peak_RSS  : 1012.78 MB (0.99 GB)
peak_HWM  : 1012.78 MB (0.99 GB)
end_RSS   : 1012.92 MB (0.99 GB)
delta_RSS : 0.26 MB
ru_maxrss : 1012.92 MB
build hybrid index for dataset artificial-corr-12-shuffled
[871.701 s] Wrote hybrid index to file: ./tmp/artificial-corr-12-shuffled/hybrid_M=128_efc400_Mb=128_gamma=12.json
---- MEM[HYBRID_BUILD] ----
begin_RSS : 1012.92 MB (0.99 GB)
peak_RSS  : 3284.60 MB (3.21 GB)
peak_HWM  : 3284.60 MB (3.21 GB)
end_RSS   : 3284.60 MB (3.21 GB)
delta_RSS : 2271.68 MB
ru_maxrss : 3284.60 MB
index_build_s: 870.966200
serialized_index_bytes: 2346871430
build hybrid gamma1 index for dataset artificial-corr-12-shuffled
---- MEM[HYBRID_G1_BUILD] ----
begin_RSS : 3284.60 MB (3.21 GB)
peak_RSS  : 3284.60 MB (3.21 GB)
peak_HWM  : 3284.60 MB (3.21 GB)
end_RSS   : 3284.60 MB (3.21 GB)
delta_RSS : 0.00 MB
ru_maxrss : 3284.60 MB
[871.787 s] Vectors added to base index 
Base index vectors added: 991000
[871.788 s] Vectors added to hybrid index 
Hybrid index vectors added991000
[871.788 s] Vectors added to hybrid index with gamma=1 
Hybrid index with gamma=1 vectors added991000
[OMP] Using 28 threads for SEARCH
====================================
============ BASE INDEX =============
====================================
====================================
============ ACORN INDEX =============
====================================
==================== ACORN INDEX ====================
[871.860 s] Searching the 100 nearest neighbors of 10000 vectors in the index, efsearch 16
[FILTER MAP] Using 28 threads outside search timing

========================================
=== FILTER DEBUG (First Batch) ===
========================================

Overall statistics:
  Total elements: 396400000
  Valid candidates: 47568000 (12.0000%)

--- Query 0 ---
Filter bounds:
  Interval 0: [3.00, 6379213.00]
Valid candidates for this query: 118920 / 991000 (12.0000%)
Direct-scan valid (label_dim=1,l=1): 118920 / 991000 (12.0000%)
First 5 base vectors passing filter:
  Base    19: labels=[50134]
  Base    33: labels=[1437115]
  Base    37: labels=[4668647]
  Base    68: labels=[6017620]
  Base    69: labels=[6143720]

--- Query 1 ---
Filter bounds:
  Interval 0: [3.00, 6379213.00]
Valid candidates for this query: 118920 / 991000 (12.0000%)
Direct-scan valid (label_dim=1,l=1): 118920 / 991000 (12.0000%)
First 5 base vectors passing filter:
  Base    19: labels=[50134]
  Base    33: labels=[1437115]
  Base    37: labels=[4668647]
  Base    68: labels=[6017620]
  Base    69: labels=[6143720]

--- Query 2 ---
Filter bounds:
  Interval 0: [3.00, 6379213.00]
Valid candidates for this query: 118920 / 991000 (12.0000%)
Direct-scan valid (label_dim=1,l=1): 118920 / 991000 (12.0000%)
First 5 base vectors passing filter:
  Base    19: labels=[50134]
  Base    33: labels=[1437115]
  Base    37: labels=[4668647]
  Base    68: labels=[6017620]
  Base    69: labels=[6143720]
========================================

[efs=100][timed_k=100] search_time=2.912 s, avg=0.291 ms/query, QPS=3433.9
[efs=100] latency_p50_s=0.000289940 latency_p95_s=0.000323110 latency_p99_s=0.000325373 warmup_runs=2 warmup_queries=1000
[efs=100] R@1=0.9989 (same run as timed_k=100)
[efs=100] R@5=0.9981 (same run as timed_k=100)
[efs=100] R@10=0.9976 (same run as timed_k=100)
[efs=100] R@100=0.9902 (same run as timed_k=100)
[efs=100] R@1=0.9989 | R@5=0.9981 | R@10=0.9976 | R@100=0.9902 | QPS@100=3433.9
[efs=200][timed_k=100] search_time=4.846 s, avg=0.485 ms/query, QPS=2063.7
[efs=200] latency_p50_s=0.000477743 latency_p95_s=0.000538670 latency_p99_s=0.000579060 warmup_runs=2 warmup_queries=1000
[efs=200] R@1=0.9998 (same run as timed_k=100)
[efs=200] R@5=0.9998 (same run as timed_k=100)
[efs=200] R@10=0.9996 (same run as timed_k=100)
[efs=200] R@100=0.9976 (same run as timed_k=100)
[efs=200] R@1=0.9998 | R@5=0.9998 | R@10=0.9996 | R@100=0.9976 | QPS@100=2063.7
[efs=400][timed_k=100] search_time=7.923 s, avg=0.792 ms/query, QPS=1262.1
[efs=400] latency_p50_s=0.000791317 latency_p95_s=0.000894148 latency_p99_s=0.000897982 warmup_runs=2 warmup_queries=1000
[efs=400] R@1=0.9998 (same run as timed_k=100)
[efs=400] R@5=0.9999 (same run as timed_k=100)
[efs=400] R@10=0.9999 (same run as timed_k=100)
[efs=400] R@100=0.9996 (same run as timed_k=100)
[efs=400] R@1=0.9998 | R@5=0.9999 | R@10=0.9999 | R@100=0.9996 | QPS@100=1262.1
[efs=800][timed_k=100] search_time=13.345 s, avg=1.335 ms/query, QPS=749.3
[efs=800] latency_p50_s=0.001330848 latency_p95_s=0.001438863 latency_p99_s=0.001448335 warmup_runs=2 warmup_queries=1000
[efs=800] R@1=1.0000 (same run as timed_k=100)
[efs=800] R@5=1.0000 (same run as timed_k=100)
[efs=800] R@10=1.0000 (same run as timed_k=100)
[efs=800] R@100=0.9999 (same run as timed_k=100)
[efs=800] R@1=1.0000 | R@5=1.0000 | R@10=1.0000 | R@100=0.9999 | QPS@100=749.3
[efs=1600][timed_k=100] search_time=23.673 s, avg=2.367 ms/query, QPS=422.4
[efs=1600] latency_p50_s=0.002345412 latency_p95_s=0.002501645 latency_p99_s=0.002532515 warmup_runs=2 warmup_queries=1000
[efs=1600] R@1=1.0000 (same run as timed_k=100)
[efs=1600] R@5=1.0000 (same run as timed_k=100)
[efs=1600] R@10=1.0000 (same run as timed_k=100)
[efs=1600] R@100=1.0000 (same run as timed_k=100)
[efs=1600] R@1=1.0000 | R@5=1.0000 | R@10=1.0000 | R@100=1.0000 | QPS@100=422.4
finished hybrid index examples
============= ACORN QUERY PROFILING STATS =============
[977.436 s] Timing results for search of k=100 nearest neighbors of nq=10000 vectors in the index
n1: 60000
n2: 60000
n3 (number distance comps at level 0): 1235028194
ndis: 0
nreorder: 0
average distance computations per query: 20583.804688
[977.436 s] -----DONE-----
