generating for 17
load index finished ...
[Warning] Cannot open ID mapping file: bins/01_maxcorr/id_mapping.bin. Using raw IDs.

>>> Saving paths to 01_zero.txt (converting IDs)...
   [iRG Debug] Avg EntryPoint Distance to Query: 1.82637
   [iRG Debug] Avg EntryPoint Distance to Query: 2.0027
   [iRG Debug] Avg EntryPoint Distance to Query: 1.8047
   [iRG Debug] Avg EntryPoint Distance to Query: 1.85995
   [iRG Debug] Avg EntryPoint Distance to Query: 1.76736
   [iRG Debug] Avg EntryPoint Distance to Query: 1.7788
   [iRG Debug] Avg EntryPoint Distance to Query: 1.7238
   [iRG Debug] Avg EntryPoint Distance to Query: 1.82924
   [iRG Debug] Avg EntryPoint Distance to Query: 1.61363
   [iRG Debug] Avg EntryPoint Distance to Query: 1.84562
>>> Saved 10 paths to 01_zero.txt.

suffix = 17
ef:100 latency_p50_s:0.000429 latency_p95_s:0.000539 latency_p99_s:0.000576 warmup_runs:2 warmup_queries:1000
ef:200 latency_p50_s:0.000795 latency_p95_s:0.001024 latency_p99_s:0.00109126 warmup_runs:2 warmup_queries:1000
ef:400 latency_p50_s:0.001468 latency_p95_s:0.0019343 latency_p99_s:0.00207926 warmup_runs:2 warmup_queries:1000
ef:800 latency_p50_s:0.002624 latency_p95_s:0.0035153 latency_p99_s:0.00386426 warmup_runs:2 warmup_queries:1000
ef:1600 latency_p50_s:0.004484 latency_p95_s:0.0060663 latency_p99_s:0.00708478 warmup_runs:2 warmup_queries:1000
